[1m2026-08-06T14:23:29.837036834Z[0m [36m[INFO] TRADER-001.BacktestEngine: =================================================================[0m
[1m2026-08-06T14:23:29.837050369Z[0m [36m[INFO] TRADER-001.BacktestEngine:  NAUTILUS TRADER - Automated Algorithmic Trading Platform[0m
[1m2026-08-06T14:23:29.837050810Z[0m [36m[INFO] TRADER-001.BacktestEngine:  by Nautech Systems Pty Ltd.[0m
[1m2026-08-06T14:23:29.837051011Z[0m [36m[INFO] TRADER-001.BacktestEngine:  Copyright (C) 2015-2026. All rights reserved.[0m
[1m2026-08-06T14:23:29.837051211Z[0m [36m[INFO] TRADER-001.BacktestEngine: =================================================================[0m
[1m2026-08-06T14:23:29.837051612Z[0m [INFO] TRADER-001.BacktestEngine: [0m
[1m2026-08-06T14:23:29.837051752Z[0m [INFO] TRADER-001.BacktestEngine: ⠀⠀⠀⠀⠀⠀⠀⠀⠀⠀⠀⠀⠀⣠⣴⣶⡟⠀⠀⠀⠀⠀⠀⠀⠀⠀⠀⠀⠀⠀⠀[0m
[1m2026-08-06T14:23:29.837051912Z[0m [INFO] TRADER-001.BacktestEngine: ⠀⠀⠀⠀⠀⠀⠀⠀⠀⠀⠀⣰⣾⣿⣿⣿⠀⢸⣿⣿⣿⣿⣶⣶⣤⣀⠀⠀⠀⠀⠀[0m
[1m2026-08-06T14:23:29.837052063Z[0m [INFO] TRADER-001.BacktestEngine: ⠀⠀⠀⠀⠀⠀⢀⣴⡇⢀⣾⣿⣿⣿⣿⣿⠀⣾⣿⣿⣿⣿⣿⣿⣿⠿⠓⠀⠀⠀⠀[0m
[1m2026-08-06T14:23:29.837052464Z[0m [INFO] TRADER-001.BacktestEngine: ⠀⠀⠀⠀⠀⣰⣿⣿⡀⢸⣿⣿⣿⣿⣿⣿⠀⣿⣿⣿⣿⣿⣿⠟⠁⣠⣄⠀⠀⠀⠀[0m
[1m2026-08-06T14:23:29.837055319Z[0m [INFO] TRADER-001.BacktestEngine: ⠀⠀⠀⠀⢠⣿⣿⣿⣇⠀⢿⣿⣿⣿⣿⣿⠀⢻⣿⣿⣿⡿⢃⣠⣾⣿⣿⣧⡀⠀⠀[0m
[1m2026-08-06T14:23:29.837055579Z[0m [INFO] TRADER-001.BacktestEngine: ⠀⠀⠀⠠⣾⣿⣿⣿⣿⣿⣧⠈⠋⢀⣴⣧⠀⣿⡏⢠⡀⢸⣿⣿⣿⣿⣿⣿⣿⡇⠀[0m
[1m2026-08-06T14:23:29.837055940Z[0m [INFO] TRADER-001.BacktestEngine: ⠀⠀⠀⣀⠙⢿⣿⣿⣿⣿⣿⠇⢠⣿⣿⣿⡄⠹⠃⠼⠃⠈⠉⠛⠛⠛⠛⠛⠻⠇⠀[0m
[1m2026-08-06T14:23:29.837056180Z[0m [INFO] TRADER-001.BacktestEngine: ⠀⠀⢸⡟⢠⣤⠉⠛⠿⢿⣿⠀⢸⣿⡿⠋⣠⣤⣄⠀⣾⣿⣿⣶⣶⣶⣦⡄⠀⠀⠀[0m
[1m2026-08-06T14:23:29.837057293Z[0m [INFO] TRADER-001.BacktestEngine: ⠀⠀⠸⠀⣾⠏⣸⣷⠂⣠⣤⠀⠘⢁⣴⣾⣿⣿⣿⡆⠘⣿⣿⣿⣿⣿⣿⠀⠀⠀⠀[0m
[1m2026-08-06T14:23:29.837057423Z[0m [INFO] TRADER-001.BacktestEngine: ⠀⠀⠀⠀⠛⠀⣿⡟⠀⢻⣿⡄⠸⣿⣿⣿⣿⣿⣿⣿⡀⠘⣿⣿⣿⣿⠟⠀⠀⠀⠀[0m
[1m2026-08-06T14:23:29.837057553Z[0m [INFO] TRADER-001.BacktestEngine: ⠀⠀⠀⠀⠀⠀⣿⠇⠀⠀⢻⡿⠀⠈⠻⣿⣿⣿⣿⣿⡇⠀⢹⣿⠿⠋⠀⠀⠀⠀⠀[0m
[1m2026-08-06T14:23:29.837057673Z[0m [INFO] TRADER-001.BacktestEngine: ⠀⠀⠀⠀⠀⠀⠋⠀⠀⠀⡘⠁⠀⠀⠀⠀⠀⠀⠀⠀⠀⠀⠈⠁⠀⠀⠀⠀⠀⠀⠀[0m
[1m2026-08-06T14:23:29.837057793Z[0m [INFO] TRADER-001.BacktestEngine: [0m
[1m2026-08-06T14:23:29.837057944Z[0m [36m[INFO] TRADER-001.BacktestEngine: =================================================================[0m
[1m2026-08-06T14:23:29.837058214Z[0m [36m[INFO] TRADER-001.BacktestEngine:  SYSTEM SPECIFICATION[0m
[1m2026-08-06T14:23:29.837058355Z[0m [36m[INFO] TRADER-001.BacktestEngine: =================================================================[0m
[1m2026-08-06T14:23:29.837059346Z[0m [INFO] TRADER-001.BacktestEngine: CPU architecture: AMD EPYC 7763 64-Core Processor[0m
[1m2026-08-06T14:23:29.837060058Z[0m [INFO] TRADER-001.BacktestEngine: CPU(s): 4 @ 2445 MHz[0m
[1m2026-08-06T14:23:29.837061140Z[0m [INFO] TRADER-001.BacktestEngine: OS: kernel-6.17.0-1020-azure Linux (Debian GNU/Linux 12)[0m
[1m2026-08-06T14:23:29.837117254Z[0m [36m[INFO] TRADER-001.BacktestEngine: =================================================================[0m
[1m2026-08-06T14:23:29.837117916Z[0m [36m[INFO] TRADER-001.BacktestEngine:  MEMORY USAGE[0m
[1m2026-08-06T14:23:29.837118186Z[0m [36m[INFO] TRADER-001.BacktestEngine: =================================================================[0m
[1m2026-08-06T14:23:29.837119889Z[0m [INFO] TRADER-001.BacktestEngine: RAM-Total: 15.62 GiB[0m
[1m2026-08-06T14:23:29.837120811Z[0m [INFO] TRADER-001.BacktestEngine: RAM-Used: 1.39 GiB (8.87%)[0m
[1m2026-08-06T14:23:29.837121512Z[0m [INFO] TRADER-001.BacktestEngine: RAM-Avail: 14.23 GiB (91.13%)[0m
[1m2026-08-06T14:23:29.837123997Z[0m [INFO] TRADER-001.BacktestEngine: Swap-Total: 3.00 GiB[0m
[1m2026-08-06T14:23:29.837124879Z[0m [INFO] TRADER-001.BacktestEngine: Swap-Used: 0.00 GiB (0.00%)[0m
[1m2026-08-06T14:23:29.837127924Z[0m [INFO] TRADER-001.BacktestEngine: Swap-Avail: 3.00 GiB (100.00%)[0m
[1m2026-08-06T14:23:29.837129116Z[0m [36m[INFO] TRADER-001.BacktestEngine: =================================================================[0m
[1m2026-08-06T14:23:29.837129387Z[0m [36m[INFO] TRADER-001.BacktestEngine:  IDENTIFIERS[0m
[1m2026-08-06T14:23:29.837129668Z[0m [36m[INFO] TRADER-001.BacktestEngine: =================================================================[0m
[1m2026-08-06T14:23:29.837131391Z[0m [INFO] TRADER-001.BacktestEngine: trader_id: TRADER-001[0m
[1m2026-08-06T14:23:29.837132293Z[0m [INFO] TRADER-001.BacktestEngine: machine_id: a39706d1449a[0m
[1m2026-08-06T14:23:29.837133375Z[0m [INFO] TRADER-001.BacktestEngine: instance_id: a0040cff-9e23-49b8-a82d-2032784edede[0m
[1m2026-08-06T14:23:29.837133976Z[0m [INFO] TRADER-001.BacktestEngine: PID: 149[0m
[1m2026-08-06T14:23:29.837134346Z[0m [36m[INFO] TRADER-001.BacktestEngine: =================================================================[0m
[1m2026-08-06T14:23:29.837134617Z[0m [36m[INFO] TRADER-001.BacktestEngine:  VERSIONING[0m
[1m2026-08-06T14:23:29.837134927Z[0m [36m[INFO] TRADER-001.BacktestEngine: =================================================================[0m
[1m2026-08-06T14:23:29.837142682Z[0m [INFO] TRADER-001.BacktestEngine: nautilus_trader: 1.230.0[0m
[1m2026-08-06T14:23:29.837147691Z[0m [INFO] TRADER-001.BacktestEngine: python: 3.13.5[0m
[1m2026-08-06T14:23:29.837150156Z[0m [INFO] TRADER-001.BacktestEngine: numpy: 2.5.1[0m
[1m2026-08-06T14:23:29.837152200Z[0m [INFO] TRADER-001.BacktestEngine: pandas: 3.0.5[0m
[1m2026-08-06T14:23:29.837155025Z[0m [INFO] TRADER-001.BacktestEngine: msgspec: 0.21.1[0m
[1m2026-08-06T14:23:29.837158241Z[0m [INFO] TRADER-001.BacktestEngine: pyarrow: 25.0.0[0m
[1m2026-08-06T14:23:29.837160866Z[0m [INFO] TRADER-001.BacktestEngine: pytz: 2026.3.post1[0m
[1m2026-08-06T14:23:29.837162940Z[0m [INFO] TRADER-001.BacktestEngine: uvloop: 0.22.1[0m
[1m2026-08-06T14:23:29.837163351Z[0m [36m[INFO] TRADER-001.BacktestEngine: =================================================================[0m
[1m2026-08-06T14:23:29.837164563Z[0m [INFO] TRADER-001.nautilus_system::kernel: Building system kernel[0m
[1m2026-08-06T14:23:29.838192572Z[0m [INFO] TRADER-001.nautilus_backtest::engine: Adding exchange BINANCE to engine[0m
[1m2026-08-06T14:23:29.838661217Z[0m [INFO] TRADER-001.nautilus_backtest::exchange: Added instrument BTCUSDT-PERP.BINANCE and created matching engine[0m
[1m2026-08-06T14:23:29.838702494Z[0m [INFO] TRADER-001.nautilus_backtest::engine: Added instrument BTCUSDT-PERP.BINANCE to exchange BINANCE[0m
[1m2026-08-06T14:23:29.838844319Z[0m [INFO] TRADER-001.nautilus_backtest::exchange: Added instrument ETHUSDT-PERP.BINANCE and created matching engine[0m
[1m2026-08-06T14:23:29.838854228Z[0m [INFO] TRADER-001.nautilus_backtest::engine: Added instrument ETHUSDT-PERP.BINANCE to exchange BINANCE[0m
[1m2026-08-06T14:23:29.838949155Z[0m [INFO] TRADER-001.nautilus_backtest::exchange: Added instrument SOLUSDT-PERP.BINANCE and created matching engine[0m
[1m2026-08-06T14:23:29.838975654Z[0m [INFO] TRADER-001.nautilus_backtest::engine: Added instrument SOLUSDT-PERP.BINANCE to exchange BINANCE[0m
[1m2026-08-06T14:23:29.839088375Z[0m [INFO] TRADER-001.nautilus_backtest::exchange: Added instrument XRPUSDT-PERP.BINANCE and created matching engine[0m
[1m2026-08-06T14:23:29.839103162Z[0m [INFO] TRADER-001.nautilus_backtest::engine: Added instrument XRPUSDT-PERP.BINANCE to exchange BINANCE[0m
[1m2026-08-06T14:23:29.849695239Z[0m [INFO] TRADER-001.nautilus_system::kernel: Disposing[0m
[1m2026-08-06T14:23:29.849710558Z[0m [INFO] TRADER-001.nautilus_backtest::execution_client: Backtest execution client stopped[0m
[1m2026-08-06T14:23:29.849720216Z[0m [INFO] TRADER-001.nautilus_execution::engine: Stopped[0m
[1m2026-08-06T14:23:29.849721198Z[0m [INFO] TRADER-001.nautilus_risk::engine: Stopped[0m
[1m2026-08-06T14:23:29.849727279Z[0m [INFO] TRADER-001.nautilus_execution::order_emulator::emulator: Stopped[0m
[1m2026-08-06T14:23:29.849731016Z[0m [INFO] TRADER-001.nautilus_execution::engine: Disposed[0m
[1m2026-08-06T14:23:29.849731607Z[0m [INFO] TRADER-001.nautilus_risk::engine: Disposed[0m
[1m2026-08-06T14:23:29.849733581Z[0m [INFO] TRADER-001.nautilus_execution::order_emulator::emulator: Disposed[0m
[1m2026-08-06T14:23:29.849737458Z[0m [INFO] TRADER-001.nautilus_common::cache: Reset cache[0m
[1m2026-08-06T14:23:29.849763186Z[0m [INFO] TRADER-001.nautilus_system::kernel: Disposed[0m
{
  "chain": {
    "all_data_converted_and_added": false,
    "all_instruments_converted_and_added": true,
    "engine_run_completed": false,
    "existing_python_strategy_added": false,
    "native_venue_costs_liquidation": true,
    "reports_generated": false
  },
  "classification": "IMPLEMENTATION_BOUNDARY_DIAGNOSTIC_ONLY",
  "failures": [
    {
      "error": "'Decimal' object is not an instance of 'str'",
      "error_type": "TypeError",
      "label": "convert BTCUSDT FundingRateUpdate"
    },
    {
      "error": "'Decimal' object is not an instance of 'str'",
      "error_type": "TypeError",
      "label": "convert ETHUSDT FundingRateUpdate"
    },
    {
      "error": "'Decimal' object is not an instance of 'str'",
      "error_type": "TypeError",
      "label": "convert SOLUSDT FundingRateUpdate"
    },
    {
      "error": "'Decimal' object is not an instance of 'str'",
      "error_type": "TypeError",
      "label": "convert XRPUSDT FundingRateUpdate"
    }
  ]
}
