cross-market runtime fixes applied: 3
authoritative cross-market evaluator materialized
[OK] python: 3.13.5 (need 3.13.x)
[OK] nautilus_trader: 1.230.0 (need 1.230.0)
[OK] glibc: 2.36 (need >= 2.35)
Candidate 11 materialization/migrations applied: 0
first-touch consumed-liquidity migration applied: 0
rejected causal episode-memory changes removed: 0
portfolio SCDAM source already materialized; API migrations applied: 0
partial-fill fail-closed migrations applied: 0
market-leadership candidate materialization applied: 1
immutable sweep and price-discovery repairs applied: 0
market-leadership candidate materialization applied: 0
price-discovery leadership revisions applied: 0
test_completed_observation_timestamps_are_preserved (test_bar_adapter.TestBarAdapter.test_completed_observation_timestamps_are_preserved) ... ok
test_non_monotonic_frame_fails_closed (test_bar_adapter.TestBarAdapter.test_non_monotonic_frame_fails_closed) ... ok

----------------------------------------------------------------------
Ran 2 tests in 0.579s

OK
test_costed_fair_value_plan_includes_friction (test_cross_market.CrossMarketTests.test_costed_fair_value_plan_includes_friction) ... ok
test_incomplete_synchronized_batch_fails_closed (test_cross_market.CrossMarketTests.test_incomplete_synchronized_batch_fails_closed) ... ok
test_negative_beta_is_not_treated_as_follower_relation (test_cross_market.CrossMarketTests.test_negative_beta_is_not_treated_as_follower_relation) ... ok
test_positive_beta_and_residual_rms_are_causal_statistics (test_cross_market.CrossMarketTests.test_positive_beta_and_residual_rms_are_causal_statistics) ... ok
test_signed_flow_matches_aggressor_side (test_cross_market.CrossMarketTests.test_signed_flow_matches_aggressor_side) ... ok
test_target_already_reached_is_rejected (test_cross_market.CrossMarketTests.test_target_already_reached_is_rejected) ... ok

----------------------------------------------------------------------
Ran 6 tests in 0.001s

OK
test_lifecycle_releases_only_matching_scenario (test_global_allocator.GlobalAllocatorTests.test_lifecycle_releases_only_matching_scenario) ... ok
test_lower_error_bound_precedes_higher_r (test_global_allocator.GlobalAllocatorTests.test_lower_error_bound_precedes_higher_r) ... ok
test_pending_entry_occupies_global_slot (test_global_allocator.GlobalAllocatorTests.test_pending_entry_occupies_global_slot) ... ok
test_same_timestamp_is_not_decided_by_subscription_order (test_global_allocator.GlobalAllocatorTests.test_same_timestamp_is_not_decided_by_subscription_order) ... ok

----------------------------------------------------------------------
Ran 4 tests in 0.000s

OK
test_aac_accepts_independent_external_hazard_draw (test_logic.TestCausalPlanContract.test_aac_accepts_independent_external_hazard_draw) ... ok
test_aac_rejects_self_confirming_source_range_draw (test_logic.TestCausalPlanContract.test_aac_rejects_self_confirming_source_range_draw) ... ok
test_far_confirmation_plan_and_rejection_form_one_state_chain (test_logic.TestCausalPlanContract.test_far_confirmation_plan_and_rejection_form_one_state_chain) ... ok
test_insufficient_costed_r_is_terminal_not_tuned (test_logic.TestCausalPlanContract.test_insufficient_costed_r_is_terminal_not_tuned) ... ok
test_long_plan_is_passive_gtd_limit_at_void_edge (test_logic.TestCausalPlanContract.test_long_plan_is_passive_gtd_limit_at_void_edge) ... ok
test_plan_occupies_global_slot_until_nautilus_terminal_event (test_logic.TestCausalPlanContract.test_plan_occupies_global_slot_until_nautilus_terminal_event) ... ok
test_short_plan_is_passive_at_low_edge (test_logic.TestCausalPlanContract.test_short_plan_is_passive_at_low_edge) ... ok
test_completed_cross_midnight_session_has_future_decision_window (test_logic.TestDrawAndSessionSemantics.test_completed_cross_midnight_session_has_future_decision_window) ... ok
test_far_target_ignores_weaker_internal_obstacle (test_logic.TestDrawAndSessionSemantics.test_far_target_ignores_weaker_internal_obstacle) ... ok
test_source_range_alignment_is_side_relative (test_logic.TestDrawAndSessionSemantics.test_source_range_alignment_is_side_relative) ... ok
test_gtd_expiry_uses_timezone_aware_datetime (test_logic.TestProductionBoundary.test_gtd_expiry_uses_timezone_aware_datetime) ... ok
test_runner_delegates_execution_to_nautilus (test_logic.TestProductionBoundary.test_runner_delegates_execution_to_nautilus) ... ok
test_actual_margin_infeasibility_rejects_instead_of_clipping (test_logic.TestRiskContract.test_actual_margin_infeasibility_rejects_instead_of_clipping) ... ok
test_exact_nav_risk_is_floored_not_scaled_by_score (test_logic.TestRiskContract.test_exact_nav_risk_is_floored_not_scaled_by_score) ... ok

----------------------------------------------------------------------
Ran 14 tests in 0.002s

OK
test_four_markets_receive_distinct_unchanged_scdam_engines (test_portfolio_scdam.TestIndependentPortfolioLogic.test_four_markets_receive_distinct_unchanged_scdam_engines) ... ok
test_partial_gtd_entry_is_fail_closed_before_terminal_release (test_portfolio_scdam.TestIndependentPortfolioLogic.test_partial_gtd_entry_is_fail_closed_before_terminal_release) ... ok
test_runner_keeps_exact_nav_risk_and_nautilus_execution_boundary (test_portfolio_scdam.TestIndependentPortfolioLogic.test_runner_keeps_exact_nav_risk_and_nautilus_execution_boundary) ... ok
test_runner_uses_one_global_slot_and_routes_state_to_emitter (test_portfolio_scdam.TestIndependentPortfolioLogic.test_runner_uses_one_global_slot_and_routes_state_to_emitter) ... ok
test_same_timestamp_plans_are_arbitrated_before_submission (test_portfolio_scdam.TestIndependentPortfolioLogic.test_same_timestamp_plans_are_arbitrated_before_submission) ... ok

----------------------------------------------------------------------
Ran 5 tests in 0.001s

OK
Traceback (most recent call last):
  File "/__w/SMC_ICT_4_LIVE/SMC_ICT_4_LIVE/research/candidate-11/run_cross_market_nautilus.py", line 640, in <module>
    raise SystemExit(main())
                     ~~~~^^
  File "/__w/SMC_ICT_4_LIVE/SMC_ICT_4_LIVE/research/candidate-11/run_cross_market_nautilus.py", line 629, in main
    metrics = run(
        protocol_path=args.protocol.resolve(),
    ...<2 lines>...
        output_dir=args.output.resolve(),
    )
  File "/__w/SMC_ICT_4_LIVE/SMC_ICT_4_LIVE/research/candidate-11/run_cross_market_nautilus.py", line 534, in run
    strategy = CrossStrategy(CrossStrategyConfig(
        instrument_ids=tuple(instruments[symbol].id for symbol in SYMBOLS),
    ...<3 lines>...
        starting_nav=starting_nav,
    ))
  File "/__w/SMC_ICT_4_LIVE/SMC_ICT_4_LIVE/research/candidate-11/run_cross_market_nautilus.py", line 265, in __init__
    self.sizer = RiskSizer(Decimal(str(account["risk_fraction"])))
                 ~~~~~~~~~^^^^^^^^^^^^^^^^^^^^^^^^^^^^^^^^^^^^^^^^
  File "/__w/SMC_ICT_4_LIVE/SMC_ICT_4_LIVE/research/candidate-11/logic.py", line 293, in __init__
    raise ValueError("risk_fraction must be in (0, 0.03]")
ValueError: risk_fraction must be in (0, 0.03]
