{
  "candidate": "candidate-02-v109-center-q75",
  "custom_backtest_engine": false,
  "data_integrity": {
    "columns_path": "inputs/v109-week1/artifacts/candidate-02-v48-first-week/columns.json",
    "feature_first_open_utc": "2024-09-01T00:00:00+00:00",
    "feature_last_open_utc": "2025-03-10T23:55:00+00:00",
    "feature_rows": 55008,
    "forward_feature_columns_used": false,
    "npz_path": "inputs/v109-week1/artifacts/candidate-02-v48-first-week/v48_features.npz",
    "raw_directory": "inputs/v109-week1/.cache/candidate-02/v48-first-week/binance_1m",
    "raw_first_close_utc": "2025-03-01T00:01:00+00:00",
    "raw_last_close_utc": "2025-03-10T01:00:00+00:00",
    "raw_rows": 13020
  },
  "decision": "ADVANCE_TO_SECOND_WEEK",
  "effective_commissions_usdt": 4925.36704053,
  "engine": "NautilusTrader 1.230.0",
  "engine_result": {
    "iterations": 13020,
    "stats_general": {},
    "stats_pnls": {
      "USDT": {
        "Avg Loser": -3255.0524922,
        "Avg Winner": 2803.301630334,
        "Expectancy": 1793.5759432450002,
        "Max Loser": -3255.0524922,
        "Max Winner": 3930.0184249000004,
        "Min Loser": -3255.0524922,
        "Min Winner": 2213.5575075899997,
        "PnL (total)": 10761.455659469999,
        "PnL% (total)": 10.761455659469997,
        "Win Rate": 0.8333333333333334
      }
    },
    "stats_returns": {
      "Average (Return)": 0.012988204640068918,
      "Average Loss (Return)": NaN,
      "Average Win (Return)": 0.025976409280137835,
      "Profit Factor": NaN,
      "Returns Volatility (252 days)": 0.27685467694287214,
      "Risk Return Ratio": 0.7447277358856753,
      "Sharpe Ratio (252 days)": 11.822186301634138,
      "Sortino Ratio (252 days)": NaN
    },
    "summary": {
      "account.BINANCE.balance.USDT.free": "110761.45565947 USDT",
      "account.BINANCE.balance.USDT.locked": "0.00000000 USDT",
      "account.BINANCE.balance.USDT.total": "110761.45565947 USDT",
      "account.BINANCE.base_currency": "USDT",
      "account.BINANCE.event_count": "31",
      "account.BINANCE.id": "BINANCE-001",
      "account.BINANCE.type": "MARGIN",
      "iterations": "13020",
      "orders.closed": "18",
      "orders.emulated": "0",
      "orders.inflight": "0",
      "orders.open": "0",
      "orders.total": "18",
      "positions.closed": "1",
      "positions.open": "0",
      "positions.snapshots": "5",
      "positions.total": "1",
      "positions.total_with_snapshots": "6",
      "total_events": "48",
      "venues.total": "1"
    },
    "total_events": 48,
    "total_orders": 18,
    "total_positions": 6
  },
  "evaluation_days": 7.0,
  "evaluation_end_utc": "2025-03-10T00:00:00+00:00",
  "evaluation_start_utc": "2025-03-03T00:00:00+00:00",
  "execution_model": {
    "account_source_of_truth": true,
    "bar_adaptive_high_low_ordering": true,
    "bar_execution": true,
    "bracket_orders": true,
    "effective_maker_commission_rate": "0.00030",
    "effective_taker_commission_rate": "0.00085",
    "liquidation_enabled": false,
    "liquidation_requested": true
  },
  "fills": 12,
  "final_nav_usdt": 110761.45565947,
  "flat_at_end": true,
  "geometric_daily_growth_after_cost": 0.014708355157321051,
  "gross_loss_after_cost_usdt": -3255.0524921999895,
  "gross_profit_after_cost_usdt": 14016.508151669987,
  "losses": 1,
  "maximum_effective_notional_multiple": 9.305916778667177,
  "maximum_mark_to_market_drawdown": -0.0543487913932863,
  "maximum_planned_loss_to_budget": 0.9999667360516399,
  "nav_factor": 1.1076145565947,
  "orders": 18,
  "pass_checks": {
    "flat_at_end": true,
    "maximum_drawdown": true,
    "minimum_geometric_daily_growth": true,
    "minimum_profit_factor": true,
    "minimum_trades_per_day": true,
    "minimum_win_rate": true,
    "planned_loss_budget": true
  },
  "positions_rows": 6,
  "profit_factor_after_cost": 4.306077455051012,
  "risk_fraction": 0.03,
  "runtime_diagnostics": {
    "entry_pending": false,
    "position_flat": true,
    "runtime": {
      "ENTRY_BRACKET_SUBMITTED": 6,
      "POSITION_CLOSED": 6,
      "POSITION_OPENED": 6
    },
    "scheduled_signals": 6,
    "selected_signal": null
  },
  "scheduled_signals": 6,
  "stage": "first_random_btc_week_nautilustrader",
  "starting_nav_usdt": 100000.0,
  "submitted_signals": 6,
  "target_met": true,
  "trades": 6,
  "trades_per_day": 0.8571428571428571,
  "win_rate": 0.8333333333333334,
  "wins": 5
}
