{
  "candidate": "candidate-02-v109-center-q55",
  "custom_backtest_engine": false,
  "data_integrity": {
    "columns_path": "inputs/v109-week1/artifacts/candidate-02-v48-first-week/columns.json",
    "feature_first_open_utc": "2024-09-01T00:00:00+00:00",
    "feature_last_open_utc": "2025-03-10T23:55:00+00:00",
    "feature_rows": 55008,
    "forward_feature_columns_used": false,
    "npz_path": "inputs/v109-week1/artifacts/candidate-02-v48-first-week/v48_features.npz",
    "raw_directory": "inputs/v109-week1/.cache/candidate-02/v48-first-week/binance_1m",
    "raw_first_close_utc": "2025-03-01T00:01:00+00:00",
    "raw_last_close_utc": "2025-03-10T01:00:00+00:00",
    "raw_rows": 13020
  },
  "decision": "ADVANCE_TO_SECOND_WEEK",
  "effective_commissions_usdt": 6336.57517918,
  "engine": "NautilusTrader 1.230.0",
  "engine_result": {
    "iterations": 13020,
    "stats_general": {},
    "stats_pnls": {
      "USDT": {
        "Avg Loser": -3329.6114888399998,
        "Avg Winner": 2771.8244682766667,
        "Expectancy": 1900.1907601171429,
        "Max Loser": -3329.6114888399998,
        "Max Winner": 4020.41436062,
        "Min Loser": -3329.6114888399998,
        "Min Winner": 2213.5575075899997,
        "PnL (total)": 13301.33532082,
        "PnL% (total)": 13.301335320819998,
        "Win Rate": 0.8571428571428571
      }
    },
    "stats_returns": {
      "Average (Return)": 0.015924792035266394,
      "Average Loss (Return)": NaN,
      "Average Win (Return)": 0.03184958407053279,
      "Profit Factor": NaN,
      "Returns Volatility (252 days)": 0.3368851095850924,
      "Risk Return Ratio": 0.7503989616690638,
      "Sharpe Ratio (252 days)": 11.9122142199446,
      "Sortino Ratio (252 days)": NaN
    },
    "summary": {
      "account.BINANCE.balance.USDT.free": "113301.33532082 USDT",
      "account.BINANCE.balance.USDT.locked": "0.00000000 USDT",
      "account.BINANCE.balance.USDT.total": "113301.33532082 USDT",
      "account.BINANCE.base_currency": "USDT",
      "account.BINANCE.event_count": "36",
      "account.BINANCE.id": "BINANCE-001",
      "account.BINANCE.type": "MARGIN",
      "iterations": "13020",
      "orders.closed": "21",
      "orders.emulated": "0",
      "orders.inflight": "0",
      "orders.open": "0",
      "orders.total": "21",
      "positions.closed": "1",
      "positions.open": "0",
      "positions.snapshots": "6",
      "positions.total": "1",
      "positions.total_with_snapshots": "7",
      "total_events": "56",
      "venues.total": "1"
    },
    "total_events": 56,
    "total_orders": 21,
    "total_positions": 7
  },
  "evaluation_days": 7.0,
  "evaluation_end_utc": "2025-03-10T00:00:00+00:00",
  "evaluation_start_utc": "2025-03-03T00:00:00+00:00",
  "execution_model": {
    "account_source_of_truth": true,
    "bar_adaptive_high_low_ordering": true,
    "bar_execution": true,
    "bracket_orders": true,
    "effective_maker_commission_rate": "0.00030",
    "effective_taker_commission_rate": "0.00085",
    "liquidation_enabled": false,
    "liquidation_requested": true
  },
  "fills": 14,
  "final_nav_usdt": 113301.33532082,
  "flat_at_end": true,
  "geometric_daily_growth_after_cost": 0.018000194988758933,
  "gross_loss_after_cost_usdt": -3329.6114888399898,
  "gross_profit_after_cost_usdt": 16630.94680965999,
  "losses": 1,
  "maximum_effective_notional_multiple": 10.964805386033339,
  "maximum_mark_to_market_drawdown": -0.05434762951338967,
  "maximum_planned_loss_to_budget": 0.9999851561345012,
  "nav_factor": 1.1330133532082,
  "orders": 21,
  "pass_checks": {
    "flat_at_end": true,
    "maximum_drawdown": true,
    "minimum_geometric_daily_growth": true,
    "minimum_profit_factor": true,
    "minimum_trades_per_day": true,
    "minimum_win_rate": true,
    "planned_loss_budget": true
  },
  "positions_rows": 7,
  "profit_factor_after_cost": 4.99486107175047,
  "risk_fraction": 0.03,
  "runtime_diagnostics": {
    "entry_pending": false,
    "position_flat": true,
    "runtime": {
      "ENTRY_BRACKET_SUBMITTED": 7,
      "POSITION_CLOSED": 7,
      "POSITION_OPENED": 7
    },
    "scheduled_signals": 7,
    "selected_signal": null
  },
  "scheduled_signals": 7,
  "stage": "first_random_btc_week_nautilustrader",
  "starting_nav_usdt": 100000.0,
  "submitted_signals": 7,
  "target_met": true,
  "trades": 7,
  "trades_per_day": 1.0,
  "win_rate": 0.8571428571428571,
  "wins": 6
}
