/__w/SMC_ICT_4_LIVE/SMC_ICT_4_LIVE/research/candidate-09/run.py:248: Pandas4Warning: Timestamp.utcnow is deprecated and will be removed in a future version. Use Timestamp.now('UTC') instead.
  engine.run()
/__w/SMC_ICT_4_LIVE/SMC_ICT_4_LIVE/research/candidate-09/run.py:248: Pandas4Warning: Timestamp.utcnow is deprecated and will be removed in a future version. Use Timestamp.now('UTC') instead.
  engine.run()
/__w/SMC_ICT_4_LIVE/SMC_ICT_4_LIVE/research/candidate-09/run.py:248: Pandas4Warning: Timestamp.utcnow is deprecated and will be removed in a future version. Use Timestamp.now('UTC') instead.
  engine.run()
/__w/SMC_ICT_4_LIVE/SMC_ICT_4_LIVE/research/candidate-09/run.py:248: Pandas4Warning: Timestamp.utcnow is deprecated and will be removed in a future version. Use Timestamp.now('UTC') instead.
  engine.run()
/__w/SMC_ICT_4_LIVE/SMC_ICT_4_LIVE/research/candidate-09/run.py:248: Pandas4Warning: Timestamp.utcnow is deprecated and will be removed in a future version. Use Timestamp.now('UTC') instead.
  engine.run()
/__w/SMC_ICT_4_LIVE/SMC_ICT_4_LIVE/research/candidate-09/run.py:248: Pandas4Warning: Timestamp.utcnow is deprecated and will be removed in a future version. Use Timestamp.now('UTC') instead.
  engine.run()
/__w/SMC_ICT_4_LIVE/SMC_ICT_4_LIVE/research/candidate-09/run.py:248: Pandas4Warning: Timestamp.utcnow is deprecated and will be removed in a future version. Use Timestamp.now('UTC') instead.
  engine.run()
/__w/SMC_ICT_4_LIVE/SMC_ICT_4_LIVE/research/candidate-09/run.py:248: Pandas4Warning: Timestamp.utcnow is deprecated and will be removed in a future version. Use Timestamp.now('UTC') instead.
  engine.run()
/__w/SMC_ICT_4_LIVE/SMC_ICT_4_LIVE/research/candidate-09/run.py:248: Pandas4Warning: Timestamp.utcnow is deprecated and will be removed in a future version. Use Timestamp.now('UTC') instead.
  engine.run()
/__w/SMC_ICT_4_LIVE/SMC_ICT_4_LIVE/research/candidate-09/run.py:248: Pandas4Warning: Timestamp.utcnow is deprecated and will be removed in a future version. Use Timestamp.now('UTC') instead.
  engine.run()
/__w/SMC_ICT_4_LIVE/SMC_ICT_4_LIVE/research/candidate-09/run.py:248: Pandas4Warning: Timestamp.utcnow is deprecated and will be removed in a future version. Use Timestamp.now('UTC') instead.
  engine.run()
/__w/SMC_ICT_4_LIVE/SMC_ICT_4_LIVE/research/candidate-09/run.py:248: Pandas4Warning: Timestamp.utcnow is deprecated and will be removed in a future version. Use Timestamp.now('UTC') instead.
  engine.run()
/__w/SMC_ICT_4_LIVE/SMC_ICT_4_LIVE/research/candidate-09/run.py:248: Pandas4Warning: Timestamp.utcnow is deprecated and will be removed in a future version. Use Timestamp.now('UTC') instead.
  engine.run()
/__w/SMC_ICT_4_LIVE/SMC_ICT_4_LIVE/research/candidate-09/run.py:248: Pandas4Warning: Timestamp.utcnow is deprecated and will be removed in a future version. Use Timestamp.now('UTC') instead.
  engine.run()
/__w/SMC_ICT_4_LIVE/SMC_ICT_4_LIVE/research/candidate-09/run.py:248: Pandas4Warning: Timestamp.utcnow is deprecated and will be removed in a future version. Use Timestamp.now('UTC') instead.
  engine.run()
/__w/SMC_ICT_4_LIVE/SMC_ICT_4_LIVE/research/candidate-09/run.py:248: Pandas4Warning: Timestamp.utcnow is deprecated and will be removed in a future version. Use Timestamp.now('UTC') instead.
  engine.run()
/__w/SMC_ICT_4_LIVE/SMC_ICT_4_LIVE/research/candidate-09/run.py:248: Pandas4Warning: Timestamp.utcnow is deprecated and will be removed in a future version. Use Timestamp.now('UTC') instead.
  engine.run()
/__w/SMC_ICT_4_LIVE/SMC_ICT_4_LIVE/research/candidate-09/run.py:248: Pandas4Warning: Timestamp.utcnow is deprecated and will be removed in a future version. Use Timestamp.now('UTC') instead.
  engine.run()
/__w/SMC_ICT_4_LIVE/SMC_ICT_4_LIVE/research/candidate-09/run.py:248: Pandas4Warning: Timestamp.utcnow is deprecated and will be removed in a future version. Use Timestamp.now('UTC') instead.
  engine.run()
/__w/SMC_ICT_4_LIVE/SMC_ICT_4_LIVE/research/candidate-09/run.py:248: Pandas4Warning: Timestamp.utcnow is deprecated and will be removed in a future version. Use Timestamp.now('UTC') instead.
  engine.run()
/__w/SMC_ICT_4_LIVE/SMC_ICT_4_LIVE/research/candidate-09/run.py:248: Pandas4Warning: Timestamp.utcnow is deprecated and will be removed in a future version. Use Timestamp.now('UTC') instead.
  engine.run()
/__w/SMC_ICT_4_LIVE/SMC_ICT_4_LIVE/research/candidate-09/run.py:248: Pandas4Warning: Timestamp.utcnow is deprecated and will be removed in a future version. Use Timestamp.now('UTC') instead.
  engine.run()
/__w/SMC_ICT_4_LIVE/SMC_ICT_4_LIVE/research/candidate-09/run.py:248: Pandas4Warning: Timestamp.utcnow is deprecated and will be removed in a future version. Use Timestamp.now('UTC') instead.
  engine.run()
/__w/SMC_ICT_4_LIVE/SMC_ICT_4_LIVE/research/candidate-09/run.py:248: Pandas4Warning: Timestamp.utcnow is deprecated and will be removed in a future version. Use Timestamp.now('UTC') instead.
  engine.run()
{
  "ablations": {
    "no-acceptance-confirmation": {
      "all_segments_positive": false,
      "calendar_days": 21.0,
      "daily_geometric_return": -0.004808179156639447,
      "implementation_ok": true,
      "maximum_segment_drawdown": 0.08969237800625007,
      "maximum_single_trade_profit_share": 1.0,
      "nav_multiple": 0.9037384475581116,
      "trades": 15,
      "trades_per_day": 0.7142857142857143
    },
    "no-flow": {
      "all_segments_positive": false,
      "calendar_days": 21.0,
      "daily_geometric_return": -0.0031050869212388976,
      "implementation_ok": true,
      "maximum_segment_drawdown": 0.08732798106431372,
      "maximum_single_trade_profit_share": 1.0,
      "nav_multiple": 0.9367786363957592,
      "trades": 12,
      "trades_per_day": 0.5714285714285714
    },
    "no-reexpansion-confirmation": {
      "all_segments_positive": false,
      "calendar_days": 21.0,
      "daily_geometric_return": -0.0002091888384071483,
      "implementation_ok": true,
      "maximum_segment_drawdown": 0.08730391491925005,
      "maximum_single_trade_profit_share": 0.6402110851818621,
      "nav_multiple": 0.9956162118236772,
      "trades": 12,
      "trades_per_day": 0.5714285714285714
    }
  },
  "baseline_weeks": [
    {
      "accounting_error": 0.0,
      "calendar_days": 7.0,
      "continuation_trades": 0,
      "daily_geometric_return": 0.01111478781152564,
      "end_ns": 1644796800000000000,
      "ending_nav": 108044.64197385001,
      "expectancy_r": 0.4501634397106769,
      "implementation_status": "OK",
      "largest_profit_share": 0.35727033402784053,
      "losses": 2,
      "max_drawdown": 0.05910881699206749,
      "maximum_consecutive_losses": 2,
      "missing_feature_bars": 0,
      "native_account_final": 112054.21033803,
      "native_expected_final": 112054.21033803,
      "open_position_at_stop": false,
      "profit_factor": 2.245369891179914,
      "rejected_orders": 0,
      "reversal_trades": 6,
      "run_id": "baseline:week-a",
      "segment": "week-a",
      "start_ns": 1644192000000000000,
      "starting_nav": 100000.0,
      "time_exits": 2,
      "total_return": 0.0804464197385002,
      "trades": 6,
      "variant": "baseline",
      "win_rate": 0.6666666666666666,
      "wins": 4
    },
    {
      "accounting_error": 0.0,
      "calendar_days": 7.0,
      "continuation_trades": 1,
      "daily_geometric_return": -0.004343025867980077,
      "end_ns": 1687132800000000000,
      "ending_nav": 96999.2063575,
      "expectancy_r": -1.0002774753261754,
      "implementation_status": "OK",
      "largest_profit_share": null,
      "losses": 1,
      "max_drawdown": 0.03000793642499988,
      "maximum_consecutive_losses": 1,
      "missing_feature_bars": 0,
      "native_account_final": 97772.1139258,
      "native_expected_final": 97772.1139258,
      "open_position_at_stop": false,
      "profit_factor": 0.0,
      "rejected_orders": 0,
      "reversal_trades": 0,
      "run_id": "baseline:week-b",
      "segment": "week-b",
      "start_ns": 1686528000000000000,
      "starting_nav": 100000.0,
      "time_exits": 0,
      "total_return": -0.03000793642499988,
      "trades": 1,
      "variant": "baseline",
      "win_rate": 0.0,
      "wins": 0
    },
    {
      "accounting_error": 0.0,
      "calendar_days": 7.0,
      "continuation_trades": 1,
      "daily_geometric_return": 0.0005936003252458022,
      "end_ns": 1729468800000000000,
      "ending_nav": 100416.26091900001,
      "expectancy_r": 0.08049552126770394,
      "implementation_status": "OK",
      "largest_profit_share": 1.0,
      "losses": 2,
      "max_drawdown": 0.05910103826457247,
      "maximum_consecutive_losses": 2,
      "missing_feature_bars": 0,
      "native_account_final": 102713.83343843,
      "native_expected_final": 102713.83343843,
      "open_position_at_stop": false,
      "profit_factor": 1.0659947626863162,
      "rejected_orders": 0,
      "reversal_trades": 2,
      "run_id": "baseline:week-c",
      "segment": "week-c",
      "start_ns": 1728864000000000000,
      "starting_nav": 100000.0,
      "time_exits": 0,
      "total_return": 0.0041626091899999995,
      "trades": 3,
      "variant": "baseline",
      "win_rate": 0.3333333333333333,
      "wins": 1
    }
  ],
  "candidate": "candidate-09-v4",
  "diagnosis": {
    "action": "Discard candidate-09 as a complete candidate; preserve only the listed mechanisms for later hypotheses.",
    "baseline_daily_geometric_return": 0.002434429252954118,
    "best_ablation": "no-reexpansion-confirmation",
    "best_ablation_daily_geometric_return": -0.0002091888384071483,
    "classification": "LOGIC_ERROR_NO_STRUCTURAL_PATH",
    "largest_influence": "insufficient cost-after conditional edge or opportunity rate",
    "valid_parts": [
      "absorption/reclaim branch produced executable events",
      "acceptance/retest branch produced executable events",
      "risk-budgeted loss path remained recoverable in the gate sample"
    ]
  },
  "gate": {
    "checks": {
      "all_weeks_positive": false,
      "implementation_ok": true,
      "minimum_trades_each_week": false,
      "pooled_daily_geometric_return": false,
      "profit_not_single_trade_dominated": false
    },
    "passed": false,
    "pooled": {
      "all_segments_positive": false,
      "calendar_days": 21.0,
      "daily_geometric_return": 0.002434429252954118,
      "implementation_ok": true,
      "maximum_segment_drawdown": 0.05910881699206749,
      "maximum_single_trade_profit_share": 1.0,
      "nav_multiple": 1.0523869684807088,
      "trades": 10,
      "trades_per_day": 0.47619047619047616
    }
  },
  "status": "GATE_FAIL"
}
