{
  "audit_classification": "IMPLEMENTATION_OR_EVIDENCE_FAILURE",
  "candidate": "candidate-02-v153-qh-initiative-completed-auction-leg",
  "closed_trade_max_drawdown": 0.2286884576856,
  "closed_trades": 19,
  "daily_geometric_growth": -0.027238246382488937,
  "end_exclusive": "2025-08-18",
  "engine_errors": [
    {
      "event": "OrderRejected(instrument_id=ETHUSDT-PERP.BINANCE, client_order_id=O-20250813-133200-001-000-42, account_id=BINANCE-001, reason='Contingent order O-20250813-133200-001-000-41 already closed', due_post_only=False, ts_event=1755092400000000000)",
      "type": "ORDER_REJECTED"
    }
  ],
  "final_nav": "82422.42894291",
  "interval": "E06",
  "losses": 14,
  "module_counts": {
    "QH_INITIATIVE_COMPLETED_AUCTION_LEG": 22,
    "SCDAM_CORE": 4
  },
  "payoff_ratio": 1.5515063749651905,
  "role": "exposed-recent-development",
  "safety_audit_passed": false,
  "scenario_counts": {
    "AAC": 22,
    "FAR": 4
  },
  "skip_reasons": {
    "AAC_REQUIRES_INDEPENDENT_EXTERNAL_DRAW": 5,
    "CONTINUATION_TARGET_NO_LONGER_LIVE": 3,
    "FRAMED_TARGET_REACHED_BEFORE_CONFIRMATION": 11,
    "INSUFFICIENT_COSTED_STRUCTURAL_R": 24,
    "NO_AGGRESSOR_FLOW_AT_SWEEP": 27,
    "NO_CAUSAL_INTERNAL_STRUCTURE": 1,
    "OUTSIDE_EVALUATION_WINDOW": 4,
    "QH_AUCTION_EPISODE_EXPIRED": 130,
    "QH_AUCTION_INSUFFICIENT_COSTED_STRUCTURAL_R": 41,
    "QH_AUCTION_OBJECTIVE_ALREADY_CONSUMED": 12,
    "QH_COMMON_FLOW_BREADTH_BELOW_THREE": 482,
    "QH_CONTEXT_ACTIVE_NO_COMPLETED_NEW_LEG_YET": 10066,
    "QH_FRESH_LEG_NOT_EXECUTABLE": 53,
    "QH_INITIATIVE_ORIGIN_INVALIDATED": 454,
    "QH_OVERLAPPING_FOLLOWER_EPISODE_REJECTED": 317,
    "QH_POST_INITIATIVE_FVG_RETRACE_FAILED": 160,
    "QH_WARMUP_OR_INCOMPLETE_WINDOW": 2,
    "REVERSAL_TARGET_NO_LONGER_LIVE": 1,
    "SEMANTIC_AAC_REQUIRES_LOCAL_EVENT_QUALITY": 1,
    "SEMANTIC_AAC_WEAK_LOCAL_DISPLACEMENT": 1,
    "SEMANTIC_FAR_EVENT_LAGGARD": 2,
    "SEMANTIC_FAR_IDIOSYNCRATIC_CANNOT_USE_LIQUIDITY_LEADER": 1,
    "SEMANTIC_FAR_NOT_COUNTERTREND": 5,
    "SEMANTIC_FAR_QUORUM_REQUIRES_LOCAL_EVENT_LEAD": 1,
    "SEMANTIC_FAR_ROTATION_REQUIRES_IMPULSE_OR_EVENT_QUALITY": 1,
    "SEMANTIC_FAR_UNRESOLVED_ADVERSE_AUCTION": 1,
    "SEMANTIC_FAR_WITHOUT_LOCAL_RECLAIM": 1,
    "SESSION_DECISION_WINDOW_EXPIRED": 99,
    "SWEEP_ACTIVITY_OR_PENETRATION": 22
  },
  "start": "2025-08-11",
  "submitted_plans": 26,
  "success_claim": false,
  "symbol_counts": {
    "BTCUSDT": 2,
    "ETHUSDT": 10,
    "SOLUSDT": 12,
    "XRPUSDT": 2
  },
  "win_rate": 0.2631578947368421,
  "wins": 5
}
