[OK] python: 3.13.5 (need 3.13.x)
[OK] nautilus_trader: 1.230.0 (need 1.230.0)
[OK] glibc: 2.36 (need >= 2.35)
test_displacement_and_retrace_must_be_separate_completed_bars (__main__.DayLiquidityDeliverySignalTests.test_displacement_and_retrace_must_be_separate_completed_bars) ... FAIL
test_full_builder_emits_after_completed_retrace (__main__.DayLiquidityDeliverySignalTests.test_full_builder_emits_after_completed_retrace) ... ok
test_future_suffix_does_not_change_existing_signal (__main__.DayLiquidityDeliverySignalTests.test_future_suffix_does_not_change_existing_signal) ... ok
test_swing_is_not_observable_before_right_span (__main__.DayLiquidityDeliverySignalTests.test_swing_is_not_observable_before_right_span) ... ok
test_touched_but_nonconfirming_first_touch_is_terminal (__main__.DayLiquidityDeliverySignalTests.test_touched_but_nonconfirming_first_touch_is_terminal) ... ok

======================================================================
FAIL: test_displacement_and_retrace_must_be_separate_completed_bars (__main__.DayLiquidityDeliverySignalTests.test_displacement_and_retrace_must_be_separate_completed_bars)
----------------------------------------------------------------------
Traceback (most recent call last):
  File "/__w/SMC_ICT_4_LIVE/SMC_ICT_4_LIVE/research/candidate-08/test_day_liquidity_delivery_signals_v1.py", line 148, in test_displacement_and_retrace_must_be_separate_completed_bars
    self.assertEqual(
    ~~~~~~~~~~~~~~~~^
        signals._first_fvg_touch_result(
        ^^^^^^^^^^^^^^^^^^^^^^^^^^^^^^^^
    ...<5 lines>...
        "NO_TOUCH",
        ^^^^^^^^^^^
    )
    ^
AssertionError: 'VALID_RETRACE' != 'NO_TOUCH'
- VALID_RETRACE
+ NO_TOUCH


----------------------------------------------------------------------
Ran 5 tests in 0.030s

FAILED (failures=1)
