Traceback (most recent call last):
  File "/__w/SMC_ICT_4_LIVE/SMC_ICT_4_LIVE/research/candidate-09/data_loader.py", line 220, in parse_metric_archive
    taker_ratio = float(row["sum_taker_long_short_vol_ratio"])
ValueError: could not convert string to float: ''

The above exception was the direct cause of the following exception:

Traceback (most recent call last):
  File "/__w/SMC_ICT_4_LIVE/SMC_ICT_4_LIVE/research/candidate-09/run.py", line 812, in <module>
    raise SystemExit(main())
                     ~~~~^^
  File "/__w/SMC_ICT_4_LIVE/SMC_ICT_4_LIVE/research/candidate-09/run.py", line 690, in main
    weeks, data_manifest = load_fixed_weeks(config, cache)
                           ~~~~~~~~~~~~~~~~^^^^^^^^^^^^^^^
  File "/__w/SMC_ICT_4_LIVE/SMC_ICT_4_LIVE/research/candidate-09/data_loader.py", line 423, in load_fixed_weeks
    bars, records = cache.daily(start + timedelta(days=offset))
                    ~~~~~~~~~~~^^^^^^^^^^^^^^^^^^^^^^^^^^^^^^^^
  File "/__w/SMC_ICT_4_LIVE/SMC_ICT_4_LIVE/research/candidate-09/data_loader.py", line 319, in daily
    metrics, metric_record = self._metric_daily(day)
                             ~~~~~~~~~~~~~~~~~~^^^^^
  File "/__w/SMC_ICT_4_LIVE/SMC_ICT_4_LIVE/research/candidate-09/data_loader.py", line 305, in _metric_daily
    metrics = parse_metric_archive(path, expected_symbol=self.symbol)
  File "/__w/SMC_ICT_4_LIVE/SMC_ICT_4_LIVE/research/candidate-09/data_loader.py", line 233, in parse_metric_archive
    raise ValueError(f"{path}:{row_number}: malformed metrics row") from exc
ValueError: /__w/SMC_ICT_4_LIVE/SMC_ICT_4_LIVE/.cache/candidate-09/BTCUSDT/metrics/daily/BTCUSDT-metrics-2022-02-07.zip:2: malformed metrics row
