Downloading cpython-3.13.14-linux-x86_64-gnu (download) (33.2MiB)
 Downloaded cpython-3.13.14-linux-x86_64-gnu (download)
Using CPython 3.13.14
Creating virtual environment at: .venv
   Building smc-ict-4-live @ file:///home/runner/work/SMC_ICT_4_LIVE/SMC_ICT_4_LIVE
Downloading numpy (15.9MiB)
Downloading pyarrow (47.8MiB)
Downloading uvloop (4.2MiB)
Downloading pandas (10.4MiB)
Downloading nautilus-trader (174.1MiB)
 Downloaded uvloop
      Built smc-ict-4-live @ file:///home/runner/work/SMC_ICT_4_LIVE/SMC_ICT_4_LIVE
 Downloaded numpy
 Downloaded pyarrow
 Downloaded pandas
 Downloaded nautilus-trader
Prepared 15 packages in 2.67s
Installed 15 packages in 37ms
 + click==8.4.2
 + fsspec==2026.2.0
 + msgspec==0.21.1
 + nautilus-trader==1.230.0
 + numpy==2.5.1
 + pandas==3.0.5
 + portion==2.6.2
 + pyarrow==25.0.0
 + python-dateutil==2.9.0.post0
 + pytz==2026.3.post1
 + six==1.17.0
 + smc-ict-4-live==0.1.0 (from file:///home/runner/work/SMC_ICT_4_LIVE/SMC_ICT_4_LIVE)
 + sortedcontainers==2.4.0
 + tqdm==4.70.0
 + uvloop==0.22.1
