Traceback (most recent call last):
  File "/__w/SMC_ICT_4_LIVE/SMC_ICT_4_LIVE/research/candidate-06/run_cirb_execution_resolution_week.py", line 153, in main
    result = run_cirb_five_second_nautilus_backtest(
        five_second.frame,
    ...<3 lines>...
        generation_diagnostics=generation,
    )
  File "/__w/SMC_ICT_4_LIVE/SMC_ICT_4_LIVE/research/candidate-06/cirb_five_second_nautilus.py", line 231, in run_cirb_five_second_nautilus_backtest
    strategy = CIRBFiveSecondStrategy(
        BaseConfig(
    ...<12 lines>...
        )
    )
  File "/__w/SMC_ICT_4_LIVE/SMC_ICT_4_LIVE/research/candidate-06/cirb_five_second_nautilus.py", line 99, in __init__
    super().__init__(
    ~~~~~~~~~~~~~~~~^
        strategy_config,
        ^^^^^^^^^^^^^^^^
        observations=observations,
        ^^^^^^^^^^^^^^^^^^^^^^^^^^
        logic_params=logic_params,
        ^^^^^^^^^^^^^^^^^^^^^^^^^^
    )
    ^
  File "/__w/SMC_ICT_4_LIVE/SMC_ICT_4_LIVE/research/candidate-06/nautilus_strategy.py", line 154, in __init__
    self._scenario_engine = _make_scenario_engine(logic_params)
                            ~~~~~~~~~~~~~~~~~~~~~^^^^^^^^^^^^^^
  File "/__w/SMC_ICT_4_LIVE/SMC_ICT_4_LIVE/research/candidate-06/nautilus_strategy.py", line 120, in _make_scenario_engine
    raise ValueError(f"unsupported candidate-06 causal engine: {name}")
ValueError: unsupported candidate-06 causal engine: CROWDING_INVENTORY_RESPONSE_BIFURCATION
