[OK] python: 3.13.5 (need 3.13.x)
[OK] nautilus_trader: 1.230.0 (need 1.230.0)
[OK] glibc: 2.36 (need >= 2.35)
test_completed_feature_index_stays_exact_and_unique (__main__.CompletedFeatureContracts.test_completed_feature_index_stays_exact_and_unique) ... ok
test_duplicate_completed_trade_timestamp_remains_invalid (__main__.CompletedFeatureContracts.test_duplicate_completed_trade_timestamp_remains_invalid) ... ok
test_source_contains_no_outcome_or_execution_logic (__main__.CompletedFeatureContracts.test_source_contains_no_outcome_or_execution_logic) ... ok
test_chunk_split_inside_equal_timestamp_matches_single_pass (__main__.DuplicateTimestampRawQuoteContracts.test_chunk_split_inside_equal_timestamp_matches_single_pass) ... ok
test_completed_bucket_preserves_duplicate_event_count_and_state_order (__main__.DuplicateTimestampRawQuoteContracts.test_completed_bucket_preserves_duplicate_event_count_and_state_order) ... ok
test_duplicate_exchange_milliseconds_are_distinct_ordered_events (__main__.DuplicateTimestampRawQuoteContracts.test_duplicate_exchange_milliseconds_are_distinct_ordered_events) ... ok
test_raw_time_regression_is_rejected_without_deduplication (__main__.DuplicateTimestampRawQuoteContracts.test_raw_time_regression_is_rejected_without_deduplication) ... ok

----------------------------------------------------------------------
Ran 7 tests in 0.106s

OK
test_cross_chunk_time_regression_is_rejected (__main__.RawChunkIntegrityContracts.test_cross_chunk_time_regression_is_rejected) ... ok
test_equal_time_update_id_regression_is_rejected (__main__.RawChunkIntegrityContracts.test_equal_time_update_id_regression_is_rejected) ... ok
test_equal_transaction_millisecond_preserves_update_order (__main__.RawChunkIntegrityContracts.test_equal_transaction_millisecond_preserves_update_order) ... ok
test_malformed_crossed_and_nonpositive_rows_fail_closed (__main__.RawChunkIntegrityContracts.test_malformed_crossed_and_nonpositive_rows_fail_closed) ... ok
test_arbitrary_chunk_boundaries_match_single_pass_exactly (__main__.RawOpenBucketCarryContracts.test_arbitrary_chunk_boundaries_match_single_pass_exactly) ... ok
test_duplicate_timestamp_events_contribute_individually (__main__.RawOpenBucketCarryContracts.test_duplicate_timestamp_events_contribute_individually) ... ok
test_later_buckets_cannot_change_already_closed_history (__main__.RawOpenBucketCarryContracts.test_later_buckets_cannot_change_already_closed_history) ... ok
test_streaming_revision_contains_no_daily_materialization_or_trading_logic (__main__.RawOpenBucketCarryContracts.test_streaming_revision_contains_no_daily_materialization_or_trading_logic) ... ok

----------------------------------------------------------------------
Ran 8 tests in 0.359s

OK
test_direction_must_be_signed (__main__.ExecutableQuoteReferenceContracts.test_direction_must_be_signed) ... ok
test_invalid_or_crossed_completed_quote_fails_closed (__main__.ExecutableQuoteReferenceContracts.test_invalid_or_crossed_completed_quote_fails_closed) ... ok
test_long_uses_completed_best_ask_not_trade_close (__main__.ExecutableQuoteReferenceContracts.test_long_uses_completed_best_ask_not_trade_close) ... ok
test_short_uses_completed_best_bid_not_trade_close (__main__.ExecutableQuoteReferenceContracts.test_short_uses_completed_best_bid_not_trade_close) ... ok
test_invalid_direction_or_nonpositive_inputs_fail_closed (__main__.ExpectedOneTickFillContracts.test_invalid_direction_or_nonpositive_inputs_fail_closed) ... ok
test_long_and_short_fill_one_tick_adverse_from_l1 (__main__.ExpectedOneTickFillContracts.test_long_and_short_fill_one_tick_adverse_from_l1) ... ok
test_fill_adjusted_exit_requires_strictly_later_event_time (__main__.FillAdjustedExitTimingContracts.test_fill_adjusted_exit_requires_strictly_later_event_time) ... ok
test_fill_adjusted_exit_without_position_open_time_fails_closed (__main__.FillAdjustedExitTimingContracts.test_fill_adjusted_exit_without_position_open_time_fails_closed) ... ok
test_non_risk_exit_is_not_changed_by_guard (__main__.FillAdjustedExitTimingContracts.test_non_risk_exit_is_not_changed_by_guard) ... ok

----------------------------------------------------------------------
Ran 9 tests in 0.014s

OK
test_completed_snapshot_reproduces_venue_state_at_bar_end_plus_one_ns (__main__.NativeQuoteSnapshotContracts.test_completed_snapshot_reproduces_venue_state_at_bar_end_plus_one_ns) ... ok
test_invalid_or_crossed_state_fails_closed (__main__.NativeQuoteSnapshotContracts.test_invalid_or_crossed_state_fails_closed) ... ok
test_non_quote_frame_is_backward_compatible (__main__.NativeQuoteSnapshotContracts.test_non_quote_frame_is_backward_compatible) ... ok
test_source_event_must_be_inside_the_completed_bucket (__main__.NativeQuoteSnapshotContracts.test_source_event_must_be_inside_the_completed_bucket) ... ok
test_unobservable_bucket_emits_no_native_quote (__main__.NativeQuoteSnapshotContracts.test_unobservable_bucket_emits_no_native_quote) ... ok

----------------------------------------------------------------------
Ran 5 tests in 0.009s

OK
test_adapter_contains_no_new_backtest_or_sizing_engine (__main__.NativeAdapterContracts.test_adapter_contains_no_new_backtest_or_sizing_engine) ... ok
test_config_and_implementation_revisions_are_bound (__main__.NativeAdapterContracts.test_config_and_implementation_revisions_are_bound) ... ok
test_family_resolution_prefers_immutable_signal_field (__main__.NativeAdapterContracts.test_family_resolution_prefers_immutable_signal_field) ... ok
test_inherited_native_engine_config_contract_is_complete (__main__.NativeAdapterContracts.test_inherited_native_engine_config_contract_is_complete) ... ok
test_only_predeclared_ablation_is_exposed (__main__.NativeAdapterContracts.test_only_predeclared_ablation_is_exposed) ... ok
test_order_and_intent_labels_name_real_quote_scenarios (__main__.NativeAdapterContracts.test_order_and_intent_labels_name_real_quote_scenarios) ... ok
test_verified_runner_boundaries_are_reused (__main__.NativeAdapterContracts.test_verified_runner_boundaries_are_reused) ... ok

----------------------------------------------------------------------
Ran 7 tests in 0.001s

OK
[1m2026-08-07T14:17:45.228192582Z[0m [36m[INFO] TRADER-001.BacktestEngine: =================================================================[0m
[1m2026-08-07T14:17:45.228208715Z[0m [36m[INFO] TRADER-001.BacktestEngine:  NAUTILUS TRADER - Automated Algorithmic Trading Platform[0m
[1m2026-08-07T14:17:45.228209301Z[0m [36m[INFO] TRADER-001.BacktestEngine:  by Nautech Systems Pty Ltd.[0m
[1m2026-08-07T14:17:45.228209481Z[0m [36m[INFO] TRADER-001.BacktestEngine:  Copyright (C) 2015-2026. All rights reserved.[0m
[1m2026-08-07T14:17:45.228209710Z[0m [36m[INFO] TRADER-001.BacktestEngine: =================================================================[0m
[1m2026-08-07T14:17:45.228210079Z[0m [INFO] TRADER-001.BacktestEngine: [0m
[1m2026-08-07T14:17:45.228210300Z[0m [INFO] TRADER-001.BacktestEngine: ⠀⠀⠀⠀⠀⠀⠀⠀⠀⠀⠀⠀⠀⣠⣴⣶⡟⠀⠀⠀⠀⠀⠀⠀⠀⠀⠀⠀⠀⠀⠀[0m
[1m2026-08-07T14:17:45.228210539Z[0m [INFO] TRADER-001.BacktestEngine: ⠀⠀⠀⠀⠀⠀⠀⠀⠀⠀⠀⣰⣾⣿⣿⣿⠀⢸⣿⣿⣿⣿⣶⣶⣤⣀⠀⠀⠀⠀⠀[0m
[1m2026-08-07T14:17:45.228210873Z[0m [INFO] TRADER-001.BacktestEngine: ⠀⠀⠀⠀⠀⠀⢀⣴⡇⢀⣾⣿⣿⣿⣿⣿⠀⣾⣿⣿⣿⣿⣿⣿⣿⠿⠓⠀⠀⠀⠀[0m
[1m2026-08-07T14:17:45.228211374Z[0m [INFO] TRADER-001.BacktestEngine: ⠀⠀⠀⠀⠀⣰⣿⣿⡀⢸⣿⣿⣿⣿⣿⣿⠀⣿⣿⣿⣿⣿⣿⠟⠁⣠⣄⠀⠀⠀⠀[0m
[1m2026-08-07T14:17:45.228211636Z[0m [INFO] TRADER-001.BacktestEngine: ⠀⠀⠀⠀⢠⣿⣿⣿⣇⠀⢿⣿⣿⣿⣿⣿⠀⢻⣿⣿⣿⡿⢃⣠⣾⣿⣿⣧⡀⠀⠀[0m
[1m2026-08-07T14:17:45.228211921Z[0m [INFO] TRADER-001.BacktestEngine: ⠀⠀⠀⠠⣾⣿⣿⣿⣿⣿⣧⠈⠋⢀⣴⣧⠀⣿⡏⢠⡀⢸⣿⣿⣿⣿⣿⣿⣿⡇⠀[0m
[1m2026-08-07T14:17:45.228212218Z[0m [INFO] TRADER-001.BacktestEngine: ⠀⠀⠀⣀⠙⢿⣿⣿⣿⣿⣿⠇⢠⣿⣿⣿⡄⠹⠃⠼⠃⠈⠉⠛⠛⠛⠛⠛⠻⠇⠀[0m
[1m2026-08-07T14:17:45.228212510Z[0m [INFO] TRADER-001.BacktestEngine: ⠀⠀⢸⡟⢠⣤⠉⠛⠿⢿⣿⠀⢸⣿⡿⠋⣠⣤⣄⠀⣾⣿⣿⣶⣶⣶⣦⡄⠀⠀⠀[0m
[1m2026-08-07T14:17:45.228213475Z[0m [INFO] TRADER-001.BacktestEngine: ⠀⠀⠸⠀⣾⠏⣸⣷⠂⣠⣤⠀⠘⢁⣴⣾⣿⣿⣿⡆⠘⣿⣿⣿⣿⣿⣿⠀⠀⠀⠀[0m
[1m2026-08-07T14:17:45.228213592Z[0m [INFO] TRADER-001.BacktestEngine: ⠀⠀⠀⠀⠛⠀⣿⡟⠀⢻⣿⡄⠸⣿⣿⣿⣿⣿⣿⣿⡀⠘⣿⣿⣿⣿⠟⠀⠀⠀⠀[0m
[1m2026-08-07T14:17:45.228213699Z[0m [INFO] TRADER-001.BacktestEngine: ⠀⠀⠀⠀⠀⠀⣿⠇⠀⠀⢻⡿⠀⠈⠻⣿⣿⣿⣿⣿⡇⠀⢹⣿⠿⠋⠀⠀⠀⠀⠀[0m
[1m2026-08-07T14:17:45.228213805Z[0m [INFO] TRADER-001.BacktestEngine: ⠀⠀⠀⠀⠀⠀⠋⠀⠀⠀⡘⠁⠀⠀⠀⠀⠀⠀⠀⠀⠀⠀⠈⠁⠀⠀⠀⠀⠀⠀⠀[0m
[1m2026-08-07T14:17:45.228213910Z[0m [INFO] TRADER-001.BacktestEngine: [0m
[1m2026-08-07T14:17:45.228214014Z[0m [36m[INFO] TRADER-001.BacktestEngine: =================================================================[0m
[1m2026-08-07T14:17:45.228214356Z[0m [36m[INFO] TRADER-001.BacktestEngine:  SYSTEM SPECIFICATION[0m
[1m2026-08-07T14:17:45.228214483Z[0m [36m[INFO] TRADER-001.BacktestEngine: =================================================================[0m
[1m2026-08-07T14:17:45.228215683Z[0m [INFO] TRADER-001.BacktestEngine: CPU architecture: Intel(R) Xeon(R) Platinum 8370C CPU @ 2.80GHz[0m
[1m2026-08-07T14:17:45.228216273Z[0m [INFO] TRADER-001.BacktestEngine: CPU(s): 4 @ 2709 MHz[0m
[1m2026-08-07T14:17:45.228217274Z[0m [INFO] TRADER-001.BacktestEngine: OS: kernel-6.17.0-1020-azure Linux (Debian GNU/Linux 12)[0m
[1m2026-08-07T14:17:45.228247743Z[0m [36m[INFO] TRADER-001.BacktestEngine: =================================================================[0m
[1m2026-08-07T14:17:45.228248096Z[0m [36m[INFO] TRADER-001.BacktestEngine:  MEMORY USAGE[0m
[1m2026-08-07T14:17:45.228248281Z[0m [36m[INFO] TRADER-001.BacktestEngine: =================================================================[0m
[1m2026-08-07T14:17:45.228249730Z[0m [INFO] TRADER-001.BacktestEngine: RAM-Total: 15.61 GiB[0m
[1m2026-08-07T14:17:45.228250376Z[0m [INFO] TRADER-001.BacktestEngine: RAM-Used: 2.14 GiB (13.70%)[0m
[1m2026-08-07T14:17:45.228250812Z[0m [INFO] TRADER-001.BacktestEngine: RAM-Avail: 13.47 GiB (86.30%)[0m
[1m2026-08-07T14:17:45.228252332Z[0m [INFO] TRADER-001.BacktestEngine: Swap-Total: 3.00 GiB[0m
[1m2026-08-07T14:17:45.228252738Z[0m [INFO] TRADER-001.BacktestEngine: Swap-Used: 0.00 GiB (0.00%)[0m
[1m2026-08-07T14:17:45.228254558Z[0m [INFO] TRADER-001.BacktestEngine: Swap-Avail: 3.00 GiB (100.00%)[0m
[1m2026-08-07T14:17:45.228255219Z[0m [36m[INFO] TRADER-001.BacktestEngine: =================================================================[0m
[1m2026-08-07T14:17:45.228255377Z[0m [36m[INFO] TRADER-001.BacktestEngine:  IDENTIFIERS[0m
[1m2026-08-07T14:17:45.228255548Z[0m [36m[INFO] TRADER-001.BacktestEngine: =================================================================[0m
[1m2026-08-07T14:17:45.228256733Z[0m [INFO] TRADER-001.BacktestEngine: trader_id: TRADER-001[0m
[1m2026-08-07T14:17:45.228258069Z[0m [INFO] TRADER-001.BacktestEngine: machine_id: bd26c9bf68b9[0m
[1m2026-08-07T14:17:45.228259341Z[0m [INFO] TRADER-001.BacktestEngine: instance_id: 4b4269d2-99f3-4350-afcf-92742e0ef700[0m
[1m2026-08-07T14:17:45.228259652Z[0m [INFO] TRADER-001.BacktestEngine: PID: 209[0m
[1m2026-08-07T14:17:45.228259808Z[0m [36m[INFO] TRADER-001.BacktestEngine: =================================================================[0m
[1m2026-08-07T14:17:45.228259948Z[0m [36m[INFO] TRADER-001.BacktestEngine:  VERSIONING[0m
[1m2026-08-07T14:17:45.228260087Z[0m [36m[INFO] TRADER-001.BacktestEngine: =================================================================[0m
[1m2026-08-07T14:17:45.228276052Z[0m [INFO] TRADER-001.BacktestEngine: nautilus_trader: 1.230.0[0m
[1m2026-08-07T14:17:45.228283203Z[0m [INFO] TRADER-001.BacktestEngine: python: 3.13.5[0m
[1m2026-08-07T14:17:45.228287155Z[0m [INFO] TRADER-001.BacktestEngine: numpy: 2.5.1[0m
[1m2026-08-07T14:17:45.228291106Z[0m [INFO] TRADER-001.BacktestEngine: pandas: 3.0.5[0m
[1m2026-08-07T14:17:45.228293707Z[0m [INFO] TRADER-001.BacktestEngine: msgspec: 0.21.1[0m
[1m2026-08-07T14:17:45.228297384Z[0m [INFO] TRADER-001.BacktestEngine: pyarrow: 25.0.0[0m
[1m2026-08-07T14:17:45.228300538Z[0m [INFO] TRADER-001.BacktestEngine: pytz: 2026.3.post1[0m
[1m2026-08-07T14:17:45.228303154Z[0m [INFO] TRADER-001.BacktestEngine: uvloop: 0.22.1[0m
[1m2026-08-07T14:17:45.228305109Z[0m [36m[INFO] TRADER-001.BacktestEngine: =================================================================[0m
[1m2026-08-07T14:17:45.228307111Z[0m [INFO] TRADER-001.nautilus_system::kernel: Building system kernel[0m
[1m2026-08-07T14:17:45.228723619Z[0m [INFO] TRADER-001.nautilus_backtest::engine: Adding exchange BINANCE to engine[0m
[1m2026-08-07T14:17:45.228768295Z[0m [INFO] TRADER-001.nautilus_backtest::exchange: Added instrument BTCUSDT-PERP.BINANCE and created matching engine[0m
[1m2026-08-07T14:17:45.228805623Z[0m [INFO] TRADER-001.nautilus_backtest::engine: Added instrument BTCUSDT-PERP.BINANCE to exchange BINANCE[0m
[1m2026-08-07T14:17:45.243840881Z[0m [INFO] TRADER-001.nautilus_backtest::engine: Added 62136 data elements to BacktestEngine (62136 total)[0m
[1m2026-08-07T14:17:45.256926522Z[0m [INFO] TRADER-001.nautilus_backtest::engine: Added 62136 data elements to BacktestEngine (124272 total)[0m
[1m2026-08-07T14:17:45.259413805Z[0m [INFO] TRADER-001.nautilus_backtest::engine: Added 10356 data elements to BacktestEngine (134628 total)[0m
[1m2026-08-07T14:17:45.259442941Z[0m [INFO] TRADER-001.nautilus_backtest::engine: Added 22 data elements to BacktestEngine (134650 total)[0m
[1m2026-08-07T14:17:45.259448219Z[0m [INFO] TRADER-001.nautilus_backtest::engine: Data sort requested (iterator merges streams by replay timestamp)[0m
[1m2026-08-07T14:17:45.259506091Z[0m [INFO] TRADER-001.DataActor-140720438337960: Ready[0m
[1m2026-08-07T14:17:45.259613640Z[0m [INFO] TRADER-001.nautilus_backtest::python::engine: Registered Python strategy DataActor-140720438337960[0m
[1m2026-08-07T14:17:45.259657414Z[0m [INFO] TRADER-001.nautilus_portfolio::portfolio: Updated AccountState(account_id=BINANCE-001, account_type=MARGIN, base_currency=USDT, is_reported=true, balances=[AccountBalance(total=100000.00000000 USDT, locked=0.00000000 USDT, free=100000.00000000 USDT)], margins=[], event_id=3484218f-b0fb-427c-9761-3317e74f3660)[0m
[1m2023-10-14T23:25:10.000000000Z[0m [INFO] TRADER-001.nautilus_system::kernel: Starting[0m
[1m2023-10-14T23:25:10.000000000Z[0m [INFO] TRADER-001.nautilus_backtest::execution_client: Backtest execution client started[0m
[1m2023-10-14T23:25:10.000000000Z[0m [INFO] TRADER-001.nautilus_execution::engine: Started[0m
[1m2023-10-14T23:25:10.000000000Z[0m [INFO] TRADER-001.nautilus_risk::engine: Started[0m
[1m2023-10-14T23:25:10.000000000Z[0m [INFO] TRADER-001.nautilus_system::kernel: Initializing trader[0m
[1m2023-10-14T23:25:10.000000000Z[0m [INFO] TRADER-001.nautilus_system::kernel: Started[0m
[1m2023-10-14T23:25:10.000000000Z[0m [INFO] TRADER-001.nautilus_system::kernel: Starting trader...[0m
[1m2023-10-14T23:25:10.000000000Z[0m [INFO] TRADER-001.nautilus_execution::order_emulator::emulator: Started[0m
[1m2023-10-14T23:25:10.000000000Z[0m [INFO] TRADER-001.nautilus_system::trader: Starting[0m
[1m2023-10-14T23:25:10.000000000Z[0m [INFO] TRADER-001.DataActor-140720438337960: Starting[0m
[1m2023-10-14T23:25:10.000000000Z[0m [INFO] TRADER-001.nautilus_trading::strategy: Starting DataActor-140720438337960[0m
[1m2023-10-14T23:25:10.000000000Z[0m [INFO] TRADER-001.nautilus_common::actor::data_actor: [CMD]--> Subscribe(Bars(SubscribeBars { bar_type: Standard { instrument_id: "BTCUSDT-PERP.BINANCE", spec: BarSpecification { step: 10, aggregation: Second, price_type: Last }, aggregation_source: External }, client_id: None, venue: Some("BINANCE"), command_id: UUID4(deda7603-3b57-4417-b0a6-93553fcba349), ts_init: UnixNanos(1697325910000000000), correlation_id: None, params: None }))[0m
[1m2023-10-14T23:25:10.000000000Z[0m [INFO] TRADER-001.nautilus_common::actor::data_actor: [CMD]--> Subscribe(Quotes(SubscribeQuotes { instrument_id: "BTCUSDT-PERP.BINANCE", client_id: None, venue: Some("BINANCE"), command_id: UUID4(1ff71be1-c734-4697-9602-bdd7a7898fb8), ts_init: UnixNanos(1697325910000000000), correlation_id: None, params: None }))[0m
[1m2023-10-14T23:25:10.000000000Z[0m [INFO] TRADER-001.DataActor-140720438337960: Running[0m
[1m2023-10-14T23:25:10.000000000Z[0m [INFO] TRADER-001.nautilus_system::trader: Running[0m
[1m2023-10-14T23:25:10.000000000Z[0m [INFO] TRADER-001.nautilus_system::kernel: Trader started[0m
[1m2023-10-14T23:25:10.000000000Z[0m [36m[INFO] TRADER-001.nautilus_backtest::engine: =================================================================[0m
[1m2023-10-14T23:25:10.000000000Z[0m [36m[INFO] TRADER-001.nautilus_backtest::engine:  BACKTEST PRE-RUN[0m
[1m2023-10-14T23:25:10.000000000Z[0m [36m[INFO] TRADER-001.nautilus_backtest::engine: =================================================================[0m
[1m2023-10-14T23:25:10.000000000Z[0m [36m[INFO] TRADER-001.nautilus_backtest::engine: =================================================================[0m
[1m2023-10-14T23:25:10.000000000Z[0m [INFO] TRADER-001.nautilus_backtest::engine:  SimulatedVenue BINANCE (MARGIN)[0m
[1m2023-10-14T23:25:10.000000000Z[0m [36m[INFO] TRADER-001.nautilus_backtest::engine: -----------------------------------------------------------------[0m
[1m2023-10-14T23:25:10.000000000Z[0m [INFO] TRADER-001.nautilus_backtest::engine: Balances starting:[0m
[1m2023-10-14T23:25:10.000000000Z[0m [INFO] TRADER-001.nautilus_backtest::engine:   100000.00000000 USDT[0m
[1m2023-10-14T23:25:10.000000000Z[0m [36m[INFO] TRADER-001.nautilus_backtest::engine: -----------------------------------------------------------------[0m
[1m2023-10-14T23:25:10.000000000Z[0m [36m[INFO] TRADER-001.nautilus_backtest::engine: =================================================================[0m
[1m2023-10-14T23:25:10.000000000Z[0m [36m[INFO] TRADER-001.nautilus_backtest::engine:  BACKTEST RUN[0m
[1m2023-10-14T23:25:10.000000000Z[0m [36m[INFO] TRADER-001.nautilus_backtest::engine: =================================================================[0m
[1m2023-10-14T23:25:10.000000000Z[0m [INFO] TRADER-001.nautilus_backtest::engine: Run config ID:  None[0m
[1m2023-10-14T23:25:10.000000000Z[0m [INFO] TRADER-001.nautilus_backtest::engine: Run ID:         3eb7e61e-1b0f-46d9-8153-d8892dd48d2d[0m
[1m2023-10-14T23:25:10.000000000Z[0m [INFO] TRADER-001.nautilus_backtest::engine: Backtest start: 2023-10-14T23:25:10.000000000Z[0m
[1m2023-10-14T23:25:10.000000000Z[0m [INFO] TRADER-001.nautilus_backtest::engine: Data elements:  134650[0m
[1m2023-10-14T23:25:10.000000000Z[0m [36m[INFO] TRADER-001.nautilus_backtest::engine: -----------------------------------------------------------------[0m
[1m2023-10-14T23:25:10.000000000Z[0m [94m[INFO] TRADER-001.nautilus_data::client: Subscribed BTCUSDT-PERP.BINANCE-10-SECOND-LAST-EXTERNAL bars[0m
[1m2023-10-14T23:25:10.000000000Z[0m [94m[INFO] TRADER-001.nautilus_data::client: Subscribed BTCUSDT-PERP.BINANCE quotes[0m
[1m2023-10-22T04:01:00.000000001Z[0m [INFO] TRADER-001.nautilus_system::kernel: Stopping trader...[0m
[1m2023-10-22T04:01:00.000000001Z[0m [INFO] TRADER-001.nautilus_system::trader: Stopping[0m
[1m2023-10-22T04:01:00.000000001Z[0m [INFO] TRADER-001.DataActor-140720438337960: Stopping[0m
[1m2023-10-22T04:01:00.000000001Z[0m [INFO] TRADER-001.nautilus_trading::strategy: No BTCUSDT-PERP.BINANCE open, emulated, or inflight orders to cancel[0m
[1m2023-10-22T04:01:00.000000001Z[0m [INFO] TRADER-001.DataActor-140720438337960: Stopped[0m
[1m2023-10-22T04:01:00.000000001Z[0m [INFO] TRADER-001.nautilus_system::trader: Stopped[0m
[1m2023-10-22T04:01:00.000000001Z[0m [INFO] TRADER-001.nautilus_risk::engine: Stopped[0m
[1m2023-10-22T04:01:00.000000001Z[0m [INFO] TRADER-001.nautilus_backtest::execution_client: Backtest execution client stopped[0m
[1m2023-10-22T04:01:00.000000001Z[0m [INFO] TRADER-001.nautilus_execution::engine: Stopped[0m
[1m2026-08-07T14:17:45.789623412Z[0m [36m[INFO] TRADER-001.nautilus_backtest::engine: =================================================================[0m
[1m2026-08-07T14:17:45.789624135Z[0m [36m[INFO] TRADER-001.nautilus_backtest::engine:  BACKTEST POST-RUN[0m
[1m2026-08-07T14:17:45.789624355Z[0m [36m[INFO] TRADER-001.nautilus_backtest::engine: =================================================================[0m
[1m2026-08-07T14:17:45.789624498Z[0m [INFO] TRADER-001.nautilus_backtest::engine: Run config ID:  None[0m
[1m2026-08-07T14:17:45.789625225Z[0m [INFO] TRADER-001.nautilus_backtest::engine: Run ID:         3eb7e61e-1b0f-46d9-8153-d8892dd48d2d[0m
[1m2026-08-07T14:17:45.789625895Z[0m [INFO] TRADER-001.nautilus_backtest::engine: Run started:    2026-08-07T14:17:45.259632965Z[0m
[1m2026-08-07T14:17:45.789626295Z[0m [INFO] TRADER-001.nautilus_backtest::engine: Run finished:   2026-08-07T14:17:45.789612828Z[0m
[1m2026-08-07T14:17:45.789627229Z[0m [INFO] TRADER-001.nautilus_backtest::engine: Elapsed time:   0 days 00:00:00.529979[0m
[1m2026-08-07T14:17:45.789627574Z[0m [INFO] TRADER-001.nautilus_backtest::engine: Backtest start: 2023-10-14T23:25:10.000000000Z[0m
[1m2026-08-07T14:17:45.789628093Z[0m [INFO] TRADER-001.nautilus_backtest::engine: Backtest end:   2023-10-22T04:01:00.000000001Z[0m
[1m2026-08-07T14:17:45.789629207Z[0m [INFO] TRADER-001.nautilus_backtest::engine: Backtest range: 7 days 04:35:50.000000[0m
[1m2026-08-07T14:17:45.789629696Z[0m [INFO] TRADER-001.nautilus_backtest::engine: Iterations: 134_650[0m
[1m2026-08-07T14:17:45.789630197Z[0m [INFO] TRADER-001.nautilus_backtest::engine: Total events: 0[0m
[1m2026-08-07T14:17:45.789630727Z[0m [INFO] TRADER-001.nautilus_backtest::engine: Total orders: 0[0m
[1m2026-08-07T14:17:45.789631684Z[0m [INFO] TRADER-001.nautilus_backtest::engine: Total positions: 0[0m
[1m2026-08-07T14:17:45.789662117Z[0m [36m[INFO] TRADER-001.nautilus_backtest::engine: =================================================================[0m
[1m2026-08-07T14:17:45.789664183Z[0m [36m[INFO] TRADER-001.nautilus_backtest::engine:  PORTFOLIO PERFORMANCE[0m
[1m2026-08-07T14:17:45.789664606Z[0m [36m[INFO] TRADER-001.nautilus_backtest::engine: =================================================================[0m
[1m2026-08-07T14:17:45.789665298Z[0m [INFO] TRADER-001.nautilus_backtest::engine:  PnL Statistics (USDT)[0m
[1m2026-08-07T14:17:45.789665974Z[0m [36m[INFO] TRADER-001.nautilus_backtest::engine: -----------------------------------------------------------------[0m
[1m2026-08-07T14:17:45.789672965Z[0m [INFO] TRADER-001.nautilus_backtest::engine: PnL (total):                    0.00[0m
[1m2026-08-07T14:17:45.789673356Z[0m [INFO] TRADER-001.nautilus_backtest::engine: PnL% (total):                   0.00[0m
[1m2026-08-07T14:17:45.789673659Z[0m [36m[INFO] TRADER-001.nautilus_backtest::engine: -----------------------------------------------------------------[0m
[1m2026-08-07T14:17:45.789674038Z[0m [INFO] TRADER-001.nautilus_backtest::engine:  Returns Statistics[0m
[1m2026-08-07T14:17:45.789674292Z[0m [36m[INFO] TRADER-001.nautilus_backtest::engine: -----------------------------------------------------------------[0m
[1m2026-08-07T14:17:45.789686706Z[0m [INFO] TRADER-001.nautilus_backtest::engine: Average (Return):               NaN[0m
[1m2026-08-07T14:17:45.789689751Z[0m [INFO] TRADER-001.nautilus_backtest::engine: Average Loss (Return):          NaN[0m
[1m2026-08-07T14:17:45.789689930Z[0m [INFO] TRADER-001.nautilus_backtest::engine: Average Win (Return):           NaN[0m
[1m2026-08-07T14:17:45.789690172Z[0m [INFO] TRADER-001.nautilus_backtest::engine: Profit Factor:                  NaN[0m
[1m2026-08-07T14:17:45.789690310Z[0m [INFO] TRADER-001.nautilus_backtest::engine: Returns Volatility (252 days):  NaN[0m
[1m2026-08-07T14:17:45.789690754Z[0m [INFO] TRADER-001.nautilus_backtest::engine: Risk Return Ratio:              NaN[0m
[1m2026-08-07T14:17:45.789691072Z[0m [INFO] TRADER-001.nautilus_backtest::engine: Sharpe Ratio (252 days):        NaN[0m
[1m2026-08-07T14:17:45.789691299Z[0m [INFO] TRADER-001.nautilus_backtest::engine: Sortino Ratio (252 days):       NaN[0m
[1m2026-08-07T14:17:45.789691976Z[0m [36m[INFO] TRADER-001.nautilus_backtest::engine: -----------------------------------------------------------------[0m
[1m2026-08-07T14:17:45.789692283Z[0m [INFO] TRADER-001.nautilus_backtest::engine:  General Statistics[0m
[1m2026-08-07T14:17:45.789692445Z[0m [36m[INFO] TRADER-001.nautilus_backtest::engine: -----------------------------------------------------------------[0m
[1m2026-08-07T14:17:45.789693801Z[0m [36m[INFO] TRADER-001.nautilus_backtest::engine: -----------------------------------------------------------------[0m
[1m2026-08-07T14:17:45.849058628Z[0m [INFO] TRADER-001.nautilus_system::kernel: Disposing[0m
[1m2026-08-07T14:17:45.849073149Z[0m [INFO] TRADER-001.nautilus_system::trader: Disposing[0m
[1m2026-08-07T14:17:45.849077708Z[0m [INFO] TRADER-001.DataActor-140720438337960: Disposing[0m
[1m2026-08-07T14:17:45.849085616Z[0m [INFO] TRADER-001.DataActor-140720438337960: Disposed[0m
[1m2026-08-07T14:17:45.849092173Z[0m [INFO] TRADER-001.nautilus_system::trader: Disposed[0m
[1m2026-08-07T14:17:45.849094864Z[0m [INFO] TRADER-001.nautilus_backtest::execution_client: Backtest execution client stopped[0m
[1m2026-08-07T14:17:45.849097308Z[0m [INFO] TRADER-001.nautilus_execution::engine: Stopped[0m
[1m2026-08-07T14:17:45.849098805Z[0m [INFO] TRADER-001.nautilus_risk::engine: Stopped[0m
[1m2026-08-07T14:17:45.849101515Z[0m [INFO] TRADER-001.nautilus_execution::order_emulator::emulator: Stopped[0m
[1m2026-08-07T14:17:45.849126932Z[0m [INFO] TRADER-001.nautilus_execution::engine: Disposed[0m
[1m2026-08-07T14:17:45.849127513Z[0m [INFO] TRADER-001.nautilus_risk::engine: Disposed[0m
[1m2026-08-07T14:17:45.849129410Z[0m [INFO] TRADER-001.nautilus_execution::order_emulator::emulator: Disposed[0m
[1m2026-08-07T14:17:45.849136461Z[0m [INFO] TRADER-001.nautilus_common::cache: Reset cache[0m
[1m2026-08-07T14:17:45.849149402Z[0m [INFO] TRADER-001.nautilus_system::kernel: Disposed[0m
{"closed_trades": 0, "daily_geometric_growth": 0.0, "final_nav_usdt": 100000.0, "first_window_gate_passed": false, "signals": 0, "window": "frozen-week-01", "wins": 0}
{
  "ablation": "none",
  "ablation_modes": [
    "none"
  ],
  "auction_family_mode": "both",
  "candidate": "candidate-08-external-sweep-mss-fvg-leg-v2",
  "close_reasons": {},
  "closed_trades": 0,
  "combined_calendar_days": 7.0,
  "combined_daily_geometric_growth": 0.0,
  "data_revision": "BINANCE_USDM_BOOKTICKER_COMPLETED_10S_V3_NATIVE_L1_SOURCE_TIME",
  "diagnostic_family_ablation": false,
  "diagnostic_only_ablation": false,
  "execution_adapter_revision": "QUOTE_RESILIENCY_NATIVE_EXECUTION_LABELS_V3_QUOTE_CALLBACK_EXACT_FILL",
  "feature_revision": "CAUSAL_QUOTE_RESILIENCY_FEATURES_V4_NATIVE_L1_SOURCE_TIME",
  "goal_daily_geometric_growth": 0.01,
  "goal_met": false,
  "implementation_revision": "CAUSAL_EXTERNAL_SWEEP_MSS_FVG_LEG_RETRACE_REACCELERATION_V2",
  "native_quote_revision": "CHECKSUM_BOOKTICKER_COMPLETION_QUOTE_TICK_V2_EXACT_SOURCE_TIME",
  "positive_trade_share": 0.0,
  "promotable": true,
  "realized_pnl_by_symbol": {},
  "risk_accounting_revision": "FILL_ADJUSTED_CAUSAL_STOP_RESERVE_V4_NEXT_COMPLETED_BAR_EXIT",
  "runner_revision": "EXTERNAL_SWEEP_FVG_LEG_NATIVE_NAUTILUS_ADAPTER_V2",
  "scenario_attribution_checks": {
    "all_closed_trades_attributed": true,
    "all_signals_attributed": true,
    "closed_trades_attributed": 0,
    "no_unclassified_closed_trades": true,
    "no_unclassified_signals": true,
    "reported_closed_trades": 0,
    "reported_signals": 0,
    "signals_attributed": 0
  },
  "scenario_attribution_passed": true,
  "scenario_contract": "COMPLETED_EXTERNAL_SWEEP_THEN_MULTI_MINUTE_INTERNAL_MSS_FVG_DISPLACEMENT_LEG_THEN_LOWER_OPPOSING_ENERGY_FVG_RETRACE_LEG_THEN_SEPARATE_REACCELERATION_WITH_NATIVE_L1_ENTRY",
  "scenario_family": "EXTERNAL_SWEEP_MSS_FVG_LEG_RETRACE_REACCELERATION",
  "scenario_family_results": {
    "EXTERNAL_SWEEP_MSS_FVG_LEG_RETRACE_REACCELERATION": {
      "close_reasons": {},
      "closed_trades": 0,
      "closed_trades_by_symbol": {},
      "losses": 0,
      "realized_pnl_usdt": 0.0,
      "signals": 0,
      "win_rate": 0.0,
      "wins": 0
    },
    "UNUSED_EXTERNAL_SWEEP_LEG_FAMILY": {
      "close_reasons": {},
      "closed_trades": 0,
      "closed_trades_by_symbol": {},
      "losses": 0,
      "realized_pnl_usdt": 0.0,
      "signals": 0,
      "win_rate": 0.0,
      "wins": 0
    }
  },
  "single_asset_positive_pnl_share": 0.0,
  "single_trade_positive_pnl_share": 0.0,
  "suite": "first",
  "suite_gate_checks": {
    "all_signal_times_processed": true,
    "all_submitted_entries_observed": true,
    "base_contract_includes_both_auction_families": true,
    "base_contract_not_ablated": true,
    "closed_trades_matched_to_intents": true,
    "complete_auction_scenario_attribution": true,
    "complete_post_run_trade_path_diagnostics": true,
    "cost_after_total_return_positive": false,
    "entry_causality": true,
    "fill_adjusted_risk_budget_respected": true,
    "funding_cost_state_is_causal_and_complete": true,
    "minimum_closed_trades": false,
    "no_execution_failures": true,
    "no_residual_exposure": true,
    "no_unexpected_or_liquidation_closes": true,
    "planned_risk_budget_respected": true,
    "position_exit_causality": true,
    "realized_loss_budget_respected": true,
    "single_external_sweep_leg_family_enabled": true
  },
  "suite_gate_passed": false,
  "symbols_with_closed_trades": [],
  "ten_second_cadence_contract": "EXACT_CONSECUTIVE_COMPLETED_10_SECONDS",
  "trade_path_diagnostic_revision": "POST_RUN_STRUCTURAL_PATH_COMPLETE_HORIZON_V2",
  "trade_path_diagnostic_summary": {
    "actual_holding_first_touch_counts": {},
    "allowed_structural_first_touch_values": [
      "TARGET",
      "STOP",
      "AMBIGUOUS_SAME_BUCKET",
      "NONE_WITHIN_HORIZON"
    ],
    "complete_records": 0,
    "diagnostic_revision_counts": {
      "POST_RUN_STRUCTURAL_PATH_COMPLETE_HORIZON_V2": 0
    },
    "expected_diagnostic_revision": "POST_RUN_STRUCTURAL_PATH_COMPLETE_HORIZON_V2",
    "mean_actual_holding_adverse_stop_fraction": 0.0,
    "mean_actual_holding_favorable_target_fraction": 0.0,
    "records": 0,
    "status_counts": {},
    "structural_first_touch_counts": {},
    "target_after_actual_close_count": 0,
    "target_after_invalidation_count": 0
  },
  "window_results": [
    {
      "closed_trades": 0,
      "daily_geometric_growth": 0.0,
      "final_nav_usdt": 100000.0,
      "first_window_gate_passed": false,
      "maximum_realized_equity_drawdown": 0.0,
      "name": "frozen-week-01",
      "total_return": 0.0,
      "win_rate": 0.0,
      "wins": 0
    }
  ],
  "windows": [
    {
      "end": "2023-10-22T00:00:00Z",
      "name": "frozen-week-01",
      "start": "2023-10-15T00:00:00Z"
    }
  ],
  "wins": 0
}
{
  "candidate": "candidate-08-external-sweep-mss-fvg-leg-v2",
  "closed_trades": 0,
  "daily_geometric_growth": 0.0,
  "decision": "DIAGNOSE_OR_REJECT_ON_FIXED_FIRST_WEEK",
  "first_window_gate_passed": false,
  "positive_trade_share": 0.0,
  "signals": 0,
  "suite_gate_passed": false,
  "total_return": 0.0,
  "window": "frozen-week-01",
  "wins": 0
}
