{
  "TOP_HOUR_CONTRACTED_RETRACE": {
    "1.2r_15m": {
      "STOP": 5,
      "TARGET": 6,
      "TIMEOUT": 2
    },
    "1.2r_30m": {
      "STOP": 6,
      "TARGET": 6,
      "TIMEOUT": 1
    },
    "1.2r_45m": {
      "STOP": 6,
      "TARGET": 7
    },
    "1.2r_60m": {
      "STOP": 6,
      "TARGET": 7
    },
    "1.5r_15m": {
      "STOP": 6,
      "TARGET": 5,
      "TIMEOUT": 2
    },
    "1.5r_30m": {
      "STOP": 7,
      "TARGET": 5,
      "TIMEOUT": 1
    },
    "1.5r_45m": {
      "STOP": 7,
      "TARGET": 6
    },
    "1.5r_60m": {
      "STOP": 7,
      "TARGET": 6
    },
    "2.0r_15m": {
      "STOP": 6,
      "TARGET": 2,
      "TIMEOUT": 5
    },
    "2.0r_30m": {
      "STOP": 7,
      "TARGET": 5,
      "TIMEOUT": 1
    },
    "2.0r_45m": {
      "STOP": 7,
      "TARGET": 5,
      "TIMEOUT": 1
    },
    "2.0r_60m": {
      "STOP": 7,
      "TARGET": 6
    },
    "events": 13,
    "external_target_60m": {
      "FAILED_COST_AFTER_GEOMETRY": 3,
      "STOP": 6,
      "TARGET": 2,
      "TIMEOUT": 2
    },
    "horizon_15m": {
      "mean_net_return": -0.0006145194385864916,
      "median_net_mae_r": 0.9471509868916844,
      "median_net_mfe_r": -0.07874655580707678,
      "median_net_return": -0.0012836296693846375,
      "positive_share": 0.23076923076923078
    },
    "horizon_30m": {
      "mean_net_return": 2.083122615842149e-05,
      "median_net_mae_r": 1.217668090579679,
      "median_net_mfe_r": 0.33719981144438194,
      "median_net_return": 0.0004050585454458381,
      "positive_share": 0.5384615384615384
    },
    "horizon_45m": {
      "mean_net_return": -0.00034826196225756637,
      "median_net_mae_r": 1.3907413396235973,
      "median_net_mfe_r": 0.5917896777311384,
      "median_net_return": -0.00020309056161856904,
      "positive_share": 0.46153846153846156
    },
    "horizon_60m": {
      "mean_net_return": 7.185952657429496e-05,
      "median_net_mae_r": 1.3947692233841982,
      "median_net_mfe_r": 0.5917896777311384,
      "median_net_return": -0.0006119573302612525,
      "positive_share": 0.46153846153846156
    },
    "median_external_target_net_rr": 1.9613752054808693,
    "median_minutes_burst_to_entry": 5.0
  },
  "TOP_HOUR_INTENSE_CONTRACTED_RETRACE": {
    "1.2r_15m": {
      "STOP": 3,
      "TARGET": 4,
      "TIMEOUT": 1
    },
    "1.2r_30m": {
      "STOP": 3,
      "TARGET": 4,
      "TIMEOUT": 1
    },
    "1.2r_45m": {
      "STOP": 3,
      "TARGET": 5
    },
    "1.2r_60m": {
      "STOP": 3,
      "TARGET": 5
    },
    "1.5r_15m": {
      "STOP": 4,
      "TARGET": 3,
      "TIMEOUT": 1
    },
    "1.5r_30m": {
      "STOP": 4,
      "TARGET": 3,
      "TIMEOUT": 1
    },
    "1.5r_45m": {
      "STOP": 4,
      "TARGET": 4
    },
    "1.5r_60m": {
      "STOP": 4,
      "TARGET": 4
    },
    "2.0r_15m": {
      "STOP": 4,
      "TARGET": 2,
      "TIMEOUT": 2
    },
    "2.0r_30m": {
      "STOP": 4,
      "TARGET": 3,
      "TIMEOUT": 1
    },
    "2.0r_45m": {
      "STOP": 4,
      "TARGET": 3,
      "TIMEOUT": 1
    },
    "2.0r_60m": {
      "STOP": 4,
      "TARGET": 4
    },
    "events": 8,
    "external_target_60m": {
      "FAILED_COST_AFTER_GEOMETRY": 2,
      "STOP": 3,
      "TARGET": 2,
      "TIMEOUT": 1
    },
    "horizon_15m": {
      "mean_net_return": -0.0004319577312267704,
      "median_net_mae_r": 1.1689461632576408,
      "median_net_mfe_r": 0.022695993068425083,
      "median_net_return": -0.0014391007707678027,
      "positive_share": 0.25
    },
    "horizon_30m": {
      "mean_net_return": 0.0006106599165222159,
      "median_net_mae_r": 1.1689461632576408,
      "median_net_mfe_r": 0.48610960044345425,
      "median_net_return": 0.0005159970192303248,
      "positive_share": 0.75
    },
    "horizon_45m": {
      "mean_net_return": 0.0002506688312013855,
      "median_net_mae_r": 1.1689461632576408,
      "median_net_mfe_r": 0.6478789572811074,
      "median_net_return": 0.0006569431246952842,
      "positive_share": 0.5
    },
    "horizon_60m": {
      "mean_net_return": 0.0013495025473582894,
      "median_net_mae_r": 1.2481437763606174,
      "median_net_mfe_r": 0.6735404928541097,
      "median_net_return": -0.00020674063930861138,
      "positive_share": 0.5
    },
    "median_external_target_net_rr": 1.8297341818791948,
    "median_minutes_burst_to_entry": 4.5
  },
  "TOP_HOUR_SESSION_ALIGNED_RETRACE": {
    "1.2r_15m": {
      "STOP": 1,
      "TARGET": 2,
      "TIMEOUT": 1
    },
    "1.2r_30m": {
      "STOP": 1,
      "TARGET": 2,
      "TIMEOUT": 1
    },
    "1.2r_45m": {
      "STOP": 1,
      "TARGET": 3
    },
    "1.2r_60m": {
      "STOP": 1,
      "TARGET": 3
    },
    "1.5r_15m": {
      "STOP": 1,
      "TARGET": 2,
      "TIMEOUT": 1
    },
    "1.5r_30m": {
      "STOP": 1,
      "TARGET": 2,
      "TIMEOUT": 1
    },
    "1.5r_45m": {
      "STOP": 1,
      "TARGET": 3
    },
    "1.5r_60m": {
      "STOP": 1,
      "TARGET": 3
    },
    "2.0r_15m": {
      "STOP": 1,
      "TARGET": 2,
      "TIMEOUT": 1
    },
    "2.0r_30m": {
      "STOP": 1,
      "TARGET": 2,
      "TIMEOUT": 1
    },
    "2.0r_45m": {
      "STOP": 1,
      "TARGET": 2,
      "TIMEOUT": 1
    },
    "2.0r_60m": {
      "STOP": 1,
      "TARGET": 3
    },
    "events": 4,
    "external_target_60m": {
      "FAILED_COST_AFTER_GEOMETRY": 1,
      "STOP": 1,
      "TARGET": 1,
      "TIMEOUT": 1
    },
    "horizon_15m": {
      "mean_net_return": 0.0008814106014485919,
      "median_net_mae_r": 0.6670275105370111,
      "median_net_mfe_r": 0.6606183150126832,
      "median_net_return": 0.0005652742381811724,
      "positive_share": 0.5
    },
    "horizon_30m": {
      "mean_net_return": 0.00027363386884628096,
      "median_net_mae_r": 0.6670275105370111,
      "median_net_mfe_r": 0.8962366297408971,
      "median_net_return": 0.0006495005302805706,
      "positive_share": 0.75
    },
    "horizon_45m": {
      "mean_net_return": 0.0016256376449063394,
      "median_net_mae_r": 0.6670275105370111,
      "median_net_mfe_r": 1.0796208424342444,
      "median_net_return": 0.0022994365628693824,
      "positive_share": 0.75
    },
    "horizon_60m": {
      "mean_net_return": 0.004921090544700563,
      "median_net_mae_r": 0.6670275105370111,
      "median_net_mfe_r": 1.1052823780072467,
      "median_net_return": 0.002169943121348615,
      "positive_share": 1.0
    },
    "median_external_target_net_rr": 2.048077475081776,
    "median_minutes_burst_to_entry": 5.5
  },
  "TOP_HOUR_SESSION_BREAK_RETEST": {
    "1.2r_15m": {
      "TIMEOUT": 1
    },
    "1.2r_30m": {
      "STOP": 1
    },
    "1.2r_45m": {
      "STOP": 1
    },
    "1.2r_60m": {
      "STOP": 1
    },
    "1.5r_15m": {
      "TIMEOUT": 1
    },
    "1.5r_30m": {
      "STOP": 1
    },
    "1.5r_45m": {
      "STOP": 1
    },
    "1.5r_60m": {
      "STOP": 1
    },
    "2.0r_15m": {
      "TIMEOUT": 1
    },
    "2.0r_30m": {
      "STOP": 1
    },
    "2.0r_45m": {
      "STOP": 1
    },
    "2.0r_60m": {
      "STOP": 1
    },
    "events": 1,
    "external_target_60m": {
      "FAILED_COST_AFTER_GEOMETRY": 1
    },
    "horizon_15m": {
      "mean_net_return": -0.002644902376775951,
      "median_net_mae_r": 0.8186772087990745,
      "median_net_mfe_r": -0.07874655580707678,
      "median_net_return": -0.002644902376775951,
      "positive_share": 0.0
    },
    "horizon_30m": {
      "mean_net_return": -0.0024916985570155137,
      "median_net_mae_r": 1.217668090579679,
      "median_net_mfe_r": -0.07874655580707678,
      "median_net_return": -0.0024916985570155137,
      "positive_share": 0.0
    },
    "horizon_45m": {
      "mean_net_return": -0.003048977451394216,
      "median_net_mae_r": 1.217668090579679,
      "median_net_mfe_r": -0.07874655580707678,
      "median_net_return": -0.003048977451394216,
      "positive_share": 0.0
    },
    "horizon_60m": {
      "mean_net_return": -0.006577452925251786,
      "median_net_mae_r": 2.141771048677208,
      "median_net_mfe_r": -0.07874655580707678,
      "median_net_return": -0.006577452925251786,
      "positive_share": 0.0
    },
    "median_external_target_net_rr": -0.75045978698796,
    "median_minutes_burst_to_entry": 7.0
  }
}
