[OK] python: 3.13.5 (need 3.13.x)
[OK] nautilus_trader: 1.230.0 (need 1.230.0)
[OK] glibc: 2.36 (need >= 2.35)
test_complete_previous_day_profile_is_volume_weighted_and_causal (__main__.SessionValueMigrationSignalTests.test_complete_previous_day_profile_is_volume_weighted_and_causal) ... ok
test_future_suffix_does_not_change_existing_signal (__main__.SessionValueMigrationSignalTests.test_future_suffix_does_not_change_existing_signal) ... ok
test_second_close_without_session_vwap_migration_is_rejected (__main__.SessionValueMigrationSignalTests.test_second_close_without_session_vwap_migration_is_rejected) ... ok
test_two_m15_closes_session_vwap_migration_and_separate_retest_emit (__main__.SessionValueMigrationSignalTests.test_two_m15_closes_session_vwap_migration_and_separate_retest_emit) ... ok

----------------------------------------------------------------------
Ran 4 tests in 0.565s

OK
test_cost_adjustment_is_idempotent (__main__.SessionRaidReversalExecutionV2Tests.test_cost_adjustment_is_idempotent) ... ok
test_legacy_single_event_becomes_three_causal_events (__main__.SessionRaidReversalExecutionV2Tests.test_legacy_single_event_becomes_three_causal_events) ... ok
test_missing_bar_crossing_tick_is_added_before_sizing (__main__.SessionRaidReversalExecutionV2Tests.test_missing_bar_crossing_tick_is_added_before_sizing) ... ok
test_noncausal_lifecycle_is_rejected (__main__.SessionRaidReversalExecutionV2Tests.test_noncausal_lifecycle_is_rejected) ... ok
test_nonpositive_tick_is_rejected (__main__.SessionRaidReversalExecutionV2Tests.test_nonpositive_tick_is_rejected) ... ok
test_strategy_changes_cost_only_not_risk_fraction_or_notional (__main__.SessionRaidReversalExecutionV2Tests.test_strategy_changes_cost_only_not_risk_fraction_or_notional) ... ok

----------------------------------------------------------------------
Ran 6 tests in 0.001s

OK
[1m2026-08-08T06:03:11.174639522Z[0m [36m[INFO] TRADER-001.BacktestEngine: =================================================================[0m
[1m2026-08-08T06:03:11.174657986Z[0m [36m[INFO] TRADER-001.BacktestEngine:  NAUTILUS TRADER - Automated Algorithmic Trading Platform[0m
[1m2026-08-08T06:03:11.174658537Z[0m [36m[INFO] TRADER-001.BacktestEngine:  by Nautech Systems Pty Ltd.[0m
[1m2026-08-08T06:03:11.174658727Z[0m [36m[INFO] TRADER-001.BacktestEngine:  Copyright (C) 2015-2026. All rights reserved.[0m
[1m2026-08-08T06:03:11.174658888Z[0m [36m[INFO] TRADER-001.BacktestEngine: =================================================================[0m
[1m2026-08-08T06:03:11.174659038Z[0m [INFO] TRADER-001.BacktestEngine: [0m
[1m2026-08-08T06:03:11.174659469Z[0m [INFO] TRADER-001.BacktestEngine: ⠀⠀⠀⠀⠀⠀⠀⠀⠀⠀⠀⠀⠀⣠⣴⣶⡟⠀⠀⠀⠀⠀⠀⠀⠀⠀⠀⠀⠀⠀⠀[0m
[1m2026-08-08T06:03:11.174659740Z[0m [INFO] TRADER-001.BacktestEngine: ⠀⠀⠀⠀⠀⠀⠀⠀⠀⠀⠀⣰⣾⣿⣿⣿⠀⢸⣿⣿⣿⣿⣶⣶⣤⣀⠀⠀⠀⠀⠀[0m
[1m2026-08-08T06:03:11.174659980Z[0m [INFO] TRADER-001.BacktestEngine: ⠀⠀⠀⠀⠀⠀⢀⣴⡇⢀⣾⣿⣿⣿⣿⣿⠀⣾⣿⣿⣿⣿⣿⣿⣿⠿⠓⠀⠀⠀⠀[0m
[1m2026-08-08T06:03:11.174660250Z[0m [INFO] TRADER-001.BacktestEngine: ⠀⠀⠀⠀⠀⣰⣿⣿⡀⢸⣿⣿⣿⣿⣿⣿⠀⣿⣿⣿⣿⣿⣿⠟⠁⣠⣄⠀⠀⠀⠀[0m
[1m2026-08-08T06:03:11.174660511Z[0m [INFO] TRADER-001.BacktestEngine: ⠀⠀⠀⠀⢠⣿⣿⣿⣇⠀⢿⣿⣿⣿⣿⣿⠀⢻⣿⣿⣿⡿⢃⣠⣾⣿⣿⣧⡀⠀⠀[0m
[1m2026-08-08T06:03:11.174660741Z[0m [INFO] TRADER-001.BacktestEngine: ⠀⠀⠀⠠⣾⣿⣿⣿⣿⣿⣧⠈⠋⢀⣴⣧⠀⣿⡏⢠⡀⢸⣿⣿⣿⣿⣿⣿⣿⡇⠀[0m
[1m2026-08-08T06:03:11.174660992Z[0m [INFO] TRADER-001.BacktestEngine: ⠀⠀⠀⣀⠙⢿⣿⣿⣿⣿⣿⠇⢠⣿⣿⣿⡄⠹⠃⠼⠃⠈⠉⠛⠛⠛⠛⠛⠻⠇⠀[0m
[1m2026-08-08T06:03:11.174661443Z[0m [INFO] TRADER-001.BacktestEngine: ⠀⠀⢸⡟⢠⣤⠉⠛⠿⢿⣿⠀⢸⣿⡿⠋⣠⣤⣄⠀⣾⣿⣿⣶⣶⣶⣦⡄⠀⠀⠀[0m
[1m2026-08-08T06:03:11.174662565Z[0m [INFO] TRADER-001.BacktestEngine: ⠀⠀⠸⠀⣾⠏⣸⣷⠂⣠⣤⠀⠘⢁⣴⣾⣿⣿⣿⡆⠘⣿⣿⣿⣿⣿⣿⠀⠀⠀⠀[0m
[1m2026-08-08T06:03:11.174662705Z[0m [INFO] TRADER-001.BacktestEngine: ⠀⠀⠀⠀⠛⠀⣿⡟⠀⢻⣿⡄⠸⣿⣿⣿⣿⣿⣿⣿⡀⠘⣿⣿⣿⣿⠟⠀⠀⠀⠀[0m
[1m2026-08-08T06:03:11.174662825Z[0m [INFO] TRADER-001.BacktestEngine: ⠀⠀⠀⠀⠀⠀⣿⠇⠀⠀⢻⡿⠀⠈⠻⣿⣿⣿⣿⣿⡇⠀⢹⣿⠿⠋⠀⠀⠀⠀⠀[0m
[1m2026-08-08T06:03:11.174662955Z[0m [INFO] TRADER-001.BacktestEngine: ⠀⠀⠀⠀⠀⠀⠋⠀⠀⠀⡘⠁⠀⠀⠀⠀⠀⠀⠀⠀⠀⠀⠈⠁⠀⠀⠀⠀⠀⠀⠀[0m
[1m2026-08-08T06:03:11.174663076Z[0m [INFO] TRADER-001.BacktestEngine: [0m
[1m2026-08-08T06:03:11.174663196Z[0m [36m[INFO] TRADER-001.BacktestEngine: =================================================================[0m
[1m2026-08-08T06:03:11.174663366Z[0m [36m[INFO] TRADER-001.BacktestEngine:  SYSTEM SPECIFICATION[0m
[1m2026-08-08T06:03:11.174663507Z[0m [36m[INFO] TRADER-001.BacktestEngine: =================================================================[0m
[1m2026-08-08T06:03:11.174665079Z[0m [INFO] TRADER-001.BacktestEngine: CPU architecture: AMD EPYC 7763 64-Core Processor[0m
[1m2026-08-08T06:03:11.174665711Z[0m [INFO] TRADER-001.BacktestEngine: CPU(s): 4 @ 2445 MHz[0m
[1m2026-08-08T06:03:11.174666742Z[0m [INFO] TRADER-001.BacktestEngine: OS: kernel-6.17.0-1020-azure Linux (Debian GNU/Linux 12)[0m
[1m2026-08-08T06:03:11.174737645Z[0m [36m[INFO] TRADER-001.BacktestEngine: =================================================================[0m
[1m2026-08-08T06:03:11.174738937Z[0m [36m[INFO] TRADER-001.BacktestEngine:  MEMORY USAGE[0m
[1m2026-08-08T06:03:11.174739268Z[0m [36m[INFO] TRADER-001.BacktestEngine: =================================================================[0m
[1m2026-08-08T06:03:11.174743055Z[0m [INFO] TRADER-001.BacktestEngine: RAM-Total: 15.61 GiB[0m
[1m2026-08-08T06:03:11.174743937Z[0m [INFO] TRADER-001.BacktestEngine: RAM-Used: 1.35 GiB (8.62%)[0m
[1m2026-08-08T06:03:11.174744608Z[0m [INFO] TRADER-001.BacktestEngine: RAM-Avail: 14.27 GiB (91.38%)[0m
[1m2026-08-08T06:03:11.174746401Z[0m [INFO] TRADER-001.BacktestEngine: Swap-Total: 3.00 GiB[0m
[1m2026-08-08T06:03:11.174748525Z[0m [INFO] TRADER-001.BacktestEngine: Swap-Used: 0.00 GiB (0.00%)[0m
[1m2026-08-08T06:03:11.174749648Z[0m [INFO] TRADER-001.BacktestEngine: Swap-Avail: 3.00 GiB (100.00%)[0m
[1m2026-08-08T06:03:11.174750639Z[0m [36m[INFO] TRADER-001.BacktestEngine: =================================================================[0m
[1m2026-08-08T06:03:11.174750930Z[0m [36m[INFO] TRADER-001.BacktestEngine:  IDENTIFIERS[0m
[1m2026-08-08T06:03:11.174751180Z[0m [36m[INFO] TRADER-001.BacktestEngine: =================================================================[0m
[1m2026-08-08T06:03:11.174751731Z[0m [INFO] TRADER-001.BacktestEngine: trader_id: TRADER-001[0m
[1m2026-08-08T06:03:11.174752293Z[0m [INFO] TRADER-001.BacktestEngine: machine_id: 751ebc4a9834[0m
[1m2026-08-08T06:03:11.174753585Z[0m [INFO] TRADER-001.BacktestEngine: instance_id: bc7cd6c0-acc7-4da7-93bf-b5e45a3d6500[0m
[1m2026-08-08T06:03:11.174754046Z[0m [INFO] TRADER-001.BacktestEngine: PID: 188[0m
[1m2026-08-08T06:03:11.174754537Z[0m [36m[INFO] TRADER-001.BacktestEngine: =================================================================[0m
[1m2026-08-08T06:03:11.174754837Z[0m [36m[INFO] TRADER-001.BacktestEngine:  VERSIONING[0m
[1m2026-08-08T06:03:11.174755218Z[0m [36m[INFO] TRADER-001.BacktestEngine: =================================================================[0m
[1m2026-08-08T06:03:11.174771198Z[0m [INFO] TRADER-001.BacktestEngine: nautilus_trader: 1.230.0[0m
[1m2026-08-08T06:03:11.174779092Z[0m [INFO] TRADER-001.BacktestEngine: python: 3.13.5[0m
[1m2026-08-08T06:03:11.174783220Z[0m [INFO] TRADER-001.BacktestEngine: numpy: 2.5.1[0m
[1m2026-08-08T06:03:11.174787488Z[0m [INFO] TRADER-001.BacktestEngine: pandas: 3.0.5[0m
[1m2026-08-08T06:03:11.174800412Z[0m [INFO] TRADER-001.BacktestEngine: msgspec: 0.21.1[0m
[1m2026-08-08T06:03:11.174804590Z[0m [INFO] TRADER-001.BacktestEngine: pyarrow: 25.0.0[0m
[1m2026-08-08T06:03:11.174807736Z[0m [INFO] TRADER-001.BacktestEngine: pytz: 2026.3.post1[0m
[1m2026-08-08T06:03:11.174842381Z[0m [INFO] TRADER-001.BacktestEngine: uvloop: 0.22.1[0m
[1m2026-08-08T06:03:11.174843283Z[0m [36m[INFO] TRADER-001.BacktestEngine: =================================================================[0m
[1m2026-08-08T06:03:11.174844895Z[0m [INFO] TRADER-001.nautilus_system::kernel: Building system kernel[0m
[1m2026-08-08T06:03:11.175396857Z[0m [INFO] TRADER-001.nautilus_backtest::engine: Adding exchange BINANCE to engine[0m
[1m2026-08-08T06:03:11.175471466Z[0m [INFO] TRADER-001.nautilus_backtest::exchange: Added instrument BTCUSDT-PERP.BINANCE and created matching engine[0m
[1m2026-08-08T06:03:11.175523984Z[0m [INFO] TRADER-001.nautilus_backtest::engine: Added instrument BTCUSDT-PERP.BINANCE to exchange BINANCE[0m
[1m2026-08-08T06:03:11.189327473Z[0m [INFO] TRADER-001.nautilus_backtest::engine: Added 62136 data elements to BacktestEngine (62136 total)[0m
[1m2026-08-08T06:03:11.191519949Z[0m [INFO] TRADER-001.nautilus_backtest::engine: Added 10356 data elements to BacktestEngine (72492 total)[0m
[1m2026-08-08T06:03:11.191544165Z[0m [INFO] TRADER-001.nautilus_backtest::engine: Added 22 data elements to BacktestEngine (72514 total)[0m
[1m2026-08-08T06:03:11.191548473Z[0m [INFO] TRADER-001.nautilus_backtest::engine: Data sort requested (iterator merges streams by replay timestamp)[0m
[1m2026-08-08T06:03:11.191610589Z[0m [INFO] TRADER-001.DataActor-140735025416328: Ready[0m
[1m2026-08-08T06:03:11.191747033Z[0m [INFO] TRADER-001.nautilus_backtest::python::engine: Registered Python strategy DataActor-140735025416328[0m
[1m2026-08-08T06:03:11.191789954Z[0m [INFO] TRADER-001.nautilus_portfolio::portfolio: Updated AccountState(account_id=BINANCE-001, account_type=MARGIN, base_currency=USDT, is_reported=true, balances=[AccountBalance(total=100000.00000000 USDT, locked=0.00000000 USDT, free=100000.00000000 USDT)], margins=[], event_id=37f23de0-ea02-4491-8911-5d09345f5e57)[0m
[1m2024-04-07T23:25:10.000000000Z[0m [INFO] TRADER-001.nautilus_system::kernel: Starting[0m
[1m2024-04-07T23:25:10.000000000Z[0m [INFO] TRADER-001.nautilus_backtest::execution_client: Backtest execution client started[0m
[1m2024-04-07T23:25:10.000000000Z[0m [INFO] TRADER-001.nautilus_execution::engine: Started[0m
[1m2024-04-07T23:25:10.000000000Z[0m [INFO] TRADER-001.nautilus_risk::engine: Started[0m
[1m2024-04-07T23:25:10.000000000Z[0m [INFO] TRADER-001.nautilus_system::kernel: Initializing trader[0m
[1m2024-04-07T23:25:10.000000000Z[0m [INFO] TRADER-001.nautilus_system::kernel: Started[0m
[1m2024-04-07T23:25:10.000000000Z[0m [INFO] TRADER-001.nautilus_system::kernel: Starting trader...[0m
[1m2024-04-07T23:25:10.000000000Z[0m [INFO] TRADER-001.nautilus_execution::order_emulator::emulator: Started[0m
[1m2024-04-07T23:25:10.000000000Z[0m [INFO] TRADER-001.nautilus_system::trader: Starting[0m
[1m2024-04-07T23:25:10.000000000Z[0m [INFO] TRADER-001.DataActor-140735025416328: Starting[0m
[1m2024-04-07T23:25:10.000000000Z[0m [INFO] TRADER-001.nautilus_trading::strategy: Starting DataActor-140735025416328[0m
[1m2024-04-07T23:25:10.000000000Z[0m [INFO] TRADER-001.nautilus_common::actor::data_actor: [CMD]--> Subscribe(Bars(SubscribeBars { bar_type: Standard { instrument_id: "BTCUSDT-PERP.BINANCE", spec: BarSpecification { step: 10, aggregation: Second, price_type: Last }, aggregation_source: External }, client_id: None, venue: Some("BINANCE"), command_id: UUID4(0f092312-e5c4-4075-8ce3-3d4ae2fd9661), ts_init: UnixNanos(1712532310000000000), correlation_id: None, params: None }))[0m
[1m2024-04-07T23:25:10.000000000Z[0m [INFO] TRADER-001.DataActor-140735025416328: Running[0m
[1m2024-04-07T23:25:10.000000000Z[0m [INFO] TRADER-001.nautilus_system::trader: Running[0m
[1m2024-04-07T23:25:10.000000000Z[0m [INFO] TRADER-001.nautilus_system::kernel: Trader started[0m
[1m2024-04-07T23:25:10.000000000Z[0m [36m[INFO] TRADER-001.nautilus_backtest::engine: =================================================================[0m
[1m2024-04-07T23:25:10.000000000Z[0m [36m[INFO] TRADER-001.nautilus_backtest::engine:  BACKTEST PRE-RUN[0m
[1m2024-04-07T23:25:10.000000000Z[0m [36m[INFO] TRADER-001.nautilus_backtest::engine: =================================================================[0m
[1m2024-04-07T23:25:10.000000000Z[0m [36m[INFO] TRADER-001.nautilus_backtest::engine: =================================================================[0m
[1m2024-04-07T23:25:10.000000000Z[0m [INFO] TRADER-001.nautilus_backtest::engine:  SimulatedVenue BINANCE (MARGIN)[0m
[1m2024-04-07T23:25:10.000000000Z[0m [36m[INFO] TRADER-001.nautilus_backtest::engine: -----------------------------------------------------------------[0m
[1m2024-04-07T23:25:10.000000000Z[0m [INFO] TRADER-001.nautilus_backtest::engine: Balances starting:[0m
[1m2024-04-07T23:25:10.000000000Z[0m [INFO] TRADER-001.nautilus_backtest::engine:   100000.00000000 USDT[0m
[1m2024-04-07T23:25:10.000000000Z[0m [36m[INFO] TRADER-001.nautilus_backtest::engine: -----------------------------------------------------------------[0m
[1m2024-04-07T23:25:10.000000000Z[0m [36m[INFO] TRADER-001.nautilus_backtest::engine: =================================================================[0m
[1m2024-04-07T23:25:10.000000000Z[0m [36m[INFO] TRADER-001.nautilus_backtest::engine:  BACKTEST RUN[0m
[1m2024-04-07T23:25:10.000000000Z[0m [36m[INFO] TRADER-001.nautilus_backtest::engine: =================================================================[0m
[1m2024-04-07T23:25:10.000000000Z[0m [INFO] TRADER-001.nautilus_backtest::engine: Run config ID:  None[0m
[1m2024-04-07T23:25:10.000000000Z[0m [INFO] TRADER-001.nautilus_backtest::engine: Run ID:         9b4206d7-efb8-4c11-95d5-2b071f3f44d1[0m
[1m2024-04-07T23:25:10.000000000Z[0m [INFO] TRADER-001.nautilus_backtest::engine: Backtest start: 2024-04-07T23:25:10.000000000Z[0m
[1m2024-04-07T23:25:10.000000000Z[0m [INFO] TRADER-001.nautilus_backtest::engine: Data elements:  72514[0m
[1m2024-04-07T23:25:10.000000000Z[0m [36m[INFO] TRADER-001.nautilus_backtest::engine: -----------------------------------------------------------------[0m
[1m2024-04-07T23:25:10.000000000Z[0m [94m[INFO] TRADER-001.nautilus_data::client: Subscribed BTCUSDT-PERP.BINANCE-10-SECOND-LAST-EXTERNAL bars[0m
[1m2024-04-09T08:55:00.000000000Z[0m [INFO] TRADER-001.nautilus_trading::strategy: DataActor-140735025416328 <--[EVT] OrderInitialized(instrument_id=BTCUSDT-PERP.BINANCE, client_order_id=O-20240409-085500-001-140735025416328-1, side=SELL, type=MARKET, quantity=10.338, time_in_force=GTC, post_only=false, reduce_only=false, quote_quantity=false, price=None, emulation_trigger=None, trigger_instrument_id=None, contingency_type=OTO, order_list_id=OL-20240409-085500-001-140735025416328-1, linked_order_ids=[O-20240409-085500-001-140735025416328-2, O-20240409-085500-001-140735025416328-3], parent_order_id=None, exec_algorithm_id=None, exec_algorithm_params=None, exec_spawn_id=None, tags=value-migration-btcusdt-london-2024-04-09-00028, BREAKOUT_ACCEPTANCE_CONTINUATION, SHORT, TEN_SECOND_MARKET_ENTRY)[0m
[1m2024-04-09T08:55:00.000000000Z[0m [INFO] TRADER-001.nautilus_trading::strategy: DataActor-140735025416328 <--[EVT] OrderInitialized(instrument_id=BTCUSDT-PERP.BINANCE, client_order_id=O-20240409-085500-001-140735025416328-2, side=BUY, type=STOP_MARKET, quantity=10.338, time_in_force=GTC, post_only=false, reduce_only=true, quote_quantity=false, price=None, emulation_trigger=None, trigger_instrument_id=None, contingency_type=OUO, order_list_id=OL-20240409-085500-001-140735025416328-1, linked_order_ids=[O-20240409-085500-001-140735025416328-3], parent_order_id=O-20240409-085500-001-140735025416328-1, exec_algorithm_id=None, exec_algorithm_params=None, exec_spawn_id=None, tags=value-migration-btcusdt-london-2024-04-09-00028, OBSERVED_RETEST_INVALIDATION)[0m
[1m2024-04-09T08:55:00.000000000Z[0m [INFO] TRADER-001.nautilus_trading::strategy: DataActor-140735025416328 <--[EVT] OrderInitialized(instrument_id=BTCUSDT-PERP.BINANCE, client_order_id=O-20240409-085500-001-140735025416328-3, side=BUY, type=LIMIT, quantity=10.338, time_in_force=GTC, post_only=false, reduce_only=true, quote_quantity=false, price=68632.3, emulation_trigger=None, trigger_instrument_id=None, contingency_type=OUO, order_list_id=OL-20240409-085500-001-140735025416328-1, linked_order_ids=[O-20240409-085500-001-140735025416328-2], parent_order_id=O-20240409-085500-001-140735025416328-1, exec_algorithm_id=None, exec_algorithm_params=None, exec_spawn_id=None, tags=value-migration-btcusdt-london-2024-04-09-00028, ACTIVE_COMPLETED_EXTERNAL_TARGET)[0m
[1m2024-04-09T08:55:00.000000000Z[0m [INFO] TRADER-001.nautilus_trading::strategy: DataActor-140735025416328 [CMD]--> SubmitOrderList[0m
[1m2024-04-09T08:55:00.000000000Z[0m [94m[INFO] TRADER-001.nautilus_execution::engine: Submit OrderList(id=OL-20240409-085500-001-140735025416328-1, instrument_id=BTCUSDT-PERP.BINANCE, strategy_id=DataActor-140735025416328, client_order_ids=["O-20240409-085500-001-140735025416328-1", "O-20240409-085500-001-140735025416328-2", "O-20240409-085500-001-140735025416328-3"], ts_init=1712652900000000000)[0m
[1m2024-04-09T08:55:00.000000000Z[0m [INFO] TRADER-001.nautilus_trading::strategy: DataActor-140735025416328 <--[EVT] OrderSubmitted(instrument_id=BTCUSDT-PERP.BINANCE, client_order_id=O-20240409-085500-001-140735025416328-1, account_id=BINANCE-001, ts_event=1712652900000000000)[0m
[1m2024-04-09T08:55:00.000000000Z[0m [INFO] TRADER-001.nautilus_trading::strategy: DataActor-140735025416328 <--[EVT] OrderSubmitted(instrument_id=BTCUSDT-PERP.BINANCE, client_order_id=O-20240409-085500-001-140735025416328-2, account_id=BINANCE-001, ts_event=1712652900000000000)[0m
[1m2024-04-09T08:55:00.000000000Z[0m [INFO] TRADER-001.nautilus_trading::strategy: DataActor-140735025416328 <--[EVT] OrderSubmitted(instrument_id=BTCUSDT-PERP.BINANCE, client_order_id=O-20240409-085500-001-140735025416328-3, account_id=BINANCE-001, ts_event=1712652900000000000)[0m
[1m2024-04-09T08:55:00.000000000Z[0m [INFO] TRADER-001.nautilus_portfolio::manager: BTCUSDT-PERP.BINANCE margin_init=0.00000000 USDT[0m
[1m2024-04-09T08:55:00.000000000Z[0m [INFO] TRADER-001.nautilus_trading::strategy: DataActor-140735025416328 <--[EVT] OrderFilled(instrument_id=BTCUSDT-PERP.BINANCE, client_order_id=O-20240409-085500-001-140735025416328-1, venue_order_id=BINANCE-1-1, account_id=BINANCE-001, trade_id=T-3d933500ef94eb8e-33845, position_id=P-20240409-085500-001-140735025416328-1, order_side=SELL, order_type=MARKET, last_qty=10.338, last_px=70_512.0 USDT, commission=437.37183360 USDT, liquidity_side=TAKER, ts_event=1712652900000000000)[0m
[1m2024-04-09T08:55:00.000000000Z[0m [INFO] TRADER-001.nautilus_portfolio::portfolio: BTCUSDT-PERP.BINANCE net_position=-10.338[0m
[1m2024-04-09T08:55:00.000000000Z[0m [INFO] TRADER-001.nautilus_portfolio::manager: BTCUSDT-PERP.BINANCE margin_maint=2915.81222400 USDT[0m
[1m2024-04-09T08:55:00.000000000Z[0m [INFO] TRADER-001.nautilus_portfolio::portfolio: Updated AccountState(account_id=BINANCE-001, account_type=MARGIN, base_currency=USDT, is_reported=false, balances=[AccountBalance(total=99562.62816640 USDT, locked=2915.81222400 USDT, free=96646.81594240 USDT)], margins=[MarginBalance(initial=0.00000000 USDT, maintenance=2915.81222400 USDT, instrument_id=BTCUSDT-PERP.BINANCE)], event_id=f33f1789-b9fe-4cf4-819e-166f55c127c5)[0m
[1m2024-04-09T08:55:00.000000000Z[0m [INFO] TRADER-001.nautilus_trading::strategy: DataActor-140735025416328 <--[EVT] PositionOpened(PositionOpened { trader_id: "TRADER-001", strategy_id: "DataActor-140735025416328", instrument_id: "BTCUSDT-PERP.BINANCE", position_id: "P-20240409-085500-001-140735025416328-1", account_id: "BINANCE-001", opening_order_id: "O-20240409-085500-001-140735025416328-1", entry: Sell, side: Short, signed_qty: -10.338, quantity: Quantity(10.338), last_qty: Quantity(10.338), last_px: Price(70512.0), currency: Currency(code='USDT', precision=8, iso4217=0, name='Tether', currency_type=CRYPTO), avg_px_open: 70512.0, event_id: UUID4(1806dea8-a1bc-4216-824d-f1f6144cd2ce), ts_event: UnixNanos(1712652900000000000), ts_init: UnixNanos(1712652900000000000) })[0m
[1m2024-04-09T08:55:00.000000000Z[0m [INFO] TRADER-001.nautilus_portfolio::manager: BTCUSDT-PERP.BINANCE margin_init=0.00000000 USDT[0m
[1m2024-04-09T08:55:00.000000000Z[0m [INFO] TRADER-001.nautilus_portfolio::portfolio: Updated AccountState(account_id=BINANCE-001, account_type=MARGIN, base_currency=USDT, is_reported=false, balances=[AccountBalance(total=99562.62816640 USDT, locked=2915.81222400 USDT, free=96646.81594240 USDT)], margins=[MarginBalance(initial=0.00000000 USDT, maintenance=2915.81222400 USDT, instrument_id=BTCUSDT-PERP.BINANCE)], event_id=6d2286ec-b95f-4ce3-b564-d34f657ab24c)[0m
[1m2024-04-09T08:55:00.000000000Z[0m [INFO] TRADER-001.nautilus_trading::strategy: DataActor-140735025416328 <--[EVT] OrderAccepted(instrument_id=BTCUSDT-PERP.BINANCE, client_order_id=O-20240409-085500-001-140735025416328-2, venue_order_id=BINANCE-1-2, account_id=BINANCE-001, ts_event=1712652900000000000)[0m
[1m2024-04-09T08:55:00.000000000Z[0m [INFO] TRADER-001.nautilus_portfolio::manager: BTCUSDT-PERP.BINANCE margin_init=0.00000000 USDT[0m
[1m2024-04-09T08:55:00.000000000Z[0m [INFO] TRADER-001.nautilus_portfolio::portfolio: Updated AccountState(account_id=BINANCE-001, account_type=MARGIN, base_currency=USDT, is_reported=false, balances=[AccountBalance(total=99562.62816640 USDT, locked=2915.81222400 USDT, free=96646.81594240 USDT)], margins=[MarginBalance(initial=0.00000000 USDT, maintenance=2915.81222400 USDT, instrument_id=BTCUSDT-PERP.BINANCE)], event_id=97685968-7528-4178-978c-bd1783d18cdc)[0m
[1m2024-04-09T08:55:00.000000000Z[0m [INFO] TRADER-001.nautilus_trading::strategy: DataActor-140735025416328 <--[EVT] OrderAccepted(instrument_id=BTCUSDT-PERP.BINANCE, client_order_id=O-20240409-085500-001-140735025416328-3, venue_order_id=BINANCE-1-3, account_id=BINANCE-001, ts_event=1712652900000000000)[0m
[1m2024-04-09T08:55:00.000000000Z[0m [1;33m[WARN] TRADER-001.nautilus_common::cache: Cannot calculate unrealized PnL for P-20240409-085500-001-140735025416328-1, no quotes for BTCUSDT-PERP.BINANCE[0m
[1m2024-04-09T08:55:10.000000000Z[0m [1;33m[WARN] TRADER-001.nautilus_common::cache: Cannot calculate unrealized PnL for P-20240409-085500-001-140735025416328-1, no quotes for BTCUSDT-PERP.BINANCE[0m
[1m2024-04-09T08:55:20.000000000Z[0m [INFO] TRADER-001.nautilus_portfolio::manager: BTCUSDT-PERP.BINANCE margin_init=0.00000000 USDT[0m
[1m2024-04-09T08:55:20.000000000Z[0m [INFO] TRADER-001.nautilus_trading::strategy: DataActor-140735025416328 <--[EVT] OrderFilled(instrument_id=BTCUSDT-PERP.BINANCE, client_order_id=O-20240409-085500-001-140735025416328-2, venue_order_id=BINANCE-1-2, account_id=BINANCE-001, trade_id=T-8be5925160591fb2-33852, position_id=P-20240409-085500-001-140735025416328-1, order_side=BUY, order_type=STOP_MARKET, last_qty=10.338, last_px=70_575.4 USDT, commission=437.76509112 USDT, liquidity_side=TAKER, ts_event=1712652920000000000)[0m
[1m2024-04-09T08:55:20.000000000Z[0m [INFO] TRADER-001.nautilus_portfolio::portfolio: BTCUSDT-PERP.BINANCE net_position=0[0m
[1m2024-04-09T08:55:20.000000000Z[0m [INFO] TRADER-001.nautilus_portfolio::manager: BTCUSDT-PERP.BINANCE margin_maint=0.00000000 USDT[0m
[1m2024-04-09T08:55:20.000000000Z[0m [INFO] TRADER-001.nautilus_portfolio::portfolio: Updated AccountState(account_id=BINANCE-001, account_type=MARGIN, base_currency=USDT, is_reported=false, balances=[AccountBalance(total=98469.43387528 USDT, locked=0.00000000 USDT, free=98469.43387528 USDT)], margins=[], event_id=eeec6a7f-a122-4862-8a6b-940726374cd7)[0m
[1m2024-04-09T08:55:20.000000000Z[0m [INFO] TRADER-001.nautilus_trading::strategy: DataActor-140735025416328 <--[EVT] PositionClosed(PositionClosed { trader_id: "TRADER-001", strategy_id: "DataActor-140735025416328", instrument_id: "BTCUSDT-PERP.BINANCE", position_id: "P-20240409-085500-001-140735025416328-1", account_id: "BINANCE-001", opening_order_id: "O-20240409-085500-001-140735025416328-1", closing_order_id: Some("O-20240409-085500-001-140735025416328-2"), entry: Sell, side: Flat, signed_qty: 0.0, quantity: Quantity(0.000), peak_quantity: Quantity(10.338), last_qty: Quantity(10.338), last_px: Price(70575.4), currency: Currency(code='USDT', precision=8, iso4217=0, name='Tether', currency_type=CRYPTO), avg_px_open: 70512.0, avg_px_close: Some(70575.4), realized_return: -0.0008991377354208387, realized_pnl: Some(Money(-1530.56612472, USDT)), unrealized_pnl: Money(0.00000000, USDT), duration: 20000000000, event_id: UUID4(ce32b8cd-8bab-47b0-b26b-7bbafe283970), ts_opened: UnixNanos(1712652900000000000), ts_closed: Some(UnixNanos(1712652920000000000)), ts_event: UnixNanos(1712652920000000000), ts_init: UnixNanos(1712652920000000000) })[0m
[1m2024-04-09T08:55:20.000000000Z[0m [INFO] TRADER-001.nautilus_portfolio::manager: BTCUSDT-PERP.BINANCE margin_init=0.00000000 USDT[0m
[1m2024-04-09T08:55:20.000000000Z[0m [INFO] TRADER-001.nautilus_portfolio::portfolio: Updated AccountState(account_id=BINANCE-001, account_type=MARGIN, base_currency=USDT, is_reported=false, balances=[AccountBalance(total=98469.43387528 USDT, locked=0.00000000 USDT, free=98469.43387528 USDT)], margins=[], event_id=4c8951ee-e40f-48f7-83f4-6749efeffcf8)[0m
[1m2024-04-09T08:55:20.000000000Z[0m [INFO] TRADER-001.nautilus_trading::strategy: DataActor-140735025416328 <--[EVT] OrderCanceled(instrument_id=BTCUSDT-PERP.BINANCE, client_order_id=O-20240409-085500-001-140735025416328-3, venue_order_id=BINANCE-1-3, account_id=BINANCE-001, ts_event=1712652920000000000)[0m
[1m2024-04-15T04:01:00.000000000Z[0m [INFO] TRADER-001.nautilus_system::kernel: Stopping trader...[0m
[1m2024-04-15T04:01:00.000000000Z[0m [INFO] TRADER-001.nautilus_system::trader: Stopping[0m
[1m2024-04-15T04:01:00.000000000Z[0m [INFO] TRADER-001.DataActor-140735025416328: Stopping[0m
[1m2024-04-15T04:01:00.000000000Z[0m [INFO] TRADER-001.nautilus_trading::strategy: No BTCUSDT-PERP.BINANCE open, emulated, or inflight orders to cancel[0m
[1m2024-04-15T04:01:00.000000000Z[0m [INFO] TRADER-001.DataActor-140735025416328: Stopped[0m
[1m2024-04-15T04:01:00.000000000Z[0m [INFO] TRADER-001.nautilus_system::trader: Stopped[0m
[1m2024-04-15T04:01:00.000000000Z[0m [INFO] TRADER-001.nautilus_risk::engine: Stopped[0m
[1m2024-04-15T04:01:00.000000000Z[0m [INFO] TRADER-001.nautilus_backtest::execution_client: Backtest execution client stopped[0m
[1m2024-04-15T04:01:00.000000000Z[0m [INFO] TRADER-001.nautilus_execution::engine: Stopped[0m
[1m2026-08-08T06:03:11.596308238Z[0m [36m[INFO] TRADER-001.nautilus_backtest::engine: =================================================================[0m
[1m2026-08-08T06:03:11.596309641Z[0m [36m[INFO] TRADER-001.nautilus_backtest::engine:  BACKTEST POST-RUN[0m
[1m2026-08-08T06:03:11.596309911Z[0m [36m[INFO] TRADER-001.nautilus_backtest::engine: =================================================================[0m
[1m2026-08-08T06:03:11.596310242Z[0m [INFO] TRADER-001.nautilus_backtest::engine: Run config ID:  None[0m
[1m2026-08-08T06:03:11.596310933Z[0m [INFO] TRADER-001.nautilus_backtest::engine: Run ID:         9b4206d7-efb8-4c11-95d5-2b071f3f44d1[0m
[1m2026-08-08T06:03:11.596311444Z[0m [INFO] TRADER-001.nautilus_backtest::engine: Run started:    2026-08-08T06:03:11.191759717Z[0m
[1m2026-08-08T06:03:11.596311805Z[0m [INFO] TRADER-001.nautilus_backtest::engine: Run finished:   2026-08-08T06:03:11.596295043Z[0m
[1m2026-08-08T06:03:11.596312366Z[0m [INFO] TRADER-001.nautilus_backtest::engine: Elapsed time:   0 days 00:00:00.404535[0m
[1m2026-08-08T06:03:11.596312806Z[0m [INFO] TRADER-001.nautilus_backtest::engine: Backtest start: 2024-04-07T23:25:10.000000000Z[0m
[1m2026-08-08T06:03:11.596313137Z[0m [INFO] TRADER-001.nautilus_backtest::engine: Backtest end:   2024-04-15T04:01:00.000000000Z[0m
[1m2026-08-08T06:03:11.596313588Z[0m [INFO] TRADER-001.nautilus_backtest::engine: Backtest range: 7 days 04:35:50.000000[0m
[1m2026-08-08T06:03:11.596314049Z[0m [INFO] TRADER-001.nautilus_backtest::engine: Iterations: 72_514[0m
[1m2026-08-08T06:03:11.596314499Z[0m [INFO] TRADER-001.nautilus_backtest::engine: Total events: 8[0m
[1m2026-08-08T06:03:11.596314720Z[0m [INFO] TRADER-001.nautilus_backtest::engine: Total orders: 3[0m
[1m2026-08-08T06:03:11.596315111Z[0m [INFO] TRADER-001.nautilus_backtest::engine: Total positions: 1[0m
[1m2026-08-08T06:03:11.596343364Z[0m [36m[INFO] TRADER-001.nautilus_backtest::engine: =================================================================[0m
[1m2026-08-08T06:03:11.596344085Z[0m [36m[INFO] TRADER-001.nautilus_backtest::engine:  PORTFOLIO PERFORMANCE[0m
[1m2026-08-08T06:03:11.596344536Z[0m [36m[INFO] TRADER-001.nautilus_backtest::engine: =================================================================[0m
[1m2026-08-08T06:03:11.596346229Z[0m [INFO] TRADER-001.nautilus_backtest::engine:  PnL Statistics (USDT)[0m
[1m2026-08-08T06:03:11.596346920Z[0m [36m[INFO] TRADER-001.nautilus_backtest::engine: -----------------------------------------------------------------[0m
[1m2026-08-08T06:03:11.596393327Z[0m [INFO] TRADER-001.nautilus_backtest::engine: Avg Loser:                      -1530.57[0m
[1m2026-08-08T06:03:11.596398877Z[0m [INFO] TRADER-001.nautilus_backtest::engine: Avg Winner:                     NaN[0m
[1m2026-08-08T06:03:11.596399238Z[0m [INFO] TRADER-001.nautilus_backtest::engine: Expectancy:                     -1530.57[0m
[1m2026-08-08T06:03:11.596399438Z[0m [INFO] TRADER-001.nautilus_backtest::engine: Max Loser:                      -1530.57[0m
[1m2026-08-08T06:03:11.596399598Z[0m [INFO] TRADER-001.nautilus_backtest::engine: Max Winner:                     NaN[0m
[1m2026-08-08T06:03:11.596399809Z[0m [INFO] TRADER-001.nautilus_backtest::engine: Min Loser:                      -1530.57[0m
[1m2026-08-08T06:03:11.596400019Z[0m [INFO] TRADER-001.nautilus_backtest::engine: Min Winner:                     NaN[0m
[1m2026-08-08T06:03:11.596400170Z[0m [INFO] TRADER-001.nautilus_backtest::engine: PnL (total):                    -1530.57[0m
[1m2026-08-08T06:03:11.596400460Z[0m [INFO] TRADER-001.nautilus_backtest::engine: PnL% (total):                   -1.53[0m
[1m2026-08-08T06:03:11.596400680Z[0m [INFO] TRADER-001.nautilus_backtest::engine: Win Rate:                       0.00[0m
[1m2026-08-08T06:03:11.596401132Z[0m [36m[INFO] TRADER-001.nautilus_backtest::engine: -----------------------------------------------------------------[0m
[1m2026-08-08T06:03:11.596401432Z[0m [INFO] TRADER-001.nautilus_backtest::engine:  Returns Statistics[0m
[1m2026-08-08T06:03:11.596401622Z[0m [36m[INFO] TRADER-001.nautilus_backtest::engine: -----------------------------------------------------------------[0m
[1m2026-08-08T06:03:11.596411340Z[0m [INFO] TRADER-001.nautilus_backtest::engine: Average (Return):               -0.00[0m
[1m2026-08-08T06:03:11.596411661Z[0m [INFO] TRADER-001.nautilus_backtest::engine: Average Loss (Return):          -0.00[0m
[1m2026-08-08T06:03:11.596411821Z[0m [INFO] TRADER-001.nautilus_backtest::engine: Average Win (Return):           NaN[0m
[1m2026-08-08T06:03:11.596411972Z[0m [INFO] TRADER-001.nautilus_backtest::engine: Profit Factor:                  0.00[0m
[1m2026-08-08T06:03:11.596412142Z[0m [INFO] TRADER-001.nautilus_backtest::engine: Returns Volatility (252 days):  NaN[0m
[1m2026-08-08T06:03:11.596412312Z[0m [INFO] TRADER-001.nautilus_backtest::engine: Risk Return Ratio:              NaN[0m
[1m2026-08-08T06:03:11.596412583Z[0m [INFO] TRADER-001.nautilus_backtest::engine: Sharpe Ratio (252 days):        NaN[0m
[1m2026-08-08T06:03:11.596412773Z[0m [INFO] TRADER-001.nautilus_backtest::engine: Sortino Ratio (252 days):       -15.87[0m
[1m2026-08-08T06:03:11.596413224Z[0m [36m[INFO] TRADER-001.nautilus_backtest::engine: -----------------------------------------------------------------[0m
[1m2026-08-08T06:03:11.596413524Z[0m [INFO] TRADER-001.nautilus_backtest::engine:  General Statistics[0m
[1m2026-08-08T06:03:11.596413685Z[0m [36m[INFO] TRADER-001.nautilus_backtest::engine: -----------------------------------------------------------------[0m
[1m2026-08-08T06:03:11.596415829Z[0m [INFO] TRADER-001.nautilus_backtest::engine: Long Ratio:                     0[0m
[1m2026-08-08T06:03:11.596416160Z[0m [36m[INFO] TRADER-001.nautilus_backtest::engine: -----------------------------------------------------------------[0m
[1m2026-08-08T06:03:11.703445130Z[0m [INFO] TRADER-001.nautilus_system::kernel: Disposing[0m
[1m2026-08-08T06:03:11.703465618Z[0m [INFO] TRADER-001.nautilus_system::trader: Disposing[0m
[1m2026-08-08T06:03:11.703468413Z[0m [INFO] TRADER-001.DataActor-140735025416328: Disposing[0m
[1m2026-08-08T06:03:11.703476759Z[0m [INFO] TRADER-001.DataActor-140735025416328: Disposed[0m
[1m2026-08-08T06:03:11.703484113Z[0m [INFO] TRADER-001.nautilus_system::trader: Disposed[0m
[1m2026-08-08T06:03:11.703486787Z[0m [INFO] TRADER-001.nautilus_backtest::execution_client: Backtest execution client stopped[0m
[1m2026-08-08T06:03:11.703488661Z[0m [INFO] TRADER-001.nautilus_execution::engine: Stopped[0m
[1m2026-08-08T06:03:11.703490374Z[0m [INFO] TRADER-001.nautilus_risk::engine: Stopped[0m
[1m2026-08-08T06:03:11.703491476Z[0m [INFO] TRADER-001.nautilus_execution::order_emulator::emulator: Stopped[0m
[1m2026-08-08T06:03:11.703499852Z[0m [INFO] TRADER-001.nautilus_execution::engine: Disposed[0m
[1m2026-08-08T06:03:11.703500523Z[0m [INFO] TRADER-001.nautilus_risk::engine: Disposed[0m
[1m2026-08-08T06:03:11.703502768Z[0m [INFO] TRADER-001.nautilus_execution::order_emulator::emulator: Disposed[0m
[1m2026-08-08T06:03:11.703521953Z[0m [INFO] TRADER-001.nautilus_common::cache: Reset cache[0m
[1m2026-08-08T06:03:11.703541129Z[0m [INFO] TRADER-001.nautilus_system::kernel: Disposed[0m
{"closed_trades": 1, "daily_geometric_growth": -0.002201003083363018, "final_nav_usdt": 98469.43387528, "first_window_gate_passed": false, "signals": 1, "window": "screen-01", "wins": 0}
{
  "ablation_modes": [
    "none"
  ],
  "by_opening_session": {
    "LONDON": 1
  },
  "by_scenario_family": {
    "SESSION_PREVIOUS_DAY_VALUE_MIGRATION_CONTINUATION": 1
  },
  "candidate": "candidate-08-session-value-migration-btc-nautilus-v1",
  "candidate_time_horizon": "SESSION_OPEN_TO_FOUR_HOURS",
  "close_reasons": {
    "STRUCTURAL_STOP": 1
  },
  "closed_trades": 1,
  "combined_calendar_days": 7.0,
  "combined_daily_geometric_growth": -0.002201003083363018,
  "execution_adapter_revision": "SESSION_VALUE_MIGRATION_EXECUTION_LABELS_V1",
  "execution_risk_revision": "BAR_MARKET_TWO_TICK_ENTRY_RESERVE_V1",
  "goal_daily_geometric_growth": 0.01,
  "goal_met": false,
  "positive_trade_share": 0.0,
  "promotable": true,
  "realized_pnl_by_symbol": {
    "BTCUSDT": -1530.56612472
  },
  "scalping_alpha_inputs": false,
  "signal_implementation_revision": "SESSION_VALUE_MIGRATION_V1_TWO_TICK_BAR_ENTRY",
  "single_asset_positive_pnl_share": 0.0,
  "single_trade_positive_pnl_share": 0.0,
  "source_signal_revision": "SESSION_VALUE_MIGRATION_ACCEPTANCE_SIGNALS_V1",
  "suite": "first",
  "suite_gate_checks": {
    "all_signal_times_processed": true,
    "all_submitted_entries_observed": true,
    "base_contract_not_ablated": true,
    "closed_trades_matched_to_intents": true,
    "cost_after_total_return_positive": false,
    "entry_causality": true,
    "fill_adjusted_risk_budget_respected": true,
    "funding_cost_state_is_causal_and_complete": true,
    "minimum_closed_trades": false,
    "no_execution_failures": true,
    "no_residual_exposure": true,
    "no_unexpected_or_liquidation_closes": true,
    "planned_risk_budget_respected": true,
    "position_exit_causality": true,
    "realized_loss_budget_respected": true
  },
  "suite_gate_passed": false,
  "symbols_with_closed_trades": [
    "BTCUSDT"
  ],
  "window_results": [
    {
      "closed_trades": 1,
      "daily_geometric_growth": -0.002201003083363018,
      "final_nav_usdt": 98469.43387528,
      "first_window_gate_passed": false,
      "maximum_realized_equity_drawdown": 0.015305661247200009,
      "name": "screen-01",
      "total_return": -0.015305661247200009,
      "win_rate": 0.0,
      "wins": 0
    }
  ],
  "windows": [
    {
      "end": "2024-04-15T00:00:00Z",
      "name": "screen-01",
      "start": "2024-04-08T00:00:00Z"
    }
  ],
  "wins": 0
}
{
  "first_window_gate_passed": false
}
{
  "candidate": "candidate-08-session-value-migration-btc-nautilus-v1",
  "classification": "CLEAN_LOGIC_FAILURE_INSUFFICIENT_VALUE_MIGRATION_FREQUENCY",
  "detector_diagnostics": {
    "ACCEPTED_VALUE_MIGRATION_REENTERED_PREVIOUS_VALUE": 6,
    "COMPLETE_PREVIOUS_UTC_DAY_PROFILE": 21,
    "FIRST_M15_CLOSE_OUTSIDE_PREVIOUS_VALUE": 35,
    "INCOMPLETE_PREVIOUS_UTC_DAY_PROFILE": 2,
    "INSUFFICIENT_COMPLETE_SESSION_M15_BARS": 2,
    "NO_COMPLETE_PREVIOUS_DAY_PROFILE_FOR_SESSION": 18,
    "NO_CONTIGUOUS_NEXT_TEN_SECOND_EXECUTION_BUCKET": 4,
    "NO_PREVIOUS_VALUE_EDGE_RETEST_BEFORE_SESSION_END": 7,
    "SECOND_M15_CLOSE_AND_SESSION_VWAP_MIGRATED": 24,
    "SECOND_M15_CLOSE_RETURNED_INSIDE_VALUE": 6,
    "SESSION_VWAP_DID_NOT_MIGRATE_OUTSIDE_VALUE": 4,
    "SIGNAL": 1,
    "SIGNAL_TIMES": 1,
    "TRADEABLE_SESSION_VALUE_MIGRATION_SIGNAL": 1,
    "V2_BAR_MARKET_COST_CONTRACT_PASS": 1,
    "V2_THREE_EVENT_LEDGER_PASS": 1,
    "VALUE_EXTENSION_CONSUMED_BEFORE_RETEST": 7,
    "VALUE_EXTENSION_CONSUMED_IN_FIRST_OUTSIDE_M15": 6
  },
  "first_command_status": 0,
  "first_suite_summary": {
    "ablation_modes": [
      "none"
    ],
    "by_opening_session": {
      "LONDON": 1
    },
    "by_scenario_family": {
      "SESSION_PREVIOUS_DAY_VALUE_MIGRATION_CONTINUATION": 1
    },
    "candidate": "candidate-08-session-value-migration-btc-nautilus-v1",
    "candidate_time_horizon": "SESSION_OPEN_TO_FOUR_HOURS",
    "close_reasons": {
      "STRUCTURAL_STOP": 1
    },
    "closed_trades": 1,
    "combined_calendar_days": 7.0,
    "combined_daily_geometric_growth": -0.002201003083363018,
    "execution_adapter_revision": "SESSION_VALUE_MIGRATION_EXECUTION_LABELS_V1",
    "execution_risk_revision": "BAR_MARKET_TWO_TICK_ENTRY_RESERVE_V1",
    "goal_daily_geometric_growth": 0.01,
    "goal_met": false,
    "positive_trade_share": 0.0,
    "promotable": true,
    "realized_pnl_by_symbol": {
      "BTCUSDT": -1530.56612472
    },
    "scalping_alpha_inputs": false,
    "signal_implementation_revision": "SESSION_VALUE_MIGRATION_V1_TWO_TICK_BAR_ENTRY",
    "single_asset_positive_pnl_share": 0.0,
    "single_trade_positive_pnl_share": 0.0,
    "source_signal_revision": "SESSION_VALUE_MIGRATION_ACCEPTANCE_SIGNALS_V1",
    "suite": "first",
    "suite_gate_checks": {
      "all_signal_times_processed": true,
      "all_submitted_entries_observed": true,
      "base_contract_not_ablated": true,
      "closed_trades_matched_to_intents": true,
      "cost_after_total_return_positive": false,
      "entry_causality": true,
      "fill_adjusted_risk_budget_respected": true,
      "funding_cost_state_is_causal_and_complete": true,
      "minimum_closed_trades": false,
      "no_execution_failures": true,
      "no_residual_exposure": true,
      "no_unexpected_or_liquidation_closes": true,
      "planned_risk_budget_respected": true,
      "position_exit_causality": true,
      "realized_loss_budget_respected": true
    },
    "suite_gate_passed": false,
    "symbols_with_closed_trades": [
      "BTCUSDT"
    ],
    "window_results": [
      {
        "closed_trades": 1,
        "daily_geometric_growth": -0.002201003083363018,
        "final_nav_usdt": 98469.43387528,
        "first_window_gate_passed": false,
        "maximum_realized_equity_drawdown": 0.015305661247200009,
        "name": "screen-01",
        "total_return": -0.015305661247200009,
        "win_rate": 0.0,
        "wins": 0
      }
    ],
    "windows": [
      {
        "end": "2024-04-15T00:00:00Z",
        "name": "screen-01",
        "start": "2024-04-08T00:00:00Z"
      }
    ],
    "wins": 0
  },
  "first_window": {
    "closed_trades": 1,
    "daily_geometric_growth": -0.002201003083363018,
    "gate_passed": false,
    "implementation_clean": true,
    "maximum_drawdown": 0.015305661247200009,
    "signals": 1,
    "total_return": -0.015305661247200009,
    "win_rate": 0.0,
    "window": {
      "end": "2024-04-15T00:00:00Z",
      "name": "screen-01",
      "start": "2024-04-08T00:00:00Z"
    },
    "wins": 0
  },
  "goal_verified": false,
  "next_action": "REJECT_SESSION_VALUE_MIGRATION_V1",
  "scenario_family": "SESSION_PREVIOUS_DAY_VALUE_MIGRATION_CONTINUATION",
  "screen_command_status": 0,
  "screen_suite_summary": null,
  "screen_windows": [],
  "ten_second_alpha_inputs": false,
  "top_rejection_reasons": {
    "ACCEPTED_VALUE_MIGRATION_REENTERED_PREVIOUS_VALUE": 6,
    "NO_CONTIGUOUS_NEXT_TEN_SECOND_EXECUTION_BUCKET": 4,
    "NO_PREVIOUS_VALUE_EDGE_RETEST_BEFORE_SESSION_END": 7,
    "SECOND_M15_CLOSE_RETURNED_INSIDE_VALUE": 6,
    "SESSION_VWAP_DID_NOT_MIGRATE_OUTSIDE_VALUE": 4,
    "VALUE_EXTENSION_CONSUMED_BEFORE_RETEST": 7,
    "VALUE_EXTENSION_CONSUMED_IN_FIRST_OUTSIDE_M15": 6
  }
}
