[OK] python: 3.13.5 (need 3.13.x)
[OK] nautilus_trader: 1.230.0 (need 1.230.0)
[OK] glibc: 2.36 (need >= 2.35)
test_completed_feature_index_stays_exact_and_unique (__main__.CompletedFeatureContracts.test_completed_feature_index_stays_exact_and_unique) ... ok
test_duplicate_completed_trade_timestamp_remains_invalid (__main__.CompletedFeatureContracts.test_duplicate_completed_trade_timestamp_remains_invalid) ... ok
test_source_contains_no_outcome_or_execution_logic (__main__.CompletedFeatureContracts.test_source_contains_no_outcome_or_execution_logic) ... ok
test_chunk_split_inside_equal_timestamp_matches_single_pass (__main__.DuplicateTimestampRawQuoteContracts.test_chunk_split_inside_equal_timestamp_matches_single_pass) ... ok
test_completed_bucket_preserves_duplicate_event_count_and_state_order (__main__.DuplicateTimestampRawQuoteContracts.test_completed_bucket_preserves_duplicate_event_count_and_state_order) ... ok
test_duplicate_exchange_milliseconds_are_distinct_ordered_events (__main__.DuplicateTimestampRawQuoteContracts.test_duplicate_exchange_milliseconds_are_distinct_ordered_events) ... ok
test_raw_time_regression_is_rejected_without_deduplication (__main__.DuplicateTimestampRawQuoteContracts.test_raw_time_regression_is_rejected_without_deduplication) ... ok

----------------------------------------------------------------------
Ran 7 tests in 0.082s

OK
test_cross_chunk_time_regression_is_rejected (__main__.RawChunkIntegrityContracts.test_cross_chunk_time_regression_is_rejected) ... ok
test_equal_time_update_id_regression_is_rejected (__main__.RawChunkIntegrityContracts.test_equal_time_update_id_regression_is_rejected) ... ok
test_equal_transaction_millisecond_preserves_update_order (__main__.RawChunkIntegrityContracts.test_equal_transaction_millisecond_preserves_update_order) ... ok
test_malformed_crossed_and_nonpositive_rows_fail_closed (__main__.RawChunkIntegrityContracts.test_malformed_crossed_and_nonpositive_rows_fail_closed) ... ok
test_arbitrary_chunk_boundaries_match_single_pass_exactly (__main__.RawOpenBucketCarryContracts.test_arbitrary_chunk_boundaries_match_single_pass_exactly) ... ok
test_duplicate_timestamp_events_contribute_individually (__main__.RawOpenBucketCarryContracts.test_duplicate_timestamp_events_contribute_individually) ... ok
test_later_buckets_cannot_change_already_closed_history (__main__.RawOpenBucketCarryContracts.test_later_buckets_cannot_change_already_closed_history) ... ok
test_streaming_revision_contains_no_daily_materialization_or_trading_logic (__main__.RawOpenBucketCarryContracts.test_streaming_revision_contains_no_daily_materialization_or_trading_logic) ... ok

----------------------------------------------------------------------
Ran 8 tests in 0.257s

OK
test_direction_must_be_signed (__main__.ExecutableQuoteReferenceContracts.test_direction_must_be_signed) ... ok
test_invalid_or_crossed_completed_quote_fails_closed (__main__.ExecutableQuoteReferenceContracts.test_invalid_or_crossed_completed_quote_fails_closed) ... ok
test_long_uses_completed_best_ask_not_trade_close (__main__.ExecutableQuoteReferenceContracts.test_long_uses_completed_best_ask_not_trade_close) ... ok
test_short_uses_completed_best_bid_not_trade_close (__main__.ExecutableQuoteReferenceContracts.test_short_uses_completed_best_bid_not_trade_close) ... ok
test_invalid_direction_or_nonpositive_inputs_fail_closed (__main__.ExpectedOneTickFillContracts.test_invalid_direction_or_nonpositive_inputs_fail_closed) ... ok
test_long_and_short_fill_one_tick_adverse_from_l1 (__main__.ExpectedOneTickFillContracts.test_long_and_short_fill_one_tick_adverse_from_l1) ... ok
test_fill_adjusted_exit_requires_strictly_later_event_time (__main__.FillAdjustedExitTimingContracts.test_fill_adjusted_exit_requires_strictly_later_event_time) ... ok
test_fill_adjusted_exit_without_position_open_time_fails_closed (__main__.FillAdjustedExitTimingContracts.test_fill_adjusted_exit_without_position_open_time_fails_closed) ... ok
test_non_risk_exit_is_not_changed_by_guard (__main__.FillAdjustedExitTimingContracts.test_non_risk_exit_is_not_changed_by_guard) ... ok

----------------------------------------------------------------------
Ran 9 tests in 0.012s

OK
test_completed_snapshot_reproduces_venue_state_at_bar_end_plus_one_ns (__main__.NativeQuoteSnapshotContracts.test_completed_snapshot_reproduces_venue_state_at_bar_end_plus_one_ns) ... ok
test_invalid_or_crossed_state_fails_closed (__main__.NativeQuoteSnapshotContracts.test_invalid_or_crossed_state_fails_closed) ... ok
test_non_quote_frame_is_backward_compatible (__main__.NativeQuoteSnapshotContracts.test_non_quote_frame_is_backward_compatible) ... ok
test_source_event_must_be_inside_the_completed_bucket (__main__.NativeQuoteSnapshotContracts.test_source_event_must_be_inside_the_completed_bucket) ... ok
test_unobservable_bucket_emits_no_native_quote (__main__.NativeQuoteSnapshotContracts.test_unobservable_bucket_emits_no_native_quote) ... ok

----------------------------------------------------------------------
Ran 5 tests in 0.007s

OK
test_adapter_contains_no_new_backtest_or_sizing_engine (__main__.NativeAdapterContracts.test_adapter_contains_no_new_backtest_or_sizing_engine) ... ok
test_config_and_implementation_revisions_are_bound (__main__.NativeAdapterContracts.test_config_and_implementation_revisions_are_bound) ... ok
test_family_resolution_prefers_immutable_signal_field (__main__.NativeAdapterContracts.test_family_resolution_prefers_immutable_signal_field) ... ok
test_inherited_native_engine_config_contract_is_complete (__main__.NativeAdapterContracts.test_inherited_native_engine_config_contract_is_complete) ... ok
test_only_predeclared_ablation_is_exposed (__main__.NativeAdapterContracts.test_only_predeclared_ablation_is_exposed) ... ok
test_order_and_intent_labels_name_real_quote_scenarios (__main__.NativeAdapterContracts.test_order_and_intent_labels_name_real_quote_scenarios) ... ok
test_verified_runner_boundaries_are_reused (__main__.NativeAdapterContracts.test_verified_runner_boundaries_are_reused) ... ok

----------------------------------------------------------------------
Ran 7 tests in 0.001s

OK
Traceback (most recent call last):
  File "/__w/SMC_ICT_4_LIVE/SMC_ICT_4_LIVE/research/candidate-08/run_qh_session_liquidity_nautilus_v1.py", line 206, in <module>
    raise SystemExit(main())
                     ~~~~^^
  File "/__w/SMC_ICT_4_LIVE/SMC_ICT_4_LIVE/research/candidate-08/run_qh_session_liquidity_nautilus_v1.py", line 190, in main
    run_suite(
    ~~~~~~~~~^
        config_path=args.config.resolve(),
        ^^^^^^^^^^^^^^^^^^^^^^^^^^^^^^^^^^
    ...<8 lines>...
        ),
        ^^
    )
    ^
  File "/__w/SMC_ICT_4_LIVE/SMC_ICT_4_LIVE/research/candidate-08/run_qh_session_liquidity_nautilus_v1.py", line 166, in run_suite
    return base.run_suite(
           ~~~~~~~~~~~~~~^
        config_path=config_path,
        ^^^^^^^^^^^^^^^^^^^^^^^^
    ...<5 lines>...
        ablation=base.BASE_ABLATION,
        ^^^^^^^^^^^^^^^^^^^^^^^^^^^^
    )
    ^
  File "/__w/SMC_ICT_4_LIVE/SMC_ICT_4_LIVE/research/candidate-08/run_quote_resiliency_nautilus.py", line 401, in run_suite
    return execution.runner.base_runner.run_suite(
           ~~~~~~~~~~~~~~~~~~~~~~~~~~~~~~~~~~~~~~^
        config_path=config_path,
        ^^^^^^^^^^^^^^^^^^^^^^^^
    ...<5 lines>...
        ablation=ablation,
        ^^^^^^^^^^^^^^^^^^
    )
    ^
  File "/__w/SMC_ICT_4_LIVE/SMC_ICT_4_LIVE/research/candidate-08/run_aggtrade_acceptance_nautilus.py", line 963, in run_suite
    result = run_window(
        config=config,
    ...<5 lines>...
        ablation=ablation,
    )
  File "/__w/SMC_ICT_4_LIVE/SMC_ICT_4_LIVE/research/candidate-08/run_aggtrade_flow_response_auction_nautilus.py", line 212, in _flow_response_run_window
    return _original_run_window(*args, **kwargs)
  File "/__w/SMC_ICT_4_LIVE/SMC_ICT_4_LIVE/research/candidate-08/run_quote_resiliency_nautilus.py", line 351, in _run_window_with_risk_classification
    return run_window_classifying_execution_risk(
        _NATIVE_ORIGINAL_RUN_WINDOW,
        *args,
        **kwargs,
    )
  File "/__w/SMC_ICT_4_LIVE/SMC_ICT_4_LIVE/research/candidate-08/aggtrade_acceptance_risk_v2.py", line 255, in run_window_classifying_execution_risk
    return original_run_window(*args, **kwargs)
  File "/__w/SMC_ICT_4_LIVE/SMC_ICT_4_LIVE/research/candidate-08/run_aggtrade_acceptance_nautilus.py", line 528, in run_window
    ten_second, agg_sources, agg_quality = load_ten_second_aggtrades(
                                           ~~~~~~~~~~~~~~~~~~~~~~~~~^
        symbol=symbol,
        ^^^^^^^^^^^^^^
    ...<2 lines>...
        cache_dir=data_cache / "aggTrades",
        ^^^^^^^^^^^^^^^^^^^^^^^^^^^^^^^^^^^
    )
    ^
  File "/__w/SMC_ICT_4_LIVE/SMC_ICT_4_LIVE/research/candidate-08/run_quote_resiliency_nautilus.py", line 153, in _load_trade_and_quote_features
    quote_frame, quote_sources, quote_quality = load_completed_quote_buckets(
                                                ~~~~~~~~~~~~~~~~~~~~~~~~~~~~^
        symbol=str(symbol),
        ^^^^^^^^^^^^^^^^^^^
    ...<3 lines>...
        cadence_seconds=10,
        ^^^^^^^^^^^^^^^^^^^
    )
    ^
  File "/__w/SMC_ICT_4_LIVE/SMC_ICT_4_LIVE/research/candidate-08/quote_resiliency_data_v2.py", line 92, in load_completed_quote_buckets
    completed, aggregate_quality = aggregate_ordered_raw_quote_chunks(
                                   ~~~~~~~~~~~~~~~~~~~~~~~~~~~~~~~~~~^
        flattened(),
        ^^^^^^^^^^^^
        cadence_seconds=cadence_seconds,
        ^^^^^^^^^^^^^^^^^^^^^^^^^^^^^^^^
    )
    ^
  File "/__w/SMC_ICT_4_LIVE/SMC_ICT_4_LIVE/research/candidate-08/quote_resiliency_data.py", line 179, in aggregate_ordered_raw_quote_chunks
    for chunk in chunks:
                 ^^^^^^
  File "/__w/SMC_ICT_4_LIVE/SMC_ICT_4_LIVE/research/candidate-08/quote_resiliency_data_v2.py", line 59, in flattened
    path, url, checksum_url = book_base._verified_archive(
                              ~~~~~~~~~~~~~~~~~~~~~~~~~~~^
        cache_dir / symbol,
        ^^^^^^^^^^^^^^^^^^^
        symbol,
        ^^^^^^^
        day,
        ^^^^
    )
    ^
  File "/__w/SMC_ICT_4_LIVE/SMC_ICT_4_LIVE/research/candidate-08/bookticker_data_probe.py", line 85, in _verified_archive
    checksum_text = _download(checksum_url, timeout=180).decode("utf-8").strip()
                    ~~~~~~~~~^^^^^^^^^^^^^^^^^^^^^^^^^^^
  File "/__w/SMC_ICT_4_LIVE/SMC_ICT_4_LIVE/research/candidate-08/data.py", line 83, in _download
    raise BinanceDataError(f"download failed after {retries} attempts: {url}: {error}")
data.BinanceDataError: download failed after 4 attempts: https://data.binance.vision/data/futures/um/daily/bookTicker/BTCUSDT/BTCUSDT-bookTicker-2024-04-07.zip.CHECKSUM: HTTP Error 404: Not Found
