[OK] python: 3.13.5 (need 3.13.x)
[OK] nautilus_trader: 1.230.0 (need 1.230.0)
[OK] glibc: 2.36 (need >= 2.35)
[1m2026-08-06T14:49:30.854701281Z[0m [36m[INFO] TRADER-001.BacktestEngine: =================================================================[0m
[1m2026-08-06T14:49:30.854716801Z[0m [36m[INFO] TRADER-001.BacktestEngine:  NAUTILUS TRADER - Automated Algorithmic Trading Platform[0m
[1m2026-08-06T14:49:30.854717311Z[0m [36m[INFO] TRADER-001.BacktestEngine:  by Nautech Systems Pty Ltd.[0m
[1m2026-08-06T14:49:30.854717512Z[0m [36m[INFO] TRADER-001.BacktestEngine:  Copyright (C) 2015-2026. All rights reserved.[0m
[1m2026-08-06T14:49:30.854717652Z[0m [36m[INFO] TRADER-001.BacktestEngine: =================================================================[0m
[1m2026-08-06T14:49:30.854718073Z[0m [INFO] TRADER-001.BacktestEngine: [0m
[1m2026-08-06T14:49:30.854718223Z[0m [INFO] TRADER-001.BacktestEngine: ⠀⠀⠀⠀⠀⠀⠀⠀⠀⠀⠀⠀⠀⣠⣴⣶⡟⠀⠀⠀⠀⠀⠀⠀⠀⠀⠀⠀⠀⠀⠀[0m
[1m2026-08-06T14:49:30.854718393Z[0m [INFO] TRADER-001.BacktestEngine: ⠀⠀⠀⠀⠀⠀⠀⠀⠀⠀⠀⣰⣾⣿⣿⣿⠀⢸⣿⣿⣿⣿⣶⣶⣤⣀⠀⠀⠀⠀⠀[0m
[1m2026-08-06T14:49:30.854718654Z[0m [INFO] TRADER-001.BacktestEngine: ⠀⠀⠀⠀⠀⠀⢀⣴⡇⢀⣾⣿⣿⣿⣿⣿⠀⣾⣿⣿⣿⣿⣿⣿⣿⠿⠓⠀⠀⠀⠀[0m
[1m2026-08-06T14:49:30.854719055Z[0m [INFO] TRADER-001.BacktestEngine: ⠀⠀⠀⠀⠀⣰⣿⣿⡀⢸⣿⣿⣿⣿⣿⣿⠀⣿⣿⣿⣿⣿⣿⠟⠁⣠⣄⠀⠀⠀⠀[0m
[1m2026-08-06T14:49:30.854719455Z[0m [INFO] TRADER-001.BacktestEngine: ⠀⠀⠀⠀⢠⣿⣿⣿⣇⠀⢿⣿⣿⣿⣿⣿⠀⢻⣿⣿⣿⡿⢃⣠⣾⣿⣿⣧⡀⠀⠀[0m
[1m2026-08-06T14:49:30.854719766Z[0m [INFO] TRADER-001.BacktestEngine: ⠀⠀⠀⠠⣾⣿⣿⣿⣿⣿⣧⠈⠋⢀⣴⣧⠀⣿⡏⢠⡀⢸⣿⣿⣿⣿⣿⣿⣿⡇⠀[0m
[1m2026-08-06T14:49:30.854720327Z[0m [INFO] TRADER-001.BacktestEngine: ⠀⠀⠀⣀⠙⢿⣿⣿⣿⣿⣿⠇⢠⣿⣿⣿⡄⠹⠃⠼⠃⠈⠉⠛⠛⠛⠛⠛⠻⠇⠀[0m
[1m2026-08-06T14:49:30.854720928Z[0m [INFO] TRADER-001.BacktestEngine: ⠀⠀⢸⡟⢠⣤⠉⠛⠿⢿⣿⠀⢸⣿⡿⠋⣠⣤⣄⠀⣾⣿⣿⣶⣶⣶⣦⡄⠀⠀⠀[0m
[1m2026-08-06T14:49:30.854722411Z[0m [INFO] TRADER-001.BacktestEngine: ⠀⠀⠸⠀⣾⠏⣸⣷⠂⣠⣤⠀⠘⢁⣴⣾⣿⣿⣿⡆⠘⣿⣿⣿⣿⣿⣿⠀⠀⠀⠀[0m
[1m2026-08-06T14:49:30.854722541Z[0m [INFO] TRADER-001.BacktestEngine: ⠀⠀⠀⠀⠛⠀⣿⡟⠀⢻⣿⡄⠸⣿⣿⣿⣿⣿⣿⣿⡀⠘⣿⣿⣿⣿⠟⠀⠀⠀⠀[0m
[1m2026-08-06T14:49:30.854722661Z[0m [INFO] TRADER-001.BacktestEngine: ⠀⠀⠀⠀⠀⠀⣿⠇⠀⠀⢻⡿⠀⠈⠻⣿⣿⣿⣿⣿⡇⠀⢹⣿⠿⠋⠀⠀⠀⠀⠀[0m
[1m2026-08-06T14:49:30.854722782Z[0m [INFO] TRADER-001.BacktestEngine: ⠀⠀⠀⠀⠀⠀⠋⠀⠀⠀⡘⠁⠀⠀⠀⠀⠀⠀⠀⠀⠀⠀⠈⠁⠀⠀⠀⠀⠀⠀⠀[0m
[1m2026-08-06T14:49:30.854722912Z[0m [INFO] TRADER-001.BacktestEngine: [0m
[1m2026-08-06T14:49:30.854723032Z[0m [36m[INFO] TRADER-001.BacktestEngine: =================================================================[0m
[1m2026-08-06T14:49:30.854723303Z[0m [36m[INFO] TRADER-001.BacktestEngine:  SYSTEM SPECIFICATION[0m
[1m2026-08-06T14:49:30.854723463Z[0m [36m[INFO] TRADER-001.BacktestEngine: =================================================================[0m
[1m2026-08-06T14:49:30.854724675Z[0m [INFO] TRADER-001.BacktestEngine: CPU architecture: AMD EPYC 7763 64-Core Processor[0m
[1m2026-08-06T14:49:30.854725386Z[0m [INFO] TRADER-001.BacktestEngine: CPU(s): 4 @ 3243 MHz[0m
[1m2026-08-06T14:49:30.854726278Z[0m [INFO] TRADER-001.BacktestEngine: OS: kernel-6.17.0-1020-azure Linux (Debian GNU/Linux 12)[0m
[1m2026-08-06T14:49:30.854809754Z[0m [36m[INFO] TRADER-001.BacktestEngine: =================================================================[0m
[1m2026-08-06T14:49:30.854815905Z[0m [36m[INFO] TRADER-001.BacktestEngine:  MEMORY USAGE[0m
[1m2026-08-06T14:49:30.854816356Z[0m [36m[INFO] TRADER-001.BacktestEngine: =================================================================[0m
[1m2026-08-06T14:49:30.854820143Z[0m [INFO] TRADER-001.BacktestEngine: RAM-Total: 15.61 GiB[0m
[1m2026-08-06T14:49:30.854821546Z[0m [INFO] TRADER-001.BacktestEngine: RAM-Used: 1.41 GiB (9.06%)[0m
[1m2026-08-06T14:49:30.854822147Z[0m [INFO] TRADER-001.BacktestEngine: RAM-Avail: 14.20 GiB (90.94%)[0m
[1m2026-08-06T14:49:30.854823229Z[0m [INFO] TRADER-001.BacktestEngine: Swap-Total: 3.00 GiB[0m
[1m2026-08-06T14:49:30.854823980Z[0m [INFO] TRADER-001.BacktestEngine: Swap-Used: 0.00 GiB (0.00%)[0m
[1m2026-08-06T14:49:30.854825072Z[0m [INFO] TRADER-001.BacktestEngine: Swap-Avail: 3.00 GiB (100.00%)[0m
[1m2026-08-06T14:49:30.854825964Z[0m [36m[INFO] TRADER-001.BacktestEngine: =================================================================[0m
[1m2026-08-06T14:49:30.854826315Z[0m [36m[INFO] TRADER-001.BacktestEngine:  IDENTIFIERS[0m
[1m2026-08-06T14:49:30.854826625Z[0m [36m[INFO] TRADER-001.BacktestEngine: =================================================================[0m
[1m2026-08-06T14:49:30.854827196Z[0m [INFO] TRADER-001.BacktestEngine: trader_id: TRADER-001[0m
[1m2026-08-06T14:49:30.854827858Z[0m [INFO] TRADER-001.BacktestEngine: machine_id: 43afa77f90cb[0m
[1m2026-08-06T14:49:30.854829912Z[0m [INFO] TRADER-001.BacktestEngine: instance_id: b34411ac-f9f9-4a37-a56f-02c3101bc158[0m
[1m2026-08-06T14:49:30.854830402Z[0m [INFO] TRADER-001.BacktestEngine: PID: 151[0m
[1m2026-08-06T14:49:30.854830813Z[0m [36m[INFO] TRADER-001.BacktestEngine: =================================================================[0m
[1m2026-08-06T14:49:30.854831054Z[0m [36m[INFO] TRADER-001.BacktestEngine:  VERSIONING[0m
[1m2026-08-06T14:49:30.854831254Z[0m [36m[INFO] TRADER-001.BacktestEngine: =================================================================[0m
[1m2026-08-06T14:49:30.854842966Z[0m [INFO] TRADER-001.BacktestEngine: nautilus_trader: 1.230.0[0m
[1m2026-08-06T14:49:30.854850109Z[0m [INFO] TRADER-001.BacktestEngine: python: 3.13.5[0m
[1m2026-08-06T14:49:30.854854688Z[0m [INFO] TRADER-001.BacktestEngine: numpy: 2.5.1[0m
[1m2026-08-06T14:49:30.854858855Z[0m [INFO] TRADER-001.BacktestEngine: pandas: 3.0.5[0m
[1m2026-08-06T14:49:30.854862682Z[0m [INFO] TRADER-001.BacktestEngine: msgspec: 0.21.1[0m
[1m2026-08-06T14:49:30.854866079Z[0m [INFO] TRADER-001.BacktestEngine: pyarrow: 25.0.0[0m
[1m2026-08-06T14:49:30.854870227Z[0m [INFO] TRADER-001.BacktestEngine: pytz: 2026.3.post1[0m
[1m2026-08-06T14:49:30.854873994Z[0m [INFO] TRADER-001.BacktestEngine: uvloop: 0.22.1[0m
[1m2026-08-06T14:49:30.854875517Z[0m [36m[INFO] TRADER-001.BacktestEngine: =================================================================[0m
[1m2026-08-06T14:49:30.854877821Z[0m [INFO] TRADER-001.nautilus_system::kernel: Building system kernel[0m
[1m2026-08-06T14:49:30.855271525Z[0m [INFO] TRADER-001.nautilus_backtest::engine: Adding exchange BINANCE to engine[0m
[1m2026-08-06T14:49:30.855655130Z[0m [INFO] TRADER-001.nautilus_backtest::exchange: Added instrument BTCUSDT-PERP.BINANCE and created matching engine[0m
[1m2026-08-06T14:49:30.855709792Z[0m [INFO] TRADER-001.nautilus_backtest::engine: Added instrument BTCUSDT-PERP.BINANCE to exchange BINANCE[0m
[1m2026-08-06T14:49:30.856587719Z[0m [INFO] TRADER-001.nautilus_backtest::engine: Added 8 data elements to BacktestEngine (8 total)[0m
[1m2026-08-06T14:49:30.856708364Z[0m [INFO] TRADER-001.DataActor-140721629428664: Ready[0m
[1m2026-08-06T14:49:30.856752807Z[0m [INFO] TRADER-001.nautilus_backtest::python::engine: Registered Python strategy DataActor-140721629428664[0m
[1m2026-08-06T14:49:30.856792100Z[0m [INFO] TRADER-001.nautilus_portfolio::portfolio: Updated AccountState(account_id=BINANCE-001, account_type=MARGIN, base_currency=USDT, is_reported=true, balances=[AccountBalance(total=100000.00000000 USDT, locked=0.00000000 USDT, free=100000.00000000 USDT)], margins=[], event_id=51ead7b2-5702-401c-bae5-d7563c84b5f3)[0m
[1m2024-04-08T00:00:10.000000000Z[0m [INFO] TRADER-001.nautilus_system::kernel: Starting[0m
[1m2024-04-08T00:00:10.000000000Z[0m [INFO] TRADER-001.nautilus_backtest::execution_client: Backtest execution client started[0m
[1m2024-04-08T00:00:10.000000000Z[0m [INFO] TRADER-001.nautilus_execution::engine: Started[0m
[1m2024-04-08T00:00:10.000000000Z[0m [INFO] TRADER-001.nautilus_risk::engine: Started[0m
[1m2024-04-08T00:00:10.000000000Z[0m [INFO] TRADER-001.nautilus_system::kernel: Initializing trader[0m
[1m2024-04-08T00:00:10.000000000Z[0m [INFO] TRADER-001.nautilus_system::kernel: Started[0m
[1m2024-04-08T00:00:10.000000000Z[0m [INFO] TRADER-001.nautilus_system::kernel: Starting trader...[0m
[1m2024-04-08T00:00:10.000000000Z[0m [INFO] TRADER-001.nautilus_execution::order_emulator::emulator: Started[0m
[1m2024-04-08T00:00:10.000000000Z[0m [INFO] TRADER-001.nautilus_system::trader: Starting[0m
[1m2024-04-08T00:00:10.000000000Z[0m [INFO] TRADER-001.DataActor-140721629428664: Starting[0m
[1m2024-04-08T00:00:10.000000000Z[0m [INFO] TRADER-001.nautilus_trading::strategy: Starting DataActor-140721629428664[0m
[1m2024-04-08T00:00:10.000000000Z[0m [INFO] TRADER-001.nautilus_common::actor::data_actor: [CMD]--> Subscribe(Bars(SubscribeBars { bar_type: Standard { instrument_id: "BTCUSDT-PERP.BINANCE", spec: BarSpecification { step: 10, aggregation: Second, price_type: Last }, aggregation_source: External }, client_id: None, venue: Some("BINANCE"), command_id: UUID4(eac96b44-8c33-4d5b-8603-47f61cc9922d), ts_init: UnixNanos(1712534410000000000), correlation_id: None, params: None }))[0m
[1m2024-04-08T00:00:10.000000000Z[0m [INFO] TRADER-001.DataActor-140721629428664: Running[0m
[1m2024-04-08T00:00:10.000000000Z[0m [INFO] TRADER-001.nautilus_system::trader: Running[0m
[1m2024-04-08T00:00:10.000000000Z[0m [INFO] TRADER-001.nautilus_system::kernel: Trader started[0m
[1m2024-04-08T00:00:10.000000000Z[0m [36m[INFO] TRADER-001.nautilus_backtest::engine: =================================================================[0m
[1m2024-04-08T00:00:10.000000000Z[0m [36m[INFO] TRADER-001.nautilus_backtest::engine:  BACKTEST PRE-RUN[0m
[1m2024-04-08T00:00:10.000000000Z[0m [36m[INFO] TRADER-001.nautilus_backtest::engine: =================================================================[0m
[1m2024-04-08T00:00:10.000000000Z[0m [36m[INFO] TRADER-001.nautilus_backtest::engine: =================================================================[0m
[1m2024-04-08T00:00:10.000000000Z[0m [INFO] TRADER-001.nautilus_backtest::engine:  SimulatedVenue BINANCE (MARGIN)[0m
[1m2024-04-08T00:00:10.000000000Z[0m [36m[INFO] TRADER-001.nautilus_backtest::engine: -----------------------------------------------------------------[0m
[1m2024-04-08T00:00:10.000000000Z[0m [INFO] TRADER-001.nautilus_backtest::engine: Balances starting:[0m
[1m2024-04-08T00:00:10.000000000Z[0m [INFO] TRADER-001.nautilus_backtest::engine:   100000.00000000 USDT[0m
[1m2024-04-08T00:00:10.000000000Z[0m [36m[INFO] TRADER-001.nautilus_backtest::engine: -----------------------------------------------------------------[0m
[1m2024-04-08T00:00:10.000000000Z[0m [36m[INFO] TRADER-001.nautilus_backtest::engine: =================================================================[0m
[1m2024-04-08T00:00:10.000000000Z[0m [36m[INFO] TRADER-001.nautilus_backtest::engine:  BACKTEST RUN[0m
[1m2024-04-08T00:00:10.000000000Z[0m [36m[INFO] TRADER-001.nautilus_backtest::engine: =================================================================[0m
[1m2024-04-08T00:00:10.000000000Z[0m [INFO] TRADER-001.nautilus_backtest::engine: Run config ID:  None[0m
[1m2024-04-08T00:00:10.000000000Z[0m [INFO] TRADER-001.nautilus_backtest::engine: Run ID:         31173994-8448-40b0-b3aa-3bc8473edcf0[0m
[1m2024-04-08T00:00:10.000000000Z[0m [INFO] TRADER-001.nautilus_backtest::engine: Backtest start: 2024-04-08T00:00:10.000000000Z[0m
[1m2024-04-08T00:00:10.000000000Z[0m [INFO] TRADER-001.nautilus_backtest::engine: Data elements:  8[0m
[1m2024-04-08T00:00:10.000000000Z[0m [36m[INFO] TRADER-001.nautilus_backtest::engine: -----------------------------------------------------------------[0m
[1m2024-04-08T00:00:10.000000000Z[0m [INFO] TRADER-001.nautilus_trading::strategy: DataActor-140721629428664 <--[EVT] OrderInitialized(instrument_id=BTCUSDT-PERP.BINANCE, client_order_id=O-20240408-000010-001-140721629428664-1, side=BUY, type=MARKET, quantity=0.010, time_in_force=GTC, post_only=false, reduce_only=false, quote_quantity=false, price=None, emulation_trigger=None, trigger_instrument_id=None, contingency_type=OTO, order_list_id=OL-20240408-000010-001-140721629428664-1, linked_order_ids=[O-20240408-000010-001-140721629428664-2, O-20240408-000010-001-140721629428664-3], parent_order_id=None, exec_algorithm_id=None, exec_algorithm_params=None, exec_spawn_id=None, tags=NATIVE_STRATEGY_DIAGNOSTIC)[0m
[1m2024-04-08T00:00:10.000000000Z[0m [INFO] TRADER-001.nautilus_trading::strategy: DataActor-140721629428664 <--[EVT] OrderInitialized(instrument_id=BTCUSDT-PERP.BINANCE, client_order_id=O-20240408-000010-001-140721629428664-2, side=SELL, type=STOP_MARKET, quantity=0.010, time_in_force=GTC, post_only=false, reduce_only=true, quote_quantity=false, price=None, emulation_trigger=None, trigger_instrument_id=None, contingency_type=OUO, order_list_id=OL-20240408-000010-001-140721629428664-1, linked_order_ids=[O-20240408-000010-001-140721629428664-3], parent_order_id=O-20240408-000010-001-140721629428664-1, exec_algorithm_id=None, exec_algorithm_params=None, exec_spawn_id=None, tags=NATIVE_STOP)[0m
[1m2024-04-08T00:00:10.000000000Z[0m [INFO] TRADER-001.nautilus_trading::strategy: DataActor-140721629428664 <--[EVT] OrderInitialized(instrument_id=BTCUSDT-PERP.BINANCE, client_order_id=O-20240408-000010-001-140721629428664-3, side=SELL, type=LIMIT, quantity=0.010, time_in_force=GTC, post_only=false, reduce_only=true, quote_quantity=false, price=102.0, emulation_trigger=None, trigger_instrument_id=None, contingency_type=OUO, order_list_id=OL-20240408-000010-001-140721629428664-1, linked_order_ids=[O-20240408-000010-001-140721629428664-2], parent_order_id=O-20240408-000010-001-140721629428664-1, exec_algorithm_id=None, exec_algorithm_params=None, exec_spawn_id=None, tags=NATIVE_TARGET)[0m
[1m2024-04-08T00:00:10.000000000Z[0m [INFO] TRADER-001.nautilus_trading::strategy: DataActor-140721629428664 [CMD]--> SubmitOrderList[0m
[1m2024-04-08T00:00:10.000000000Z[0m [94m[INFO] TRADER-001.nautilus_execution::engine: Submit OrderList(id=OL-20240408-000010-001-140721629428664-1, instrument_id=BTCUSDT-PERP.BINANCE, strategy_id=DataActor-140721629428664, client_order_ids=["O-20240408-000010-001-140721629428664-1", "O-20240408-000010-001-140721629428664-2", "O-20240408-000010-001-140721629428664-3"], ts_init=1712534410000000000)[0m
[1m2024-04-08T00:00:10.000000000Z[0m [94m[INFO] TRADER-001.nautilus_data::client: Subscribed BTCUSDT-PERP.BINANCE-10-SECOND-LAST-EXTERNAL bars[0m
[1m2024-04-08T00:00:10.000000000Z[0m [INFO] TRADER-001.nautilus_trading::strategy: DataActor-140721629428664 <--[EVT] OrderSubmitted(instrument_id=BTCUSDT-PERP.BINANCE, client_order_id=O-20240408-000010-001-140721629428664-1, account_id=BINANCE-001, ts_event=1712534410000000000)[0m
[1m2024-04-08T00:00:10.000000000Z[0m [INFO] TRADER-001.nautilus_trading::strategy: DataActor-140721629428664 <--[EVT] OrderSubmitted(instrument_id=BTCUSDT-PERP.BINANCE, client_order_id=O-20240408-000010-001-140721629428664-2, account_id=BINANCE-001, ts_event=1712534410000000000)[0m
[1m2024-04-08T00:00:10.000000000Z[0m [INFO] TRADER-001.nautilus_trading::strategy: DataActor-140721629428664 <--[EVT] OrderSubmitted(instrument_id=BTCUSDT-PERP.BINANCE, client_order_id=O-20240408-000010-001-140721629428664-3, account_id=BINANCE-001, ts_event=1712534410000000000)[0m
[1m2024-04-08T00:00:10.000000000Z[0m [INFO] TRADER-001.nautilus_portfolio::manager: BTCUSDT-PERP.BINANCE margin_init=0.00000000 USDT[0m
[1m2024-04-08T00:00:10.000000000Z[0m [INFO] TRADER-001.nautilus_trading::strategy: DataActor-140721629428664 <--[EVT] OrderFilled(instrument_id=BTCUSDT-PERP.BINANCE, client_order_id=O-20240408-000010-001-140721629428664-1, venue_order_id=BINANCE-1-1, account_id=BINANCE-001, trade_id=T-e8b3f45f31a35bc8-005, position_id=P-20240408-000010-001-140721629428664-1, order_side=BUY, order_type=MARKET, last_qty=0.010, last_px=100.1 USDT, commission=0.00060060 USDT, liquidity_side=TAKER, ts_event=1712534410000000000)[0m
[1m2024-04-08T00:00:10.000000000Z[0m [INFO] TRADER-001.nautilus_portfolio::portfolio: BTCUSDT-PERP.BINANCE net_position=0.01[0m
[1m2024-04-08T00:00:10.000000000Z[0m [INFO] TRADER-001.nautilus_portfolio::manager: BTCUSDT-PERP.BINANCE margin_maint=0.00400400 USDT[0m
[1m2024-04-08T00:00:10.000000000Z[0m [INFO] TRADER-001.nautilus_portfolio::portfolio: Updated AccountState(account_id=BINANCE-001, account_type=MARGIN, base_currency=USDT, is_reported=false, balances=[AccountBalance(total=99999.99939940 USDT, locked=0.00400400 USDT, free=99999.99539540 USDT)], margins=[MarginBalance(initial=0.00000000 USDT, maintenance=0.00400400 USDT, instrument_id=BTCUSDT-PERP.BINANCE)], event_id=eb3c600b-ae37-46c4-b3de-12fc5bbeee86)[0m
[1m2024-04-08T00:00:10.000000000Z[0m [INFO] TRADER-001.nautilus_trading::strategy: DataActor-140721629428664 <--[EVT] PositionOpened(PositionOpened { trader_id: "TRADER-001", strategy_id: "DataActor-140721629428664", instrument_id: "BTCUSDT-PERP.BINANCE", position_id: "P-20240408-000010-001-140721629428664-1", account_id: "BINANCE-001", opening_order_id: "O-20240408-000010-001-140721629428664-1", entry: Buy, side: Long, signed_qty: 0.01, quantity: Quantity(0.010), last_qty: Quantity(0.010), last_px: Price(100.1), currency: Currency(code='USDT', precision=8, iso4217=0, name='Tether', currency_type=CRYPTO), avg_px_open: 100.1, event_id: UUID4(ae69d316-1b99-4153-9528-2af29a543f66), ts_event: UnixNanos(1712534410000000000), ts_init: UnixNanos(1712534410000000000) })[0m
[1m2024-04-08T00:00:10.000000000Z[0m [INFO] TRADER-001.nautilus_portfolio::manager: BTCUSDT-PERP.BINANCE margin_init=0.00000000 USDT[0m
[1m2024-04-08T00:00:10.000000000Z[0m [INFO] TRADER-001.nautilus_portfolio::portfolio: Updated AccountState(account_id=BINANCE-001, account_type=MARGIN, base_currency=USDT, is_reported=false, balances=[AccountBalance(total=99999.99939940 USDT, locked=0.00400400 USDT, free=99999.99539540 USDT)], margins=[MarginBalance(initial=0.00000000 USDT, maintenance=0.00400400 USDT, instrument_id=BTCUSDT-PERP.BINANCE)], event_id=dae4c4c9-4ac2-440e-93ae-d99b2b3eec3f)[0m
[1m2024-04-08T00:00:10.000000000Z[0m [INFO] TRADER-001.nautilus_trading::strategy: DataActor-140721629428664 <--[EVT] OrderAccepted(instrument_id=BTCUSDT-PERP.BINANCE, client_order_id=O-20240408-000010-001-140721629428664-2, venue_order_id=BINANCE-1-2, account_id=BINANCE-001, ts_event=1712534410000000000)[0m
[1m2024-04-08T00:00:10.000000000Z[0m [INFO] TRADER-001.nautilus_portfolio::manager: BTCUSDT-PERP.BINANCE margin_init=0.00000000 USDT[0m
[1m2024-04-08T00:00:10.000000000Z[0m [INFO] TRADER-001.nautilus_portfolio::portfolio: Updated AccountState(account_id=BINANCE-001, account_type=MARGIN, base_currency=USDT, is_reported=false, balances=[AccountBalance(total=99999.99939940 USDT, locked=0.00400400 USDT, free=99999.99539540 USDT)], margins=[MarginBalance(initial=0.00000000 USDT, maintenance=0.00400400 USDT, instrument_id=BTCUSDT-PERP.BINANCE)], event_id=bf1b5c3b-a81f-45b2-b3b9-27590a144528)[0m
[1m2024-04-08T00:00:10.000000000Z[0m [INFO] TRADER-001.nautilus_trading::strategy: DataActor-140721629428664 <--[EVT] OrderAccepted(instrument_id=BTCUSDT-PERP.BINANCE, client_order_id=O-20240408-000010-001-140721629428664-3, venue_order_id=BINANCE-1-3, account_id=BINANCE-001, ts_event=1712534410000000000)[0m
[1m2024-04-08T00:00:10.000000000Z[0m [1;33m[WARN] TRADER-001.nautilus_common::cache: Cannot calculate unrealized PnL for P-20240408-000010-001-140721629428664-1, no quotes for BTCUSDT-PERP.BINANCE[0m
[1m2024-04-08T00:00:20.000000000Z[0m [1;33m[WARN] TRADER-001.nautilus_common::cache: Cannot calculate unrealized PnL for P-20240408-000010-001-140721629428664-1, no quotes for BTCUSDT-PERP.BINANCE[0m
[1m2024-04-08T00:00:30.000000000Z[0m [1;33m[WARN] TRADER-001.nautilus_common::cache: Cannot calculate unrealized PnL for P-20240408-000010-001-140721629428664-1, no quotes for BTCUSDT-PERP.BINANCE[0m
[1m2024-04-08T00:00:40.000000000Z[0m [1;33m[WARN] TRADER-001.nautilus_common::cache: Cannot calculate unrealized PnL for P-20240408-000010-001-140721629428664-1, no quotes for BTCUSDT-PERP.BINANCE[0m
[1m2024-04-08T00:00:50.000000000Z[0m [INFO] TRADER-001.nautilus_portfolio::manager: BTCUSDT-PERP.BINANCE margin_init=0.00000000 USDT[0m
[1m2024-04-08T00:00:50.000000000Z[0m [INFO] TRADER-001.nautilus_trading::strategy: DataActor-140721629428664 <--[EVT] OrderFilled(instrument_id=BTCUSDT-PERP.BINANCE, client_order_id=O-20240408-000010-001-140721629428664-3, venue_order_id=BINANCE-1-3, account_id=BINANCE-001, trade_id=T-83d9eee54411f3d9-017, position_id=P-20240408-000010-001-140721629428664-1, order_side=SELL, order_type=LIMIT, last_qty=0.010, last_px=102.4 USDT, commission=0.00061440 USDT, liquidity_side=MAKER, ts_event=1712534450000000000)[0m
[1m2024-04-08T00:00:50.000000000Z[0m [INFO] TRADER-001.nautilus_portfolio::portfolio: BTCUSDT-PERP.BINANCE net_position=0[0m
[1m2024-04-08T00:00:50.000000000Z[0m [INFO] TRADER-001.nautilus_portfolio::manager: BTCUSDT-PERP.BINANCE margin_maint=0.00000000 USDT[0m
[1m2024-04-08T00:00:50.000000000Z[0m [INFO] TRADER-001.nautilus_portfolio::portfolio: Updated AccountState(account_id=BINANCE-001, account_type=MARGIN, base_currency=USDT, is_reported=false, balances=[AccountBalance(total=100000.02178500 USDT, locked=0.00000000 USDT, free=100000.02178500 USDT)], margins=[], event_id=10a84e0b-6529-4742-8df4-5f855912ed1a)[0m
[1m2024-04-08T00:00:50.000000000Z[0m [INFO] TRADER-001.nautilus_trading::strategy: DataActor-140721629428664 <--[EVT] PositionClosed(PositionClosed { trader_id: "TRADER-001", strategy_id: "DataActor-140721629428664", instrument_id: "BTCUSDT-PERP.BINANCE", position_id: "P-20240408-000010-001-140721629428664-1", account_id: "BINANCE-001", opening_order_id: "O-20240408-000010-001-140721629428664-1", closing_order_id: Some("O-20240408-000010-001-140721629428664-3"), entry: Buy, side: Flat, signed_qty: 0.0, quantity: Quantity(0.000), peak_quantity: Quantity(0.010), last_qty: Quantity(0.010), last_px: Price(102.4), currency: Currency(code='USDT', precision=8, iso4217=0, name='Tether', currency_type=CRYPTO), avg_px_open: 100.1, avg_px_close: Some(102.4), realized_return: 0.02297702297702309, realized_pnl: Some(Money(0.02178500, USDT)), unrealized_pnl: Money(0.00000000, USDT), duration: 40000000000, event_id: UUID4(41dc7e3d-301b-4559-bc9c-4e48cc38b190), ts_opened: UnixNanos(1712534410000000000), ts_closed: Some(UnixNanos(1712534450000000000)), ts_event: UnixNanos(1712534450000000000), ts_init: UnixNanos(1712534450000000000) })[0m
[1m2024-04-08T00:00:50.000000000Z[0m [INFO] TRADER-001.nautilus_portfolio::manager: BTCUSDT-PERP.BINANCE margin_init=0.00000000 USDT[0m
[1m2024-04-08T00:00:50.000000000Z[0m [INFO] TRADER-001.nautilus_portfolio::portfolio: Updated AccountState(account_id=BINANCE-001, account_type=MARGIN, base_currency=USDT, is_reported=false, balances=[AccountBalance(total=100000.02178500 USDT, locked=0.00000000 USDT, free=100000.02178500 USDT)], margins=[], event_id=76966036-1e8a-4806-b47c-fa4d0b802623)[0m
[1m2024-04-08T00:00:50.000000000Z[0m [INFO] TRADER-001.nautilus_trading::strategy: DataActor-140721629428664 <--[EVT] OrderCanceled(instrument_id=BTCUSDT-PERP.BINANCE, client_order_id=O-20240408-000010-001-140721629428664-2, venue_order_id=BINANCE-1-2, account_id=BINANCE-001, ts_event=1712534450000000000)[0m
[1m2024-04-08T00:01:20.000000000Z[0m [INFO] TRADER-001.nautilus_system::kernel: Stopping trader...[0m
[1m2024-04-08T00:01:20.000000000Z[0m [INFO] TRADER-001.nautilus_system::trader: Stopping[0m
[1m2024-04-08T00:01:20.000000000Z[0m [INFO] TRADER-001.DataActor-140721629428664: Stopping[0m
[1m2024-04-08T00:01:20.000000000Z[0m [INFO] TRADER-001.DataActor-140721629428664: Stopped[0m
[1m2024-04-08T00:01:20.000000000Z[0m [INFO] TRADER-001.nautilus_system::trader: Stopped[0m
[1m2024-04-08T00:01:20.000000000Z[0m [INFO] TRADER-001.nautilus_risk::engine: Stopped[0m
[1m2024-04-08T00:01:20.000000000Z[0m [INFO] TRADER-001.nautilus_backtest::execution_client: Backtest execution client stopped[0m
[1m2024-04-08T00:01:20.000000000Z[0m [INFO] TRADER-001.nautilus_execution::engine: Stopped[0m
[1m2026-08-06T14:49:30.858131047Z[0m [36m[INFO] TRADER-001.nautilus_backtest::engine: =================================================================[0m
[1m2026-08-06T14:49:30.858131839Z[0m [36m[INFO] TRADER-001.nautilus_backtest::engine:  BACKTEST POST-RUN[0m
[1m2026-08-06T14:49:30.858132270Z[0m [36m[INFO] TRADER-001.nautilus_backtest::engine: =================================================================[0m
[1m2026-08-06T14:49:30.858132530Z[0m [INFO] TRADER-001.nautilus_backtest::engine: Run config ID:  None[0m
[1m2026-08-06T14:49:30.858133091Z[0m [INFO] TRADER-001.nautilus_backtest::engine: Run ID:         31173994-8448-40b0-b3aa-3bc8473edcf0[0m
[1m2026-08-06T14:49:30.858133592Z[0m [INFO] TRADER-001.nautilus_backtest::engine: Run started:    2026-08-06T14:49:30.856770210Z[0m
[1m2026-08-06T14:49:30.858134043Z[0m [INFO] TRADER-001.nautilus_backtest::engine: Run finished:   2026-08-06T14:49:30.858122802Z[0m
[1m2026-08-06T14:49:30.858134584Z[0m [INFO] TRADER-001.nautilus_backtest::engine: Elapsed time:   0 days 00:00:00.001352[0m
[1m2026-08-06T14:49:30.858134995Z[0m [INFO] TRADER-001.nautilus_backtest::engine: Backtest start: 2024-04-08T00:00:10.000000000Z[0m
[1m2026-08-06T14:49:30.858135265Z[0m [INFO] TRADER-001.nautilus_backtest::engine: Backtest end:   2024-04-08T00:01:20.000000000Z[0m
[1m2026-08-06T14:49:30.858135806Z[0m [INFO] TRADER-001.nautilus_backtest::engine: Backtest range: 0 days 00:01:10.000000[0m
[1m2026-08-06T14:49:30.858136217Z[0m [INFO] TRADER-001.nautilus_backtest::engine: Iterations: 8[0m
[1m2026-08-06T14:49:30.858136638Z[0m [INFO] TRADER-001.nautilus_backtest::engine: Total events: 8[0m
[1m2026-08-06T14:49:30.858136988Z[0m [INFO] TRADER-001.nautilus_backtest::engine: Total orders: 3[0m
[1m2026-08-06T14:49:30.858137539Z[0m [INFO] TRADER-001.nautilus_backtest::engine: Total positions: 1[0m
[1m2026-08-06T14:49:30.858154812Z[0m [36m[INFO] TRADER-001.nautilus_backtest::engine: =================================================================[0m
[1m2026-08-06T14:49:30.858155423Z[0m [36m[INFO] TRADER-001.nautilus_backtest::engine:  PORTFOLIO PERFORMANCE[0m
[1m2026-08-06T14:49:30.858155934Z[0m [36m[INFO] TRADER-001.nautilus_backtest::engine: =================================================================[0m
[1m2026-08-06T14:49:30.858156424Z[0m [INFO] TRADER-001.nautilus_backtest::engine:  PnL Statistics (USDT)[0m
[1m2026-08-06T14:49:30.858157036Z[0m [36m[INFO] TRADER-001.nautilus_backtest::engine: -----------------------------------------------------------------[0m
[1m2026-08-06T14:49:30.858190799Z[0m [INFO] TRADER-001.nautilus_backtest::engine: Avg Loser:                      NaN[0m
[1m2026-08-06T14:49:30.858197261Z[0m [INFO] TRADER-001.nautilus_backtest::engine: Avg Winner:                     0.02[0m
[1m2026-08-06T14:49:30.858197551Z[0m [INFO] TRADER-001.nautilus_backtest::engine: Expectancy:                     0.02[0m
[1m2026-08-06T14:49:30.858197761Z[0m [INFO] TRADER-001.nautilus_backtest::engine: Max Loser:                      NaN[0m
[1m2026-08-06T14:49:30.858197952Z[0m [INFO] TRADER-001.nautilus_backtest::engine: Max Winner:                     0.02[0m
[1m2026-08-06T14:49:30.858198132Z[0m [INFO] TRADER-001.nautilus_backtest::engine: Min Loser:                      NaN[0m
[1m2026-08-06T14:49:30.858198313Z[0m [INFO] TRADER-001.nautilus_backtest::engine: Min Winner:                     0.02[0m
[1m2026-08-06T14:49:30.858198593Z[0m [INFO] TRADER-001.nautilus_backtest::engine: PnL (total):                    0.02[0m
[1m2026-08-06T14:49:30.858198823Z[0m [INFO] TRADER-001.nautilus_backtest::engine: PnL% (total):                   0.00[0m
[1m2026-08-06T14:49:30.858199174Z[0m [INFO] TRADER-001.nautilus_backtest::engine: Win Rate:                       1.00[0m
[1m2026-08-06T14:49:30.858199845Z[0m [36m[INFO] TRADER-001.nautilus_backtest::engine: -----------------------------------------------------------------[0m
[1m2026-08-06T14:49:30.858200136Z[0m [INFO] TRADER-001.nautilus_backtest::engine:  Returns Statistics[0m
[1m2026-08-06T14:49:30.858200366Z[0m [36m[INFO] TRADER-001.nautilus_backtest::engine: -----------------------------------------------------------------[0m
[1m2026-08-06T14:49:30.858210255Z[0m [INFO] TRADER-001.nautilus_backtest::engine: Average (Return):               0.02[0m
[1m2026-08-06T14:49:30.858210545Z[0m [INFO] TRADER-001.nautilus_backtest::engine: Average Loss (Return):          NaN[0m
[1m2026-08-06T14:49:30.858210766Z[0m [INFO] TRADER-001.nautilus_backtest::engine: Average Win (Return):           0.02[0m
[1m2026-08-06T14:49:30.858210946Z[0m [INFO] TRADER-001.nautilus_backtest::engine: Profit Factor:                  NaN[0m
[1m2026-08-06T14:49:30.858211126Z[0m [INFO] TRADER-001.nautilus_backtest::engine: Returns Volatility (252 days):  NaN[0m
[1m2026-08-06T14:49:30.858211297Z[0m [INFO] TRADER-001.nautilus_backtest::engine: Risk Return Ratio:              NaN[0m
[1m2026-08-06T14:49:30.858211477Z[0m [INFO] TRADER-001.nautilus_backtest::engine: Sharpe Ratio (252 days):        NaN[0m
[1m2026-08-06T14:49:30.858211658Z[0m [INFO] TRADER-001.nautilus_backtest::engine: Sortino Ratio (252 days):       NaN[0m
[1m2026-08-06T14:49:30.858212188Z[0m [36m[INFO] TRADER-001.nautilus_backtest::engine: -----------------------------------------------------------------[0m
[1m2026-08-06T14:49:30.858212539Z[0m [INFO] TRADER-001.nautilus_backtest::engine:  General Statistics[0m
[1m2026-08-06T14:49:30.858212769Z[0m [36m[INFO] TRADER-001.nautilus_backtest::engine: -----------------------------------------------------------------[0m
[1m2026-08-06T14:49:30.858214924Z[0m [INFO] TRADER-001.nautilus_backtest::engine: Long Ratio:                     1[0m
[1m2026-08-06T14:49:30.858215264Z[0m [36m[INFO] TRADER-001.nautilus_backtest::engine: -----------------------------------------------------------------[0m
[1m2026-08-06T14:49:30.925320823Z[0m [INFO] TRADER-001.nautilus_system::kernel: Disposing[0m
[1m2026-08-06T14:49:30.925344467Z[0m [INFO] TRADER-001.nautilus_system::trader: Disposing[0m
[1m2026-08-06T14:49:30.925348845Z[0m [INFO] TRADER-001.DataActor-140721629428664: Disposing[0m
[1m2026-08-06T14:49:30.925356109Z[0m [INFO] TRADER-001.DataActor-140721629428664: Disposed[0m
[1m2026-08-06T14:49:30.925364985Z[0m [INFO] TRADER-001.nautilus_system::trader: Disposed[0m
[1m2026-08-06T14:49:30.925369974Z[0m [INFO] TRADER-001.nautilus_backtest::execution_client: Backtest execution client stopped[0m
[1m2026-08-06T14:49:30.925372319Z[0m [INFO] TRADER-001.nautilus_execution::engine: Stopped[0m
[1m2026-08-06T14:49:30.925373491Z[0m [INFO] TRADER-001.nautilus_risk::engine: Stopped[0m
[1m2026-08-06T14:49:30.925374843Z[0m [INFO] TRADER-001.nautilus_execution::order_emulator::emulator: Stopped[0m
[1m2026-08-06T14:49:30.925380233Z[0m [INFO] TRADER-001.nautilus_execution::engine: Disposed[0m
[1m2026-08-06T14:49:30.925381025Z[0m [INFO] TRADER-001.nautilus_risk::engine: Disposed[0m
[1m2026-08-06T14:49:30.925383279Z[0m [INFO] TRADER-001.nautilus_execution::order_emulator::emulator: Disposed[0m
[1m2026-08-06T14:49:30.925480961Z[0m [INFO] TRADER-001.nautilus_common::cache: Reset cache[0m
[1m2026-08-06T14:49:30.925507541Z[0m [INFO] TRADER-001.nautilus_system::kernel: Disposed[0m
{
  "account": {
    "final_nav": "100000.02178500 USDT",
    "type": "nautilus_trader.core.nautilus_pyo3.model.MarginAccount"
  },
  "chain": {
    "bracket_ids_valid": true,
    "custom_native_config": true,
    "direct_shared_nav": true,
    "engine_run_completed": true,
    "native_data": true,
    "native_instrument": true,
    "native_python_strategy_added": true,
    "native_venue": true,
    "no_open_orders": true,
    "no_open_positions": true,
    "position_round_trip": true,
    "reports_semantic": false,
    "semantic_smoke_passed": false
  },
  "classification": "IMPLEMENTATION_BOUNDARY_DIAGNOSTIC_ONLY",
  "failures": [
    {
      "error": "'builtin_function_or_method' object is not iterable",
      "error_type": "TypeError",
      "label": "generate fills report"
    }
  ],
  "reports": {
    "orders": {
      "columns": [
        "trader_id",
        "strategy_id",
        "instrument_id",
        "side",
        "type",
        "quantity",
        "status",
        "time_in_force",
        "is_reduce_only",
        "is_quote_quantity",
        "filled_qty",
        "init_id",
        "ts_init",
        "ts_last",
        "commissions",
        "venue_order_id",
        "emulation_trigger",
        "contingency_type",
        "order_list_id",
        "linked_order_ids",
        "parent_order_id",
        "exec_algorithm_id",
        "exec_algorithm_params",
        "exec_spawn_id",
        "tags",
        "account_id",
        "slippage",
        "position_id",
        "liquidity_side",
        "last_trade_id",
        "avg_px",
        "trigger_price",
        "trigger_type",
        "expire_time_ns",
        "display_qty",
        "trigger_instrument_id",
        "price",
        "is_post_only"
      ],
      "rows": 3
    },
    "positions": {
      "columns": [
        "type",
        "events",
        "adjustments",
        "trader_id",
        "strategy_id",
        "instrument_id",
        "account_id",
        "opening_order_id",
        "closing_order_id",
        "entry",
        "side",
        "quantity",
        "peak_qty",
        "price_precision",
        "size_precision",
        "multiplier",
        "is_inverse",
        "ts_init",
        "ts_opened",
        "ts_last",
        "ts_closed",
        "duration_ns",
        "avg_px_open",
        "avg_px_close",
        "realized_return",
        "realized_pnl",
        "venue_order_ids",
        "trade_ids",
        "buy_qty",
        "sell_qty",
        "commissions",
        "is_snapshot"
      ],
      "rows": 1
    }
  }
}
