/__w/SMC_ICT_4_LIVE/SMC_ICT_4_LIVE/research/candidate-09/run.py:260: Pandas4Warning: Timestamp.utcnow is deprecated and will be removed in a future version. Use Timestamp.now('UTC') instead.
  engine.run()
/__w/SMC_ICT_4_LIVE/SMC_ICT_4_LIVE/research/candidate-09/run.py:260: Pandas4Warning: Timestamp.utcnow is deprecated and will be removed in a future version. Use Timestamp.now('UTC') instead.
  engine.run()
/__w/SMC_ICT_4_LIVE/SMC_ICT_4_LIVE/research/candidate-09/run.py:260: Pandas4Warning: Timestamp.utcnow is deprecated and will be removed in a future version. Use Timestamp.now('UTC') instead.
  engine.run()
/__w/SMC_ICT_4_LIVE/SMC_ICT_4_LIVE/research/candidate-09/run.py:260: Pandas4Warning: Timestamp.utcnow is deprecated and will be removed in a future version. Use Timestamp.now('UTC') instead.
  engine.run()
/__w/SMC_ICT_4_LIVE/SMC_ICT_4_LIVE/research/candidate-09/run.py:260: Pandas4Warning: Timestamp.utcnow is deprecated and will be removed in a future version. Use Timestamp.now('UTC') instead.
  engine.run()
/__w/SMC_ICT_4_LIVE/SMC_ICT_4_LIVE/research/candidate-09/run.py:260: Pandas4Warning: Timestamp.utcnow is deprecated and will be removed in a future version. Use Timestamp.now('UTC') instead.
  engine.run()
/__w/SMC_ICT_4_LIVE/SMC_ICT_4_LIVE/research/candidate-09/run.py:260: Pandas4Warning: Timestamp.utcnow is deprecated and will be removed in a future version. Use Timestamp.now('UTC') instead.
  engine.run()
/__w/SMC_ICT_4_LIVE/SMC_ICT_4_LIVE/research/candidate-09/run.py:260: Pandas4Warning: Timestamp.utcnow is deprecated and will be removed in a future version. Use Timestamp.now('UTC') instead.
  engine.run()
/__w/SMC_ICT_4_LIVE/SMC_ICT_4_LIVE/research/candidate-09/run.py:260: Pandas4Warning: Timestamp.utcnow is deprecated and will be removed in a future version. Use Timestamp.now('UTC') instead.
  engine.run()
/__w/SMC_ICT_4_LIVE/SMC_ICT_4_LIVE/research/candidate-09/run.py:260: Pandas4Warning: Timestamp.utcnow is deprecated and will be removed in a future version. Use Timestamp.now('UTC') instead.
  engine.run()
/__w/SMC_ICT_4_LIVE/SMC_ICT_4_LIVE/research/candidate-09/run.py:260: Pandas4Warning: Timestamp.utcnow is deprecated and will be removed in a future version. Use Timestamp.now('UTC') instead.
  engine.run()
/__w/SMC_ICT_4_LIVE/SMC_ICT_4_LIVE/research/candidate-09/run.py:260: Pandas4Warning: Timestamp.utcnow is deprecated and will be removed in a future version. Use Timestamp.now('UTC') instead.
  engine.run()
/__w/SMC_ICT_4_LIVE/SMC_ICT_4_LIVE/research/candidate-09/run.py:260: Pandas4Warning: Timestamp.utcnow is deprecated and will be removed in a future version. Use Timestamp.now('UTC') instead.
  engine.run()
/__w/SMC_ICT_4_LIVE/SMC_ICT_4_LIVE/research/candidate-09/run.py:260: Pandas4Warning: Timestamp.utcnow is deprecated and will be removed in a future version. Use Timestamp.now('UTC') instead.
  engine.run()
/__w/SMC_ICT_4_LIVE/SMC_ICT_4_LIVE/research/candidate-09/run.py:260: Pandas4Warning: Timestamp.utcnow is deprecated and will be removed in a future version. Use Timestamp.now('UTC') instead.
  engine.run()
{
  "ablations": {
    "no-flow": {
      "active_segments": 1,
      "all_segments_positive": false,
      "calendar_days": 21.0,
      "daily_geometric_return": 0.0016941644175691994,
      "implementation_ok": true,
      "maximum_segment_drawdown": 0.0,
      "maximum_single_trade_profit_share": 1.0,
      "nav_multiple": 1.0361867101342501,
      "trades": 1,
      "trades_per_day": 0.047619047619047616
    },
    "no-retest": {
      "active_segments": 2,
      "all_segments_positive": false,
      "calendar_days": 21.0,
      "daily_geometric_return": -0.001206583618080237,
      "implementation_ok": true,
      "maximum_segment_drawdown": 0.029992738908003913,
      "maximum_single_trade_profit_share": 1.0,
      "nav_multiple": 0.9749651476245538,
      "trades": 3,
      "trades_per_day": 0.14285714285714285
    },
    "range-midpoint": {
      "active_segments": 0,
      "all_segments_positive": false,
      "calendar_days": 21.0,
      "daily_geometric_return": 0.0,
      "implementation_ok": true,
      "maximum_segment_drawdown": 0.0,
      "maximum_single_trade_profit_share": 0.0,
      "nav_multiple": 1.0,
      "trades": 0,
      "trades_per_day": 0.0
    }
  },
  "baseline_weeks": [
    {
      "accounting_error": 0.0,
      "calendar_days": 7.0,
      "continuation_trades": 0,
      "daily_geometric_return": 0.0,
      "end_ns": 1644796800000000000,
      "ending_nav": 100000.0,
      "expectancy_r": null,
      "implementation_status": "OK",
      "largest_profit_share": null,
      "losses": 0,
      "max_drawdown": 0.0,
      "maximum_consecutive_losses": 0,
      "missing_feature_bars": 0,
      "native_account_final": 100000.0,
      "native_expected_final": 100000.0,
      "open_position_at_stop": false,
      "profit_factor": null,
      "rejected_orders": 0,
      "reversal_trades": 0,
      "run_id": "baseline:week-a",
      "segment": "week-a",
      "start_ns": 1644192000000000000,
      "starting_nav": 100000.0,
      "time_exits": 0,
      "total_return": 0.0,
      "trades": 0,
      "variant": "baseline",
      "win_rate": null,
      "wins": 0
    },
    {
      "accounting_error": 0.0,
      "calendar_days": 7.0,
      "continuation_trades": 0,
      "daily_geometric_return": 0.0,
      "end_ns": 1687132800000000000,
      "ending_nav": 100000.0,
      "expectancy_r": null,
      "implementation_status": "OK",
      "largest_profit_share": null,
      "losses": 0,
      "max_drawdown": 0.0,
      "maximum_consecutive_losses": 0,
      "missing_feature_bars": 0,
      "native_account_final": 100000.0,
      "native_expected_final": 100000.0,
      "open_position_at_stop": false,
      "profit_factor": null,
      "rejected_orders": 0,
      "reversal_trades": 0,
      "run_id": "baseline:week-b",
      "segment": "week-b",
      "start_ns": 1686528000000000000,
      "starting_nav": 100000.0,
      "time_exits": 0,
      "total_return": 0.0,
      "trades": 0,
      "variant": "baseline",
      "win_rate": null,
      "wins": 0
    },
    {
      "accounting_error": 0.0,
      "calendar_days": 7.0,
      "continuation_trades": 0,
      "daily_geometric_return": 0.0,
      "end_ns": 1729468800000000000,
      "ending_nav": 100000.0,
      "expectancy_r": null,
      "implementation_status": "OK",
      "largest_profit_share": null,
      "losses": 0,
      "max_drawdown": 0.0,
      "maximum_consecutive_losses": 0,
      "missing_feature_bars": 0,
      "native_account_final": 100000.0,
      "native_expected_final": 100000.0,
      "open_position_at_stop": false,
      "profit_factor": null,
      "rejected_orders": 0,
      "reversal_trades": 0,
      "run_id": "baseline:week-c",
      "segment": "week-c",
      "start_ns": 1728864000000000000,
      "starting_nav": 100000.0,
      "time_exits": 0,
      "total_return": 0.0,
      "trades": 0,
      "variant": "baseline",
      "win_rate": null,
      "wins": 0
    }
  ],
  "candidate": "candidate-09-v20",
  "diagnosis": {
    "action": "The single-variable ablation no-flow improved pooled cost-after growth; revise only that confirmation layer, then freeze and retest.",
    "baseline_daily_geometric_return": 0.0,
    "best_ablation_daily_geometric_return": 0.0016941644175691994,
    "classification": "LOGIC_ERROR_WITH_STRUCTURAL_PATH",
    "largest_influence": "no-flow"
  },
  "gate": {
    "account_exhaustion_signals": 0,
    "checks": {
      "account_remained_recoverable": true,
      "implementation_ok": true,
      "minimum_active_weeks": false,
      "minimum_total_trades": false,
      "pooled_daily_geometric_return": false,
      "profit_not_single_trade_dominated": true
    },
    "passed": false,
    "pooled": {
      "active_segments": 0,
      "all_segments_positive": false,
      "calendar_days": 21.0,
      "daily_geometric_return": 0.0,
      "implementation_ok": true,
      "maximum_segment_drawdown": 0.0,
      "maximum_single_trade_profit_share": 0.0,
      "nav_multiple": 1.0,
      "trades": 0,
      "trades_per_day": 0.0
    },
    "sizing_infeasible_signals": 0
  },
  "status": "GATE_FAIL"
}
