/__w/SMC_ICT_4_LIVE/SMC_ICT_4_LIVE/research/candidate-08/run_range_fvg_reaccel.py:123: Pandas4Warning: Timestamp.utcnow is deprecated and will be removed in a future version. Use Timestamp.now('UTC') instead.
  engine.run()
{"closed_trades": 0, "daily_geometric_growth": 0.0, "final_nav_usdt": 100000.0, "signals": 2, "win_rate": 0.0, "window": "screen-01"}
{
  "candidate": "candidate-08-range-fvg-reaccel",
  "closed_trades_by_window": [
    0
  ],
  "combined_calendar_days": 7.0,
  "combined_daily_geometric_growth": 0.0,
  "goal_daily_geometric_growth": 0.01,
  "goal_met": false,
  "positive_windows": 0,
  "predeclared_windows": [
    {
      "end": "2024-04-15T00:00:00Z",
      "name": "screen-01",
      "start": "2024-04-08T00:00:00Z"
    }
  ],
  "screen_gate_checks": {
    "all_windows_cost_after_positive": null,
    "minimum_closed_trades_each_week": null,
    "minimum_positive_weeks": null,
    "no_execution_failures": true,
    "no_residual_exposure": true
  },
  "screen_gate_passed": null,
  "suite": "first",
  "window_results": [
    {
      "closed_trades": 0,
      "daily_geometric_growth": 0.0,
      "detector_signals": 2,
      "final_nav_usdt": 100000.0,
      "maximum_realized_equity_drawdown": 0.0,
      "name": "screen-01",
      "total_return": 0.0,
      "win_rate": 0.0
    }
  ]
}
