[OK] python: 3.13.5 (need 3.13.x)
[OK] nautilus_trader: 1.230.0 (need 1.230.0)
[OK] glibc: 2.36 (need >= 2.35)
test_long_stop_uses_observed_retest_low (__main__.SharedAcceptanceContractTests.test_long_stop_uses_observed_retest_low) ... ok
test_short_stop_uses_observed_retest_high (__main__.SharedAcceptanceContractTests.test_short_stop_uses_observed_retest_high) ... ok
test_signal_schema_has_no_future_outcome (__main__.SharedAcceptanceContractTests.test_signal_schema_has_no_future_outcome) ... ok
test_source_never_calls_first_touch (__main__.SharedAcceptanceContractTests.test_source_never_calls_first_touch) ... ok
test_strategy_waits_for_all_assets_and_uses_market_entry (__main__.SharedAcceptanceContractTests.test_strategy_waits_for_all_assets_and_uses_market_entry) ... ok

----------------------------------------------------------------------
Ran 5 tests in 0.001s

OK
/__w/SMC_ICT_4_LIVE/SMC_ICT_4_LIVE/research/candidate-08/run_shared_acceptance_first_v1.py:288: Pandas4Warning: Timestamp.utcnow is deprecated and will be removed in a future version. Use Timestamp.now('UTC') instead.
  engine.run()
/__w/SMC_ICT_4_LIVE/SMC_ICT_4_LIVE/research/candidate-08/run_shared_acceptance_first_v1.py:288: Pandas4Warning: Timestamp.utcnow is deprecated and will be removed in a future version. Use Timestamp.now('UTC') instead.
  engine.run()
{
  "candidate": "candidate-08-aggtrade-acceptance-nautilus",
  "combined_daily_geometric_growth": -0.029677645428904498,
  "gate_checks": {
    "complete_multiasset_timestamps": false,
    "cost_after_positive": false,
    "minimum_closed_trades": true,
    "no_execution_failures": true,
    "no_residual_exposure": true
  },
  "gate_passed": false,
  "goal_daily_geometric_growth": 0.01,
  "goal_met": false,
  "suite": "first",
  "window_results": [
    {
      "closed_trades": 6,
      "daily_geometric_growth": -0.029677645428904498,
      "final_nav_usdt": 80986.43060497,
      "maximum_realized_equity_drawdown": 0.19013569395030006,
      "name": "screen-01",
      "signals": 6,
      "total_return": -0.19013569395030006,
      "win_rate": 0.0,
      "wins": 0
    }
  ]
}
