[OK] python: 3.13.5 (need 3.13.x)
[OK] nautilus_trader: 1.230.0 (need 1.230.0)
[OK] glibc: 2.36 (need >= 2.35)
test_signal_is_after_separate_m5_trigger_and_future_invariant (__main__.Contracts.test_signal_is_after_separate_m5_trigger_and_future_invariant) ... ok
test_state_router_separates_opening_types (__main__.Contracts.test_state_router_separates_opening_types) ... ok

----------------------------------------------------------------------
Ran 2 tests in 0.313s

OK
[1m2026-08-08T11:28:59.416316489Z[0m [36m[INFO] TRADER-001.BacktestEngine: =================================================================[0m
[1m2026-08-08T11:28:59.416339271Z[0m [36m[INFO] TRADER-001.BacktestEngine:  NAUTILUS TRADER - Automated Algorithmic Trading Platform[0m
[1m2026-08-08T11:28:59.416339692Z[0m [36m[INFO] TRADER-001.BacktestEngine:  by Nautech Systems Pty Ltd.[0m
[1m2026-08-08T11:28:59.416339872Z[0m [36m[INFO] TRADER-001.BacktestEngine:  Copyright (C) 2015-2026. All rights reserved.[0m
[1m2026-08-08T11:28:59.416340033Z[0m [36m[INFO] TRADER-001.BacktestEngine: =================================================================[0m
[1m2026-08-08T11:28:59.416340173Z[0m [INFO] TRADER-001.BacktestEngine: [0m
[1m2026-08-08T11:28:59.416340403Z[0m [INFO] TRADER-001.BacktestEngine: ⠀⠀⠀⠀⠀⠀⠀⠀⠀⠀⠀⠀⠀⣠⣴⣶⡟⠀⠀⠀⠀⠀⠀⠀⠀⠀⠀⠀⠀⠀⠀[0m
[1m2026-08-08T11:28:59.416340574Z[0m [INFO] TRADER-001.BacktestEngine: ⠀⠀⠀⠀⠀⠀⠀⠀⠀⠀⠀⣰⣾⣿⣿⣿⠀⢸⣿⣿⣿⣿⣶⣶⣤⣀⠀⠀⠀⠀⠀[0m
[1m2026-08-08T11:28:59.416340834Z[0m [INFO] TRADER-001.BacktestEngine: ⠀⠀⠀⠀⠀⠀⢀⣴⡇⢀⣾⣿⣿⣿⣿⣿⠀⣾⣿⣿⣿⣿⣿⣿⣿⠿⠓⠀⠀⠀⠀[0m
[1m2026-08-08T11:28:59.416340974Z[0m [INFO] TRADER-001.BacktestEngine: ⠀⠀⠀⠀⠀⣰⣿⣿⡀⢸⣿⣿⣿⣿⣿⣿⠀⣿⣿⣿⣿⣿⣿⠟⠁⣠⣄⠀⠀⠀⠀[0m
[1m2026-08-08T11:28:59.416341335Z[0m [INFO] TRADER-001.BacktestEngine: ⠀⠀⠀⠀⢠⣿⣿⣿⣇⠀⢿⣿⣿⣿⣿⣿⠀⢻⣿⣿⣿⡿⢃⣠⣾⣿⣿⣧⡀⠀⠀[0m
[1m2026-08-08T11:28:59.416341625Z[0m [INFO] TRADER-001.BacktestEngine: ⠀⠀⠀⠠⣾⣿⣿⣿⣿⣿⣧⠈⠋⢀⣴⣧⠀⣿⡏⢠⡀⢸⣿⣿⣿⣿⣿⣿⣿⡇⠀[0m
[1m2026-08-08T11:28:59.416341776Z[0m [INFO] TRADER-001.BacktestEngine: ⠀⠀⠀⣀⠙⢿⣿⣿⣿⣿⣿⠇⢠⣿⣿⣿⡄⠹⠃⠼⠃⠈⠉⠛⠛⠛⠛⠛⠻⠇⠀[0m
[1m2026-08-08T11:28:59.416342036Z[0m [INFO] TRADER-001.BacktestEngine: ⠀⠀⢸⡟⢠⣤⠉⠛⠿⢿⣿⠀⢸⣿⡿⠋⣠⣤⣄⠀⣾⣿⣿⣶⣶⣶⣦⡄⠀⠀⠀[0m
[1m2026-08-08T11:28:59.416342878Z[0m [INFO] TRADER-001.BacktestEngine: ⠀⠀⠸⠀⣾⠏⣸⣷⠂⣠⣤⠀⠘⢁⣴⣾⣿⣿⣿⡆⠘⣿⣿⣿⣿⣿⣿⠀⠀⠀⠀[0m
[1m2026-08-08T11:28:59.416343028Z[0m [INFO] TRADER-001.BacktestEngine: ⠀⠀⠀⠀⠛⠀⣿⡟⠀⢻⣿⡄⠸⣿⣿⣿⣿⣿⣿⣿⡀⠘⣿⣿⣿⣿⠟⠀⠀⠀⠀[0m
[1m2026-08-08T11:28:59.416343268Z[0m [INFO] TRADER-001.BacktestEngine: ⠀⠀⠀⠀⠀⠀⣿⠇⠀⠀⢻⡿⠀⠈⠻⣿⣿⣿⣿⣿⡇⠀⢹⣿⠿⠋⠀⠀⠀⠀⠀[0m
[1m2026-08-08T11:28:59.416343379Z[0m [INFO] TRADER-001.BacktestEngine: ⠀⠀⠀⠀⠀⠀⠋⠀⠀⠀⡘⠁⠀⠀⠀⠀⠀⠀⠀⠀⠀⠀⠈⠁⠀⠀⠀⠀⠀⠀⠀[0m
[1m2026-08-08T11:28:59.416343519Z[0m [INFO] TRADER-001.BacktestEngine: [0m
[1m2026-08-08T11:28:59.416343639Z[0m [36m[INFO] TRADER-001.BacktestEngine: =================================================================[0m
[1m2026-08-08T11:28:59.416343920Z[0m [36m[INFO] TRADER-001.BacktestEngine:  SYSTEM SPECIFICATION[0m
[1m2026-08-08T11:28:59.416344060Z[0m [36m[INFO] TRADER-001.BacktestEngine: =================================================================[0m
[1m2026-08-08T11:28:59.416345713Z[0m [INFO] TRADER-001.BacktestEngine: CPU architecture: AMD EPYC 7763 64-Core Processor[0m
[1m2026-08-08T11:28:59.416346505Z[0m [INFO] TRADER-001.BacktestEngine: CPU(s): 4 @ 2445 MHz[0m
[1m2026-08-08T11:28:59.416347587Z[0m [INFO] TRADER-001.BacktestEngine: OS: kernel-6.17.0-1020-azure Linux (Debian GNU/Linux 12)[0m
[1m2026-08-08T11:28:59.416408420Z[0m [36m[INFO] TRADER-001.BacktestEngine: =================================================================[0m
[1m2026-08-08T11:28:59.416408730Z[0m [36m[INFO] TRADER-001.BacktestEngine:  MEMORY USAGE[0m
[1m2026-08-08T11:28:59.416408891Z[0m [36m[INFO] TRADER-001.BacktestEngine: =================================================================[0m
[1m2026-08-08T11:28:59.416410734Z[0m [INFO] TRADER-001.BacktestEngine: RAM-Total: 15.62 GiB[0m
[1m2026-08-08T11:28:59.416411326Z[0m [INFO] TRADER-001.BacktestEngine: RAM-Used: 1.40 GiB (8.95%)[0m
[1m2026-08-08T11:28:59.416411756Z[0m [INFO] TRADER-001.BacktestEngine: RAM-Avail: 14.22 GiB (91.05%)[0m
[1m2026-08-08T11:28:59.416412367Z[0m [INFO] TRADER-001.BacktestEngine: Swap-Total: 3.00 GiB[0m
[1m2026-08-08T11:28:59.416412838Z[0m [INFO] TRADER-001.BacktestEngine: Swap-Used: 0.00 GiB (0.00%)[0m
[1m2026-08-08T11:28:59.416414521Z[0m [INFO] TRADER-001.BacktestEngine: Swap-Avail: 3.00 GiB (100.00%)[0m
[1m2026-08-08T11:28:59.416415022Z[0m [36m[INFO] TRADER-001.BacktestEngine: =================================================================[0m
[1m2026-08-08T11:28:59.416415283Z[0m [36m[INFO] TRADER-001.BacktestEngine:  IDENTIFIERS[0m
[1m2026-08-08T11:28:59.416415433Z[0m [36m[INFO] TRADER-001.BacktestEngine: =================================================================[0m
[1m2026-08-08T11:28:59.416415844Z[0m [INFO] TRADER-001.BacktestEngine: trader_id: TRADER-001[0m
[1m2026-08-08T11:28:59.416416375Z[0m [INFO] TRADER-001.BacktestEngine: machine_id: b7718fce939f[0m
[1m2026-08-08T11:28:59.416417447Z[0m [INFO] TRADER-001.BacktestEngine: instance_id: f3f9fb16-a529-42b2-bc1a-3ac671405388[0m
[1m2026-08-08T11:28:59.416417767Z[0m [INFO] TRADER-001.BacktestEngine: PID: 190[0m
[1m2026-08-08T11:28:59.416417918Z[0m [36m[INFO] TRADER-001.BacktestEngine: =================================================================[0m
[1m2026-08-08T11:28:59.416418218Z[0m [36m[INFO] TRADER-001.BacktestEngine:  VERSIONING[0m
[1m2026-08-08T11:28:59.416418348Z[0m [36m[INFO] TRADER-001.BacktestEngine: =================================================================[0m
[1m2026-08-08T11:28:59.416429720Z[0m [INFO] TRADER-001.BacktestEngine: nautilus_trader: 1.230.0[0m
[1m2026-08-08T11:28:59.416435691Z[0m [INFO] TRADER-001.BacktestEngine: python: 3.13.5[0m
[1m2026-08-08T11:28:59.416439919Z[0m [INFO] TRADER-001.BacktestEngine: numpy: 2.5.1[0m
[1m2026-08-08T11:28:59.416444317Z[0m [INFO] TRADER-001.BacktestEngine: pandas: 3.0.5[0m
[1m2026-08-08T11:28:59.416451851Z[0m [INFO] TRADER-001.BacktestEngine: msgspec: 0.21.1[0m
[1m2026-08-08T11:28:59.416456870Z[0m [INFO] TRADER-001.BacktestEngine: pyarrow: 25.0.0[0m
[1m2026-08-08T11:28:59.416461449Z[0m [INFO] TRADER-001.BacktestEngine: pytz: 2026.3.post1[0m
[1m2026-08-08T11:28:59.416465897Z[0m [INFO] TRADER-001.BacktestEngine: uvloop: 0.22.1[0m
[1m2026-08-08T11:28:59.416466889Z[0m [36m[INFO] TRADER-001.BacktestEngine: =================================================================[0m
[1m2026-08-08T11:28:59.416468081Z[0m [INFO] TRADER-001.nautilus_system::kernel: Building system kernel[0m
[1m2026-08-08T11:28:59.416945973Z[0m [INFO] TRADER-001.nautilus_backtest::engine: Adding exchange BINANCE to engine[0m
[1m2026-08-08T11:28:59.416996166Z[0m [INFO] TRADER-001.nautilus_backtest::exchange: Added instrument BTCUSDT-PERP.BINANCE and created matching engine[0m
[1m2026-08-08T11:28:59.417046911Z[0m [INFO] TRADER-001.nautilus_backtest::engine: Added instrument BTCUSDT-PERP.BINANCE to exchange BINANCE[0m
[1m2026-08-08T11:28:59.431824957Z[0m [INFO] TRADER-001.nautilus_backtest::engine: Added 62136 data elements to BacktestEngine (62136 total)[0m
[1m2026-08-08T11:28:59.434145526Z[0m [INFO] TRADER-001.nautilus_backtest::engine: Added 10356 data elements to BacktestEngine (72492 total)[0m
[1m2026-08-08T11:28:59.434176023Z[0m [INFO] TRADER-001.nautilus_backtest::engine: Added 22 data elements to BacktestEngine (72514 total)[0m
[1m2026-08-08T11:28:59.434184168Z[0m [INFO] TRADER-001.nautilus_backtest::engine: Data sort requested (iterator merges streams by replay timestamp)[0m
[1m2026-08-08T11:28:59.434242848Z[0m [INFO] TRADER-001.DataActor-140724559350376: Ready[0m
[1m2026-08-08T11:28:59.434363513Z[0m [INFO] TRADER-001.nautilus_backtest::python::engine: Registered Python strategy DataActor-140724559350376[0m
[1m2026-08-08T11:28:59.434416742Z[0m [INFO] TRADER-001.nautilus_portfolio::portfolio: Updated AccountState(account_id=BINANCE-001, account_type=MARGIN, base_currency=USDT, is_reported=true, balances=[AccountBalance(total=100000.00000000 USDT, locked=0.00000000 USDT, free=100000.00000000 USDT)], margins=[], event_id=4cf94fd1-cdfe-4d11-991d-a9af6610d1eb)[0m
[1m2025-08-17T23:25:10.000000000Z[0m [INFO] TRADER-001.nautilus_system::kernel: Starting[0m
[1m2025-08-17T23:25:10.000000000Z[0m [INFO] TRADER-001.nautilus_backtest::execution_client: Backtest execution client started[0m
[1m2025-08-17T23:25:10.000000000Z[0m [INFO] TRADER-001.nautilus_execution::engine: Started[0m
[1m2025-08-17T23:25:10.000000000Z[0m [INFO] TRADER-001.nautilus_risk::engine: Started[0m
[1m2025-08-17T23:25:10.000000000Z[0m [INFO] TRADER-001.nautilus_system::kernel: Initializing trader[0m
[1m2025-08-17T23:25:10.000000000Z[0m [INFO] TRADER-001.nautilus_system::kernel: Started[0m
[1m2025-08-17T23:25:10.000000000Z[0m [INFO] TRADER-001.nautilus_system::kernel: Starting trader...[0m
[1m2025-08-17T23:25:10.000000000Z[0m [INFO] TRADER-001.nautilus_execution::order_emulator::emulator: Started[0m
[1m2025-08-17T23:25:10.000000000Z[0m [INFO] TRADER-001.nautilus_system::trader: Starting[0m
[1m2025-08-17T23:25:10.000000000Z[0m [INFO] TRADER-001.DataActor-140724559350376: Starting[0m
[1m2025-08-17T23:25:10.000000000Z[0m [INFO] TRADER-001.nautilus_trading::strategy: Starting DataActor-140724559350376[0m
[1m2025-08-17T23:25:10.000000000Z[0m [INFO] TRADER-001.nautilus_common::actor::data_actor: [CMD]--> Subscribe(Bars(SubscribeBars { bar_type: Standard { instrument_id: "BTCUSDT-PERP.BINANCE", spec: BarSpecification { step: 10, aggregation: Second, price_type: Last }, aggregation_source: External }, client_id: None, venue: Some("BINANCE"), command_id: UUID4(b83a1c63-945f-4c92-91e9-3fb43bd6facd), ts_init: UnixNanos(1755473110000000000), correlation_id: None, params: None }))[0m
[1m2025-08-17T23:25:10.000000000Z[0m [INFO] TRADER-001.DataActor-140724559350376: Running[0m
[1m2025-08-17T23:25:10.000000000Z[0m [INFO] TRADER-001.nautilus_system::trader: Running[0m
[1m2025-08-17T23:25:10.000000000Z[0m [INFO] TRADER-001.nautilus_system::kernel: Trader started[0m
[1m2025-08-17T23:25:10.000000000Z[0m [36m[INFO] TRADER-001.nautilus_backtest::engine: =================================================================[0m
[1m2025-08-17T23:25:10.000000000Z[0m [36m[INFO] TRADER-001.nautilus_backtest::engine:  BACKTEST PRE-RUN[0m
[1m2025-08-17T23:25:10.000000000Z[0m [36m[INFO] TRADER-001.nautilus_backtest::engine: =================================================================[0m
[1m2025-08-17T23:25:10.000000000Z[0m [36m[INFO] TRADER-001.nautilus_backtest::engine: =================================================================[0m
[1m2025-08-17T23:25:10.000000000Z[0m [INFO] TRADER-001.nautilus_backtest::engine:  SimulatedVenue BINANCE (MARGIN)[0m
[1m2025-08-17T23:25:10.000000000Z[0m [36m[INFO] TRADER-001.nautilus_backtest::engine: -----------------------------------------------------------------[0m
[1m2025-08-17T23:25:10.000000000Z[0m [INFO] TRADER-001.nautilus_backtest::engine: Balances starting:[0m
[1m2025-08-17T23:25:10.000000000Z[0m [INFO] TRADER-001.nautilus_backtest::engine:   100000.00000000 USDT[0m
[1m2025-08-17T23:25:10.000000000Z[0m [36m[INFO] TRADER-001.nautilus_backtest::engine: -----------------------------------------------------------------[0m
[1m2025-08-17T23:25:10.000000000Z[0m [36m[INFO] TRADER-001.nautilus_backtest::engine: =================================================================[0m
[1m2025-08-17T23:25:10.000000000Z[0m [36m[INFO] TRADER-001.nautilus_backtest::engine:  BACKTEST RUN[0m
[1m2025-08-17T23:25:10.000000000Z[0m [36m[INFO] TRADER-001.nautilus_backtest::engine: =================================================================[0m
[1m2025-08-17T23:25:10.000000000Z[0m [INFO] TRADER-001.nautilus_backtest::engine: Run config ID:  None[0m
[1m2025-08-17T23:25:10.000000000Z[0m [INFO] TRADER-001.nautilus_backtest::engine: Run ID:         0db33880-8c5a-44ec-bdce-f9346e58051d[0m
[1m2025-08-17T23:25:10.000000000Z[0m [INFO] TRADER-001.nautilus_backtest::engine: Backtest start: 2025-08-17T23:25:10.000000000Z[0m
[1m2025-08-17T23:25:10.000000000Z[0m [INFO] TRADER-001.nautilus_backtest::engine: Data elements:  72514[0m
[1m2025-08-17T23:25:10.000000000Z[0m [36m[INFO] TRADER-001.nautilus_backtest::engine: -----------------------------------------------------------------[0m
[1m2025-08-17T23:25:10.000000000Z[0m [94m[INFO] TRADER-001.nautilus_data::client: Subscribed BTCUSDT-PERP.BINANCE-10-SECOND-LAST-EXTERNAL bars[0m
[1m2025-08-22T00:35:00.000000000Z[0m [INFO] TRADER-001.nautilus_trading::strategy: DataActor-140724559350376 <--[EVT] OrderInitialized(instrument_id=BTCUSDT-PERP.BINANCE, client_order_id=O-20250822-003500-001-140724559350376-1, side=BUY, type=MARKET, quantity=5.949, time_in_force=GTC, post_only=false, reduce_only=false, quote_quantity=false, price=None, emulation_trigger=None, trigger_instrument_id=None, contingency_type=OTO, order_list_id=OL-20250822-003500-001-140724559350376-1, linked_order_ids=[O-20250822-003500-001-140724559350376-2, O-20250822-003500-001-140724559350376-3], parent_order_id=None, exec_algorithm_id=None, exec_algorithm_params=None, exec_spawn_id=None, tags=opening-type-btcusdt-asia-2025-08-22-00057, BREAKOUT_ACCEPTANCE_CONTINUATION, LONG, TEN_SECOND_MARKET_ENTRY)[0m
[1m2025-08-22T00:35:00.000000000Z[0m [INFO] TRADER-001.nautilus_trading::strategy: DataActor-140724559350376 <--[EVT] OrderInitialized(instrument_id=BTCUSDT-PERP.BINANCE, client_order_id=O-20250822-003500-001-140724559350376-2, side=SELL, type=STOP_MARKET, quantity=5.949, time_in_force=GTC, post_only=false, reduce_only=true, quote_quantity=false, price=None, emulation_trigger=None, trigger_instrument_id=None, contingency_type=OUO, order_list_id=OL-20250822-003500-001-140724559350376-1, linked_order_ids=[O-20250822-003500-001-140724559350376-3], parent_order_id=O-20250822-003500-001-140724559350376-1, exec_algorithm_id=None, exec_algorithm_params=None, exec_spawn_id=None, tags=opening-type-btcusdt-asia-2025-08-22-00057, OBSERVED_RETEST_INVALIDATION)[0m
[1m2025-08-22T00:35:00.000000000Z[0m [INFO] TRADER-001.nautilus_trading::strategy: DataActor-140724559350376 <--[EVT] OrderInitialized(instrument_id=BTCUSDT-PERP.BINANCE, client_order_id=O-20250822-003500-001-140724559350376-3, side=SELL, type=LIMIT, quantity=5.949, time_in_force=GTC, post_only=false, reduce_only=true, quote_quantity=false, price=113824.5, emulation_trigger=None, trigger_instrument_id=None, contingency_type=OUO, order_list_id=OL-20250822-003500-001-140724559350376-1, linked_order_ids=[O-20250822-003500-001-140724559350376-2], parent_order_id=O-20250822-003500-001-140724559350376-1, exec_algorithm_id=None, exec_algorithm_params=None, exec_spawn_id=None, tags=opening-type-btcusdt-asia-2025-08-22-00057, ACTIVE_COMPLETED_EXTERNAL_TARGET)[0m
[1m2025-08-22T00:35:00.000000000Z[0m [INFO] TRADER-001.nautilus_trading::strategy: DataActor-140724559350376 [CMD]--> SubmitOrderList[0m
[1m2025-08-22T00:35:00.000000000Z[0m [94m[INFO] TRADER-001.nautilus_execution::engine: Submit OrderList(id=OL-20250822-003500-001-140724559350376-1, instrument_id=BTCUSDT-PERP.BINANCE, strategy_id=DataActor-140724559350376, client_order_ids=["O-20250822-003500-001-140724559350376-1", "O-20250822-003500-001-140724559350376-2", "O-20250822-003500-001-140724559350376-3"], ts_init=1755822900000000000)[0m
[1m2025-08-22T00:35:00.000000000Z[0m [INFO] TRADER-001.nautilus_trading::strategy: DataActor-140724559350376 <--[EVT] OrderSubmitted(instrument_id=BTCUSDT-PERP.BINANCE, client_order_id=O-20250822-003500-001-140724559350376-1, account_id=BINANCE-001, ts_event=1755822900000000000)[0m
[1m2025-08-22T00:35:00.000000000Z[0m [INFO] TRADER-001.nautilus_trading::strategy: DataActor-140724559350376 <--[EVT] OrderSubmitted(instrument_id=BTCUSDT-PERP.BINANCE, client_order_id=O-20250822-003500-001-140724559350376-2, account_id=BINANCE-001, ts_event=1755822900000000000)[0m
[1m2025-08-22T00:35:00.000000000Z[0m [INFO] TRADER-001.nautilus_trading::strategy: DataActor-140724559350376 <--[EVT] OrderSubmitted(instrument_id=BTCUSDT-PERP.BINANCE, client_order_id=O-20250822-003500-001-140724559350376-3, account_id=BINANCE-001, ts_event=1755822900000000000)[0m
[1m2025-08-22T00:35:00.000000000Z[0m [INFO] TRADER-001.nautilus_portfolio::manager: BTCUSDT-PERP.BINANCE margin_init=0.00000000 USDT[0m
[1m2025-08-22T00:35:00.000000000Z[0m [INFO] TRADER-001.nautilus_trading::strategy: DataActor-140724559350376 <--[EVT] OrderFilled(instrument_id=BTCUSDT-PERP.BINANCE, client_order_id=O-20250822-003500-001-140724559350376-1, venue_order_id=BINANCE-1-1, account_id=BINANCE-001, trade_id=T-d8b198ca558ea472-86044, position_id=P-20250822-003500-001-140724559350376-1, order_side=BUY, order_type=MARKET, last_qty=5.949, last_px=112_753.1 USDT, commission=402.46091514 USDT, liquidity_side=TAKER, ts_event=1755822900000000000)[0m
[1m2025-08-22T00:35:00.000000000Z[0m [INFO] TRADER-001.nautilus_portfolio::portfolio: BTCUSDT-PERP.BINANCE net_position=5.949[0m
[1m2025-08-22T00:35:00.000000000Z[0m [INFO] TRADER-001.nautilus_portfolio::manager: BTCUSDT-PERP.BINANCE margin_maint=2683.07276760 USDT[0m
[1m2025-08-22T00:35:00.000000000Z[0m [INFO] TRADER-001.nautilus_portfolio::portfolio: Updated AccountState(account_id=BINANCE-001, account_type=MARGIN, base_currency=USDT, is_reported=false, balances=[AccountBalance(total=99597.53908486 USDT, locked=2683.07276760 USDT, free=96914.46631726 USDT)], margins=[MarginBalance(initial=0.00000000 USDT, maintenance=2683.07276760 USDT, instrument_id=BTCUSDT-PERP.BINANCE)], event_id=6355624d-f8fc-4641-93de-60b7331e38a2)[0m
[1m2025-08-22T00:35:00.000000000Z[0m [INFO] TRADER-001.nautilus_trading::strategy: DataActor-140724559350376 <--[EVT] PositionOpened(PositionOpened { trader_id: "TRADER-001", strategy_id: "DataActor-140724559350376", instrument_id: "BTCUSDT-PERP.BINANCE", position_id: "P-20250822-003500-001-140724559350376-1", account_id: "BINANCE-001", opening_order_id: "O-20250822-003500-001-140724559350376-1", entry: Buy, side: Long, signed_qty: 5.949, quantity: Quantity(5.949), last_qty: Quantity(5.949), last_px: Price(112753.1), currency: Currency(code='USDT', precision=8, iso4217=0, name='Tether', currency_type=CRYPTO), avg_px_open: 112753.1, event_id: UUID4(298b28ce-0efc-4748-bf4e-1a73d508778a), ts_event: UnixNanos(1755822900000000000), ts_init: UnixNanos(1755822900000000000) })[0m
[1m2025-08-22T00:35:00.000000000Z[0m [INFO] TRADER-001.nautilus_portfolio::manager: BTCUSDT-PERP.BINANCE margin_init=0.00000000 USDT[0m
[1m2025-08-22T00:35:00.000000000Z[0m [INFO] TRADER-001.nautilus_portfolio::portfolio: Updated AccountState(account_id=BINANCE-001, account_type=MARGIN, base_currency=USDT, is_reported=false, balances=[AccountBalance(total=99597.53908486 USDT, locked=2683.07276760 USDT, free=96914.46631726 USDT)], margins=[MarginBalance(initial=0.00000000 USDT, maintenance=2683.07276760 USDT, instrument_id=BTCUSDT-PERP.BINANCE)], event_id=fe2a414b-1fb6-4a72-aa48-0154e6a9cca5)[0m
[1m2025-08-22T00:35:00.000000000Z[0m [INFO] TRADER-001.nautilus_trading::strategy: DataActor-140724559350376 <--[EVT] OrderAccepted(instrument_id=BTCUSDT-PERP.BINANCE, client_order_id=O-20250822-003500-001-140724559350376-2, venue_order_id=BINANCE-1-2, account_id=BINANCE-001, ts_event=1755822900000000000)[0m
[1m2025-08-22T00:35:00.000000000Z[0m [INFO] TRADER-001.nautilus_portfolio::manager: BTCUSDT-PERP.BINANCE margin_init=0.00000000 USDT[0m
[1m2025-08-22T00:35:00.000000000Z[0m [INFO] TRADER-001.nautilus_portfolio::portfolio: Updated AccountState(account_id=BINANCE-001, account_type=MARGIN, base_currency=USDT, is_reported=false, balances=[AccountBalance(total=99597.53908486 USDT, locked=2683.07276760 USDT, free=96914.46631726 USDT)], margins=[MarginBalance(initial=0.00000000 USDT, maintenance=2683.07276760 USDT, instrument_id=BTCUSDT-PERP.BINANCE)], event_id=4cdcf970-70d1-4be7-8f7c-57786a7db09d)[0m
[1m2025-08-22T00:35:00.000000000Z[0m [INFO] TRADER-001.nautilus_trading::strategy: DataActor-140724559350376 <--[EVT] OrderAccepted(instrument_id=BTCUSDT-PERP.BINANCE, client_order_id=O-20250822-003500-001-140724559350376-3, venue_order_id=BINANCE-1-3, account_id=BINANCE-001, ts_event=1755822900000000000)[0m
[1m2025-08-22T00:35:00.000000000Z[0m [1;33m[WARN] TRADER-001.nautilus_common::cache: Cannot calculate unrealized PnL for P-20250822-003500-001-140724559350376-1, no quotes for BTCUSDT-PERP.BINANCE[0m
[1m2025-08-22T00:35:10.000000000Z[0m [1;33m[WARN] TRADER-001.nautilus_common::cache: Cannot calculate unrealized PnL for P-20250822-003500-001-140724559350376-1, no quotes for BTCUSDT-PERP.BINANCE[0m
[1m2025-08-22T00:35:20.000000000Z[0m [1;33m[WARN] TRADER-001.nautilus_common::cache: Cannot calculate unrealized PnL for P-20250822-003500-001-140724559350376-1, no quotes for BTCUSDT-PERP.BINANCE[0m
[1m2025-08-22T00:35:30.000000000Z[0m [1;33m[WARN] TRADER-001.nautilus_common::cache: Cannot calculate unrealized PnL for P-20250822-003500-001-140724559350376-1, no quotes for BTCUSDT-PERP.BINANCE[0m
[1m2025-08-22T00:35:40.000000000Z[0m [1;33m[WARN] TRADER-001.nautilus_common::cache: Cannot calculate unrealized PnL for P-20250822-003500-001-140724559350376-1, no quotes for BTCUSDT-PERP.BINANCE[0m
[1m2025-08-22T00:35:50.000000000Z[0m [1;33m[WARN] TRADER-001.nautilus_common::cache: Cannot calculate unrealized PnL for P-20250822-003500-001-140724559350376-1, no quotes for BTCUSDT-PERP.BINANCE[0m
[1m2025-08-22T00:35:59.999000000Z[0m [1;33m[WARN] TRADER-001.nautilus_common::cache: Cannot calculate unrealized PnL for P-20250822-003500-001-140724559350376-1, no quotes for BTCUSDT-PERP.BINANCE[0m
[1m2025-08-22T00:36:00.000000000Z[0m [1;33m[WARN] TRADER-001.nautilus_common::cache: Cannot calculate unrealized PnL for P-20250822-003500-001-140724559350376-1, no quotes for BTCUSDT-PERP.BINANCE[0m
[1m2025-08-22T00:36:10.000000000Z[0m [1;33m[WARN] TRADER-001.nautilus_common::cache: Cannot calculate unrealized PnL for P-20250822-003500-001-140724559350376-1, no quotes for BTCUSDT-PERP.BINANCE[0m
[1m2025-08-22T00:36:20.000000000Z[0m [1;33m[WARN] TRADER-001.nautilus_common::cache: Cannot calculate unrealized PnL for P-20250822-003500-001-140724559350376-1, no quotes for BTCUSDT-PERP.BINANCE[0m
[1m2025-08-22T00:36:30.000000000Z[0m [1;33m[WARN] TRADER-001.nautilus_common::cache: Cannot calculate unrealized PnL for P-20250822-003500-001-140724559350376-1, no quotes for BTCUSDT-PERP.BINANCE[0m
[1m2025-08-22T00:36:40.000000000Z[0m [1;33m[WARN] TRADER-001.nautilus_common::cache: Cannot calculate unrealized PnL for P-20250822-003500-001-140724559350376-1, no quotes for BTCUSDT-PERP.BINANCE[0m
[1m2025-08-22T00:36:50.000000000Z[0m [1;33m[WARN] TRADER-001.nautilus_common::cache: Cannot calculate unrealized PnL for P-20250822-003500-001-140724559350376-1, no quotes for BTCUSDT-PERP.BINANCE[0m
[1m2025-08-22T00:36:59.999000000Z[0m [1;33m[WARN] TRADER-001.nautilus_common::cache: Cannot calculate unrealized PnL for P-20250822-003500-001-140724559350376-1, no quotes for BTCUSDT-PERP.BINANCE[0m
[1m2025-08-22T00:37:00.000000000Z[0m [1;33m[WARN] TRADER-001.nautilus_common::cache: Cannot calculate unrealized PnL for P-20250822-003500-001-140724559350376-1, no quotes for BTCUSDT-PERP.BINANCE[0m
[1m2025-08-22T00:37:10.000000000Z[0m [1;33m[WARN] TRADER-001.nautilus_common::cache: Cannot calculate unrealized PnL for P-20250822-003500-001-140724559350376-1, no quotes for BTCUSDT-PERP.BINANCE[0m
[1m2025-08-22T00:37:20.000000000Z[0m [1;33m[WARN] TRADER-001.nautilus_common::cache: Cannot calculate unrealized PnL for P-20250822-003500-001-140724559350376-1, no quotes for BTCUSDT-PERP.BINANCE[0m
[1m2025-08-22T00:37:30.000000000Z[0m [1;33m[WARN] TRADER-001.nautilus_common::cache: Cannot calculate unrealized PnL for P-20250822-003500-001-140724559350376-1, no quotes for BTCUSDT-PERP.BINANCE[0m
[1m2025-08-22T00:37:40.000000000Z[0m [1;33m[WARN] TRADER-001.nautilus_common::cache: Cannot calculate unrealized PnL for P-20250822-003500-001-140724559350376-1, no quotes for BTCUSDT-PERP.BINANCE[0m
[1m2025-08-22T00:37:50.000000000Z[0m [1;33m[WARN] TRADER-001.nautilus_common::cache: Cannot calculate unrealized PnL for P-20250822-003500-001-140724559350376-1, no quotes for BTCUSDT-PERP.BINANCE[0m
[1m2025-08-22T00:37:59.999000000Z[0m [1;33m[WARN] TRADER-001.nautilus_common::cache: Cannot calculate unrealized PnL for P-20250822-003500-001-140724559350376-1, no quotes for BTCUSDT-PERP.BINANCE[0m
[1m2025-08-22T00:38:00.000000000Z[0m [1;33m[WARN] TRADER-001.nautilus_common::cache: Cannot calculate unrealized PnL for P-20250822-003500-001-140724559350376-1, no quotes for BTCUSDT-PERP.BINANCE[0m
[1m2025-08-22T00:38:10.000000000Z[0m [1;33m[WARN] TRADER-001.nautilus_common::cache: Cannot calculate unrealized PnL for P-20250822-003500-001-140724559350376-1, no quotes for BTCUSDT-PERP.BINANCE[0m
[1m2025-08-22T00:38:20.000000000Z[0m [1;33m[WARN] TRADER-001.nautilus_common::cache: Cannot calculate unrealized PnL for P-20250822-003500-001-140724559350376-1, no quotes for BTCUSDT-PERP.BINANCE[0m
[1m2025-08-22T00:38:30.000000000Z[0m [1;33m[WARN] TRADER-001.nautilus_common::cache: Cannot calculate unrealized PnL for P-20250822-003500-001-140724559350376-1, no quotes for BTCUSDT-PERP.BINANCE[0m
[1m2025-08-22T00:38:40.000000000Z[0m [1;33m[WARN] TRADER-001.nautilus_common::cache: Cannot calculate unrealized PnL for P-20250822-003500-001-140724559350376-1, no quotes for BTCUSDT-PERP.BINANCE[0m
[1m2025-08-22T00:38:50.000000000Z[0m [1;33m[WARN] TRADER-001.nautilus_common::cache: Cannot calculate unrealized PnL for P-20250822-003500-001-140724559350376-1, no quotes for BTCUSDT-PERP.BINANCE[0m
[1m2025-08-22T00:38:59.999000000Z[0m [1;33m[WARN] TRADER-001.nautilus_common::cache: Cannot calculate unrealized PnL for P-20250822-003500-001-140724559350376-1, no quotes for BTCUSDT-PERP.BINANCE[0m
[1m2025-08-22T00:39:00.000000000Z[0m [1;33m[WARN] TRADER-001.nautilus_common::cache: Cannot calculate unrealized PnL for P-20250822-003500-001-140724559350376-1, no quotes for BTCUSDT-PERP.BINANCE[0m
[1m2025-08-22T00:39:10.000000000Z[0m [1;33m[WARN] TRADER-001.nautilus_common::cache: Cannot calculate unrealized PnL for P-20250822-003500-001-140724559350376-1, no quotes for BTCUSDT-PERP.BINANCE[0m
[1m2025-08-22T00:39:20.000000000Z[0m [1;33m[WARN] TRADER-001.nautilus_common::cache: Cannot calculate unrealized PnL for P-20250822-003500-001-140724559350376-1, no quotes for BTCUSDT-PERP.BINANCE[0m
[1m2025-08-22T00:39:30.000000000Z[0m [1;33m[WARN] TRADER-001.nautilus_common::cache: Cannot calculate unrealized PnL for P-20250822-003500-001-140724559350376-1, no quotes for BTCUSDT-PERP.BINANCE[0m
[1m2025-08-22T00:39:40.000000000Z[0m [1;33m[WARN] TRADER-001.nautilus_common::cache: Cannot calculate unrealized PnL for P-20250822-003500-001-140724559350376-1, no quotes for BTCUSDT-PERP.BINANCE[0m
[1m2025-08-22T00:39:50.000000000Z[0m [1;33m[WARN] TRADER-001.nautilus_common::cache: Cannot calculate unrealized PnL for P-20250822-003500-001-140724559350376-1, no quotes for BTCUSDT-PERP.BINANCE[0m
[1m2025-08-22T00:39:59.999000000Z[0m [1;33m[WARN] TRADER-001.nautilus_common::cache: Cannot calculate unrealized PnL for P-20250822-003500-001-140724559350376-1, no quotes for BTCUSDT-PERP.BINANCE[0m
[1m2025-08-22T00:40:00.000000000Z[0m [1;33m[WARN] TRADER-001.nautilus_common::cache: Cannot calculate unrealized PnL for P-20250822-003500-001-140724559350376-1, no quotes for BTCUSDT-PERP.BINANCE[0m
[1m2025-08-22T00:40:10.000000000Z[0m [1;33m[WARN] TRADER-001.nautilus_common::cache: Cannot calculate unrealized PnL for P-20250822-003500-001-140724559350376-1, no quotes for BTCUSDT-PERP.BINANCE[0m
[1m2025-08-22T00:40:20.000000000Z[0m [1;33m[WARN] TRADER-001.nautilus_common::cache: Cannot calculate unrealized PnL for P-20250822-003500-001-140724559350376-1, no quotes for BTCUSDT-PERP.BINANCE[0m
[1m2025-08-22T00:40:30.000000000Z[0m [1;33m[WARN] TRADER-001.nautilus_common::cache: Cannot calculate unrealized PnL for P-20250822-003500-001-140724559350376-1, no quotes for BTCUSDT-PERP.BINANCE[0m
[1m2025-08-22T00:40:40.000000000Z[0m [1;33m[WARN] TRADER-001.nautilus_common::cache: Cannot calculate unrealized PnL for P-20250822-003500-001-140724559350376-1, no quotes for BTCUSDT-PERP.BINANCE[0m
[1m2025-08-22T00:40:50.000000000Z[0m [1;33m[WARN] TRADER-001.nautilus_common::cache: Cannot calculate unrealized PnL for P-20250822-003500-001-140724559350376-1, no quotes for BTCUSDT-PERP.BINANCE[0m
[1m2025-08-22T00:40:59.999000000Z[0m [1;33m[WARN] TRADER-001.nautilus_common::cache: Cannot calculate unrealized PnL for P-20250822-003500-001-140724559350376-1, no quotes for BTCUSDT-PERP.BINANCE[0m
[1m2025-08-22T00:41:00.000000000Z[0m [1;33m[WARN] TRADER-001.nautilus_common::cache: Cannot calculate unrealized PnL for P-20250822-003500-001-140724559350376-1, no quotes for BTCUSDT-PERP.BINANCE[0m
[1m2025-08-22T00:41:10.000000000Z[0m [1;33m[WARN] TRADER-001.nautilus_common::cache: Cannot calculate unrealized PnL for P-20250822-003500-001-140724559350376-1, no quotes for BTCUSDT-PERP.BINANCE[0m
[1m2025-08-22T00:41:20.000000000Z[0m [1;33m[WARN] TRADER-001.nautilus_common::cache: Cannot calculate unrealized PnL for P-20250822-003500-001-140724559350376-1, no quotes for BTCUSDT-PERP.BINANCE[0m
[1m2025-08-22T00:41:30.000000000Z[0m [1;33m[WARN] TRADER-001.nautilus_common::cache: Cannot calculate unrealized PnL for P-20250822-003500-001-140724559350376-1, no quotes for BTCUSDT-PERP.BINANCE[0m
[1m2025-08-22T00:41:40.000000000Z[0m [1;33m[WARN] TRADER-001.nautilus_common::cache: Cannot calculate unrealized PnL for P-20250822-003500-001-140724559350376-1, no quotes for BTCUSDT-PERP.BINANCE[0m
[1m2025-08-22T00:41:50.000000000Z[0m [1;33m[WARN] TRADER-001.nautilus_common::cache: Cannot calculate unrealized PnL for P-20250822-003500-001-140724559350376-1, no quotes for BTCUSDT-PERP.BINANCE[0m
[1m2025-08-22T00:41:59.999000000Z[0m [1;33m[WARN] TRADER-001.nautilus_common::cache: Cannot calculate unrealized PnL for P-20250822-003500-001-140724559350376-1, no quotes for BTCUSDT-PERP.BINANCE[0m
[1m2025-08-22T00:42:00.000000000Z[0m [1;33m[WARN] TRADER-001.nautilus_common::cache: Cannot calculate unrealized PnL for P-20250822-003500-001-140724559350376-1, no quotes for BTCUSDT-PERP.BINANCE[0m
[1m2025-08-22T00:42:10.000000000Z[0m [1;33m[WARN] TRADER-001.nautilus_common::cache: Cannot calculate unrealized PnL for P-20250822-003500-001-140724559350376-1, no quotes for BTCUSDT-PERP.BINANCE[0m
[1m2025-08-22T00:42:20.000000000Z[0m [1;33m[WARN] TRADER-001.nautilus_common::cache: Cannot calculate unrealized PnL for P-20250822-003500-001-140724559350376-1, no quotes for BTCUSDT-PERP.BINANCE[0m
[1m2025-08-22T00:42:30.000000000Z[0m [1;33m[WARN] TRADER-001.nautilus_common::cache: Cannot calculate unrealized PnL for P-20250822-003500-001-140724559350376-1, no quotes for BTCUSDT-PERP.BINANCE[0m
[1m2025-08-22T00:42:40.000000000Z[0m [1;33m[WARN] TRADER-001.nautilus_common::cache: Cannot calculate unrealized PnL for P-20250822-003500-001-140724559350376-1, no quotes for BTCUSDT-PERP.BINANCE[0m
[1m2025-08-22T00:42:50.000000000Z[0m [1;33m[WARN] TRADER-001.nautilus_common::cache: Cannot calculate unrealized PnL for P-20250822-003500-001-140724559350376-1, no quotes for BTCUSDT-PERP.BINANCE[0m
[1m2025-08-22T00:42:59.999000000Z[0m [1;33m[WARN] TRADER-001.nautilus_common::cache: Cannot calculate unrealized PnL for P-20250822-003500-001-140724559350376-1, no quotes for BTCUSDT-PERP.BINANCE[0m
[1m2025-08-22T00:43:00.000000000Z[0m [1;33m[WARN] TRADER-001.nautilus_common::cache: Cannot calculate unrealized PnL for P-20250822-003500-001-140724559350376-1, no quotes for BTCUSDT-PERP.BINANCE[0m
[1m2025-08-22T00:43:10.000000000Z[0m [1;33m[WARN] TRADER-001.nautilus_common::cache: Cannot calculate unrealized PnL for P-20250822-003500-001-140724559350376-1, no quotes for BTCUSDT-PERP.BINANCE[0m
[1m2025-08-22T00:43:20.000000000Z[0m [1;33m[WARN] TRADER-001.nautilus_common::cache: Cannot calculate unrealized PnL for P-20250822-003500-001-140724559350376-1, no quotes for BTCUSDT-PERP.BINANCE[0m
[1m2025-08-22T00:43:30.000000000Z[0m [1;33m[WARN] TRADER-001.nautilus_common::cache: Cannot calculate unrealized PnL for P-20250822-003500-001-140724559350376-1, no quotes for BTCUSDT-PERP.BINANCE[0m
[1m2025-08-22T00:43:40.000000000Z[0m [1;33m[WARN] TRADER-001.nautilus_common::cache: Cannot calculate unrealized PnL for P-20250822-003500-001-140724559350376-1, no quotes for BTCUSDT-PERP.BINANCE[0m
[1m2025-08-22T00:43:50.000000000Z[0m [1;33m[WARN] TRADER-001.nautilus_common::cache: Cannot calculate unrealized PnL for P-20250822-003500-001-140724559350376-1, no quotes for BTCUSDT-PERP.BINANCE[0m
[1m2025-08-22T00:43:59.999000000Z[0m [1;33m[WARN] TRADER-001.nautilus_common::cache: Cannot calculate unrealized PnL for P-20250822-003500-001-140724559350376-1, no quotes for BTCUSDT-PERP.BINANCE[0m
[1m2025-08-22T00:44:00.000000000Z[0m [1;33m[WARN] TRADER-001.nautilus_common::cache: Cannot calculate unrealized PnL for P-20250822-003500-001-140724559350376-1, no quotes for BTCUSDT-PERP.BINANCE[0m
[1m2025-08-22T00:44:10.000000000Z[0m [1;33m[WARN] TRADER-001.nautilus_common::cache: Cannot calculate unrealized PnL for P-20250822-003500-001-140724559350376-1, no quotes for BTCUSDT-PERP.BINANCE[0m
[1m2025-08-22T00:44:20.000000000Z[0m [1;33m[WARN] TRADER-001.nautilus_common::cache: Cannot calculate unrealized PnL for P-20250822-003500-001-140724559350376-1, no quotes for BTCUSDT-PERP.BINANCE[0m
[1m2025-08-22T00:44:30.000000000Z[0m [1;33m[WARN] TRADER-001.nautilus_common::cache: Cannot calculate unrealized PnL for P-20250822-003500-001-140724559350376-1, no quotes for BTCUSDT-PERP.BINANCE[0m
[1m2025-08-22T00:44:40.000000000Z[0m [1;33m[WARN] TRADER-001.nautilus_common::cache: Cannot calculate unrealized PnL for P-20250822-003500-001-140724559350376-1, no quotes for BTCUSDT-PERP.BINANCE[0m
[1m2025-08-22T00:44:50.000000000Z[0m [1;33m[WARN] TRADER-001.nautilus_common::cache: Cannot calculate unrealized PnL for P-20250822-003500-001-140724559350376-1, no quotes for BTCUSDT-PERP.BINANCE[0m
[1m2025-08-22T00:44:59.999000000Z[0m [1;33m[WARN] TRADER-001.nautilus_common::cache: Cannot calculate unrealized PnL for P-20250822-003500-001-140724559350376-1, no quotes for BTCUSDT-PERP.BINANCE[0m
[1m2025-08-22T00:45:00.000000000Z[0m [1;33m[WARN] TRADER-001.nautilus_common::cache: Cannot calculate unrealized PnL for P-20250822-003500-001-140724559350376-1, no quotes for BTCUSDT-PERP.BINANCE[0m
[1m2025-08-22T00:45:10.000000000Z[0m [1;33m[WARN] TRADER-001.nautilus_common::cache: Cannot calculate unrealized PnL for P-20250822-003500-001-140724559350376-1, no quotes for BTCUSDT-PERP.BINANCE[0m
[1m2025-08-22T00:45:20.000000000Z[0m [1;33m[WARN] TRADER-001.nautilus_common::cache: Cannot calculate unrealized PnL for P-20250822-003500-001-140724559350376-1, no quotes for BTCUSDT-PERP.BINANCE[0m
[1m2025-08-22T00:45:30.000000000Z[0m [1;33m[WARN] TRADER-001.nautilus_common::cache: Cannot calculate unrealized PnL for P-20250822-003500-001-140724559350376-1, no quotes for BTCUSDT-PERP.BINANCE[0m
[1m2025-08-22T00:45:40.000000000Z[0m [1;33m[WARN] TRADER-001.nautilus_common::cache: Cannot calculate unrealized PnL for P-20250822-003500-001-140724559350376-1, no quotes for BTCUSDT-PERP.BINANCE[0m
[1m2025-08-22T00:45:50.000000000Z[0m [1;33m[WARN] TRADER-001.nautilus_common::cache: Cannot calculate unrealized PnL for P-20250822-003500-001-140724559350376-1, no quotes for BTCUSDT-PERP.BINANCE[0m
[1m2025-08-22T00:45:59.999000000Z[0m [1;33m[WARN] TRADER-001.nautilus_common::cache: Cannot calculate unrealized PnL for P-20250822-003500-001-140724559350376-1, no quotes for BTCUSDT-PERP.BINANCE[0m
[1m2025-08-22T00:46:00.000000000Z[0m [1;33m[WARN] TRADER-001.nautilus_common::cache: Cannot calculate unrealized PnL for P-20250822-003500-001-140724559350376-1, no quotes for BTCUSDT-PERP.BINANCE[0m
[1m2025-08-22T00:46:10.000000000Z[0m [1;33m[WARN] TRADER-001.nautilus_common::cache: Cannot calculate unrealized PnL for P-20250822-003500-001-140724559350376-1, no quotes for BTCUSDT-PERP.BINANCE[0m
[1m2025-08-22T00:46:20.000000000Z[0m [1;33m[WARN] TRADER-001.nautilus_common::cache: Cannot calculate unrealized PnL for P-20250822-003500-001-140724559350376-1, no quotes for BTCUSDT-PERP.BINANCE[0m
[1m2025-08-22T00:46:30.000000000Z[0m [1;33m[WARN] TRADER-001.nautilus_common::cache: Cannot calculate unrealized PnL for P-20250822-003500-001-140724559350376-1, no quotes for BTCUSDT-PERP.BINANCE[0m
[1m2025-08-22T00:46:40.000000000Z[0m [1;33m[WARN] TRADER-001.nautilus_common::cache: Cannot calculate unrealized PnL for P-20250822-003500-001-140724559350376-1, no quotes for BTCUSDT-PERP.BINANCE[0m
[1m2025-08-22T00:46:50.000000000Z[0m [1;33m[WARN] TRADER-001.nautilus_common::cache: Cannot calculate unrealized PnL for P-20250822-003500-001-140724559350376-1, no quotes for BTCUSDT-PERP.BINANCE[0m
[1m2025-08-22T00:46:59.999000000Z[0m [1;33m[WARN] TRADER-001.nautilus_common::cache: Cannot calculate unrealized PnL for P-20250822-003500-001-140724559350376-1, no quotes for BTCUSDT-PERP.BINANCE[0m
[1m2025-08-22T00:47:00.000000000Z[0m [1;33m[WARN] TRADER-001.nautilus_common::cache: Cannot calculate unrealized PnL for P-20250822-003500-001-140724559350376-1, no quotes for BTCUSDT-PERP.BINANCE[0m
[1m2025-08-22T00:47:10.000000000Z[0m [1;33m[WARN] TRADER-001.nautilus_common::cache: Cannot calculate unrealized PnL for P-20250822-003500-001-140724559350376-1, no quotes for BTCUSDT-PERP.BINANCE[0m
[1m2025-08-22T00:47:20.000000000Z[0m [1;33m[WARN] TRADER-001.nautilus_common::cache: Cannot calculate unrealized PnL for P-20250822-003500-001-140724559350376-1, no quotes for BTCUSDT-PERP.BINANCE[0m
[1m2025-08-22T00:47:30.000000000Z[0m [1;33m[WARN] TRADER-001.nautilus_common::cache: Cannot calculate unrealized PnL for P-20250822-003500-001-140724559350376-1, no quotes for BTCUSDT-PERP.BINANCE[0m
[1m2025-08-22T00:47:40.000000000Z[0m [1;33m[WARN] TRADER-001.nautilus_common::cache: Cannot calculate unrealized PnL for P-20250822-003500-001-140724559350376-1, no quotes for BTCUSDT-PERP.BINANCE[0m
[1m2025-08-22T00:47:50.000000000Z[0m [1;33m[WARN] TRADER-001.nautilus_common::cache: Cannot calculate unrealized PnL for P-20250822-003500-001-140724559350376-1, no quotes for BTCUSDT-PERP.BINANCE[0m
[1m2025-08-22T00:47:59.999000000Z[0m [1;33m[WARN] TRADER-001.nautilus_common::cache: Cannot calculate unrealized PnL for P-20250822-003500-001-140724559350376-1, no quotes for BTCUSDT-PERP.BINANCE[0m
[1m2025-08-22T00:48:00.000000000Z[0m [1;33m[WARN] TRADER-001.nautilus_common::cache: Cannot calculate unrealized PnL for P-20250822-003500-001-140724559350376-1, no quotes for BTCUSDT-PERP.BINANCE[0m
[1m2025-08-22T00:48:10.000000000Z[0m [1;33m[WARN] TRADER-001.nautilus_common::cache: Cannot calculate unrealized PnL for P-20250822-003500-001-140724559350376-1, no quotes for BTCUSDT-PERP.BINANCE[0m
[1m2025-08-22T00:48:20.000000000Z[0m [1;33m[WARN] TRADER-001.nautilus_common::cache: Cannot calculate unrealized PnL for P-20250822-003500-001-140724559350376-1, no quotes for BTCUSDT-PERP.BINANCE[0m
[1m2025-08-22T00:48:30.000000000Z[0m [1;33m[WARN] TRADER-001.nautilus_common::cache: Cannot calculate unrealized PnL for P-20250822-003500-001-140724559350376-1, no quotes for BTCUSDT-PERP.BINANCE[0m
[1m2025-08-22T00:48:40.000000000Z[0m [1;33m[WARN] TRADER-001.nautilus_common::cache: Cannot calculate unrealized PnL for P-20250822-003500-001-140724559350376-1, no quotes for BTCUSDT-PERP.BINANCE[0m
[1m2025-08-22T00:48:50.000000000Z[0m [1;33m[WARN] TRADER-001.nautilus_common::cache: Cannot calculate unrealized PnL for P-20250822-003500-001-140724559350376-1, no quotes for BTCUSDT-PERP.BINANCE[0m
[1m2025-08-22T00:48:59.999000000Z[0m [1;33m[WARN] TRADER-001.nautilus_common::cache: Cannot calculate unrealized PnL for P-20250822-003500-001-140724559350376-1, no quotes for BTCUSDT-PERP.BINANCE[0m
[1m2025-08-22T00:49:00.000000000Z[0m [1;33m[WARN] TRADER-001.nautilus_common::cache: Cannot calculate unrealized PnL for P-20250822-003500-001-140724559350376-1, no quotes for BTCUSDT-PERP.BINANCE[0m
[1m2025-08-22T00:49:10.000000000Z[0m [1;33m[WARN] TRADER-001.nautilus_common::cache: Cannot calculate unrealized PnL for P-20250822-003500-001-140724559350376-1, no quotes for BTCUSDT-PERP.BINANCE[0m
[1m2025-08-22T00:49:20.000000000Z[0m [1;33m[WARN] TRADER-001.nautilus_common::cache: Cannot calculate unrealized PnL for P-20250822-003500-001-140724559350376-1, no quotes for BTCUSDT-PERP.BINANCE[0m
[1m2025-08-22T00:49:30.000000000Z[0m [1;33m[WARN] TRADER-001.nautilus_common::cache: Cannot calculate unrealized PnL for P-20250822-003500-001-140724559350376-1, no quotes for BTCUSDT-PERP.BINANCE[0m
[1m2025-08-22T00:49:40.000000000Z[0m [1;33m[WARN] TRADER-001.nautilus_common::cache: Cannot calculate unrealized PnL for P-20250822-003500-001-140724559350376-1, no quotes for BTCUSDT-PERP.BINANCE[0m
[1m2025-08-22T00:49:50.000000000Z[0m [1;33m[WARN] TRADER-001.nautilus_common::cache: Cannot calculate unrealized PnL for P-20250822-003500-001-140724559350376-1, no quotes for BTCUSDT-PERP.BINANCE[0m
[1m2025-08-22T00:49:59.999000000Z[0m [1;33m[WARN] TRADER-001.nautilus_common::cache: Cannot calculate unrealized PnL for P-20250822-003500-001-140724559350376-1, no quotes for BTCUSDT-PERP.BINANCE[0m
[1m2025-08-22T00:50:00.000000000Z[0m [1;33m[WARN] TRADER-001.nautilus_common::cache: Cannot calculate unrealized PnL for P-20250822-003500-001-140724559350376-1, no quotes for BTCUSDT-PERP.BINANCE[0m
[1m2025-08-22T00:50:10.000000000Z[0m [1;33m[WARN] TRADER-001.nautilus_common::cache: Cannot calculate unrealized PnL for P-20250822-003500-001-140724559350376-1, no quotes for BTCUSDT-PERP.BINANCE[0m
[1m2025-08-22T00:50:20.000000000Z[0m [1;33m[WARN] TRADER-001.nautilus_common::cache: Cannot calculate unrealized PnL for P-20250822-003500-001-140724559350376-1, no quotes for BTCUSDT-PERP.BINANCE[0m
[1m2025-08-22T00:50:30.000000000Z[0m [1;33m[WARN] TRADER-001.nautilus_common::cache: Cannot calculate unrealized PnL for P-20250822-003500-001-140724559350376-1, no quotes for BTCUSDT-PERP.BINANCE[0m
[1m2025-08-22T00:50:40.000000000Z[0m [1;33m[WARN] TRADER-001.nautilus_common::cache: Cannot calculate unrealized PnL for P-20250822-003500-001-140724559350376-1, no quotes for BTCUSDT-PERP.BINANCE[0m
[1m2025-08-22T00:50:50.000000000Z[0m [1;33m[WARN] TRADER-001.nautilus_common::cache: Cannot calculate unrealized PnL for P-20250822-003500-001-140724559350376-1, no quotes for BTCUSDT-PERP.BINANCE[0m
[1m2025-08-22T00:50:59.999000000Z[0m [1;33m[WARN] TRADER-001.nautilus_common::cache: Cannot calculate unrealized PnL for P-20250822-003500-001-140724559350376-1, no quotes for BTCUSDT-PERP.BINANCE[0m
[1m2025-08-22T00:51:00.000000000Z[0m [1;33m[WARN] TRADER-001.nautilus_common::cache: Cannot calculate unrealized PnL for P-20250822-003500-001-140724559350376-1, no quotes for BTCUSDT-PERP.BINANCE[0m
[1m2025-08-22T00:51:10.000000000Z[0m [1;33m[WARN] TRADER-001.nautilus_common::cache: Cannot calculate unrealized PnL for P-20250822-003500-001-140724559350376-1, no quotes for BTCUSDT-PERP.BINANCE[0m
[1m2025-08-22T00:51:20.000000000Z[0m [1;33m[WARN] TRADER-001.nautilus_common::cache: Cannot calculate unrealized PnL for P-20250822-003500-001-140724559350376-1, no quotes for BTCUSDT-PERP.BINANCE[0m
[1m2025-08-22T00:51:30.000000000Z[0m [1;33m[WARN] TRADER-001.nautilus_common::cache: Cannot calculate unrealized PnL for P-20250822-003500-001-140724559350376-1, no quotes for BTCUSDT-PERP.BINANCE[0m
[1m2025-08-22T00:51:40.000000000Z[0m [1;33m[WARN] TRADER-001.nautilus_common::cache: Cannot calculate unrealized PnL for P-20250822-003500-001-140724559350376-1, no quotes for BTCUSDT-PERP.BINANCE[0m
[1m2025-08-22T00:51:50.000000000Z[0m [1;33m[WARN] TRADER-001.nautilus_common::cache: Cannot calculate unrealized PnL for P-20250822-003500-001-140724559350376-1, no quotes for BTCUSDT-PERP.BINANCE[0m
[1m2025-08-22T00:51:59.999000000Z[0m [1;33m[WARN] TRADER-001.nautilus_common::cache: Cannot calculate unrealized PnL for P-20250822-003500-001-140724559350376-1, no quotes for BTCUSDT-PERP.BINANCE[0m
[1m2025-08-22T00:52:00.000000000Z[0m [1;33m[WARN] TRADER-001.nautilus_common::cache: Cannot calculate unrealized PnL for P-20250822-003500-001-140724559350376-1, no quotes for BTCUSDT-PERP.BINANCE[0m
[1m2025-08-22T00:52:10.000000000Z[0m [1;33m[WARN] TRADER-001.nautilus_common::cache: Cannot calculate unrealized PnL for P-20250822-003500-001-140724559350376-1, no quotes for BTCUSDT-PERP.BINANCE[0m
[1m2025-08-22T00:52:20.000000000Z[0m [1;33m[WARN] TRADER-001.nautilus_common::cache: Cannot calculate unrealized PnL for P-20250822-003500-001-140724559350376-1, no quotes for BTCUSDT-PERP.BINANCE[0m
[1m2025-08-22T00:52:30.000000000Z[0m [1;33m[WARN] TRADER-001.nautilus_common::cache: Cannot calculate unrealized PnL for P-20250822-003500-001-140724559350376-1, no quotes for BTCUSDT-PERP.BINANCE[0m
[1m2025-08-22T00:52:40.000000000Z[0m [1;33m[WARN] TRADER-001.nautilus_common::cache: Cannot calculate unrealized PnL for P-20250822-003500-001-140724559350376-1, no quotes for BTCUSDT-PERP.BINANCE[0m
[1m2025-08-22T00:52:50.000000000Z[0m [1;33m[WARN] TRADER-001.nautilus_common::cache: Cannot calculate unrealized PnL for P-20250822-003500-001-140724559350376-1, no quotes for BTCUSDT-PERP.BINANCE[0m
[1m2025-08-22T00:52:59.999000000Z[0m [1;33m[WARN] TRADER-001.nautilus_common::cache: Cannot calculate unrealized PnL for P-20250822-003500-001-140724559350376-1, no quotes for BTCUSDT-PERP.BINANCE[0m
[1m2025-08-22T00:53:00.000000000Z[0m [1;33m[WARN] TRADER-001.nautilus_common::cache: Cannot calculate unrealized PnL for P-20250822-003500-001-140724559350376-1, no quotes for BTCUSDT-PERP.BINANCE[0m
[1m2025-08-22T00:53:10.000000000Z[0m [1;33m[WARN] TRADER-001.nautilus_common::cache: Cannot calculate unrealized PnL for P-20250822-003500-001-140724559350376-1, no quotes for BTCUSDT-PERP.BINANCE[0m
[1m2025-08-22T00:53:20.000000000Z[0m [1;33m[WARN] TRADER-001.nautilus_common::cache: Cannot calculate unrealized PnL for P-20250822-003500-001-140724559350376-1, no quotes for BTCUSDT-PERP.BINANCE[0m
[1m2025-08-22T00:53:30.000000000Z[0m [1;33m[WARN] TRADER-001.nautilus_common::cache: Cannot calculate unrealized PnL for P-20250822-003500-001-140724559350376-1, no quotes for BTCUSDT-PERP.BINANCE[0m
[1m2025-08-22T00:53:40.000000000Z[0m [1;33m[WARN] TRADER-001.nautilus_common::cache: Cannot calculate unrealized PnL for P-20250822-003500-001-140724559350376-1, no quotes for BTCUSDT-PERP.BINANCE[0m
[1m2025-08-22T00:53:50.000000000Z[0m [1;33m[WARN] TRADER-001.nautilus_common::cache: Cannot calculate unrealized PnL for P-20250822-003500-001-140724559350376-1, no quotes for BTCUSDT-PERP.BINANCE[0m
[1m2025-08-22T00:53:59.999000000Z[0m [1;33m[WARN] TRADER-001.nautilus_common::cache: Cannot calculate unrealized PnL for P-20250822-003500-001-140724559350376-1, no quotes for BTCUSDT-PERP.BINANCE[0m
[1m2025-08-22T00:54:00.000000000Z[0m [1;33m[WARN] TRADER-001.nautilus_common::cache: Cannot calculate unrealized PnL for P-20250822-003500-001-140724559350376-1, no quotes for BTCUSDT-PERP.BINANCE[0m
[1m2025-08-22T00:54:10.000000000Z[0m [1;33m[WARN] TRADER-001.nautilus_common::cache: Cannot calculate unrealized PnL for P-20250822-003500-001-140724559350376-1, no quotes for BTCUSDT-PERP.BINANCE[0m
[1m2025-08-22T00:54:20.000000000Z[0m [1;33m[WARN] TRADER-001.nautilus_common::cache: Cannot calculate unrealized PnL for P-20250822-003500-001-140724559350376-1, no quotes for BTCUSDT-PERP.BINANCE[0m
[1m2025-08-22T00:54:30.000000000Z[0m [1;33m[WARN] TRADER-001.nautilus_common::cache: Cannot calculate unrealized PnL for P-20250822-003500-001-140724559350376-1, no quotes for BTCUSDT-PERP.BINANCE[0m
[1m2025-08-22T00:54:40.000000000Z[0m [1;33m[WARN] TRADER-001.nautilus_common::cache: Cannot calculate unrealized PnL for P-20250822-003500-001-140724559350376-1, no quotes for BTCUSDT-PERP.BINANCE[0m
[1m2025-08-22T00:54:50.000000000Z[0m [1;33m[WARN] TRADER-001.nautilus_common::cache: Cannot calculate unrealized PnL for P-20250822-003500-001-140724559350376-1, no quotes for BTCUSDT-PERP.BINANCE[0m
[1m2025-08-22T00:54:59.999000000Z[0m [1;33m[WARN] TRADER-001.nautilus_common::cache: Cannot calculate unrealized PnL for P-20250822-003500-001-140724559350376-1, no quotes for BTCUSDT-PERP.BINANCE[0m
[1m2025-08-22T00:55:00.000000000Z[0m [1;33m[WARN] TRADER-001.nautilus_common::cache: Cannot calculate unrealized PnL for P-20250822-003500-001-140724559350376-1, no quotes for BTCUSDT-PERP.BINANCE[0m
[1m2025-08-22T00:55:10.000000000Z[0m [1;33m[WARN] TRADER-001.nautilus_common::cache: Cannot calculate unrealized PnL for P-20250822-003500-001-140724559350376-1, no quotes for BTCUSDT-PERP.BINANCE[0m
[1m2025-08-22T00:55:20.000000000Z[0m [1;33m[WARN] TRADER-001.nautilus_common::cache: Cannot calculate unrealized PnL for P-20250822-003500-001-140724559350376-1, no quotes for BTCUSDT-PERP.BINANCE[0m
[1m2025-08-22T00:55:30.000000000Z[0m [1;33m[WARN] TRADER-001.nautilus_common::cache: Cannot calculate unrealized PnL for P-20250822-003500-001-140724559350376-1, no quotes for BTCUSDT-PERP.BINANCE[0m
[1m2025-08-22T00:55:40.000000000Z[0m [1;33m[WARN] TRADER-001.nautilus_common::cache: Cannot calculate unrealized PnL for P-20250822-003500-001-140724559350376-1, no quotes for BTCUSDT-PERP.BINANCE[0m
[1m2025-08-22T00:55:50.000000000Z[0m [1;33m[WARN] TRADER-001.nautilus_common::cache: Cannot calculate unrealized PnL for P-20250822-003500-001-140724559350376-1, no quotes for BTCUSDT-PERP.BINANCE[0m
[1m2025-08-22T00:55:59.999000000Z[0m [1;33m[WARN] TRADER-001.nautilus_common::cache: Cannot calculate unrealized PnL for P-20250822-003500-001-140724559350376-1, no quotes for BTCUSDT-PERP.BINANCE[0m
[1m2025-08-22T00:56:00.000000000Z[0m [1;33m[WARN] TRADER-001.nautilus_common::cache: Cannot calculate unrealized PnL for P-20250822-003500-001-140724559350376-1, no quotes for BTCUSDT-PERP.BINANCE[0m
[1m2025-08-22T00:56:10.000000000Z[0m [1;33m[WARN] TRADER-001.nautilus_common::cache: Cannot calculate unrealized PnL for P-20250822-003500-001-140724559350376-1, no quotes for BTCUSDT-PERP.BINANCE[0m
[1m2025-08-22T00:56:20.000000000Z[0m [1;33m[WARN] TRADER-001.nautilus_common::cache: Cannot calculate unrealized PnL for P-20250822-003500-001-140724559350376-1, no quotes for BTCUSDT-PERP.BINANCE[0m
[1m2025-08-22T00:56:30.000000000Z[0m [1;33m[WARN] TRADER-001.nautilus_common::cache: Cannot calculate unrealized PnL for P-20250822-003500-001-140724559350376-1, no quotes for BTCUSDT-PERP.BINANCE[0m
[1m2025-08-22T00:56:40.000000000Z[0m [1;33m[WARN] TRADER-001.nautilus_common::cache: Cannot calculate unrealized PnL for P-20250822-003500-001-140724559350376-1, no quotes for BTCUSDT-PERP.BINANCE[0m
[1m2025-08-22T00:56:50.000000000Z[0m [1;33m[WARN] TRADER-001.nautilus_common::cache: Cannot calculate unrealized PnL for P-20250822-003500-001-140724559350376-1, no quotes for BTCUSDT-PERP.BINANCE[0m
[1m2025-08-22T00:56:59.999000000Z[0m [1;33m[WARN] TRADER-001.nautilus_common::cache: Cannot calculate unrealized PnL for P-20250822-003500-001-140724559350376-1, no quotes for BTCUSDT-PERP.BINANCE[0m
[1m2025-08-22T00:57:00.000000000Z[0m [1;33m[WARN] TRADER-001.nautilus_common::cache: Cannot calculate unrealized PnL for P-20250822-003500-001-140724559350376-1, no quotes for BTCUSDT-PERP.BINANCE[0m
[1m2025-08-22T00:57:10.000000000Z[0m [1;33m[WARN] TRADER-001.nautilus_common::cache: Cannot calculate unrealized PnL for P-20250822-003500-001-140724559350376-1, no quotes for BTCUSDT-PERP.BINANCE[0m
[1m2025-08-22T00:57:20.000000000Z[0m [1;33m[WARN] TRADER-001.nautilus_common::cache: Cannot calculate unrealized PnL for P-20250822-003500-001-140724559350376-1, no quotes for BTCUSDT-PERP.BINANCE[0m
[1m2025-08-22T00:57:30.000000000Z[0m [1;33m[WARN] TRADER-001.nautilus_common::cache: Cannot calculate unrealized PnL for P-20250822-003500-001-140724559350376-1, no quotes for BTCUSDT-PERP.BINANCE[0m
[1m2025-08-22T00:57:40.000000000Z[0m [1;33m[WARN] TRADER-001.nautilus_common::cache: Cannot calculate unrealized PnL for P-20250822-003500-001-140724559350376-1, no quotes for BTCUSDT-PERP.BINANCE[0m
[1m2025-08-22T00:57:50.000000000Z[0m [1;33m[WARN] TRADER-001.nautilus_common::cache: Cannot calculate unrealized PnL for P-20250822-003500-001-140724559350376-1, no quotes for BTCUSDT-PERP.BINANCE[0m
[1m2025-08-22T00:57:59.999000000Z[0m [1;33m[WARN] TRADER-001.nautilus_common::cache: Cannot calculate unrealized PnL for P-20250822-003500-001-140724559350376-1, no quotes for BTCUSDT-PERP.BINANCE[0m
[1m2025-08-22T00:58:00.000000000Z[0m [1;33m[WARN] TRADER-001.nautilus_common::cache: Cannot calculate unrealized PnL for P-20250822-003500-001-140724559350376-1, no quotes for BTCUSDT-PERP.BINANCE[0m
[1m2025-08-22T00:58:10.000000000Z[0m [1;33m[WARN] TRADER-001.nautilus_common::cache: Cannot calculate unrealized PnL for P-20250822-003500-001-140724559350376-1, no quotes for BTCUSDT-PERP.BINANCE[0m
[1m2025-08-22T00:58:20.000000000Z[0m [1;33m[WARN] TRADER-001.nautilus_common::cache: Cannot calculate unrealized PnL for P-20250822-003500-001-140724559350376-1, no quotes for BTCUSDT-PERP.BINANCE[0m
[1m2025-08-22T00:58:30.000000000Z[0m [1;33m[WARN] TRADER-001.nautilus_common::cache: Cannot calculate unrealized PnL for P-20250822-003500-001-140724559350376-1, no quotes for BTCUSDT-PERP.BINANCE[0m
[1m2025-08-22T00:58:40.000000000Z[0m [1;33m[WARN] TRADER-001.nautilus_common::cache: Cannot calculate unrealized PnL for P-20250822-003500-001-140724559350376-1, no quotes for BTCUSDT-PERP.BINANCE[0m
[1m2025-08-22T00:58:50.000000000Z[0m [1;33m[WARN] TRADER-001.nautilus_common::cache: Cannot calculate unrealized PnL for P-20250822-003500-001-140724559350376-1, no quotes for BTCUSDT-PERP.BINANCE[0m
[1m2025-08-22T00:58:59.999000000Z[0m [1;33m[WARN] TRADER-001.nautilus_common::cache: Cannot calculate unrealized PnL for P-20250822-003500-001-140724559350376-1, no quotes for BTCUSDT-PERP.BINANCE[0m
[1m2025-08-22T00:59:00.000000000Z[0m [1;33m[WARN] TRADER-001.nautilus_common::cache: Cannot calculate unrealized PnL for P-20250822-003500-001-140724559350376-1, no quotes for BTCUSDT-PERP.BINANCE[0m
[1m2025-08-22T00:59:10.000000000Z[0m [1;33m[WARN] TRADER-001.nautilus_common::cache: Cannot calculate unrealized PnL for P-20250822-003500-001-140724559350376-1, no quotes for BTCUSDT-PERP.BINANCE[0m
[1m2025-08-22T00:59:20.000000000Z[0m [1;33m[WARN] TRADER-001.nautilus_common::cache: Cannot calculate unrealized PnL for P-20250822-003500-001-140724559350376-1, no quotes for BTCUSDT-PERP.BINANCE[0m
[1m2025-08-22T00:59:30.000000000Z[0m [1;33m[WARN] TRADER-001.nautilus_common::cache: Cannot calculate unrealized PnL for P-20250822-003500-001-140724559350376-1, no quotes for BTCUSDT-PERP.BINANCE[0m
[1m2025-08-22T00:59:40.000000000Z[0m [1;33m[WARN] TRADER-001.nautilus_common::cache: Cannot calculate unrealized PnL for P-20250822-003500-001-140724559350376-1, no quotes for BTCUSDT-PERP.BINANCE[0m
[1m2025-08-22T00:59:50.000000000Z[0m [1;33m[WARN] TRADER-001.nautilus_common::cache: Cannot calculate unrealized PnL for P-20250822-003500-001-140724559350376-1, no quotes for BTCUSDT-PERP.BINANCE[0m
[1m2025-08-22T00:59:59.999000000Z[0m [1;33m[WARN] TRADER-001.nautilus_common::cache: Cannot calculate unrealized PnL for P-20250822-003500-001-140724559350376-1, no quotes for BTCUSDT-PERP.BINANCE[0m
[1m2025-08-22T01:00:00.000000000Z[0m [1;33m[WARN] TRADER-001.nautilus_common::cache: Cannot calculate unrealized PnL for P-20250822-003500-001-140724559350376-1, no quotes for BTCUSDT-PERP.BINANCE[0m
[1m2025-08-22T01:00:10.000000000Z[0m [1;33m[WARN] TRADER-001.nautilus_common::cache: Cannot calculate unrealized PnL for P-20250822-003500-001-140724559350376-1, no quotes for BTCUSDT-PERP.BINANCE[0m
[1m2025-08-22T01:00:20.000000000Z[0m [1;33m[WARN] TRADER-001.nautilus_common::cache: Cannot calculate unrealized PnL for P-20250822-003500-001-140724559350376-1, no quotes for BTCUSDT-PERP.BINANCE[0m
[1m2025-08-22T01:00:30.000000000Z[0m [1;33m[WARN] TRADER-001.nautilus_common::cache: Cannot calculate unrealized PnL for P-20250822-003500-001-140724559350376-1, no quotes for BTCUSDT-PERP.BINANCE[0m
[1m2025-08-22T01:00:40.000000000Z[0m [1;33m[WARN] TRADER-001.nautilus_common::cache: Cannot calculate unrealized PnL for P-20250822-003500-001-140724559350376-1, no quotes for BTCUSDT-PERP.BINANCE[0m
[1m2025-08-22T01:00:50.000000000Z[0m [1;33m[WARN] TRADER-001.nautilus_common::cache: Cannot calculate unrealized PnL for P-20250822-003500-001-140724559350376-1, no quotes for BTCUSDT-PERP.BINANCE[0m
[1m2025-08-22T01:00:59.999000000Z[0m [1;33m[WARN] TRADER-001.nautilus_common::cache: Cannot calculate unrealized PnL for P-20250822-003500-001-140724559350376-1, no quotes for BTCUSDT-PERP.BINANCE[0m
[1m2025-08-22T01:01:00.000000000Z[0m [1;33m[WARN] TRADER-001.nautilus_common::cache: Cannot calculate unrealized PnL for P-20250822-003500-001-140724559350376-1, no quotes for BTCUSDT-PERP.BINANCE[0m
[1m2025-08-22T01:01:10.000000000Z[0m [1;33m[WARN] TRADER-001.nautilus_common::cache: Cannot calculate unrealized PnL for P-20250822-003500-001-140724559350376-1, no quotes for BTCUSDT-PERP.BINANCE[0m
[1m2025-08-22T01:01:20.000000000Z[0m [1;33m[WARN] TRADER-001.nautilus_common::cache: Cannot calculate unrealized PnL for P-20250822-003500-001-140724559350376-1, no quotes for BTCUSDT-PERP.BINANCE[0m
[1m2025-08-22T01:01:30.000000000Z[0m [1;33m[WARN] TRADER-001.nautilus_common::cache: Cannot calculate unrealized PnL for P-20250822-003500-001-140724559350376-1, no quotes for BTCUSDT-PERP.BINANCE[0m
[1m2025-08-22T01:01:40.000000000Z[0m [1;33m[WARN] TRADER-001.nautilus_common::cache: Cannot calculate unrealized PnL for P-20250822-003500-001-140724559350376-1, no quotes for BTCUSDT-PERP.BINANCE[0m
[1m2025-08-22T01:01:50.000000000Z[0m [1;33m[WARN] TRADER-001.nautilus_common::cache: Cannot calculate unrealized PnL for P-20250822-003500-001-140724559350376-1, no quotes for BTCUSDT-PERP.BINANCE[0m
[1m2025-08-22T01:01:59.999000000Z[0m [1;33m[WARN] TRADER-001.nautilus_common::cache: Cannot calculate unrealized PnL for P-20250822-003500-001-140724559350376-1, no quotes for BTCUSDT-PERP.BINANCE[0m
[1m2025-08-22T01:02:00.000000000Z[0m [1;33m[WARN] TRADER-001.nautilus_common::cache: Cannot calculate unrealized PnL for P-20250822-003500-001-140724559350376-1, no quotes for BTCUSDT-PERP.BINANCE[0m
[1m2025-08-22T01:02:10.000000000Z[0m [1;33m[WARN] TRADER-001.nautilus_common::cache: Cannot calculate unrealized PnL for P-20250822-003500-001-140724559350376-1, no quotes for BTCUSDT-PERP.BINANCE[0m
[1m2025-08-22T01:02:20.000000000Z[0m [1;33m[WARN] TRADER-001.nautilus_common::cache: Cannot calculate unrealized PnL for P-20250822-003500-001-140724559350376-1, no quotes for BTCUSDT-PERP.BINANCE[0m
[1m2025-08-22T01:02:30.000000000Z[0m [1;33m[WARN] TRADER-001.nautilus_common::cache: Cannot calculate unrealized PnL for P-20250822-003500-001-140724559350376-1, no quotes for BTCUSDT-PERP.BINANCE[0m
[1m2025-08-22T01:02:40.000000000Z[0m [1;33m[WARN] TRADER-001.nautilus_common::cache: Cannot calculate unrealized PnL for P-20250822-003500-001-140724559350376-1, no quotes for BTCUSDT-PERP.BINANCE[0m
[1m2025-08-22T01:02:50.000000000Z[0m [1;33m[WARN] TRADER-001.nautilus_common::cache: Cannot calculate unrealized PnL for P-20250822-003500-001-140724559350376-1, no quotes for BTCUSDT-PERP.BINANCE[0m
[1m2025-08-22T01:02:59.999000000Z[0m [1;33m[WARN] TRADER-001.nautilus_common::cache: Cannot calculate unrealized PnL for P-20250822-003500-001-140724559350376-1, no quotes for BTCUSDT-PERP.BINANCE[0m
[1m2025-08-22T01:03:00.000000000Z[0m [1;33m[WARN] TRADER-001.nautilus_common::cache: Cannot calculate unrealized PnL for P-20250822-003500-001-140724559350376-1, no quotes for BTCUSDT-PERP.BINANCE[0m
[1m2025-08-22T01:03:10.000000000Z[0m [1;33m[WARN] TRADER-001.nautilus_common::cache: Cannot calculate unrealized PnL for P-20250822-003500-001-140724559350376-1, no quotes for BTCUSDT-PERP.BINANCE[0m
[1m2025-08-22T01:03:20.000000000Z[0m [1;33m[WARN] TRADER-001.nautilus_common::cache: Cannot calculate unrealized PnL for P-20250822-003500-001-140724559350376-1, no quotes for BTCUSDT-PERP.BINANCE[0m
[1m2025-08-22T01:03:30.000000000Z[0m [1;33m[WARN] TRADER-001.nautilus_common::cache: Cannot calculate unrealized PnL for P-20250822-003500-001-140724559350376-1, no quotes for BTCUSDT-PERP.BINANCE[0m
[1m2025-08-22T01:03:40.000000000Z[0m [1;33m[WARN] TRADER-001.nautilus_common::cache: Cannot calculate unrealized PnL for P-20250822-003500-001-140724559350376-1, no quotes for BTCUSDT-PERP.BINANCE[0m
[1m2025-08-22T01:03:50.000000000Z[0m [1;33m[WARN] TRADER-001.nautilus_common::cache: Cannot calculate unrealized PnL for P-20250822-003500-001-140724559350376-1, no quotes for BTCUSDT-PERP.BINANCE[0m
[1m2025-08-22T01:03:59.999000000Z[0m [1;33m[WARN] TRADER-001.nautilus_common::cache: Cannot calculate unrealized PnL for P-20250822-003500-001-140724559350376-1, no quotes for BTCUSDT-PERP.BINANCE[0m
[1m2025-08-22T01:04:00.000000000Z[0m [1;33m[WARN] TRADER-001.nautilus_common::cache: Cannot calculate unrealized PnL for P-20250822-003500-001-140724559350376-1, no quotes for BTCUSDT-PERP.BINANCE[0m
[1m2025-08-22T01:04:10.000000000Z[0m [1;33m[WARN] TRADER-001.nautilus_common::cache: Cannot calculate unrealized PnL for P-20250822-003500-001-140724559350376-1, no quotes for BTCUSDT-PERP.BINANCE[0m
[1m2025-08-22T01:04:20.000000000Z[0m [1;33m[WARN] TRADER-001.nautilus_common::cache: Cannot calculate unrealized PnL for P-20250822-003500-001-140724559350376-1, no quotes for BTCUSDT-PERP.BINANCE[0m
[1m2025-08-22T01:04:30.000000000Z[0m [1;33m[WARN] TRADER-001.nautilus_common::cache: Cannot calculate unrealized PnL for P-20250822-003500-001-140724559350376-1, no quotes for BTCUSDT-PERP.BINANCE[0m
[1m2025-08-22T01:04:40.000000000Z[0m [1;33m[WARN] TRADER-001.nautilus_common::cache: Cannot calculate unrealized PnL for P-20250822-003500-001-140724559350376-1, no quotes for BTCUSDT-PERP.BINANCE[0m
[1m2025-08-22T01:04:50.000000000Z[0m [1;33m[WARN] TRADER-001.nautilus_common::cache: Cannot calculate unrealized PnL for P-20250822-003500-001-140724559350376-1, no quotes for BTCUSDT-PERP.BINANCE[0m
[1m2025-08-22T01:04:59.999000000Z[0m [1;33m[WARN] TRADER-001.nautilus_common::cache: Cannot calculate unrealized PnL for P-20250822-003500-001-140724559350376-1, no quotes for BTCUSDT-PERP.BINANCE[0m
[1m2025-08-22T01:05:00.000000000Z[0m [1;33m[WARN] TRADER-001.nautilus_common::cache: Cannot calculate unrealized PnL for P-20250822-003500-001-140724559350376-1, no quotes for BTCUSDT-PERP.BINANCE[0m
[1m2025-08-22T01:05:10.000000000Z[0m [1;33m[WARN] TRADER-001.nautilus_common::cache: Cannot calculate unrealized PnL for P-20250822-003500-001-140724559350376-1, no quotes for BTCUSDT-PERP.BINANCE[0m
[1m2025-08-22T01:05:20.000000000Z[0m [1;33m[WARN] TRADER-001.nautilus_common::cache: Cannot calculate unrealized PnL for P-20250822-003500-001-140724559350376-1, no quotes for BTCUSDT-PERP.BINANCE[0m
[1m2025-08-22T01:05:30.000000000Z[0m [1;33m[WARN] TRADER-001.nautilus_common::cache: Cannot calculate unrealized PnL for P-20250822-003500-001-140724559350376-1, no quotes for BTCUSDT-PERP.BINANCE[0m
[1m2025-08-22T01:05:40.000000000Z[0m [1;33m[WARN] TRADER-001.nautilus_common::cache: Cannot calculate unrealized PnL for P-20250822-003500-001-140724559350376-1, no quotes for BTCUSDT-PERP.BINANCE[0m
[1m2025-08-22T01:05:50.000000000Z[0m [1;33m[WARN] TRADER-001.nautilus_common::cache: Cannot calculate unrealized PnL for P-20250822-003500-001-140724559350376-1, no quotes for BTCUSDT-PERP.BINANCE[0m
[1m2025-08-22T01:05:59.999000000Z[0m [1;33m[WARN] TRADER-001.nautilus_common::cache: Cannot calculate unrealized PnL for P-20250822-003500-001-140724559350376-1, no quotes for BTCUSDT-PERP.BINANCE[0m
[1m2025-08-22T01:06:00.000000000Z[0m [1;33m[WARN] TRADER-001.nautilus_common::cache: Cannot calculate unrealized PnL for P-20250822-003500-001-140724559350376-1, no quotes for BTCUSDT-PERP.BINANCE[0m
[1m2025-08-22T01:06:10.000000000Z[0m [1;33m[WARN] TRADER-001.nautilus_common::cache: Cannot calculate unrealized PnL for P-20250822-003500-001-140724559350376-1, no quotes for BTCUSDT-PERP.BINANCE[0m
[1m2025-08-22T01:06:20.000000000Z[0m [1;33m[WARN] TRADER-001.nautilus_common::cache: Cannot calculate unrealized PnL for P-20250822-003500-001-140724559350376-1, no quotes for BTCUSDT-PERP.BINANCE[0m
[1m2025-08-22T01:06:30.000000000Z[0m [1;33m[WARN] TRADER-001.nautilus_common::cache: Cannot calculate unrealized PnL for P-20250822-003500-001-140724559350376-1, no quotes for BTCUSDT-PERP.BINANCE[0m
[1m2025-08-22T01:06:40.000000000Z[0m [1;33m[WARN] TRADER-001.nautilus_common::cache: Cannot calculate unrealized PnL for P-20250822-003500-001-140724559350376-1, no quotes for BTCUSDT-PERP.BINANCE[0m
[1m2025-08-22T01:06:50.000000000Z[0m [1;33m[WARN] TRADER-001.nautilus_common::cache: Cannot calculate unrealized PnL for P-20250822-003500-001-140724559350376-1, no quotes for BTCUSDT-PERP.BINANCE[0m
[1m2025-08-22T01:06:59.999000000Z[0m [1;33m[WARN] TRADER-001.nautilus_common::cache: Cannot calculate unrealized PnL for P-20250822-003500-001-140724559350376-1, no quotes for BTCUSDT-PERP.BINANCE[0m
[1m2025-08-22T01:07:00.000000000Z[0m [1;33m[WARN] TRADER-001.nautilus_common::cache: Cannot calculate unrealized PnL for P-20250822-003500-001-140724559350376-1, no quotes for BTCUSDT-PERP.BINANCE[0m
[1m2025-08-22T01:07:10.000000000Z[0m [1;33m[WARN] TRADER-001.nautilus_common::cache: Cannot calculate unrealized PnL for P-20250822-003500-001-140724559350376-1, no quotes for BTCUSDT-PERP.BINANCE[0m
[1m2025-08-22T01:07:20.000000000Z[0m [1;33m[WARN] TRADER-001.nautilus_common::cache: Cannot calculate unrealized PnL for P-20250822-003500-001-140724559350376-1, no quotes for BTCUSDT-PERP.BINANCE[0m
[1m2025-08-22T01:07:30.000000000Z[0m [1;33m[WARN] TRADER-001.nautilus_common::cache: Cannot calculate unrealized PnL for P-20250822-003500-001-140724559350376-1, no quotes for BTCUSDT-PERP.BINANCE[0m
[1m2025-08-22T01:07:40.000000000Z[0m [1;33m[WARN] TRADER-001.nautilus_common::cache: Cannot calculate unrealized PnL for P-20250822-003500-001-140724559350376-1, no quotes for BTCUSDT-PERP.BINANCE[0m
[1m2025-08-22T01:07:50.000000000Z[0m [1;33m[WARN] TRADER-001.nautilus_common::cache: Cannot calculate unrealized PnL for P-20250822-003500-001-140724559350376-1, no quotes for BTCUSDT-PERP.BINANCE[0m
[1m2025-08-22T01:07:59.999000000Z[0m [1;33m[WARN] TRADER-001.nautilus_common::cache: Cannot calculate unrealized PnL for P-20250822-003500-001-140724559350376-1, no quotes for BTCUSDT-PERP.BINANCE[0m
[1m2025-08-22T01:08:00.000000000Z[0m [1;33m[WARN] TRADER-001.nautilus_common::cache: Cannot calculate unrealized PnL for P-20250822-003500-001-140724559350376-1, no quotes for BTCUSDT-PERP.BINANCE[0m
[1m2025-08-22T01:08:10.000000000Z[0m [1;33m[WARN] TRADER-001.nautilus_common::cache: Cannot calculate unrealized PnL for P-20250822-003500-001-140724559350376-1, no quotes for BTCUSDT-PERP.BINANCE[0m
[1m2025-08-22T01:08:20.000000000Z[0m [INFO] TRADER-001.nautilus_portfolio::manager: BTCUSDT-PERP.BINANCE margin_init=0.00000000 USDT[0m
[1m2025-08-22T01:08:20.000000000Z[0m [INFO] TRADER-001.nautilus_trading::strategy: DataActor-140724559350376 <--[EVT] OrderFilled(instrument_id=BTCUSDT-PERP.BINANCE, client_order_id=O-20250822-003500-001-140724559350376-2, venue_order_id=BINANCE-1-2, account_id=BINANCE-001, trade_id=T-3e0269f435267426-86506, position_id=P-20250822-003500-001-140724559350376-1, order_side=SELL, order_type=STOP_MARKET, last_qty=5.949, last_px=112_421.1 USDT, commission=401.27587434 USDT, liquidity_side=TAKER, ts_event=1755824900000000000)[0m
[1m2025-08-22T01:08:20.000000000Z[0m [INFO] TRADER-001.nautilus_portfolio::portfolio: BTCUSDT-PERP.BINANCE net_position=0[0m
[1m2025-08-22T01:08:20.000000000Z[0m [INFO] TRADER-001.nautilus_portfolio::manager: BTCUSDT-PERP.BINANCE margin_maint=0.00000000 USDT[0m
[1m2025-08-22T01:08:20.000000000Z[0m [INFO] TRADER-001.nautilus_portfolio::portfolio: Updated AccountState(account_id=BINANCE-001, account_type=MARGIN, base_currency=USDT, is_reported=false, balances=[AccountBalance(total=97221.19521052 USDT, locked=0.00000000 USDT, free=97221.19521052 USDT)], margins=[], event_id=57b58d09-6358-4d71-95a5-091b84ca06a3)[0m
[1m2025-08-22T01:08:20.000000000Z[0m [INFO] TRADER-001.nautilus_trading::strategy: DataActor-140724559350376 <--[EVT] PositionClosed(PositionClosed { trader_id: "TRADER-001", strategy_id: "DataActor-140724559350376", instrument_id: "BTCUSDT-PERP.BINANCE", position_id: "P-20250822-003500-001-140724559350376-1", account_id: "BINANCE-001", opening_order_id: "O-20250822-003500-001-140724559350376-1", closing_order_id: Some("O-20250822-003500-001-140724559350376-2"), entry: Buy, side: Flat, signed_qty: 0.0, quantity: Quantity(0.000), peak_quantity: Quantity(5.949), last_qty: Quantity(5.949), last_px: Price(112421.1), currency: Currency(code='USDT', precision=8, iso4217=0, name='Tether', currency_type=CRYPTO), avg_px_open: 112753.1, avg_px_close: Some(112421.1), realized_return: -0.002944486670433008, realized_pnl: Some(Money(-2778.80478948, USDT)), unrealized_pnl: Money(0.00000000, USDT), duration: 2000000000000, event_id: UUID4(74376e7d-e409-4615-8f25-a2c087549691), ts_opened: UnixNanos(1755822900000000000), ts_closed: Some(UnixNanos(1755824900000000000)), ts_event: UnixNanos(1755824900000000000), ts_init: UnixNanos(1755824900000000000) })[0m
[1m2025-08-22T01:08:20.000000000Z[0m [INFO] TRADER-001.nautilus_portfolio::manager: BTCUSDT-PERP.BINANCE margin_init=0.00000000 USDT[0m
[1m2025-08-22T01:08:20.000000000Z[0m [INFO] TRADER-001.nautilus_portfolio::portfolio: Updated AccountState(account_id=BINANCE-001, account_type=MARGIN, base_currency=USDT, is_reported=false, balances=[AccountBalance(total=97221.19521052 USDT, locked=0.00000000 USDT, free=97221.19521052 USDT)], margins=[], event_id=b3fca086-4465-4bf6-b274-8f6ae649c0d8)[0m
[1m2025-08-22T01:08:20.000000000Z[0m [INFO] TRADER-001.nautilus_trading::strategy: DataActor-140724559350376 <--[EVT] OrderCanceled(instrument_id=BTCUSDT-PERP.BINANCE, client_order_id=O-20250822-003500-001-140724559350376-3, venue_order_id=BINANCE-1-3, account_id=BINANCE-001, ts_event=1755824900000000000)[0m
[1m2025-08-25T04:01:00.000000000Z[0m [INFO] TRADER-001.nautilus_system::kernel: Stopping trader...[0m
[1m2025-08-25T04:01:00.000000000Z[0m [INFO] TRADER-001.nautilus_system::trader: Stopping[0m
[1m2025-08-25T04:01:00.000000000Z[0m [INFO] TRADER-001.DataActor-140724559350376: Stopping[0m
[1m2025-08-25T04:01:00.000000000Z[0m [INFO] TRADER-001.nautilus_trading::strategy: No BTCUSDT-PERP.BINANCE open, emulated, or inflight orders to cancel[0m
[1m2025-08-25T04:01:00.000000000Z[0m [INFO] TRADER-001.DataActor-140724559350376: Stopped[0m
[1m2025-08-25T04:01:00.000000000Z[0m [INFO] TRADER-001.nautilus_system::trader: Stopped[0m
[1m2025-08-25T04:01:00.000000000Z[0m [INFO] TRADER-001.nautilus_risk::engine: Stopped[0m
[1m2025-08-25T04:01:00.000000000Z[0m [INFO] TRADER-001.nautilus_backtest::execution_client: Backtest execution client stopped[0m
[1m2025-08-25T04:01:00.000000000Z[0m [INFO] TRADER-001.nautilus_execution::engine: Stopped[0m
[1m2026-08-08T11:28:59.798227637Z[0m [36m[INFO] TRADER-001.nautilus_backtest::engine: =================================================================[0m
[1m2026-08-08T11:28:59.798231875Z[0m [36m[INFO] TRADER-001.nautilus_backtest::engine:  BACKTEST POST-RUN[0m
[1m2026-08-08T11:28:59.798232246Z[0m [36m[INFO] TRADER-001.nautilus_backtest::engine: =================================================================[0m
[1m2026-08-08T11:28:59.798232526Z[0m [INFO] TRADER-001.nautilus_backtest::engine: Run config ID:  None[0m
[1m2026-08-08T11:28:59.798234821Z[0m [INFO] TRADER-001.nautilus_backtest::engine: Run ID:         0db33880-8c5a-44ec-bdce-f9346e58051d[0m
[1m2026-08-08T11:28:59.798235552Z[0m [INFO] TRADER-001.nautilus_backtest::engine: Run started:    2026-08-08T11:28:59.434390393Z[0m
[1m2026-08-08T11:28:59.798236073Z[0m [INFO] TRADER-001.nautilus_backtest::engine: Run finished:   2026-08-08T11:28:59.798212519Z[0m
[1m2026-08-08T11:28:59.798236884Z[0m [INFO] TRADER-001.nautilus_backtest::engine: Elapsed time:   0 days 00:00:00.363822[0m
[1m2026-08-08T11:28:59.798237526Z[0m [INFO] TRADER-001.nautilus_backtest::engine: Backtest start: 2025-08-17T23:25:10.000000000Z[0m
[1m2026-08-08T11:28:59.798237796Z[0m [INFO] TRADER-001.nautilus_backtest::engine: Backtest end:   2025-08-25T04:01:00.000000000Z[0m
[1m2026-08-08T11:28:59.798238347Z[0m [INFO] TRADER-001.nautilus_backtest::engine: Backtest range: 7 days 04:35:50.000000[0m
[1m2026-08-08T11:28:59.798238928Z[0m [INFO] TRADER-001.nautilus_backtest::engine: Iterations: 72_514[0m
[1m2026-08-08T11:28:59.798239399Z[0m [INFO] TRADER-001.nautilus_backtest::engine: Total events: 8[0m
[1m2026-08-08T11:28:59.798239660Z[0m [INFO] TRADER-001.nautilus_backtest::engine: Total orders: 3[0m
[1m2026-08-08T11:28:59.798240261Z[0m [INFO] TRADER-001.nautilus_backtest::engine: Total positions: 1[0m
[1m2026-08-08T11:28:59.798267171Z[0m [36m[INFO] TRADER-001.nautilus_backtest::engine: =================================================================[0m
[1m2026-08-08T11:28:59.798267732Z[0m [36m[INFO] TRADER-001.nautilus_backtest::engine:  PORTFOLIO PERFORMANCE[0m
[1m2026-08-08T11:28:59.798268013Z[0m [36m[INFO] TRADER-001.nautilus_backtest::engine: =================================================================[0m
[1m2026-08-08T11:28:59.798268674Z[0m [INFO] TRADER-001.nautilus_backtest::engine:  PnL Statistics (USDT)[0m
[1m2026-08-08T11:28:59.798269375Z[0m [36m[INFO] TRADER-001.nautilus_backtest::engine: -----------------------------------------------------------------[0m
[1m2026-08-08T11:28:59.798315271Z[0m [INFO] TRADER-001.nautilus_backtest::engine: Avg Loser:                      -2778.80[0m
[1m2026-08-08T11:28:59.798322384Z[0m [INFO] TRADER-001.nautilus_backtest::engine: Avg Winner:                     NaN[0m
[1m2026-08-08T11:28:59.798322975Z[0m [INFO] TRADER-001.nautilus_backtest::engine: Expectancy:                     -2778.80[0m
[1m2026-08-08T11:28:59.798323185Z[0m [INFO] TRADER-001.nautilus_backtest::engine: Max Loser:                      -2778.80[0m
[1m2026-08-08T11:28:59.798323366Z[0m [INFO] TRADER-001.nautilus_backtest::engine: Max Winner:                     NaN[0m
[1m2026-08-08T11:28:59.798323536Z[0m [INFO] TRADER-001.nautilus_backtest::engine: Min Loser:                      -2778.80[0m
[1m2026-08-08T11:28:59.798323737Z[0m [INFO] TRADER-001.nautilus_backtest::engine: Min Winner:                     NaN[0m
[1m2026-08-08T11:28:59.798323947Z[0m [INFO] TRADER-001.nautilus_backtest::engine: PnL (total):                    -2778.80[0m
[1m2026-08-08T11:28:59.798324298Z[0m [INFO] TRADER-001.nautilus_backtest::engine: PnL% (total):                   -2.78[0m
[1m2026-08-08T11:28:59.798324939Z[0m [INFO] TRADER-001.nautilus_backtest::engine: Win Rate:                       0.00[0m
[1m2026-08-08T11:28:59.798325450Z[0m [36m[INFO] TRADER-001.nautilus_backtest::engine: -----------------------------------------------------------------[0m
[1m2026-08-08T11:28:59.798325800Z[0m [INFO] TRADER-001.nautilus_backtest::engine:  Returns Statistics[0m
[1m2026-08-08T11:28:59.798326001Z[0m [36m[INFO] TRADER-001.nautilus_backtest::engine: -----------------------------------------------------------------[0m
[1m2026-08-08T11:28:59.798337512Z[0m [INFO] TRADER-001.nautilus_backtest::engine: Average (Return):               -0.00[0m
[1m2026-08-08T11:28:59.798337913Z[0m [INFO] TRADER-001.nautilus_backtest::engine: Average Loss (Return):          -0.00[0m
[1m2026-08-08T11:28:59.798338805Z[0m [INFO] TRADER-001.nautilus_backtest::engine: Average Win (Return):           NaN[0m
[1m2026-08-08T11:28:59.798339025Z[0m [INFO] TRADER-001.nautilus_backtest::engine: Profit Factor:                  0.00[0m
[1m2026-08-08T11:28:59.798339195Z[0m [INFO] TRADER-001.nautilus_backtest::engine: Returns Volatility (252 days):  NaN[0m
[1m2026-08-08T11:28:59.798339376Z[0m [INFO] TRADER-001.nautilus_backtest::engine: Risk Return Ratio:              NaN[0m
[1m2026-08-08T11:28:59.798339606Z[0m [INFO] TRADER-001.nautilus_backtest::engine: Sharpe Ratio (252 days):        NaN[0m
[1m2026-08-08T11:28:59.798339856Z[0m [INFO] TRADER-001.nautilus_backtest::engine: Sortino Ratio (252 days):       -15.87[0m
[1m2026-08-08T11:28:59.798340328Z[0m [36m[INFO] TRADER-001.nautilus_backtest::engine: -----------------------------------------------------------------[0m
[1m2026-08-08T11:28:59.798340818Z[0m [INFO] TRADER-001.nautilus_backtest::engine:  General Statistics[0m
[1m2026-08-08T11:28:59.798341019Z[0m [36m[INFO] TRADER-001.nautilus_backtest::engine: -----------------------------------------------------------------[0m
[1m2026-08-08T11:28:59.798344535Z[0m [INFO] TRADER-001.nautilus_backtest::engine: Long Ratio:                     1[0m
[1m2026-08-08T11:28:59.798345257Z[0m [36m[INFO] TRADER-001.nautilus_backtest::engine: -----------------------------------------------------------------[0m
[1m2026-08-08T11:28:59.911640402Z[0m [INFO] TRADER-001.nautilus_system::kernel: Disposing[0m
[1m2026-08-08T11:28:59.911669106Z[0m [INFO] TRADER-001.nautilus_system::trader: Disposing[0m
[1m2026-08-08T11:28:59.911673173Z[0m [INFO] TRADER-001.DataActor-140724559350376: Disposing[0m
[1m2026-08-08T11:28:59.911684394Z[0m [INFO] TRADER-001.DataActor-140724559350376: Disposed[0m
[1m2026-08-08T11:28:59.911694443Z[0m [INFO] TRADER-001.nautilus_system::trader: Disposed[0m
[1m2026-08-08T11:28:59.911714791Z[0m [INFO] TRADER-001.nautilus_backtest::execution_client: Backtest execution client stopped[0m
[1m2026-08-08T11:28:59.911717456Z[0m [INFO] TRADER-001.nautilus_execution::engine: Stopped[0m
[1m2026-08-08T11:28:59.911718568Z[0m [INFO] TRADER-001.nautilus_risk::engine: Stopped[0m
[1m2026-08-08T11:28:59.911719760Z[0m [INFO] TRADER-001.nautilus_execution::order_emulator::emulator: Stopped[0m
[1m2026-08-08T11:28:59.911724449Z[0m [INFO] TRADER-001.nautilus_execution::engine: Disposed[0m
[1m2026-08-08T11:28:59.911725050Z[0m [INFO] TRADER-001.nautilus_risk::engine: Disposed[0m
[1m2026-08-08T11:28:59.911727083Z[0m [INFO] TRADER-001.nautilus_execution::order_emulator::emulator: Disposed[0m
[1m2026-08-08T11:28:59.911747612Z[0m [INFO] TRADER-001.nautilus_common::cache: Reset cache[0m
[1m2026-08-08T11:28:59.911766187Z[0m [INFO] TRADER-001.nautilus_system::kernel: Disposed[0m
{"closed_trades": 1, "daily_geometric_growth": -0.004017826929817669, "final_nav_usdt": 97221.19521052, "first_window_gate_passed": false, "signals": 1, "window": "screen-01", "wins": 0}
{
  "ablation_modes": [
    "none"
  ],
  "candidate": "candidate-08-opening-type-state-router-btc-nautilus-v1",
  "close_reasons": {
    "STRUCTURAL_STOP": 1
  },
  "closed_trades": 1,
  "combined_calendar_days": 7.0,
  "combined_daily_geometric_growth": -0.004017826929817669,
  "goal_daily_geometric_growth": 0.01,
  "goal_met": false,
  "positive_trade_share": 0.0,
  "promotable": true,
  "realized_pnl_by_symbol": {
    "BTCUSDT": -2778.80478948
  },
  "single_asset_positive_pnl_share": 0.0,
  "single_trade_positive_pnl_share": 0.0,
  "suite": "first",
  "suite_gate_checks": {
    "all_signal_times_processed": true,
    "all_submitted_entries_observed": true,
    "base_contract_not_ablated": true,
    "closed_trades_matched_to_intents": true,
    "cost_after_total_return_positive": false,
    "entry_causality": true,
    "fill_adjusted_risk_budget_respected": true,
    "funding_cost_state_is_causal_and_complete": true,
    "minimum_closed_trades": false,
    "no_execution_failures": true,
    "no_residual_exposure": true,
    "no_unexpected_or_liquidation_closes": true,
    "planned_risk_budget_respected": true,
    "position_exit_causality": true,
    "realized_loss_budget_respected": true
  },
  "suite_gate_passed": false,
  "symbols_with_closed_trades": [
    "BTCUSDT"
  ],
  "window_results": [
    {
      "closed_trades": 1,
      "daily_geometric_growth": -0.004017826929817669,
      "final_nav_usdt": 97221.19521052,
      "first_window_gate_passed": false,
      "maximum_realized_equity_drawdown": 0.02778804789479994,
      "name": "screen-01",
      "total_return": -0.02778804789479994,
      "win_rate": 0.0,
      "wins": 0
    }
  ],
  "windows": [
    {
      "end": "2025-08-25T00:00:00Z",
      "name": "screen-01",
      "start": "2025-08-18T00:00:00Z"
    }
  ],
  "wins": 0
}
{
  "first_window_gate_passed": false
}
{
  "candidate": "candidate-08-opening-type-state-router-btc-nautilus-v1",
  "classification": "CLEAN_LOGIC_FAILURE_INSUFFICIENT_OPENING_TYPE_FREQUENCY",
  "detector_diagnostics": {
    "COMPLETE_INITIAL_BALANCE": 66,
    "COMPLETE_PREVIOUS_UTC_DAY_PROFILE": 21,
    "INCOMPLETE_INITIAL_BALANCE": 15,
    "INCOMPLETE_PREVIOUS_UTC_DAY_PROFILE": 2,
    "INSUFFICIENT_COST_AFTER_OPENING_TYPE_GEOMETRY": 1,
    "NO_CAUSAL_PREVIOUS_DAY_VALUE_PROFILE": 5,
    "NO_CONTIGUOUS_NEXT_TEN_SECOND_EXECUTION_BUCKET": 2,
    "OPENING_STATE_INVALIDATED_BEFORE_TRIGGER": 27,
    "OPENING_TYPE_OPEN_DRIVE": 23,
    "OPENING_TYPE_OPEN_REJECTION_REVERSE": 2,
    "OPENING_TYPE_OPEN_TEST_DRIVE": 6,
    "SIGNAL": 1,
    "SIGNAL_TIMES": 1,
    "TRADEABLE_OPENING_TYPE_SIGNAL": 1,
    "TRADEABLE_OPEN_REJECTION_REVERSE": 1,
    "UNRESOLVED_OPENING_AUCTION_NO_TRADE": 30,
    "V2_BAR_MARKET_COST_CONTRACT_PASS": 1,
    "V2_THREE_EVENT_LEDGER_PASS": 1
  },
  "first_command_status": 0,
  "first_suite_summary": {
    "ablation_modes": [
      "none"
    ],
    "candidate": "candidate-08-opening-type-state-router-btc-nautilus-v1",
    "close_reasons": {
      "STRUCTURAL_STOP": 1
    },
    "closed_trades": 1,
    "combined_calendar_days": 7.0,
    "combined_daily_geometric_growth": -0.004017826929817669,
    "goal_daily_geometric_growth": 0.01,
    "goal_met": false,
    "positive_trade_share": 0.0,
    "promotable": true,
    "realized_pnl_by_symbol": {
      "BTCUSDT": -2778.80478948
    },
    "single_asset_positive_pnl_share": 0.0,
    "single_trade_positive_pnl_share": 0.0,
    "suite": "first",
    "suite_gate_checks": {
      "all_signal_times_processed": true,
      "all_submitted_entries_observed": true,
      "base_contract_not_ablated": true,
      "closed_trades_matched_to_intents": true,
      "cost_after_total_return_positive": false,
      "entry_causality": true,
      "fill_adjusted_risk_budget_respected": true,
      "funding_cost_state_is_causal_and_complete": true,
      "minimum_closed_trades": false,
      "no_execution_failures": true,
      "no_residual_exposure": true,
      "no_unexpected_or_liquidation_closes": true,
      "planned_risk_budget_respected": true,
      "position_exit_causality": true,
      "realized_loss_budget_respected": true
    },
    "suite_gate_passed": false,
    "symbols_with_closed_trades": [
      "BTCUSDT"
    ],
    "window_results": [
      {
        "closed_trades": 1,
        "daily_geometric_growth": -0.004017826929817669,
        "final_nav_usdt": 97221.19521052,
        "first_window_gate_passed": false,
        "maximum_realized_equity_drawdown": 0.02778804789479994,
        "name": "screen-01",
        "total_return": -0.02778804789479994,
        "win_rate": 0.0,
        "wins": 0
      }
    ],
    "windows": [
      {
        "end": "2025-08-25T00:00:00Z",
        "name": "screen-01",
        "start": "2025-08-18T00:00:00Z"
      }
    ],
    "wins": 0
  },
  "first_window": {
    "closed_trades": 1,
    "daily_geometric_growth": -0.004017826929817669,
    "gate_passed": false,
    "implementation_clean": true,
    "maximum_drawdown": 0.02778804789479994,
    "signals": 1,
    "total_return": -0.02778804789479994,
    "win_rate": 0.0,
    "window": {
      "end": "2025-08-25T00:00:00Z",
      "name": "screen-01",
      "start": "2025-08-18T00:00:00Z"
    },
    "wins": 0
  },
  "goal_verified": false,
  "next_action": "DECOMPOSE_INITIATIVE_AND_RESPONSIVE_FAMILY_ONCE_THEN_REJECT_OR_REBUILD",
  "scenario_families": [
    "OPENING_TYPE_INITIATIVE_CONTINUATION",
    "OPENING_TYPE_RESPONSIVE_REVERSAL"
  ],
  "screen_command_status": 0,
  "screen_suite_summary": null,
  "screen_windows": [],
  "ten_second_alpha_inputs": false
}
