[OK] python: 3.13.5 (need 3.13.x)
[OK] nautilus_trader: 1.230.0 (need 1.230.0)
[OK] glibc: 2.36 (need >= 2.35)
Candidate 11 materialization/migrations applied: 0
portfolio SCDAM source already materialized; API migrations applied: 0
leadership audit week choices: expected one anchor, found 0
immutable sweep and price-discovery repairs applied: 0
leadership audit week choices: expected one anchor, found 0
price-discovery leadership revisions applied: 0
cross-market audit materialized
test_cross_market (unittest.loader._FailedTest.test_cross_market) ... ERROR

======================================================================
ERROR: test_cross_market (unittest.loader._FailedTest.test_cross_market)
----------------------------------------------------------------------
ImportError: Failed to import test module: test_cross_market
Traceback (most recent call last):
  File "/usr/local/lib/python3.13/unittest/loader.py", line 137, in loadTestsFromName
    module = __import__(module_name)
  File "/__w/SMC_ICT_4_LIVE/SMC_ICT_4_LIVE/research/candidate-11/test_cross_market.py", line 6, in <module>
    from cross_market import (
    ...<4 lines>...
    )
ModuleNotFoundError: No module named 'cross_market'


----------------------------------------------------------------------
Ran 1 test in 0.000s

FAILED (errors=1)
