{
  "by_asset": {
    "BTCUSDT": {
      "mean_net_r_proxy": 0.6546864791682346,
      "median_net_r_proxy": 0.822552348431971,
      "median_net_rr": 1.800383710089542,
      "outcomes": {
        "STOP": 1,
        "TIMEOUT": 2
      },
      "positive_share": 0.6666666666666666,
      "total_net_r_proxy": 1.964059437504704,
      "trades": 3
    },
    "ETHUSDT": {
      "mean_net_r_proxy": -1.0,
      "median_net_r_proxy": -1.0,
      "median_net_rr": 1.9847201786727635,
      "outcomes": {
        "STOP": 1
      },
      "positive_share": 0.0,
      "total_net_r_proxy": -1.0,
      "trades": 1
    },
    "SOLUSDT": {
      "mean_net_r_proxy": -1.0,
      "median_net_r_proxy": -1.0,
      "median_net_rr": 1.2393188686301182,
      "outcomes": {
        "STOP": 1
      },
      "positive_share": 0.0,
      "total_net_r_proxy": -1.0,
      "trades": 1
    },
    "XRPUSDT": {
      "mean_net_r_proxy": -1.0,
      "median_net_r_proxy": -1.0,
      "median_net_rr": 5.870450083700266,
      "outcomes": {
        "STOP": 2
      },
      "positive_share": 0.0,
      "total_net_r_proxy": -2.0,
      "trades": 2
    }
  },
  "by_window": {
    "screen-01": {
      "mean_net_r_proxy": 2.141507089072733,
      "median_net_r_proxy": 2.141507089072733,
      "median_net_rr": 8.544626961200537,
      "outcomes": {
        "TIMEOUT": 1
      },
      "positive_share": 1.0,
      "total_net_r_proxy": 2.141507089072733,
      "trades": 1
    },
    "screen-02": {
      "mean_net_r_proxy": -1.0,
      "median_net_r_proxy": -1.0,
      "median_net_rr": 3.3233266818985303,
      "outcomes": {
        "STOP": 2
      },
      "positive_share": 0.0,
      "total_net_r_proxy": -2.0,
      "trades": 2
    },
    "screen-03": {
      "mean_net_r_proxy": -0.5443619128920072,
      "median_net_r_proxy": -1.0,
      "median_net_rr": 1.8925519443811527,
      "outcomes": {
        "STOP": 3,
        "TIMEOUT": 1
      },
      "positive_share": 0.25,
      "total_net_r_proxy": -2.1774476515680288,
      "trades": 4
    }
  },
  "combined": {
    "mean_net_r_proxy": -0.29084865178504227,
    "median_net_r_proxy": -1.0,
    "median_net_rr": 1.9847201786727635,
    "outcomes": {
      "STOP": 5,
      "TIMEOUT": 2
    },
    "positive_share": 0.2857142857142857,
    "total_net_r_proxy": -2.0359405624952958,
    "trades": 7
  }
}
