/__w/SMC_ICT_4_LIVE/SMC_ICT_4_LIVE/research/candidate-09/run.py:260: Pandas4Warning: Timestamp.utcnow is deprecated and will be removed in a future version. Use Timestamp.now('UTC') instead.
  engine.run()
/__w/SMC_ICT_4_LIVE/SMC_ICT_4_LIVE/research/candidate-09/run.py:260: Pandas4Warning: Timestamp.utcnow is deprecated and will be removed in a future version. Use Timestamp.now('UTC') instead.
  engine.run()
/__w/SMC_ICT_4_LIVE/SMC_ICT_4_LIVE/research/candidate-09/run.py:260: Pandas4Warning: Timestamp.utcnow is deprecated and will be removed in a future version. Use Timestamp.now('UTC') instead.
  engine.run()
/__w/SMC_ICT_4_LIVE/SMC_ICT_4_LIVE/research/candidate-09/run.py:260: Pandas4Warning: Timestamp.utcnow is deprecated and will be removed in a future version. Use Timestamp.now('UTC') instead.
  engine.run()
/__w/SMC_ICT_4_LIVE/SMC_ICT_4_LIVE/research/candidate-09/run.py:260: Pandas4Warning: Timestamp.utcnow is deprecated and will be removed in a future version. Use Timestamp.now('UTC') instead.
  engine.run()
/__w/SMC_ICT_4_LIVE/SMC_ICT_4_LIVE/research/candidate-09/run.py:260: Pandas4Warning: Timestamp.utcnow is deprecated and will be removed in a future version. Use Timestamp.now('UTC') instead.
  engine.run()
/__w/SMC_ICT_4_LIVE/SMC_ICT_4_LIVE/research/candidate-09/run.py:260: Pandas4Warning: Timestamp.utcnow is deprecated and will be removed in a future version. Use Timestamp.now('UTC') instead.
  engine.run()
/__w/SMC_ICT_4_LIVE/SMC_ICT_4_LIVE/research/candidate-09/run.py:260: Pandas4Warning: Timestamp.utcnow is deprecated and will be removed in a future version. Use Timestamp.now('UTC') instead.
  engine.run()
/__w/SMC_ICT_4_LIVE/SMC_ICT_4_LIVE/research/candidate-09/run.py:260: Pandas4Warning: Timestamp.utcnow is deprecated and will be removed in a future version. Use Timestamp.now('UTC') instead.
  engine.run()
/__w/SMC_ICT_4_LIVE/SMC_ICT_4_LIVE/research/candidate-09/run.py:260: Pandas4Warning: Timestamp.utcnow is deprecated and will be removed in a future version. Use Timestamp.now('UTC') instead.
  engine.run()
/__w/SMC_ICT_4_LIVE/SMC_ICT_4_LIVE/research/candidate-09/run.py:260: Pandas4Warning: Timestamp.utcnow is deprecated and will be removed in a future version. Use Timestamp.now('UTC') instead.
  engine.run()
/__w/SMC_ICT_4_LIVE/SMC_ICT_4_LIVE/research/candidate-09/run.py:260: Pandas4Warning: Timestamp.utcnow is deprecated and will be removed in a future version. Use Timestamp.now('UTC') instead.
  engine.run()
/__w/SMC_ICT_4_LIVE/SMC_ICT_4_LIVE/research/candidate-09/run.py:260: Pandas4Warning: Timestamp.utcnow is deprecated and will be removed in a future version. Use Timestamp.now('UTC') instead.
  engine.run()
/__w/SMC_ICT_4_LIVE/SMC_ICT_4_LIVE/research/candidate-09/run.py:260: Pandas4Warning: Timestamp.utcnow is deprecated and will be removed in a future version. Use Timestamp.now('UTC') instead.
  engine.run()
/__w/SMC_ICT_4_LIVE/SMC_ICT_4_LIVE/research/candidate-09/run.py:260: Pandas4Warning: Timestamp.utcnow is deprecated and will be removed in a future version. Use Timestamp.now('UTC') instead.
  engine.run()
/__w/SMC_ICT_4_LIVE/SMC_ICT_4_LIVE/research/candidate-09/run.py:260: Pandas4Warning: Timestamp.utcnow is deprecated and will be removed in a future version. Use Timestamp.now('UTC') instead.
  engine.run()
/__w/SMC_ICT_4_LIVE/SMC_ICT_4_LIVE/research/candidate-09/run.py:260: Pandas4Warning: Timestamp.utcnow is deprecated and will be removed in a future version. Use Timestamp.now('UTC') instead.
  engine.run()
/__w/SMC_ICT_4_LIVE/SMC_ICT_4_LIVE/research/candidate-09/run.py:260: Pandas4Warning: Timestamp.utcnow is deprecated and will be removed in a future version. Use Timestamp.now('UTC') instead.
  engine.run()
/__w/SMC_ICT_4_LIVE/SMC_ICT_4_LIVE/research/candidate-09/run.py:260: Pandas4Warning: Timestamp.utcnow is deprecated and will be removed in a future version. Use Timestamp.now('UTC') instead.
  engine.run()
/__w/SMC_ICT_4_LIVE/SMC_ICT_4_LIVE/research/candidate-09/run.py:260: Pandas4Warning: Timestamp.utcnow is deprecated and will be removed in a future version. Use Timestamp.now('UTC') instead.
  engine.run()
/__w/SMC_ICT_4_LIVE/SMC_ICT_4_LIVE/research/candidate-09/run.py:260: Pandas4Warning: Timestamp.utcnow is deprecated and will be removed in a future version. Use Timestamp.now('UTC') instead.
  engine.run()
/__w/SMC_ICT_4_LIVE/SMC_ICT_4_LIVE/research/candidate-09/run.py:260: Pandas4Warning: Timestamp.utcnow is deprecated and will be removed in a future version. Use Timestamp.now('UTC') instead.
  engine.run()
/__w/SMC_ICT_4_LIVE/SMC_ICT_4_LIVE/research/candidate-09/run.py:260: Pandas4Warning: Timestamp.utcnow is deprecated and will be removed in a future version. Use Timestamp.now('UTC') instead.
  engine.run()
{
  "ablations": {
    "after-retest-only": {
      "active_segments": 3,
      "all_segments_positive": false,
      "calendar_days": 21.0,
      "daily_geometric_return": 0.013876993587368158,
      "implementation_ok": true,
      "maximum_segment_drawdown": 0.059106043176945455,
      "maximum_single_trade_profit_share": 0.24485441858515464,
      "nav_multiple": 1.3356437480947954,
      "trades": 15,
      "trades_per_day": 0.7142857142857143
    },
    "direct-only": {
      "active_segments": 3,
      "all_segments_positive": false,
      "calendar_days": 21.0,
      "daily_geometric_return": 0.004050368595301501,
      "implementation_ok": true,
      "maximum_segment_drawdown": 0.10114191071473888,
      "maximum_single_trade_profit_share": 0.3338772953898284,
      "nav_multiple": 1.0885929019291343,
      "trades": 14,
      "trades_per_day": 0.6666666666666666
    },
    "single-close": {
      "active_segments": 3,
      "all_segments_positive": false,
      "calendar_days": 21.0,
      "daily_geometric_return": 0.013616921556058204,
      "implementation_ok": true,
      "maximum_segment_drawdown": 0.059111339466250024,
      "maximum_single_trade_profit_share": 0.2352973466802478,
      "nav_multiple": 1.3284673805462854,
      "trades": 16,
      "trades_per_day": 0.7619047619047619
    }
  },
  "baseline_weeks": [
    {
      "accounting_error": 0.0,
      "calendar_days": 7.0,
      "continuation_trades": 0,
      "daily_geometric_return": 0.002332181882102047,
      "end_ns": 1644796800000000000,
      "ending_nav": 101643.993870225,
      "expectancy_r": 0.09811354404886521,
      "implementation_status": "OK",
      "largest_profit_share": 0.390562221784156,
      "losses": 5,
      "max_drawdown": 0.06342884434861984,
      "maximum_consecutive_losses": 2,
      "missing_feature_bars": 0,
      "native_account_final": 111169.37308191,
      "native_expected_final": 111169.37308191,
      "open_position_at_stop": false,
      "profit_factor": 1.102727070835175,
      "rejected_orders": 0,
      "reversal_trades": 8,
      "run_id": "baseline:week-a",
      "segment": "week-a",
      "start_ns": 1644192000000000000,
      "starting_nav": 100000.0,
      "time_exits": 1,
      "total_return": 0.016439938702250023,
      "trades": 8,
      "variant": "baseline",
      "win_rate": 0.375,
      "wins": 3
    },
    {
      "accounting_error": 0.0,
      "calendar_days": 7.0,
      "continuation_trades": 0,
      "daily_geometric_return": 0.0,
      "end_ns": 1687132800000000000,
      "ending_nav": 100000.0,
      "expectancy_r": null,
      "implementation_status": "OK",
      "largest_profit_share": null,
      "losses": 0,
      "max_drawdown": 0.0,
      "maximum_consecutive_losses": 0,
      "missing_feature_bars": 0,
      "native_account_final": 100000.0,
      "native_expected_final": 100000.0,
      "open_position_at_stop": false,
      "profit_factor": null,
      "rejected_orders": 0,
      "reversal_trades": 0,
      "run_id": "baseline:week-b",
      "segment": "week-b",
      "start_ns": 1686528000000000000,
      "starting_nav": 100000.0,
      "time_exits": 0,
      "total_return": 0.0,
      "trades": 0,
      "variant": "baseline",
      "win_rate": null,
      "wins": 0
    },
    {
      "accounting_error": 1.4551915228366852e-11,
      "calendar_days": 7.0,
      "continuation_trades": 0,
      "daily_geometric_return": 0.015028642851656171,
      "end_ns": 1729468800000000000,
      "ending_nav": 111006.41667952499,
      "expectancy_r": 0.9457601088837455,
      "implementation_status": "OK",
      "largest_profit_share": 0.7116629807099836,
      "losses": 2,
      "max_drawdown": 0.030001898314499953,
      "maximum_consecutive_losses": 1,
      "missing_feature_bars": 0,
      "native_account_final": 115923.00430736001,
      "native_expected_final": 115923.00430736,
      "open_position_at_stop": false,
      "profit_factor": 2.711042359982366,
      "rejected_orders": 0,
      "reversal_trades": 4,
      "run_id": "baseline:week-c",
      "segment": "week-c",
      "start_ns": 1728864000000000000,
      "starting_nav": 100000.0,
      "time_exits": 0,
      "total_return": 0.11006416679525,
      "trades": 4,
      "variant": "baseline",
      "win_rate": 0.5,
      "wins": 2
    }
  ],
  "candidate": "candidate-09-v17",
  "diagnosis": {
    "action": "The single-variable ablation after-retest-only improved pooled cost-after growth; revise only that confirmation layer, then freeze and retest.",
    "baseline_daily_geometric_return": 0.005765321939321444,
    "best_ablation_daily_geometric_return": 0.013876993587368158,
    "classification": "LOGIC_ERROR_WITH_STRUCTURAL_PATH",
    "largest_influence": "after-retest-only"
  },
  "gate": {
    "account_exhaustion_signals": 0,
    "checks": {
      "account_remained_recoverable": true,
      "implementation_ok": true,
      "minimum_active_weeks": false,
      "minimum_total_trades": false,
      "pooled_daily_geometric_return": false,
      "profit_not_single_trade_dominated": false
    },
    "passed": false,
    "pooled": {
      "active_segments": 2,
      "all_segments_positive": false,
      "calendar_days": 21.0,
      "daily_geometric_return": 0.005765321939321444,
      "implementation_ok": true,
      "maximum_segment_drawdown": 0.06342884434861984,
      "maximum_single_trade_profit_share": 0.35371688703345094,
      "nav_multiple": 1.128313553652928,
      "trades": 12,
      "trades_per_day": 0.5714285714285714
    },
    "sizing_infeasible_signals": 0
  },
  "status": "GATE_FAIL"
}
