[OK] python: 3.13.5 (need 3.13.x)
[OK] nautilus_trader: 1.230.0 (need 1.230.0)
[OK] glibc: 2.36 (need >= 2.35)
PASS v104_test_activation.test_activation_adapter_delegates_only_after_actual_price_revalidation
PASS v104_test_activation.test_activation_adapter_rejects_bar_which_already_consumed_target
PASS v104_test_activation.test_activation_adapter_rejects_structural_invalidation_wick
PASS v104_test_activation.test_activation_adapter_rejects_target_not_known_by_decision
PASS v104_test_activation.test_activation_adapter_sizes_against_exchange_rounded_stop_and_target
PASS v104_test_causality.test_activation_bar_cannot_have_already_completed_or_invalidated_scenario
PASS v104_test_causality.test_activation_bar_cannot_traverse_structural_invalidation_even_if_stop_survives
PASS v104_test_causality.test_activation_delay_is_exactly_one_completed_minute
PASS v104_test_causality.test_actual_activation_price_rechecks_rr_and_delivery_fraction
PASS v104_test_causality.test_completed_higher_timeframe_bar_requires_every_minute
PASS v104_test_causality.test_displacement_search_cannot_reuse_acceptance_close
PASS v104_test_causality.test_displacement_search_cannot_use_pre_acceptance_candle
PASS v104_test_causality.test_equal_swing_ablation_changes_only_level_family
PASS v104_test_causality.test_nearest_target_is_not_skipped_to_manufacture_rr
PASS v104_test_causality.test_previous_day_liquidity_exists_only_after_full_day_close
PASS v104_test_causality.test_target_confirmed_only_on_activation_is_future_information
PASS v104_test_causality.test_target_must_remain_active_at_order_activation
PASS v104_test_schedule.test_signal_schedule_contract_is_exactly_one_minute_and_causal
v104 tests: 18 passed, 0 failed
aggTrades 2025-11-30
aggTrades 2025-11-29
aggTrades 2025-11-28
aggTrades 2025-12-04
aggTrades 2025-12-05
aggTrades 2025-12-02
aggTrades 2025-12-03
aggTrades 2025-12-01
aggTrades 2025-12-06
aggTrades 2025-12-09
aggTrades 2025-12-07
aggTrades 2025-12-08
aggTrades 2025-12-13
aggTrades 2025-12-12
bookDepth 2025-11-30
aggTrades 2025-12-10
aggTrades 2025-12-11
bookDepth 2025-11-28
aggTrades 2025-12-14
bookDepth 2025-12-01
bookDepth 2025-11-29
bookDepth 2025-12-06
aggTrades 2025-12-15
bookDepth 2025-12-02
bookDepth 2025-12-03
bookDepth 2025-12-04
bookDepth 2025-12-05
bookDepth 2025-12-07
bookDepth 2025-12-09
bookDepth 2025-12-13
bookDepth 2025-12-12
klines 2025-11-29
bookDepth 2025-12-08
klines 2025-11-28
klines 2025-11-30
bookDepth 2025-12-14
bookDepth 2025-12-15
bookDepth 2025-12-10
bookDepth 2025-12-11
klines 2025-12-05
klines 2025-12-02
klines 2025-12-03
klines 2025-12-04
klines 2025-12-08
klines 2025-12-07
klines 2025-12-11
klines 2025-12-01
klines 2025-12-09
klines 2025-12-14
klines 2025-12-12
klines 2025-12-13
klines 2025-12-06
klines 2025-12-15
klines 2025-12-10
{
  "rows": 25920,
  "first_minute_close_utc": "2025-11-28T00:01:00+00:00",
  "last_minute_close_utc": "2025-12-16T00:00:00+00:00",
  "quarter_hour_rows": 1728,
  "columns": [
    "close",
    "log_ret_5m",
    "realized_vol_30m",
    "vol_5m",
    "taker_buy_ratio_5m",
    "depth_imbalance_1pct",
    "vpin_50",
    "hawkes_net",
    "oi_change_1h",
    "aggressive_signed_quote_1m",
    "aggressive_total_quote_1m",
    "signed_flow_ratio_1m",
    "ask_depth_1pct_end",
    "bid_depth_1pct_end",
    "ask_depth_change_1m",
    "bid_depth_change_1m",
    "book_snapshot_count",
    "qh_opening_10s_signed_quote",
    "qh_opening_10s_total_quote",
    "qh_opening_10s_trade_count",
    "qh_opening_10s_flow_ratio",
    "qh_opening_10s_return",
    "qh_opening_10s_abs_return",
    "qh_opening_10s_round_share_2",
    "qh_opening_10s_eligible_round_2",
    "qh_rest_50s_signed_quote",
    "qh_rest_50s_total_quote",
    "qh_rest_50s_flow_ratio",
    "qh_rest_50s_return",
    "qh_full_minute_return"
  ],
  "feature_npz_sha256": "fd71899c1fd23f31239dd6bfd19ef6a95423cf6f9a87d0b8b30f17eee2930bde",
  "feature_npz_size": 4792718,
  "causality": "first-ten-second and remaining-fifty-second statistics are released only at the completed minute close"
}
aggTrades 2025-11-28
aggTrades 2025-11-29
aggTrades 2025-12-02
aggTrades 2025-11-30
aggTrades 2025-12-03
aggTrades 2025-12-05
aggTrades 2025-12-04
aggTrades 2025-12-01
aggTrades 2025-12-12
aggTrades 2025-12-06
aggTrades 2025-12-07
aggTrades 2025-12-08
aggTrades 2025-12-09
aggTrades 2025-12-13
klines 2025-11-29
klines 2025-12-01
aggTrades 2025-12-11
klines 2025-11-28
klines 2025-12-04
aggTrades 2025-12-10
klines 2025-12-02
klines 2025-12-03
klines 2025-11-30
klines 2025-12-07
aggTrades 2025-12-14
klines 2025-12-09
klines 2025-12-06
klines 2025-12-08
klines 2025-12-10
klines 2025-12-13
klines 2025-12-14
klines 2025-12-15
klines 2025-12-12
klines 2025-12-05
klines 2025-12-11
aggTrades 2025-12-15
{
  "rows": 25920,
  "first_minute_close_utc": "2025-11-28T00:01:00+00:00",
  "last_minute_close_utc": "2025-12-16T00:00:00+00:00",
  "quarter_hour_rows": 1728,
  "columns": [
    "close",
    "log_ret_5m",
    "realized_vol_30m",
    "vol_5m",
    "taker_buy_ratio_5m",
    "depth_imbalance_1pct",
    "vpin_50",
    "hawkes_net",
    "oi_change_1h",
    "aggressive_signed_quote_1m",
    "aggressive_total_quote_1m",
    "signed_flow_ratio_1m",
    "ask_depth_1pct_end",
    "bid_depth_1pct_end",
    "ask_depth_change_1m",
    "bid_depth_change_1m",
    "book_snapshot_count",
    "qh_opening_10s_signed_quote",
    "qh_opening_10s_total_quote",
    "qh_opening_10s_trade_count",
    "qh_opening_10s_flow_ratio",
    "qh_opening_10s_return",
    "qh_opening_10s_abs_return",
    "qh_opening_10s_round_share_2",
    "qh_opening_10s_eligible_round_2",
    "qh_rest_50s_signed_quote",
    "qh_rest_50s_total_quote",
    "qh_rest_50s_flow_ratio",
    "qh_rest_50s_return",
    "qh_full_minute_return",
    "spot_open",
    "spot_high",
    "spot_low",
    "spot_close",
    "spot_volume",
    "spot_aggressive_total_quote_1m",
    "spot_aggressive_signed_quote_1m",
    "spot_trade_count_1m",
    "spot_qh_opening_10s_total_quote",
    "spot_qh_opening_10s_signed_quote",
    "spot_qh_opening_10s_flow_ratio",
    "spot_qh_opening_10s_return",
    "spot_qh_rest_50s_total_quote",
    "spot_qh_rest_50s_signed_quote",
    "spot_qh_rest_50s_flow_ratio",
    "spot_qh_rest_50s_return",
    "spot_signed_flow_ratio_1m",
    "spot_qh_full_minute_return",
    "perp_spot_log_basis",
    "perp_spot_basis_change_1m"
  ],
  "feature_npz_sha256": "a1b696c01d45ee565a1b06bf3569ca5c4f28a083c402df71f35d0428d633660f",
  "feature_npz_size": 8061155,
  "causality": "spot and perpetual observations are released only at each completed minute close; all future columns are excluded"
}
{
  "candidate": "candidate-02-v104-external-liquidity-common-acceptance-retest",
  "custom_backtest_engine": false,
  "data_integrity": {
    "columns_path": "/__w/SMC_ICT_4_LIVE/SMC_ICT_4_LIVE/inputs/v104-first-week/candidate-02-v48-first-week/columns.json",
    "feature_first_open_utc": "2025-11-28T00:01:00+00:00",
    "feature_last_open_utc": "2025-12-16T00:00:00+00:00",
    "feature_rows": 25920,
    "forward_feature_columns_used": false,
    "npz_path": "/__w/SMC_ICT_4_LIVE/SMC_ICT_4_LIVE/inputs/v104-first-week/candidate-02-v48-first-week/v48_features.npz",
    "raw_directory": "/__w/SMC_ICT_4_LIVE/SMC_ICT_4_LIVE/inputs/v104-first-week/.cache/candidate-02/v104-first-week/binance_1m",
    "raw_first_close_utc": "2025-11-28T00:01:00+00:00",
    "raw_last_close_utc": "2025-12-15T04:00:00+00:00",
    "raw_rows": 24720
  },
  "decision": "REJECT_OR_REDESIGN",
  "effective_commissions_usdt": 0.0,
  "engine": "NautilusTrader 1.230.0",
  "engine_result": {
    "iterations": 24720,
    "stats_general": {},
    "stats_pnls": {
      "USDT": {
        "Avg Loser": NaN,
        "Avg Winner": NaN,
        "Expectancy": NaN,
        "Max Loser": NaN,
        "Max Winner": NaN,
        "Min Loser": NaN,
        "Min Winner": NaN,
        "PnL (total)": 0.0,
        "PnL% (total)": 0.0,
        "Win Rate": NaN
      }
    },
    "stats_returns": {
      "Average (Return)": NaN,
      "Average Loss (Return)": NaN,
      "Average Win (Return)": NaN,
      "Profit Factor": NaN,
      "Returns Volatility (252 days)": NaN,
      "Risk Return Ratio": NaN,
      "Sharpe Ratio (252 days)": NaN,
      "Sortino Ratio (252 days)": NaN
    },
    "summary": {
      "account.BINANCE.balance.USDT.free": "100000.00000000 USDT",
      "account.BINANCE.balance.USDT.locked": "0.00000000 USDT",
      "account.BINANCE.balance.USDT.total": "100000.00000000 USDT",
      "account.BINANCE.base_currency": "USDT",
      "account.BINANCE.event_count": "1",
      "account.BINANCE.id": "BINANCE-001",
      "account.BINANCE.type": "MARGIN",
      "iterations": "24720",
      "orders.closed": "0",
      "orders.emulated": "0",
      "orders.inflight": "0",
      "orders.open": "0",
      "orders.total": "0",
      "positions.closed": "0",
      "positions.open": "0",
      "positions.snapshots": "0",
      "positions.total": "0",
      "positions.total_with_snapshots": "0",
      "total_events": "0",
      "venues.total": "1"
    },
    "total_events": 0,
    "total_orders": 0,
    "total_positions": 0
  },
  "evaluation_days": 7.0,
  "evaluation_end_utc": "2025-12-15T00:00:00+00:00",
  "evaluation_start_utc": "2025-12-08T00:00:00+00:00",
  "execution_model": {
    "account_source_of_truth": true,
    "bar_adaptive_high_low_ordering": true,
    "bar_execution": true,
    "bracket_orders": true,
    "effective_maker_commission_rate": "0.00030",
    "effective_taker_commission_rate": "0.00085",
    "liquidation_enabled": false,
    "liquidation_requested": true
  },
  "fills": 0,
  "final_nav_usdt": 100000.0,
  "flat_at_end": true,
  "geometric_daily_growth_after_cost": 0.0,
  "gross_loss_after_cost_usdt": 0,
  "gross_profit_after_cost_usdt": 0,
  "losses": 0,
  "maximum_effective_notional_multiple": 0.0,
  "maximum_mark_to_market_drawdown": 0.0,
  "maximum_planned_loss_to_budget": 0.0,
  "nav_factor": 1.0,
  "orders": 0,
  "pass_checks": {
    "flat_at_end": true,
    "maximum_drawdown": true,
    "minimum_geometric_daily_growth": false,
    "minimum_profit_factor": false,
    "minimum_trades_per_day": false,
    "minimum_win_rate": false,
    "planned_loss_budget": true
  },
  "positions_rows": 0,
  "profit_factor_after_cost": 0.0,
  "risk_fraction": 0.03,
  "runtime_diagnostics": {
    "entry_pending": false,
    "position_flat": true,
    "runtime": {},
    "scheduled_signals": 0,
    "selected_signal": null
  },
  "scheduled_signals": 0,
  "stage": "first_random_btc_week_nautilustrader",
  "starting_nav_usdt": 100000.0,
  "submitted_signals": 0,
  "target_met": false,
  "trades": 0,
  "trades_per_day": 0.0,
  "win_rate": 0.0,
  "wins": 0
}
{
  "candidate": "candidate-02-v104-without-equal-swing-clusters",
  "custom_backtest_engine": false,
  "data_integrity": {
    "columns_path": "/__w/SMC_ICT_4_LIVE/SMC_ICT_4_LIVE/inputs/v104-first-week/candidate-02-v48-first-week/columns.json",
    "feature_first_open_utc": "2025-11-28T00:01:00+00:00",
    "feature_last_open_utc": "2025-12-16T00:00:00+00:00",
    "feature_rows": 25920,
    "forward_feature_columns_used": false,
    "npz_path": "/__w/SMC_ICT_4_LIVE/SMC_ICT_4_LIVE/inputs/v104-first-week/candidate-02-v48-first-week/v48_features.npz",
    "raw_directory": "/__w/SMC_ICT_4_LIVE/SMC_ICT_4_LIVE/inputs/v104-first-week/.cache/candidate-02/v104-first-week/binance_1m",
    "raw_first_close_utc": "2025-11-28T00:01:00+00:00",
    "raw_last_close_utc": "2025-12-15T04:00:00+00:00",
    "raw_rows": 24720
  },
  "decision": "REJECT_OR_REDESIGN",
  "effective_commissions_usdt": 0.0,
  "engine": "NautilusTrader 1.230.0",
  "engine_result": {
    "iterations": 24720,
    "stats_general": {},
    "stats_pnls": {
      "USDT": {
        "Avg Loser": NaN,
        "Avg Winner": NaN,
        "Expectancy": NaN,
        "Max Loser": NaN,
        "Max Winner": NaN,
        "Min Loser": NaN,
        "Min Winner": NaN,
        "PnL (total)": 0.0,
        "PnL% (total)": 0.0,
        "Win Rate": NaN
      }
    },
    "stats_returns": {
      "Average (Return)": NaN,
      "Average Loss (Return)": NaN,
      "Average Win (Return)": NaN,
      "Profit Factor": NaN,
      "Returns Volatility (252 days)": NaN,
      "Risk Return Ratio": NaN,
      "Sharpe Ratio (252 days)": NaN,
      "Sortino Ratio (252 days)": NaN
    },
    "summary": {
      "account.BINANCE.balance.USDT.free": "100000.00000000 USDT",
      "account.BINANCE.balance.USDT.locked": "0.00000000 USDT",
      "account.BINANCE.balance.USDT.total": "100000.00000000 USDT",
      "account.BINANCE.base_currency": "USDT",
      "account.BINANCE.event_count": "1",
      "account.BINANCE.id": "BINANCE-001",
      "account.BINANCE.type": "MARGIN",
      "iterations": "24720",
      "orders.closed": "0",
      "orders.emulated": "0",
      "orders.inflight": "0",
      "orders.open": "0",
      "orders.total": "0",
      "positions.closed": "0",
      "positions.open": "0",
      "positions.snapshots": "0",
      "positions.total": "0",
      "positions.total_with_snapshots": "0",
      "total_events": "0",
      "venues.total": "1"
    },
    "total_events": 0,
    "total_orders": 0,
    "total_positions": 0
  },
  "evaluation_days": 7.0,
  "evaluation_end_utc": "2025-12-15T00:00:00+00:00",
  "evaluation_start_utc": "2025-12-08T00:00:00+00:00",
  "execution_model": {
    "account_source_of_truth": true,
    "bar_adaptive_high_low_ordering": true,
    "bar_execution": true,
    "bracket_orders": true,
    "effective_maker_commission_rate": "0.00030",
    "effective_taker_commission_rate": "0.00085",
    "liquidation_enabled": false,
    "liquidation_requested": true
  },
  "fills": 0,
  "final_nav_usdt": 100000.0,
  "flat_at_end": true,
  "geometric_daily_growth_after_cost": 0.0,
  "gross_loss_after_cost_usdt": 0,
  "gross_profit_after_cost_usdt": 0,
  "losses": 0,
  "maximum_effective_notional_multiple": 0.0,
  "maximum_mark_to_market_drawdown": 0.0,
  "maximum_planned_loss_to_budget": 0.0,
  "nav_factor": 1.0,
  "orders": 0,
  "pass_checks": {
    "flat_at_end": true,
    "maximum_drawdown": true,
    "minimum_geometric_daily_growth": false,
    "minimum_profit_factor": false,
    "minimum_trades_per_day": false,
    "minimum_win_rate": false,
    "planned_loss_budget": true
  },
  "positions_rows": 0,
  "profit_factor_after_cost": 0.0,
  "risk_fraction": 0.03,
  "runtime_diagnostics": {
    "entry_pending": false,
    "position_flat": true,
    "runtime": {},
    "scheduled_signals": 0,
    "selected_signal": null
  },
  "scheduled_signals": 0,
  "stage": "first_random_btc_week_nautilustrader",
  "starting_nav_usdt": 100000.0,
  "submitted_signals": 0,
  "target_met": false,
  "trades": 0,
  "trades_per_day": 0.0,
  "win_rate": 0.0,
  "wins": 0
}
{
  "baseline": {
    "metrics": {
      "candidate": "candidate-02-v104-external-liquidity-common-acceptance-retest",
      "custom_backtest_engine": false,
      "data_integrity": {
        "columns_path": "/__w/SMC_ICT_4_LIVE/SMC_ICT_4_LIVE/inputs/v104-first-week/candidate-02-v48-first-week/columns.json",
        "feature_first_open_utc": "2025-11-28T00:01:00+00:00",
        "feature_last_open_utc": "2025-12-16T00:00:00+00:00",
        "feature_rows": 25920,
        "forward_feature_columns_used": false,
        "npz_path": "/__w/SMC_ICT_4_LIVE/SMC_ICT_4_LIVE/inputs/v104-first-week/candidate-02-v48-first-week/v48_features.npz",
        "raw_directory": "/__w/SMC_ICT_4_LIVE/SMC_ICT_4_LIVE/inputs/v104-first-week/.cache/candidate-02/v104-first-week/binance_1m",
        "raw_first_close_utc": "2025-11-28T00:01:00+00:00",
        "raw_last_close_utc": "2025-12-15T04:00:00+00:00",
        "raw_rows": 24720
      },
      "decision": "REJECT_OR_REDESIGN",
      "effective_commissions_usdt": 0.0,
      "engine": "NautilusTrader 1.230.0",
      "engine_result": {
        "iterations": 24720,
        "stats_general": {},
        "stats_pnls": {
          "USDT": {
            "Avg Loser": NaN,
            "Avg Winner": NaN,
            "Expectancy": NaN,
            "Max Loser": NaN,
            "Max Winner": NaN,
            "Min Loser": NaN,
            "Min Winner": NaN,
            "PnL (total)": 0.0,
            "PnL% (total)": 0.0,
            "Win Rate": NaN
          }
        },
        "stats_returns": {
          "Average (Return)": NaN,
          "Average Loss (Return)": NaN,
          "Average Win (Return)": NaN,
          "Profit Factor": NaN,
          "Returns Volatility (252 days)": NaN,
          "Risk Return Ratio": NaN,
          "Sharpe Ratio (252 days)": NaN,
          "Sortino Ratio (252 days)": NaN
        },
        "summary": {
          "account.BINANCE.balance.USDT.free": "100000.00000000 USDT",
          "account.BINANCE.balance.USDT.locked": "0.00000000 USDT",
          "account.BINANCE.balance.USDT.total": "100000.00000000 USDT",
          "account.BINANCE.base_currency": "USDT",
          "account.BINANCE.event_count": "1",
          "account.BINANCE.id": "BINANCE-001",
          "account.BINANCE.type": "MARGIN",
          "iterations": "24720",
          "orders.closed": "0",
          "orders.emulated": "0",
          "orders.inflight": "0",
          "orders.open": "0",
          "orders.total": "0",
          "positions.closed": "0",
          "positions.open": "0",
          "positions.snapshots": "0",
          "positions.total": "0",
          "positions.total_with_snapshots": "0",
          "total_events": "0",
          "venues.total": "1"
        },
        "total_events": 0,
        "total_orders": 0,
        "total_positions": 0
      },
      "evaluation_days": 7.0,
      "evaluation_end_utc": "2025-12-15T00:00:00+00:00",
      "evaluation_start_utc": "2025-12-08T00:00:00+00:00",
      "execution_model": {
        "account_source_of_truth": true,
        "bar_adaptive_high_low_ordering": true,
        "bar_execution": true,
        "bracket_orders": true,
        "effective_maker_commission_rate": "0.00030",
        "effective_taker_commission_rate": "0.00085",
        "liquidation_enabled": false,
        "liquidation_requested": true
      },
      "fills": 0,
      "final_nav_usdt": 100000.0,
      "flat_at_end": true,
      "geometric_daily_growth_after_cost": 0.0,
      "gross_loss_after_cost_usdt": 0,
      "gross_profit_after_cost_usdt": 0,
      "losses": 0,
      "maximum_effective_notional_multiple": 0.0,
      "maximum_mark_to_market_drawdown": 0.0,
      "maximum_planned_loss_to_budget": 0.0,
      "nav_factor": 1.0,
      "orders": 0,
      "pass_checks": {
        "flat_at_end": true,
        "maximum_drawdown": true,
        "minimum_geometric_daily_growth": false,
        "minimum_profit_factor": false,
        "minimum_trades_per_day": false,
        "minimum_win_rate": false,
        "planned_loss_budget": true
      },
      "positions_rows": 0,
      "profit_factor_after_cost": 0.0,
      "risk_fraction": 0.03,
      "runtime_diagnostics": {
        "entry_pending": false,
        "position_flat": true,
        "runtime": {},
        "scheduled_signals": 0,
        "selected_signal": null
      },
      "scheduled_signals": 0,
      "stage": "first_random_btc_week_nautilustrader",
      "starting_nav_usdt": 100000.0,
      "submitted_signals": 0,
      "target_met": false,
      "trades": 0,
      "trades_per_day": 0.0,
      "win_rate": 0.0,
      "wins": 0
    },
    "passes_all_first_week_gates": false
  },
  "candidate_family": "candidate-02-v104-external-liquidity-common-acceptance-retest",
  "custom_backtest_engine": false,
  "long_evaluation_allowed": false,
  "next_week_allowed": false,
  "performance_engine": "NautilusTrader 1.230.0",
  "project_target_met": false,
  "risk_fraction": 0.03,
  "single_precommitted_ablation": {
    "all_other_logic_risk_cost_week_unchanged": true,
    "metrics": {
      "candidate": "candidate-02-v104-without-equal-swing-clusters",
      "custom_backtest_engine": false,
      "data_integrity": {
        "columns_path": "/__w/SMC_ICT_4_LIVE/SMC_ICT_4_LIVE/inputs/v104-first-week/candidate-02-v48-first-week/columns.json",
        "feature_first_open_utc": "2025-11-28T00:01:00+00:00",
        "feature_last_open_utc": "2025-12-16T00:00:00+00:00",
        "feature_rows": 25920,
        "forward_feature_columns_used": false,
        "npz_path": "/__w/SMC_ICT_4_LIVE/SMC_ICT_4_LIVE/inputs/v104-first-week/candidate-02-v48-first-week/v48_features.npz",
        "raw_directory": "/__w/SMC_ICT_4_LIVE/SMC_ICT_4_LIVE/inputs/v104-first-week/.cache/candidate-02/v104-first-week/binance_1m",
        "raw_first_close_utc": "2025-11-28T00:01:00+00:00",
        "raw_last_close_utc": "2025-12-15T04:00:00+00:00",
        "raw_rows": 24720
      },
      "decision": "REJECT_OR_REDESIGN",
      "effective_commissions_usdt": 0.0,
      "engine": "NautilusTrader 1.230.0",
      "engine_result": {
        "iterations": 24720,
        "stats_general": {},
        "stats_pnls": {
          "USDT": {
            "Avg Loser": NaN,
            "Avg Winner": NaN,
            "Expectancy": NaN,
            "Max Loser": NaN,
            "Max Winner": NaN,
            "Min Loser": NaN,
            "Min Winner": NaN,
            "PnL (total)": 0.0,
            "PnL% (total)": 0.0,
            "Win Rate": NaN
          }
        },
        "stats_returns": {
          "Average (Return)": NaN,
          "Average Loss (Return)": NaN,
          "Average Win (Return)": NaN,
          "Profit Factor": NaN,
          "Returns Volatility (252 days)": NaN,
          "Risk Return Ratio": NaN,
          "Sharpe Ratio (252 days)": NaN,
          "Sortino Ratio (252 days)": NaN
        },
        "summary": {
          "account.BINANCE.balance.USDT.free": "100000.00000000 USDT",
          "account.BINANCE.balance.USDT.locked": "0.00000000 USDT",
          "account.BINANCE.balance.USDT.total": "100000.00000000 USDT",
          "account.BINANCE.base_currency": "USDT",
          "account.BINANCE.event_count": "1",
          "account.BINANCE.id": "BINANCE-001",
          "account.BINANCE.type": "MARGIN",
          "iterations": "24720",
          "orders.closed": "0",
          "orders.emulated": "0",
          "orders.inflight": "0",
          "orders.open": "0",
          "orders.total": "0",
          "positions.closed": "0",
          "positions.open": "0",
          "positions.snapshots": "0",
          "positions.total": "0",
          "positions.total_with_snapshots": "0",
          "total_events": "0",
          "venues.total": "1"
        },
        "total_events": 0,
        "total_orders": 0,
        "total_positions": 0
      },
      "evaluation_days": 7.0,
      "evaluation_end_utc": "2025-12-15T00:00:00+00:00",
      "evaluation_start_utc": "2025-12-08T00:00:00+00:00",
      "execution_model": {
        "account_source_of_truth": true,
        "bar_adaptive_high_low_ordering": true,
        "bar_execution": true,
        "bracket_orders": true,
        "effective_maker_commission_rate": "0.00030",
        "effective_taker_commission_rate": "0.00085",
        "liquidation_enabled": false,
        "liquidation_requested": true
      },
      "fills": 0,
      "final_nav_usdt": 100000.0,
      "flat_at_end": true,
      "geometric_daily_growth_after_cost": 0.0,
      "gross_loss_after_cost_usdt": 0,
      "gross_profit_after_cost_usdt": 0,
      "losses": 0,
      "maximum_effective_notional_multiple": 0.0,
      "maximum_mark_to_market_drawdown": 0.0,
      "maximum_planned_loss_to_budget": 0.0,
      "nav_factor": 1.0,
      "orders": 0,
      "pass_checks": {
        "flat_at_end": true,
        "maximum_drawdown": true,
        "minimum_geometric_daily_growth": false,
        "minimum_profit_factor": false,
        "minimum_trades_per_day": false,
        "minimum_win_rate": false,
        "planned_loss_budget": true
      },
      "positions_rows": 0,
      "profit_factor_after_cost": 0.0,
      "risk_fraction": 0.03,
      "runtime_diagnostics": {
        "entry_pending": false,
        "position_flat": true,
        "runtime": {},
        "scheduled_signals": 0,
        "selected_signal": null
      },
      "scheduled_signals": 0,
      "stage": "first_random_btc_week_nautilustrader",
      "starting_nav_usdt": 100000.0,
      "submitted_signals": 0,
      "target_met": false,
      "trades": 0,
      "trades_per_day": 0.0,
      "win_rate": 0.0,
      "wins": 0
    },
    "passes_weekly_gate_diagnostic_only": false,
    "removed_level_family": "EQUAL_SWING_CLUSTER",
    "retrospective_promotion_allowed": false
  },
  "status": "FIRST_WEEK_REJECT_AFTER_SINGLE_ABLATION"
}
