[OK] python: 3.13.5 (need 3.13.x)
[OK] nautilus_trader: 1.230.0 (need 1.230.0)
[OK] glibc: 2.36 (need >= 2.35)
test_buyer_maker_flag_maps_to_aggressive_sell_volume (__main__.AggTradeOrderFlowTests.test_buyer_maker_flag_maps_to_aggressive_sell_volume) ... ok
test_completed_high_cross_is_detected_without_future_level (__main__.AggTradeOrderFlowTests.test_completed_high_cross_is_detected_without_future_level) ... ok
test_cost_function_charges_both_fills_and_two_ticks (__main__.AggTradeOrderFlowTests.test_cost_function_charges_both_fills_and_two_ticks) ... ok
test_target_is_nearest_active_completed_level_not_r_projection (__main__.AggTradeOrderFlowTests.test_target_is_nearest_active_completed_level_not_r_projection) ... ok

----------------------------------------------------------------------
Ran 4 tests in 0.017s

OK
test_acceptance_requires_close_beyond_boundary_and_outward_flow (__main__.AcceptanceOnlyContracts.test_acceptance_requires_close_beyond_boundary_and_outward_flow) ... ok
test_reacceleration_is_separate_directional_flow_break (__main__.AcceptanceOnlyContracts.test_reacceleration_is_separate_directional_flow_break) ... ok
test_retest_must_hold_boundary_with_lower_energy (__main__.AcceptanceOnlyContracts.test_retest_must_hold_boundary_with_lower_energy) ... ok

----------------------------------------------------------------------
Ran 3 tests in 0.003s

OK
test_exact_five_minute_close_preserves_prebar_boundary_and_postbar_target (__main__.DetectorContracts.test_exact_five_minute_close_preserves_prebar_boundary_and_postbar_target) ... ok
test_future_rows_do_not_change_already_observed_signal (__main__.DetectorContracts.test_future_rows_do_not_change_already_observed_signal) ... ok
test_retest_contraction_ablation_removes_only_energy_filter (__main__.DetectorContracts.test_retest_contraction_ablation_removes_only_energy_filter) ... ok
test_retest_extreme_is_structural_invalidation (__main__.DetectorContracts.test_retest_extreme_is_structural_invalidation) ... ok
test_sequence_expiry_uses_elapsed_time_not_observed_row_count (__main__.DetectorContracts.test_sequence_expiry_uses_elapsed_time_not_observed_row_count) ... ok
test_signal_type_has_no_outcome_or_path_proxy (__main__.DetectorContracts.test_signal_type_has_no_outcome_or_path_proxy) ... ok
test_stop_slippage_reserve_is_shifted_and_causal (__main__.DetectorContracts.test_stop_slippage_reserve_is_shifted_and_causal) ... ok
test_ten_seconds_after_boundary_uses_postbar_state_for_both_views (__main__.DetectorContracts.test_ten_seconds_after_boundary_uses_postbar_state_for_both_views) ... ok
test_fill_adjusted_and_realized_budget_excess_are_separate (__main__.EvaluationContracts.test_fill_adjusted_and_realized_budget_excess_are_separate) ... ok
test_same_timestamp_entry_and_exit_is_rejected_as_bar_lookahead (__main__.EvaluationContracts.test_same_timestamp_entry_and_exit_is_rejected_as_bar_lookahead) ... ok
test_screen_gate_implements_all_predeclared_dimensions (__main__.EvaluationContracts.test_screen_gate_implements_all_predeclared_dimensions) ... ok
test_expected_funding_reserve_counts_all_boundaries_in_hold (__main__.FundingDataContracts.test_expected_funding_reserve_counts_all_boundaries_in_hold) ... ok
test_expected_funding_reserve_refuses_future_only_state (__main__.FundingDataContracts.test_expected_funding_reserve_refuses_future_only_state) ... ok
test_expected_funding_reserve_uses_only_last_observation_at_signal (__main__.FundingDataContracts.test_expected_funding_reserve_uses_only_last_observation_at_signal) ... ok
test_millisecond_funding_boundary_jitter_is_canonicalized (__main__.FundingDataContracts.test_millisecond_funding_boundary_jitter_is_canonicalized) ... ok
test_off_boundary_or_conflicting_duplicate_funding_is_rejected (__main__.FundingDataContracts.test_off_boundary_or_conflicting_duplicate_funding_is_rejected) ... ok
test_official_archive_schema_normalizes_hours_to_nautilus_minutes (__main__.FundingDataContracts.test_official_archive_schema_normalizes_hours_to_nautilus_minutes) ... ok
test_mark_price_archive_normalizes_completed_one_minute_closes (__main__.MarkPriceDataContracts.test_mark_price_archive_normalizes_completed_one_minute_closes) ... ok
test_ablation_is_single_variable_and_never_reused_for_promotion (__main__.StaticWiringContracts.test_ablation_is_single_variable_and_never_reused_for_promotion) ... ok
test_execution_failure_cancels_contingent_orders_before_global_reset (__main__.StaticWiringContracts.test_execution_failure_cancels_contingent_orders_before_global_reset) ... ok
test_fill_adjusted_risk_breach_cancels_children_and_forces_exit (__main__.StaticWiringContracts.test_fill_adjusted_risk_breach_cancels_children_and_forces_exit) ... ok
test_runner_keeps_single_shared_account_and_no_arbitrary_max_notional (__main__.StaticWiringContracts.test_runner_keeps_single_shared_account_and_no_arbitrary_max_notional) ... ok
test_strategy_uses_one_market_bracket_and_global_availability_scan (__main__.StaticWiringContracts.test_strategy_uses_one_market_bracket_and_global_availability_scan) ... ok

----------------------------------------------------------------------
Ran 23 tests in 0.090s

OK
test_acceptance_uses_observed_retest_extreme_for_structural_stop (__main__.AcceptanceSignalContractTests.test_acceptance_uses_observed_retest_extreme_for_structural_stop) ... ok
test_non_acceptance_first_cross_consumes_completed_level (__main__.AcceptanceSignalContractTests.test_non_acceptance_first_cross_consumes_completed_level) ... ok
test_signal_contains_no_future_outcome_fields (__main__.AcceptanceSignalContractTests.test_signal_contains_no_future_outcome_fields) ... ok
test_completed_mark_price_becomes_native_update (__main__.NautilusWiringContractTests.test_completed_mark_price_becomes_native_update) ... ok
test_instrument_has_no_arbitrary_maximum_quantity_or_notional (__main__.NautilusWiringContractTests.test_instrument_has_no_arbitrary_maximum_quantity_or_notional) ... ok
test_normalized_funding_row_becomes_boundary_settling_update (__main__.NautilusWiringContractTests.test_normalized_funding_row_becomes_boundary_settling_update) ... ok

----------------------------------------------------------------------
Ran 6 tests in 0.013s

OK
test_current_extreme_cannot_change_its_own_causal_baselines (__main__.FlowResponseCausalityContracts.test_current_extreme_cannot_change_its_own_causal_baselines) ... ok
test_endpoint_beta_reprices_only_its_own_completed_bucket (__main__.FlowResponseCausalityContracts.test_endpoint_beta_reprices_only_its_own_completed_bucket) ... ok
test_flow_direction_and_window_response_use_only_completed_current_and_past (__main__.FlowResponseCausalityContracts.test_flow_direction_and_window_response_use_only_completed_current_and_past) ... ok
test_future_impact_rows_do_not_change_completed_window_response (__main__.FlowResponseCausalityContracts.test_future_impact_rows_do_not_change_completed_window_response) ... ok
test_future_rows_do_not_change_an_already_completed_feature_row (__main__.FlowResponseCausalityContracts.test_future_rows_do_not_change_an_already_completed_feature_row) ... ok
test_input_contract_rejects_missing_or_noncausal_index (__main__.FlowResponseCausalityContracts.test_input_contract_rejects_missing_or_noncausal_index) ... ok
test_source_contains_no_outcome_or_trade_execution_proxy (__main__.FlowResponseCausalityContracts.test_source_contains_no_outcome_or_trade_execution_proxy) ... ok
test_vectorized_and_scalar_states_match_every_completed_feature_row (__main__.FlowResponseCausalityContracts.test_vectorized_and_scalar_states_match_every_completed_feature_row) ... ok
test_window_impact_response_sums_each_causal_bucket_in_matching_units (__main__.FlowResponseCausalityContracts.test_window_impact_response_sums_each_causal_bucket_in_matching_units) ... ok
test_absorption_requires_tail_pressure_excursion_giveback_and_negative_surprise (__main__.FlowResponseStateContracts.test_absorption_requires_tail_pressure_excursion_giveback_and_negative_surprise) ... ok
test_configuration_regions_cannot_overlap (__main__.FlowResponseStateContracts.test_configuration_regions_cannot_overlap) ... ok
test_initiative_requires_tail_pressure_progress_retention_and_positive_surprise (__main__.FlowResponseStateContracts.test_initiative_requires_tail_pressure_progress_retention_and_positive_surprise) ... ok
test_missing_nonfinite_or_invalid_impact_state_is_unobservable (__main__.FlowResponseStateContracts.test_missing_nonfinite_or_invalid_impact_state_is_unobservable) ... ok
test_ordinary_pressure_is_unresolved_not_forced_into_a_trade_state (__main__.FlowResponseStateContracts.test_ordinary_pressure_is_unresolved_not_forced_into_a_trade_state) ... ok
test_vectorized_boundaries_exactly_match_scalar_boundaries (__main__.FlowResponseStateContracts.test_vectorized_boundaries_exactly_match_scalar_boundaries) ... ok

----------------------------------------------------------------------
Ran 15 tests in 0.127s

OK
test_duplicate_naive_and_too_short_inputs_are_rejected (__main__.ExactTenSecondCadenceContracts.test_duplicate_naive_and_too_short_inputs_are_rejected) ... ok
test_exact_consecutive_series_is_accepted (__main__.ExactTenSecondCadenceContracts.test_exact_consecutive_series_is_accepted) ... ok
test_missing_or_jittered_bucket_is_rejected (__main__.ExactTenSecondCadenceContracts.test_missing_or_jittered_bucket_is_rejected) ... ok
test_every_signal_event_and_rejection_is_stamped_v3 (__main__.V3RevisionStampingContracts.test_every_signal_event_and_rejection_is_stamped_v3) ... ok
test_gap_fails_before_any_scenario_can_be_evaluated (__main__.V3RevisionStampingContracts.test_gap_fails_before_any_scenario_can_be_evaluated) ... ok

----------------------------------------------------------------------
Ran 5 tests in 0.027s

OK
test_config_loader_requires_exact_v3_revision (__main__.FlowResponseV3RunnerContracts.test_config_loader_requires_exact_v3_revision) ... ok
test_native_execution_engine_is_not_reimplemented (__main__.FlowResponseV3RunnerContracts.test_native_execution_engine_is_not_reimplemented) ... ok
test_single_family_mode_is_diagnostic_and_base_mode_is_identity (__main__.FlowResponseV3RunnerContracts.test_single_family_mode_is_diagnostic_and_base_mode_is_identity) ... ok
test_suite_summary_requires_exact_path_revision_for_every_trade (__main__.FlowResponseV3RunnerContracts.test_suite_summary_requires_exact_path_revision_for_every_trade) ... ok
test_wrapper_binds_exact_v3_detector_and_complete_horizon_diagnostics (__main__.FlowResponseV3RunnerContracts.test_wrapper_binds_exact_v3_detector_and_complete_horizon_diagnostics) ... ok
test_wrong_or_missing_path_revision_closes_the_gate (__main__.FlowResponseV3RunnerContracts.test_wrong_or_missing_path_revision_closes_the_gate) ... ok

----------------------------------------------------------------------
Ran 6 tests in 0.003s

OK
test_native_execution_entrypoint_is_still_the_verified_base_runner (__main__.FlowResponseV4EvidenceContracts.test_native_execution_entrypoint_is_still_the_verified_base_runner) ... ok
test_nonzero_revision_counts_are_not_rewritten (__main__.FlowResponseV4EvidenceContracts.test_nonzero_revision_counts_are_not_rewritten) ... ok
test_zero_trade_run_records_an_explicit_zero_revision_count (__main__.FlowResponseV4EvidenceContracts.test_zero_trade_run_records_an_explicit_zero_revision_count) ... ok

----------------------------------------------------------------------
Ran 3 tests in 0.000s

OK
test_json_matches_exact_frozen_detector_and_evidence_revisions (__main__.FlowResponseV3ConfigContracts.test_json_matches_exact_frozen_detector_and_evidence_revisions) ... ok
test_json_round_trip_constructs_the_frozen_config (__main__.FlowResponseV3ConfigContracts.test_json_round_trip_constructs_the_frozen_config) ... ok
test_native_wrapper_injects_config_and_complete_horizon_diagnostics (__main__.FlowResponseV3ConfigContracts.test_native_wrapper_injects_config_and_complete_horizon_diagnostics) ... ok
test_project_risk_and_execution_contracts_remain_exact (__main__.FlowResponseV3ConfigContracts.test_project_risk_and_execution_contracts_remain_exact) ... ok

----------------------------------------------------------------------
Ran 4 tests in 0.001s

OK
test_complete_contiguous_horizon_delegates_and_stamps_revision (__main__.CompleteHorizonContracts.test_complete_contiguous_horizon_delegates_and_stamps_revision) ... ok
test_enrichment_never_hides_incomplete_horizon_status (__main__.CompleteHorizonContracts.test_enrichment_never_hides_incomplete_horizon_status) ... ok
test_missing_execution_fields_remain_v1_explicit_with_v2_revision (__main__.CompleteHorizonContracts.test_missing_execution_fields_remain_v1_explicit_with_v2_revision) ... ok
test_missing_first_post_fill_bucket_is_evidence_failure (__main__.CompleteHorizonContracts.test_missing_first_post_fill_bucket_is_evidence_failure) ... ok
test_missing_internal_bucket_is_evidence_failure (__main__.CompleteHorizonContracts.test_missing_internal_bucket_is_evidence_failure) ... ok
test_missing_tail_is_evidence_failure_even_when_trade_closed_early (__main__.CompleteHorizonContracts.test_missing_tail_is_evidence_failure_even_when_trade_closed_early) ... ok

----------------------------------------------------------------------
Ran 6 tests in 0.022s

OK
test_staged_evidence_validator_accepts_complete_zero_trade_evidence (__main__.ZeroTradeEvidenceContracts.test_staged_evidence_validator_accepts_complete_zero_trade_evidence) ... ok
test_wrapper_records_explicit_zero_revision_count (__main__.ZeroTradeEvidenceContracts.test_wrapper_records_explicit_zero_revision_count) ... ok

----------------------------------------------------------------------
Ran 2 tests in 0.000s

OK
test_absorption_can_be_retained_under_the_same_frozen_rule (__main__.FlowResponseAblationDecisionContracts.test_absorption_can_be_retained_under_the_same_frozen_rule) ... ok
test_both_negative_is_a_discard_not_a_less_bad_family_search (__main__.FlowResponseAblationDecisionContracts.test_both_negative_is_a_discard_not_a_less_bad_family_search) ... ok
test_both_positive_does_not_remove_a_working_family (__main__.FlowResponseAblationDecisionContracts.test_both_positive_does_not_remove_a_working_family) ... ok
test_family_count_mismatch_blocks_selection (__main__.FlowResponseAblationDecisionContracts.test_family_count_mismatch_blocks_selection) ... ok
test_incomplete_path_or_attribution_evidence_blocks_selection (__main__.FlowResponseAblationDecisionContracts.test_incomplete_path_or_attribution_evidence_blocks_selection) ... ok
test_invalid_evidence_contracts_block_selection (__main__.FlowResponseAblationDecisionContracts.test_invalid_evidence_contracts_block_selection) ... ok
test_one_positive_and_one_negative_family_selects_only_the_positive_family (__main__.FlowResponseAblationDecisionContracts.test_one_positive_and_one_negative_family_selects_only_the_positive_family) ... ok
test_untraded_family_is_not_treated_as_independently_negative (__main__.FlowResponseAblationDecisionContracts.test_untraded_family_is_not_treated_as_independently_negative) ... ok

----------------------------------------------------------------------
Ran 8 tests in 0.001s

OK
test_cadence_or_path_revision_mismatch_is_evidence_failure (__main__.FlowResponseV3DiagnosticEvaluationContracts.test_cadence_or_path_revision_mismatch_is_evidence_failure) ... ok
test_clean_negative_economics_fails_rebuild_without_corrupting_evidence (__main__.FlowResponseV3DiagnosticEvaluationContracts.test_clean_negative_economics_fails_rebuild_without_corrupting_evidence) ... ok
test_complete_v3_diagnostic_supports_rebuild_but_not_promotion (__main__.FlowResponseV3DiagnosticEvaluationContracts.test_complete_v3_diagnostic_supports_rebuild_but_not_promotion) ... ok
test_path_revision_count_mismatch_is_not_economic_failure (__main__.FlowResponseV3DiagnosticEvaluationContracts.test_path_revision_count_mismatch_is_not_economic_failure) ... ok

----------------------------------------------------------------------
Ran 4 tests in 0.001s

OK
test_clean_both_negative_failure_is_persisted_as_v3_discard (__main__.FlowResponseV3StagedContracts.test_clean_both_negative_failure_is_persisted_as_v3_discard) ... ok
test_one_positive_family_runs_one_diagnostic_but_never_promotes_it (__main__.FlowResponseV3StagedContracts.test_one_positive_family_runs_one_diagnostic_but_never_promotes_it) ... ok
test_path_revision_count_mismatch_is_evidence_failure_before_ablation (__main__.FlowResponseV3StagedContracts.test_path_revision_count_mismatch_is_evidence_failure_before_ablation) ... ok
test_valid_base_summary_requires_exact_v3_and_path_revisions (__main__.FlowResponseV3StagedContracts.test_valid_base_summary_requires_exact_v3_and_path_revisions) ... ok

----------------------------------------------------------------------
Ran 4 tests in 0.007s

OK
{
  "checks": {
    "auction_parameters_frozen": true,
    "btc_first_contract": true,
    "detector_checks_exact_cadence": true,
    "evidence_wrapper_does_not_reimplement_engine": true,
    "evidence_wrapper_exact": true,
    "exact_ten_second_config": true,
    "flow_response_parameters_frozen": true,
    "implementation_revision_exact": true,
    "orchestrator_revision_exact": true,
    "path_diagnostic_revision_exact": true,
    "project_risk_contract_unchanged": true,
    "workflow_runner_and_concurrency_exact": true,
    "workflow_uses_pinned_environment": true,
    "workflow_uses_v3_runner_and_orchestrator": true
  },
  "evidence_wrapper_revision": "EXPLICIT_ZERO_TRADE_PATH_REVISION_COUNT_V4",
  "implementation_revision": "CAUSAL_FLOW_RESPONSE_EXTERNAL_AUCTION_V3_EXACT_TEN_SECOND_CADENCE",
  "passed": true,
  "protocol_revision": "FLOW_RESPONSE_STAGED_VALIDATION_V2_EXACT_CADENCE",
  "trade_path_diagnostic_revision": "POST_RUN_STRUCTURAL_PATH_COMPLETE_HORIZON_V2"
}
