{
  "aggtrade_data_quality": {
    "first_observed_time": "2024-04-08T00:00:10+00:00",
    "gap_count_over_11_seconds": 0,
    "last_observed_time": "2024-04-15T04:00:00+00:00",
    "max_gap_seconds": 10.0,
    "raw_rows": 16564456,
    "rows": 61920,
    "source_bytes": 211731839
  },
  "by_boundary_source": {
    "DAY": {
      "mean_net_r_proxy": -1.0,
      "median_net_r_proxy": -1.0,
      "median_net_reward_risk": 7.4076000862321045,
      "outcomes": {
        "STOP": 1
      },
      "positive_share": 0.0,
      "total_net_r_proxy": -1.0,
      "trades": 1
    },
    "FOUR_HOUR": {
      "mean_net_r_proxy": -0.3721472649186717,
      "median_net_r_proxy": -1.0,
      "median_net_reward_risk": 6.4411819838116875,
      "outcomes": {
        "STOP": 4,
        "TIMEOUT": 1
      },
      "positive_share": 0.2,
      "total_net_r_proxy": -1.8607363245933586,
      "trades": 5
    }
  },
  "by_family": {
    "BREAKOUT_ACCEPTANCE_CONTINUATION": {
      "mean_net_r_proxy": -1.0,
      "median_net_r_proxy": -1.0,
      "median_net_reward_risk": 9.205191784222864,
      "outcomes": {
        "STOP": 2
      },
      "positive_share": 0.0,
      "total_net_r_proxy": -2.0,
      "trades": 2
    },
    "SWEEP_ABSORPTION_REVERSAL": {
      "mean_net_r_proxy": -0.21518408114833965,
      "median_net_r_proxy": -1.0,
      "median_net_reward_risk": 4.86694338989634,
      "outcomes": {
        "STOP": 3,
        "TIMEOUT": 1
      },
      "positive_share": 0.25,
      "total_net_r_proxy": -0.8607363245933586,
      "trades": 4
    }
  },
  "combined": {
    "mean_net_r_proxy": -0.47678938743222643,
    "median_net_r_proxy": -1.0,
    "median_net_reward_risk": 6.9243910350218965,
    "outcomes": {
      "STOP": 5,
      "TIMEOUT": 1
    },
    "positive_share": 0.16666666666666666,
    "total_net_r_proxy": -2.8607363245933586,
    "trades": 6
  },
  "diagnostics": {
    "ABSORPTION_ARMED": 11,
    "ABSORPTION_INVALIDATED": 3,
    "ACCEPTANCE_ARMED": 31,
    "ACCEPTANCE_RECLAIMED": 14,
    "ACCEPTANCE_RETEST_HELD": 7,
    "BOUNDARY_INTERACTION_UNCLASSIFIED": 54,
    "BREAKOUT_ACCEPTANCE_CONTINUATION_TIMEOUT": 14,
    "INSUFFICIENT_COST_AFTER_EXTERNAL_TARGET": 1,
    "SWEEP_ABSORPTION_REVERSAL_TIMEOUT": 4,
    "TRADEABLE_EVENT": 6
  }
}
