/__w/SMC_ICT_4_LIVE/SMC_ICT_4_LIVE/research/candidate-09/run.py:248: Pandas4Warning: Timestamp.utcnow is deprecated and will be removed in a future version. Use Timestamp.now('UTC') instead.
  engine.run()
/__w/SMC_ICT_4_LIVE/SMC_ICT_4_LIVE/research/candidate-09/run.py:248: Pandas4Warning: Timestamp.utcnow is deprecated and will be removed in a future version. Use Timestamp.now('UTC') instead.
  engine.run()
/__w/SMC_ICT_4_LIVE/SMC_ICT_4_LIVE/research/candidate-09/run.py:248: Pandas4Warning: Timestamp.utcnow is deprecated and will be removed in a future version. Use Timestamp.now('UTC') instead.
  engine.run()
/__w/SMC_ICT_4_LIVE/SMC_ICT_4_LIVE/research/candidate-09/run.py:248: Pandas4Warning: Timestamp.utcnow is deprecated and will be removed in a future version. Use Timestamp.now('UTC') instead.
  engine.run()
/__w/SMC_ICT_4_LIVE/SMC_ICT_4_LIVE/research/candidate-09/run.py:248: Pandas4Warning: Timestamp.utcnow is deprecated and will be removed in a future version. Use Timestamp.now('UTC') instead.
  engine.run()
/__w/SMC_ICT_4_LIVE/SMC_ICT_4_LIVE/research/candidate-09/run.py:248: Pandas4Warning: Timestamp.utcnow is deprecated and will be removed in a future version. Use Timestamp.now('UTC') instead.
  engine.run()
/__w/SMC_ICT_4_LIVE/SMC_ICT_4_LIVE/research/candidate-09/run.py:248: Pandas4Warning: Timestamp.utcnow is deprecated and will be removed in a future version. Use Timestamp.now('UTC') instead.
  engine.run()
/__w/SMC_ICT_4_LIVE/SMC_ICT_4_LIVE/research/candidate-09/run.py:248: Pandas4Warning: Timestamp.utcnow is deprecated and will be removed in a future version. Use Timestamp.now('UTC') instead.
  engine.run()
/__w/SMC_ICT_4_LIVE/SMC_ICT_4_LIVE/research/candidate-09/run.py:248: Pandas4Warning: Timestamp.utcnow is deprecated and will be removed in a future version. Use Timestamp.now('UTC') instead.
  engine.run()
/__w/SMC_ICT_4_LIVE/SMC_ICT_4_LIVE/research/candidate-09/run.py:248: Pandas4Warning: Timestamp.utcnow is deprecated and will be removed in a future version. Use Timestamp.now('UTC') instead.
  engine.run()
/__w/SMC_ICT_4_LIVE/SMC_ICT_4_LIVE/research/candidate-09/run.py:248: Pandas4Warning: Timestamp.utcnow is deprecated and will be removed in a future version. Use Timestamp.now('UTC') instead.
  engine.run()
/__w/SMC_ICT_4_LIVE/SMC_ICT_4_LIVE/research/candidate-09/run.py:248: Pandas4Warning: Timestamp.utcnow is deprecated and will be removed in a future version. Use Timestamp.now('UTC') instead.
  engine.run()
/__w/SMC_ICT_4_LIVE/SMC_ICT_4_LIVE/research/candidate-09/run.py:248: Pandas4Warning: Timestamp.utcnow is deprecated and will be removed in a future version. Use Timestamp.now('UTC') instead.
  engine.run()
/__w/SMC_ICT_4_LIVE/SMC_ICT_4_LIVE/research/candidate-09/run.py:248: Pandas4Warning: Timestamp.utcnow is deprecated and will be removed in a future version. Use Timestamp.now('UTC') instead.
  engine.run()
/__w/SMC_ICT_4_LIVE/SMC_ICT_4_LIVE/research/candidate-09/run.py:248: Pandas4Warning: Timestamp.utcnow is deprecated and will be removed in a future version. Use Timestamp.now('UTC') instead.
  engine.run()
/__w/SMC_ICT_4_LIVE/SMC_ICT_4_LIVE/research/candidate-09/run.py:248: Pandas4Warning: Timestamp.utcnow is deprecated and will be removed in a future version. Use Timestamp.now('UTC') instead.
  engine.run()
/__w/SMC_ICT_4_LIVE/SMC_ICT_4_LIVE/research/candidate-09/run.py:248: Pandas4Warning: Timestamp.utcnow is deprecated and will be removed in a future version. Use Timestamp.now('UTC') instead.
  engine.run()
/__w/SMC_ICT_4_LIVE/SMC_ICT_4_LIVE/research/candidate-09/run.py:248: Pandas4Warning: Timestamp.utcnow is deprecated and will be removed in a future version. Use Timestamp.now('UTC') instead.
  engine.run()
/__w/SMC_ICT_4_LIVE/SMC_ICT_4_LIVE/research/candidate-09/run.py:248: Pandas4Warning: Timestamp.utcnow is deprecated and will be removed in a future version. Use Timestamp.now('UTC') instead.
  engine.run()
/__w/SMC_ICT_4_LIVE/SMC_ICT_4_LIVE/research/candidate-09/run.py:248: Pandas4Warning: Timestamp.utcnow is deprecated and will be removed in a future version. Use Timestamp.now('UTC') instead.
  engine.run()
/__w/SMC_ICT_4_LIVE/SMC_ICT_4_LIVE/research/candidate-09/run.py:248: Pandas4Warning: Timestamp.utcnow is deprecated and will be removed in a future version. Use Timestamp.now('UTC') instead.
  engine.run()
/__w/SMC_ICT_4_LIVE/SMC_ICT_4_LIVE/research/candidate-09/run.py:248: Pandas4Warning: Timestamp.utcnow is deprecated and will be removed in a future version. Use Timestamp.now('UTC') instead.
  engine.run()
/__w/SMC_ICT_4_LIVE/SMC_ICT_4_LIVE/research/candidate-09/run.py:248: Pandas4Warning: Timestamp.utcnow is deprecated and will be removed in a future version. Use Timestamp.now('UTC') instead.
  engine.run()
/__w/SMC_ICT_4_LIVE/SMC_ICT_4_LIVE/research/candidate-09/run.py:248: Pandas4Warning: Timestamp.utcnow is deprecated and will be removed in a future version. Use Timestamp.now('UTC') instead.
  engine.run()
{
  "ablations": {
    "no-acceptance-confirmation": {
      "all_segments_positive": false,
      "calendar_days": 21.0,
      "daily_geometric_return": -0.028869460344623454,
      "implementation_ok": true,
      "maximum_segment_drawdown": 0.3570523682359996,
      "maximum_single_trade_profit_share": 0.4930090477646352,
      "nav_multiple": 0.540542503006616,
      "trades": 29,
      "trades_per_day": 1.380952380952381
    },
    "no-flow": {
      "all_segments_positive": false,
      "calendar_days": 21.0,
      "daily_geometric_return": -0.027096695048926867,
      "implementation_ok": true,
      "maximum_segment_drawdown": 0.4348030850249668,
      "maximum_single_trade_profit_share": 1.0,
      "nav_multiple": 0.5616467530930371,
      "trades": 47,
      "trades_per_day": 2.238095238095238
    },
    "no-reclaim-confirmation": {
      "all_segments_positive": false,
      "calendar_days": 21.0,
      "daily_geometric_return": -0.028029026186518702,
      "implementation_ok": true,
      "maximum_segment_drawdown": 0.3745605098534929,
      "maximum_single_trade_profit_share": 0.17412603350477102,
      "nav_multiple": 0.5504516899823036,
      "trades": 39,
      "trades_per_day": 1.8571428571428572
    }
  },
  "baseline_weeks": [
    {
      "accounting_error": -1.4551915228366852e-11,
      "calendar_days": 7.0,
      "continuation_trades": 5,
      "daily_geometric_return": -0.030838590066065263,
      "end_ns": 1644796800000000000,
      "ending_nav": 80310.58538812501,
      "expectancy_r": -0.3583931780934198,
      "implementation_status": "OK",
      "largest_profit_share": 0.38126158581950303,
      "losses": 15,
      "max_drawdown": 0.29828127404750004,
      "maximum_consecutive_losses": 7,
      "missing_feature_bars": 0,
      "native_account_final": 96723.99478396999,
      "native_expected_final": 96723.99478397,
      "open_position_at_stop": false,
      "profit_factor": 0.4889812215830115,
      "rejected_orders": 0,
      "reversal_trades": 14,
      "run_id": "baseline:week-a",
      "segment": "week-a",
      "start_ns": 1644192000000000000,
      "starting_nav": 100000.0,
      "time_exits": 0,
      "total_return": -0.1968941461187499,
      "trades": 19,
      "variant": "baseline",
      "win_rate": 0.21052631578947367,
      "wins": 4
    },
    {
      "accounting_error": 0.0,
      "calendar_days": 7.0,
      "continuation_trades": 1,
      "daily_geometric_return": -0.008666505670068658,
      "end_ns": 1687132800000000000,
      "ending_nav": 94088.91490270001,
      "expectancy_r": -1.0002000413419774,
      "implementation_status": "OK",
      "largest_profit_share": null,
      "losses": 2,
      "max_drawdown": 0.05911085097299995,
      "maximum_consecutive_losses": 2,
      "missing_feature_bars": 0,
      "native_account_final": 95765.76301665,
      "native_expected_final": 95765.76301665,
      "open_position_at_stop": false,
      "profit_factor": 0.0,
      "rejected_orders": 0,
      "reversal_trades": 1,
      "run_id": "baseline:week-b",
      "segment": "week-b",
      "start_ns": 1686528000000000000,
      "starting_nav": 100000.0,
      "time_exits": 0,
      "total_return": -0.05911085097299995,
      "trades": 2,
      "variant": "baseline",
      "win_rate": 0.0,
      "wins": 0
    },
    {
      "accounting_error": 0.0,
      "calendar_days": 7.0,
      "continuation_trades": 1,
      "daily_geometric_return": -0.012969788591385534,
      "end_ns": 1729468800000000000,
      "ending_nav": 91266.862615625,
      "expectancy_r": -1.0000784089454948,
      "implementation_status": "OK",
      "largest_profit_share": null,
      "losses": 3,
      "max_drawdown": 0.08733137384375,
      "maximum_consecutive_losses": 3,
      "missing_feature_bars": 0,
      "native_account_final": 94639.71501574,
      "native_expected_final": 94639.71501574,
      "open_position_at_stop": false,
      "profit_factor": 0.0,
      "rejected_orders": 0,
      "reversal_trades": 2,
      "run_id": "baseline:week-c",
      "segment": "week-c",
      "start_ns": 1728864000000000000,
      "starting_nav": 100000.0,
      "time_exits": 0,
      "total_return": -0.08733137384375,
      "trades": 3,
      "variant": "baseline",
      "win_rate": 0.0,
      "wins": 0
    }
  ],
  "candidate": "candidate-09",
  "diagnosis": {
    "action": "Discard candidate-09 as a complete candidate; preserve only the listed mechanisms for later hypotheses.",
    "baseline_daily_geometric_return": -0.017538713156740937,
    "best_ablation": "no-flow",
    "best_ablation_daily_geometric_return": -0.027096695048926867,
    "classification": "LOGIC_ERROR_NO_STRUCTURAL_PATH",
    "largest_influence": "insufficient cost-after conditional edge or opportunity rate",
    "valid_parts": [
      "absorption/reclaim branch produced executable events",
      "acceptance/retest branch produced executable events"
    ]
  },
  "gate": {
    "checks": {
      "all_weeks_positive": false,
      "implementation_ok": true,
      "minimum_trades_each_week": false,
      "pooled_daily_geometric_return": false,
      "profit_not_single_trade_dominated": false
    },
    "passed": false,
    "pooled": {
      "all_segments_positive": false,
      "calendar_days": 21.0,
      "daily_geometric_return": -0.017538713156740937,
      "implementation_ok": true,
      "maximum_segment_drawdown": 0.29828127404750004,
      "maximum_single_trade_profit_share": 0.38126158581950303,
      "nav_multiple": 0.6896430644729085,
      "trades": 24,
      "trades_per_day": 1.1428571428571428
    }
  },
  "status": "GATE_FAIL"
}
