{
  "by_boundary_source": {
    "DAY": {
      "mean_net_r_proxy": -1.0,
      "median_net_r_proxy": -1.0,
      "median_net_reward_risk": 3.490668781407071,
      "outcomes": {
        "STOP": 1
      },
      "positive_share": 0.0,
      "total_net_r_proxy": -1.0,
      "trades": 1
    }
  },
  "diagnostics": {
    "ACCEPTANCE_ARMED": 35,
    "ACCEPTANCE_RECLAIMED": 17,
    "ACCEPTANCE_RETEST_HELD": 9,
    "ACCEPTANCE_SEQUENCE_TIMEOUT": 17,
    "NON_ACCEPTANCE_INTERACTION_IGNORED": 56,
    "TRADEABLE_EVENT": 1
  },
  "summary": {
    "mean_net_r_proxy": -1.0,
    "median_net_r_proxy": -1.0,
    "median_net_reward_risk": 3.490668781407071,
    "outcomes": {
      "STOP": 1
    },
    "positive_share": 0.0,
    "total_net_r_proxy": -1.0,
    "trades": 1
  },
  "window": {
    "end": "2025-06-16T00:00:00Z",
    "name": "screen-02",
    "start": "2025-06-09T00:00:00Z"
  }
}
