[OK] python: 3.13.5 (need 3.13.x)
[OK] nautilus_trader: 1.230.0 (need 1.230.0)
[OK] glibc: 2.36 (need >= 2.35)
test_completed_feature_index_stays_exact_and_unique (__main__.CompletedFeatureContracts.test_completed_feature_index_stays_exact_and_unique) ... ok
test_duplicate_completed_trade_timestamp_remains_invalid (__main__.CompletedFeatureContracts.test_duplicate_completed_trade_timestamp_remains_invalid) ... ok
test_source_contains_no_outcome_or_execution_logic (__main__.CompletedFeatureContracts.test_source_contains_no_outcome_or_execution_logic) ... ok
test_chunk_split_inside_equal_timestamp_matches_single_pass (__main__.DuplicateTimestampRawQuoteContracts.test_chunk_split_inside_equal_timestamp_matches_single_pass) ... ok
test_completed_bucket_preserves_duplicate_event_count_and_state_order (__main__.DuplicateTimestampRawQuoteContracts.test_completed_bucket_preserves_duplicate_event_count_and_state_order) ... ok
test_duplicate_exchange_milliseconds_are_distinct_ordered_events (__main__.DuplicateTimestampRawQuoteContracts.test_duplicate_exchange_milliseconds_are_distinct_ordered_events) ... ok
test_raw_time_regression_is_rejected_without_deduplication (__main__.DuplicateTimestampRawQuoteContracts.test_raw_time_regression_is_rejected_without_deduplication) ... ok

----------------------------------------------------------------------
Ran 7 tests in 0.125s

OK
test_cross_chunk_time_regression_is_rejected (__main__.RawChunkIntegrityContracts.test_cross_chunk_time_regression_is_rejected) ... ok
test_equal_time_update_id_regression_is_rejected (__main__.RawChunkIntegrityContracts.test_equal_time_update_id_regression_is_rejected) ... ok
test_equal_transaction_millisecond_preserves_update_order (__main__.RawChunkIntegrityContracts.test_equal_transaction_millisecond_preserves_update_order) ... ok
test_malformed_crossed_and_nonpositive_rows_fail_closed (__main__.RawChunkIntegrityContracts.test_malformed_crossed_and_nonpositive_rows_fail_closed) ... ok
test_arbitrary_chunk_boundaries_match_single_pass_exactly (__main__.RawOpenBucketCarryContracts.test_arbitrary_chunk_boundaries_match_single_pass_exactly) ... ok
test_duplicate_timestamp_events_contribute_individually (__main__.RawOpenBucketCarryContracts.test_duplicate_timestamp_events_contribute_individually) ... ok
test_later_buckets_cannot_change_already_closed_history (__main__.RawOpenBucketCarryContracts.test_later_buckets_cannot_change_already_closed_history) ... ok
test_streaming_revision_contains_no_daily_materialization_or_trading_logic (__main__.RawOpenBucketCarryContracts.test_streaming_revision_contains_no_daily_materialization_or_trading_logic) ... ok

----------------------------------------------------------------------
Ran 8 tests in 0.379s

OK
test_confirmation_quote_ofi_ablation_changes_only_the_predeclared_gate (__main__.QuoteResiliencySignalContracts.test_confirmation_quote_ofi_ablation_changes_only_the_predeclared_gate) ... ok
test_detector_source_contains_no_execution_or_outcome_logic (__main__.QuoteResiliencySignalContracts.test_detector_source_contains_no_execution_or_outcome_logic) ... ok
test_future_rows_do_not_change_existing_signal (__main__.QuoteResiliencySignalContracts.test_future_rows_do_not_change_existing_signal) ... ok
test_quote_replenished_high_sweep_emits_short_reversal (__main__.QuoteResiliencySignalContracts.test_quote_replenished_high_sweep_emits_short_reversal) ... ok
test_quote_replenished_low_sweep_emits_long_reversal (__main__.QuoteResiliencySignalContracts.test_quote_replenished_low_sweep_emits_long_reversal) ... ok
test_quote_withdrawal_acceptance_emits_long_continuation_after_separate_retest (__main__.QuoteResiliencySignalContracts.test_quote_withdrawal_acceptance_emits_long_continuation_after_separate_retest) ... ok
test_target_crossed_on_confirmation_bucket_is_not_reused (__main__.QuoteResiliencySignalContracts.test_target_crossed_on_confirmation_bucket_is_not_reused) ... ok

----------------------------------------------------------------------
Ran 7 tests in 0.048s

OK
test_rejected_response_bucket_cannot_arm_another_crossed_level (__main__.OneScenarioTransitionPerBucketContract.test_rejected_response_bucket_cannot_arm_another_crossed_level) ... ok

----------------------------------------------------------------------
Ran 1 test in 0.021s

OK
test_adapter_contains_no_new_backtest_or_sizing_engine (__main__.NativeAdapterContracts.test_adapter_contains_no_new_backtest_or_sizing_engine) ... ok
test_config_and_implementation_revisions_are_bound (__main__.NativeAdapterContracts.test_config_and_implementation_revisions_are_bound) ... ok
test_family_resolution_prefers_immutable_signal_field (__main__.NativeAdapterContracts.test_family_resolution_prefers_immutable_signal_field) ... ok
test_only_predeclared_ablation_is_exposed (__main__.NativeAdapterContracts.test_only_predeclared_ablation_is_exposed) ... ok
test_order_and_intent_labels_name_real_quote_scenarios (__main__.NativeAdapterContracts.test_order_and_intent_labels_name_real_quote_scenarios) ... ok
test_verified_runner_boundaries_are_reused (__main__.NativeAdapterContracts.test_verified_runner_boundaries_are_reused) ... ok

----------------------------------------------------------------------
Ran 6 tests in 0.001s

OK
