{
  "candidate": "candidate-02-v110-w20",
  "custom_backtest_engine": false,
  "data_integrity": {
    "columns_path": "inputs/v110-week2/artifacts/candidate-02-v48-first-week/columns.json",
    "feature_first_open_utc": "2024-09-01T00:00:00+00:00",
    "feature_last_open_utc": "2025-03-10T23:55:00+00:00",
    "feature_rows": 55008,
    "forward_feature_columns_used": false,
    "npz_path": "inputs/v110-week2/artifacts/candidate-02-v48-first-week/v48_features.npz",
    "raw_directory": "inputs/v110-week2/.cache/candidate-02/v110-week2/binance_1m",
    "raw_first_close_utc": "2024-12-28T00:01:00+00:00",
    "raw_last_close_utc": "2025-01-06T01:00:00+00:00",
    "raw_rows": 13020
  },
  "decision": "REJECT_OR_REDESIGN",
  "effective_commissions_usdt": 3434.97503611,
  "engine": "NautilusTrader 1.230.0",
  "engine_result": {
    "iterations": 13020,
    "stats_general": {},
    "stats_pnls": {
      "USDT": {
        "Avg Loser": -3123.9280741800003,
        "Avg Winner": 1402.48963807,
        "Expectancy": -860.7192180550002,
        "Max Loser": -3123.9280741800003,
        "Max Winner": 1402.48963807,
        "Min Loser": -3123.9280741800003,
        "Min Winner": 1402.48963807,
        "PnL (total)": -1721.4384361099999,
        "PnL% (total)": -1.7214384361099948,
        "Win Rate": 0.5
      }
    },
    "stats_returns": {
      "Average (Return)": -0.00860719218054995,
      "Average Loss (Return)": -0.0172143843610999,
      "Average Win (Return)": NaN,
      "Profit Factor": 0.0,
      "Returns Volatility (252 days)": 0.19323098521042575,
      "Risk Return Ratio": -0.7071067811865476,
      "Sharpe Ratio (252 days)": -11.224972160321826,
      "Sortino Ratio (252 days)": -11.224972160321826
    },
    "summary": {
      "account.BINANCE.balance.USDT.free": "98278.56156389 USDT",
      "account.BINANCE.balance.USDT.locked": "0.00000000 USDT",
      "account.BINANCE.balance.USDT.total": "98278.56156389 USDT",
      "account.BINANCE.base_currency": "USDT",
      "account.BINANCE.event_count": "13",
      "account.BINANCE.id": "BINANCE-001",
      "account.BINANCE.type": "MARGIN",
      "iterations": "13020",
      "orders.closed": "6",
      "orders.emulated": "0",
      "orders.inflight": "0",
      "orders.open": "0",
      "orders.total": "6",
      "positions.closed": "1",
      "positions.open": "0",
      "positions.snapshots": "1",
      "positions.total": "1",
      "positions.total_with_snapshots": "2",
      "total_events": "18",
      "venues.total": "1"
    },
    "total_events": 18,
    "total_orders": 6,
    "total_positions": 2
  },
  "evaluation_days": 7.0,
  "evaluation_end_utc": "2025-01-06T00:00:00+00:00",
  "evaluation_start_utc": "2024-12-30T00:00:00+00:00",
  "execution_model": {
    "account_source_of_truth": true,
    "bar_adaptive_high_low_ordering": true,
    "bar_execution": true,
    "bracket_orders": true,
    "effective_maker_commission_rate": "0.00030",
    "effective_taker_commission_rate": "0.00085",
    "liquidation_enabled": false,
    "liquidation_requested": true
  },
  "fills": 5,
  "final_nav_usdt": 98278.56156389,
  "flat_at_end": true,
  "geometric_daily_growth_after_cost": -0.002477536477052733,
  "gross_loss_after_cost_usdt": -3123.9280741799885,
  "gross_profit_after_cost_usdt": 1402.4896380699938,
  "losses": 1,
  "maximum_effective_notional_multiple": 12.334314395999998,
  "maximum_mark_to_market_drawdown": -0.03795434479759996,
  "maximum_planned_loss_to_budget": 0.999992352159956,
  "nav_factor": 0.9827856156389001,
  "orders": 6,
  "pass_checks": {
    "flat_at_end": true,
    "maximum_drawdown": true,
    "minimum_geometric_daily_growth": false,
    "minimum_profit_factor": false,
    "minimum_trades_per_day": false,
    "minimum_win_rate": true,
    "planned_loss_budget": true
  },
  "positions_rows": 2,
  "profit_factor_after_cost": 0.4489506815671928,
  "risk_fraction": 0.03,
  "runtime_diagnostics": {
    "entry_pending": false,
    "position_flat": true,
    "runtime": {
      "ENTRY_BRACKET_SUBMITTED": 2,
      "POSITION_CLOSED": 2,
      "POSITION_OPENED": 2
    },
    "scheduled_signals": 2,
    "selected_signal": null
  },
  "scheduled_signals": 2,
  "stage": "first_random_btc_week_nautilustrader",
  "starting_nav_usdt": 100000.0,
  "submitted_signals": 2,
  "target_met": false,
  "trades": 2,
  "trades_per_day": 0.2857142857142857,
  "win_rate": 0.5,
  "wins": 1
}
