{
  "candidate": "candidate-02-v110-w20",
  "custom_backtest_engine": false,
  "data_integrity": {
    "columns_path": "inputs/v110-week1/artifacts/candidate-02-v48-first-week/columns.json",
    "feature_first_open_utc": "2024-09-01T00:00:00+00:00",
    "feature_last_open_utc": "2025-03-10T23:55:00+00:00",
    "feature_rows": 55008,
    "forward_feature_columns_used": false,
    "npz_path": "inputs/v110-week1/artifacts/candidate-02-v48-first-week/v48_features.npz",
    "raw_directory": "inputs/v110-week1/.cache/candidate-02/v48-first-week/binance_1m",
    "raw_first_close_utc": "2025-03-01T00:01:00+00:00",
    "raw_last_close_utc": "2025-03-10T01:00:00+00:00",
    "raw_rows": 13020
  },
  "decision": "REJECT_OR_REDESIGN",
  "effective_commissions_usdt": 3770.35764692,
  "engine": "NautilusTrader 1.230.0",
  "engine_result": {
    "iterations": 13020,
    "stats_general": {},
    "stats_pnls": {
      "USDT": {
        "Avg Loser": -3019.84874508,
        "Avg Winner": 2183.04242162,
        "Expectancy": -418.40316172999997,
        "Max Loser": -3093.08225091,
        "Max Winner": 2193.5143863099997,
        "Min Loser": -2946.61523925,
        "Min Winner": 2172.57045693,
        "PnL (total)": -1673.6126469199999,
        "PnL% (total)": -1.6736126469199955,
        "Win Rate": 0.5
      }
    },
    "stats_returns": {
      "Average (Return)": -0.0020134333381226777,
      "Average Loss (Return)": -0.0193511031660909,
      "Average Win (Return)": 0.022594739627200378,
      "Profit Factor": 0.5838101175232565,
      "Returns Volatility (252 days)": 0.23200698458293137,
      "Risk Return Ratio": -0.13776422904651994,
      "Sharpe Ratio (252 days)": -2.1869393377057964,
      "Sortino Ratio (252 days)": -2.8346439541711117
    },
    "summary": {
      "account.BINANCE.balance.USDT.free": "98326.38735308 USDT",
      "account.BINANCE.balance.USDT.locked": "0.00000000 USDT",
      "account.BINANCE.balance.USDT.total": "98326.38735308 USDT",
      "account.BINANCE.base_currency": "USDT",
      "account.BINANCE.event_count": "21",
      "account.BINANCE.id": "BINANCE-001",
      "account.BINANCE.type": "MARGIN",
      "iterations": "13020",
      "orders.closed": "12",
      "orders.emulated": "0",
      "orders.inflight": "0",
      "orders.open": "0",
      "orders.total": "12",
      "positions.closed": "1",
      "positions.open": "0",
      "positions.snapshots": "3",
      "positions.total": "1",
      "positions.total_with_snapshots": "4",
      "total_events": "32",
      "venues.total": "1"
    },
    "total_events": 32,
    "total_orders": 12,
    "total_positions": 4
  },
  "evaluation_days": 7.0,
  "evaluation_end_utc": "2025-03-10T00:00:00+00:00",
  "evaluation_start_utc": "2025-03-03T00:00:00+00:00",
  "execution_model": {
    "account_source_of_truth": true,
    "bar_adaptive_high_low_ordering": true,
    "bar_execution": true,
    "bracket_orders": true,
    "effective_maker_commission_rate": "0.00030",
    "effective_taker_commission_rate": "0.00085",
    "liquidation_enabled": false,
    "liquidation_requested": true
  },
  "fills": 8,
  "final_nav_usdt": 98326.38735308,
  "flat_at_end": true,
  "geometric_daily_growth_after_cost": -0.0024082038844162046,
  "gross_loss_after_cost_usdt": -6039.697490160004,
  "gross_profit_after_cost_usdt": 4366.084843240009,
  "losses": 2,
  "maximum_effective_notional_multiple": 9.331451844,
  "maximum_mark_to_market_drawdown": -0.06694376328585061,
  "maximum_planned_loss_to_budget": 0.999915991352,
  "nav_factor": 0.9832638735308,
  "orders": 12,
  "pass_checks": {
    "flat_at_end": true,
    "maximum_drawdown": true,
    "minimum_geometric_daily_growth": false,
    "minimum_profit_factor": false,
    "minimum_trades_per_day": false,
    "minimum_win_rate": true,
    "planned_loss_budget": true
  },
  "positions_rows": 4,
  "profit_factor_after_cost": 0.722897934930238,
  "risk_fraction": 0.03,
  "runtime_diagnostics": {
    "entry_pending": false,
    "position_flat": true,
    "runtime": {
      "ENTRY_BRACKET_SUBMITTED": 4,
      "POSITION_CLOSED": 4,
      "POSITION_OPENED": 4
    },
    "scheduled_signals": 4,
    "selected_signal": null
  },
  "scheduled_signals": 4,
  "stage": "first_random_btc_week_nautilustrader",
  "starting_nav_usdt": 100000.0,
  "submitted_signals": 4,
  "target_met": false,
  "trades": 4,
  "trades_per_day": 0.5714285714285714,
  "win_rate": 0.5,
  "wins": 2
}
