Traceback (most recent call last):
  File "/__w/SMC_ICT_4_LIVE/SMC_ICT_4_LIVE/research/candidate-08/run_aggtrade_acceptance_nautilus.py", line 933, in <module>
    raise SystemExit(main())
                     ~~~~^^
  File "/__w/SMC_ICT_4_LIVE/SMC_ICT_4_LIVE/research/candidate-08/run_aggtrade_acceptance_nautilus.py", line 918, in main
    run_suite(
    ~~~~~~~~~^
        config_path=args.config.resolve(),
        ^^^^^^^^^^^^^^^^^^^^^^^^^^^^^^^^^^
    ...<7 lines>...
        ablation=args.ablation,
        ^^^^^^^^^^^^^^^^^^^^^^^
    )
    ^
  File "/__w/SMC_ICT_4_LIVE/SMC_ICT_4_LIVE/research/candidate-08/run_aggtrade_acceptance_nautilus.py", line 839, in run_suite
    result = run_window(
        config=config,
    ...<5 lines>...
        ablation=ablation,
    )
  File "/__w/SMC_ICT_4_LIVE/SMC_ICT_4_LIVE/research/candidate-08/run_aggtrade_acceptance_nautilus.py", line 557, in run_window
    engine = _create_engine(config, instruments)
  File "/__w/SMC_ICT_4_LIVE/SMC_ICT_4_LIVE/research/candidate-08/run_aggtrade_acceptance_nautilus.py", line 123, in _create_engine
    engine.add_venue(
    ~~~~~~~~~~~~~~~~^
        venue=VENUE,
        ^^^^^^^^^^^^
    ...<29 lines>...
        ),
        ^^
    )
    ^
  File "nautilus_trader/backtest/engine.pyx", line 502, in nautilus_trader.backtest.engine.BacktestEngine.add_venue
TypeError: add_venue() got an unexpected keyword argument 'liquidation_enabled'
