/__w/SMC_ICT_4_LIVE/SMC_ICT_4_LIVE/research/candidate-09/run.py:248: Pandas4Warning: Timestamp.utcnow is deprecated and will be removed in a future version. Use Timestamp.now('UTC') instead.
  engine.run()
/__w/SMC_ICT_4_LIVE/SMC_ICT_4_LIVE/research/candidate-09/run.py:248: Pandas4Warning: Timestamp.utcnow is deprecated and will be removed in a future version. Use Timestamp.now('UTC') instead.
  engine.run()
/__w/SMC_ICT_4_LIVE/SMC_ICT_4_LIVE/research/candidate-09/run.py:248: Pandas4Warning: Timestamp.utcnow is deprecated and will be removed in a future version. Use Timestamp.now('UTC') instead.
  engine.run()
/__w/SMC_ICT_4_LIVE/SMC_ICT_4_LIVE/research/candidate-09/run.py:248: Pandas4Warning: Timestamp.utcnow is deprecated and will be removed in a future version. Use Timestamp.now('UTC') instead.
  engine.run()
/__w/SMC_ICT_4_LIVE/SMC_ICT_4_LIVE/research/candidate-09/run.py:248: Pandas4Warning: Timestamp.utcnow is deprecated and will be removed in a future version. Use Timestamp.now('UTC') instead.
  engine.run()
/__w/SMC_ICT_4_LIVE/SMC_ICT_4_LIVE/research/candidate-09/run.py:248: Pandas4Warning: Timestamp.utcnow is deprecated and will be removed in a future version. Use Timestamp.now('UTC') instead.
  engine.run()
/__w/SMC_ICT_4_LIVE/SMC_ICT_4_LIVE/research/candidate-09/run.py:248: Pandas4Warning: Timestamp.utcnow is deprecated and will be removed in a future version. Use Timestamp.now('UTC') instead.
  engine.run()
/__w/SMC_ICT_4_LIVE/SMC_ICT_4_LIVE/research/candidate-09/run.py:248: Pandas4Warning: Timestamp.utcnow is deprecated and will be removed in a future version. Use Timestamp.now('UTC') instead.
  engine.run()
/__w/SMC_ICT_4_LIVE/SMC_ICT_4_LIVE/research/candidate-09/run.py:248: Pandas4Warning: Timestamp.utcnow is deprecated and will be removed in a future version. Use Timestamp.now('UTC') instead.
  engine.run()
/__w/SMC_ICT_4_LIVE/SMC_ICT_4_LIVE/research/candidate-09/run.py:248: Pandas4Warning: Timestamp.utcnow is deprecated and will be removed in a future version. Use Timestamp.now('UTC') instead.
  engine.run()
/__w/SMC_ICT_4_LIVE/SMC_ICT_4_LIVE/research/candidate-09/run.py:248: Pandas4Warning: Timestamp.utcnow is deprecated and will be removed in a future version. Use Timestamp.now('UTC') instead.
  engine.run()
/__w/SMC_ICT_4_LIVE/SMC_ICT_4_LIVE/research/candidate-09/run.py:248: Pandas4Warning: Timestamp.utcnow is deprecated and will be removed in a future version. Use Timestamp.now('UTC') instead.
  engine.run()
/__w/SMC_ICT_4_LIVE/SMC_ICT_4_LIVE/research/candidate-09/run.py:248: Pandas4Warning: Timestamp.utcnow is deprecated and will be removed in a future version. Use Timestamp.now('UTC') instead.
  engine.run()
/__w/SMC_ICT_4_LIVE/SMC_ICT_4_LIVE/research/candidate-09/run.py:248: Pandas4Warning: Timestamp.utcnow is deprecated and will be removed in a future version. Use Timestamp.now('UTC') instead.
  engine.run()
/__w/SMC_ICT_4_LIVE/SMC_ICT_4_LIVE/research/candidate-09/run.py:248: Pandas4Warning: Timestamp.utcnow is deprecated and will be removed in a future version. Use Timestamp.now('UTC') instead.
  engine.run()
/__w/SMC_ICT_4_LIVE/SMC_ICT_4_LIVE/research/candidate-09/run.py:248: Pandas4Warning: Timestamp.utcnow is deprecated and will be removed in a future version. Use Timestamp.now('UTC') instead.
  engine.run()
/__w/SMC_ICT_4_LIVE/SMC_ICT_4_LIVE/research/candidate-09/run.py:248: Pandas4Warning: Timestamp.utcnow is deprecated and will be removed in a future version. Use Timestamp.now('UTC') instead.
  engine.run()
/__w/SMC_ICT_4_LIVE/SMC_ICT_4_LIVE/research/candidate-09/run.py:248: Pandas4Warning: Timestamp.utcnow is deprecated and will be removed in a future version. Use Timestamp.now('UTC') instead.
  engine.run()
/__w/SMC_ICT_4_LIVE/SMC_ICT_4_LIVE/research/candidate-09/run.py:248: Pandas4Warning: Timestamp.utcnow is deprecated and will be removed in a future version. Use Timestamp.now('UTC') instead.
  engine.run()
/__w/SMC_ICT_4_LIVE/SMC_ICT_4_LIVE/research/candidate-09/run.py:248: Pandas4Warning: Timestamp.utcnow is deprecated and will be removed in a future version. Use Timestamp.now('UTC') instead.
  engine.run()
/__w/SMC_ICT_4_LIVE/SMC_ICT_4_LIVE/research/candidate-09/run.py:248: Pandas4Warning: Timestamp.utcnow is deprecated and will be removed in a future version. Use Timestamp.now('UTC') instead.
  engine.run()
/__w/SMC_ICT_4_LIVE/SMC_ICT_4_LIVE/research/candidate-09/run.py:248: Pandas4Warning: Timestamp.utcnow is deprecated and will be removed in a future version. Use Timestamp.now('UTC') instead.
  engine.run()
/__w/SMC_ICT_4_LIVE/SMC_ICT_4_LIVE/research/candidate-09/run.py:248: Pandas4Warning: Timestamp.utcnow is deprecated and will be removed in a future version. Use Timestamp.now('UTC') instead.
  engine.run()
/__w/SMC_ICT_4_LIVE/SMC_ICT_4_LIVE/research/candidate-09/run.py:248: Pandas4Warning: Timestamp.utcnow is deprecated and will be removed in a future version. Use Timestamp.now('UTC') instead.
  engine.run()
{
  "ablations": {
    "no-acceptance-confirmation": {
      "all_segments_positive": false,
      "calendar_days": 21.0,
      "daily_geometric_return": -0.01439760134363155,
      "implementation_ok": true,
      "maximum_segment_drawdown": 0.16700518830749977,
      "maximum_single_trade_profit_share": 0.0,
      "nav_multiple": 0.7374571437784146,
      "trades": 10,
      "trades_per_day": 0.47619047619047616
    },
    "no-flow": {
      "all_segments_positive": false,
      "calendar_days": 21.0,
      "daily_geometric_return": -0.00909372929539709,
      "implementation_ok": true,
      "maximum_segment_drawdown": 0.08732003154846057,
      "maximum_single_trade_profit_share": 1.0,
      "nav_multiple": 0.8254373412089046,
      "trades": 9,
      "trades_per_day": 0.42857142857142855
    },
    "no-retest-confirmation": {
      "all_segments_positive": false,
      "calendar_days": 21.0,
      "daily_geometric_return": -0.0053459812543742435,
      "implementation_ok": true,
      "maximum_segment_drawdown": 0.1412570654917501,
      "maximum_single_trade_profit_share": 1.0,
      "nav_multiple": 0.8935376880188887,
      "trades": 14,
      "trades_per_day": 0.6666666666666666
    }
  },
  "baseline_weeks": [
    {
      "accounting_error": 1.4551915228366852e-11,
      "calendar_days": 7.0,
      "continuation_trades": 5,
      "daily_geometric_return": -0.02152028393094807,
      "end_ns": 1644796800000000000,
      "ending_nav": 85874.216960575,
      "expectancy_r": -0.9999543421101759,
      "implementation_status": "OK",
      "largest_profit_share": null,
      "losses": 5,
      "max_drawdown": 0.14125783039425,
      "maximum_consecutive_losses": 5,
      "missing_feature_bars": 0,
      "native_account_final": 90314.73594654001,
      "native_expected_final": 90314.73594654,
      "open_position_at_stop": false,
      "profit_factor": 0.0,
      "rejected_orders": 0,
      "reversal_trades": 0,
      "run_id": "baseline:week-a",
      "segment": "week-a",
      "start_ns": 1644192000000000000,
      "starting_nav": 100000.0,
      "time_exits": 0,
      "total_return": -0.14125783039425,
      "trades": 5,
      "variant": "baseline",
      "win_rate": 0.0,
      "wins": 0
    },
    {
      "accounting_error": -1.4551915228366852e-11,
      "calendar_days": 7.0,
      "continuation_trades": 2,
      "daily_geometric_return": -0.008663867803335945,
      "end_ns": 1687132800000000000,
      "ending_nav": 94090.667463275,
      "expectancy_r": -0.9998890180012905,
      "implementation_status": "OK",
      "largest_profit_share": null,
      "losses": 2,
      "max_drawdown": 0.059093325367250094,
      "maximum_consecutive_losses": 2,
      "missing_feature_bars": 0,
      "native_account_final": 96167.80023518999,
      "native_expected_final": 96167.80023519,
      "open_position_at_stop": false,
      "profit_factor": 0.0,
      "rejected_orders": 0,
      "reversal_trades": 0,
      "run_id": "baseline:week-b",
      "segment": "week-b",
      "start_ns": 1686528000000000000,
      "starting_nav": 100000.0,
      "time_exits": 0,
      "total_return": -0.059093325367250094,
      "trades": 2,
      "variant": "baseline",
      "win_rate": 0.0,
      "wins": 0
    },
    {
      "accounting_error": 0.0,
      "calendar_days": 7.0,
      "continuation_trades": 1,
      "daily_geometric_return": -0.004341214166276419,
      "end_ns": 1729468800000000000,
      "ending_nav": 97000.44186545,
      "expectancy_r": -0.9999014277118494,
      "implementation_status": "OK",
      "largest_profit_share": null,
      "losses": 1,
      "max_drawdown": 0.029995581345499955,
      "maximum_consecutive_losses": 1,
      "missing_feature_bars": 0,
      "native_account_final": 98025.22946371,
      "native_expected_final": 98025.22946371,
      "open_position_at_stop": false,
      "profit_factor": 0.0,
      "rejected_orders": 0,
      "reversal_trades": 0,
      "run_id": "baseline:week-c",
      "segment": "week-c",
      "start_ns": 1728864000000000000,
      "starting_nav": 100000.0,
      "time_exits": 0,
      "total_return": -0.029995581345499955,
      "trades": 1,
      "variant": "baseline",
      "win_rate": 0.0,
      "wins": 0
    }
  ],
  "candidate": "candidate-09-v3",
  "diagnosis": {
    "action": "Discard candidate-09 as a complete candidate; preserve only the listed mechanisms for later hypotheses.",
    "baseline_daily_geometric_return": -0.01153545183880833,
    "best_ablation": "no-retest-confirmation",
    "best_ablation_daily_geometric_return": -0.0053459812543742435,
    "classification": "LOGIC_ERROR_NO_STRUCTURAL_PATH",
    "largest_influence": "insufficient cost-after conditional edge or opportunity rate",
    "valid_parts": [
      "acceptance/retest branch produced executable events",
      "risk-budgeted loss path remained recoverable in the gate sample"
    ]
  },
  "gate": {
    "checks": {
      "all_weeks_positive": false,
      "implementation_ok": true,
      "minimum_trades_each_week": false,
      "pooled_daily_geometric_return": false,
      "profit_not_single_trade_dominated": true
    },
    "passed": false,
    "pooled": {
      "all_segments_positive": false,
      "calendar_days": 21.0,
      "daily_geometric_return": -0.01153545183880833,
      "implementation_ok": true,
      "maximum_segment_drawdown": 0.14125783039425,
      "maximum_single_trade_profit_share": 0.0,
      "nav_multiple": 0.7837599222517576,
      "trades": 8,
      "trades_per_day": 0.38095238095238093
    }
  },
  "status": "GATE_FAIL"
}
