[OK] python: 3.13.5 (need 3.13.x)
[OK] nautilus_trader: 1.230.0 (need 1.230.0)
[OK] glibc: 2.36 (need >= 2.35)
test_builder_requires_separate_m5_displacement_then_next_execution_bucket (__main__.OpeningInitialBalanceFailedAuctionTests.test_builder_requires_separate_m5_displacement_then_next_execution_bucket) ... ERROR
test_future_suffix_does_not_change_existing_signal (__main__.OpeningInitialBalanceFailedAuctionTests.test_future_suffix_does_not_change_existing_signal) ... ERROR
test_initial_balance_requires_exactly_six_contiguous_bars (__main__.OpeningInitialBalanceFailedAuctionTests.test_initial_balance_requires_exactly_six_contiguous_bars) ... ok
test_london_and_new_york_opens_follow_dst (__main__.OpeningInitialBalanceFailedAuctionTests.test_london_and_new_york_opens_follow_dst) ... ok

======================================================================
ERROR: test_builder_requires_separate_m5_displacement_then_next_execution_bucket (__main__.OpeningInitialBalanceFailedAuctionTests.test_builder_requires_separate_m5_displacement_then_next_execution_bucket)
----------------------------------------------------------------------
Traceback (most recent call last):
  File "/__w/SMC_ICT_4_LIVE/SMC_ICT_4_LIVE/research/candidate-08/test_opening_initial_balance_failed_auction_signals_v1.py", line 193, in test_builder_requires_separate_m5_displacement_then_next_execution_bucket
    bundle = self._build()
  File "/__w/SMC_ICT_4_LIVE/SMC_ICT_4_LIVE/research/candidate-08/test_opening_initial_balance_failed_auction_signals_v1.py", line 179, in _build
    return build_opening_failed_auction_signals(
        data=_execution_data(extra_rows),
    ...<8 lines>...
        config=OpeningAuctionConfig(),
    )
  File "/__w/SMC_ICT_4_LIVE/SMC_ICT_4_LIVE/research/candidate-08/opening_initial_balance_failed_auction_signals_v1.py", line 612, in build_opening_failed_auction_signals
    "ten_second_alpha_inputs": false,
                               ^^^^^
NameError: name 'false' is not defined. Did you mean: 'False'?

======================================================================
ERROR: test_future_suffix_does_not_change_existing_signal (__main__.OpeningInitialBalanceFailedAuctionTests.test_future_suffix_does_not_change_existing_signal)
----------------------------------------------------------------------
Traceback (most recent call last):
  File "/__w/SMC_ICT_4_LIVE/SMC_ICT_4_LIVE/research/candidate-08/test_opening_initial_balance_failed_auction_signals_v1.py", line 215, in test_future_suffix_does_not_change_existing_signal
    original = self._build(extra_rows=0)
  File "/__w/SMC_ICT_4_LIVE/SMC_ICT_4_LIVE/research/candidate-08/test_opening_initial_balance_failed_auction_signals_v1.py", line 179, in _build
    return build_opening_failed_auction_signals(
        data=_execution_data(extra_rows),
    ...<8 lines>...
        config=OpeningAuctionConfig(),
    )
  File "/__w/SMC_ICT_4_LIVE/SMC_ICT_4_LIVE/research/candidate-08/opening_initial_balance_failed_auction_signals_v1.py", line 612, in build_opening_failed_auction_signals
    "ten_second_alpha_inputs": false,
                               ^^^^^
NameError: name 'false' is not defined. Did you mean: 'False'?

----------------------------------------------------------------------
Ran 4 tests in 0.034s

FAILED (errors=2)
