[OK] python: 3.13.5 (need 3.13.x)
[OK] nautilus_trader: 1.230.0 (need 1.230.0)
[OK] glibc: 2.36 (need >= 2.35)
test_clean_negative_base_permits_only_single_ablation (__main__.QuoteResiliencyStageDecisionContracts.test_clean_negative_base_permits_only_single_ablation) ... ok
test_clean_positive_base_advances_to_screen (__main__.QuoteResiliencyStageDecisionContracts.test_clean_positive_base_advances_to_screen) ... ok
test_clean_positive_diagnostic_requires_new_base_and_never_promotes (__main__.QuoteResiliencyStageDecisionContracts.test_clean_positive_diagnostic_requires_new_base_and_never_promotes) ... FAIL
test_execution_risk_failure_does_not_open_logic_ablation (__main__.QuoteResiliencyStageDecisionContracts.test_execution_risk_failure_does_not_open_logic_ablation) ... ok
test_missing_path_evidence_blocks_ablation (__main__.QuoteResiliencyStageDecisionContracts.test_missing_path_evidence_blocks_ablation) ... ok
test_zero_signal_base_is_opportunity_failure_not_implementation_failure (__main__.QuoteResiliencyStageDecisionContracts.test_zero_signal_base_is_opportunity_failure_not_implementation_failure) ... ok

======================================================================
FAIL: test_clean_positive_diagnostic_requires_new_base_and_never_promotes (__main__.QuoteResiliencyStageDecisionContracts.test_clean_positive_diagnostic_requires_new_base_and_never_promotes)
----------------------------------------------------------------------
Traceback (most recent call last):
  File "/__w/SMC_ICT_4_LIVE/SMC_ICT_4_LIVE/research/candidate-08/test_quote_resiliency_stage_decision.py", line 216, in test_clean_positive_diagnostic_requires_new_base_and_never_promotes
    self.assertEqual(
    ~~~~~~~~~~~~~~~~^
        decision["decision"],
        ^^^^^^^^^^^^^^^^^^^^^
        "ABLATION_SUPPORTS_NEW_BASE_REBUILD_NOT_PROMOTION",
        ^^^^^^^^^^^^^^^^^^^^^^^^^^^^^^^^^^^^^^^^^^^^^^^^^^^
    )
    ^
AssertionError: 'SINGLE_ABLATION_FAILED_DISCARD_QUOTE_RESILIENCY_V1' != 'ABLATION_SUPPORTS_NEW_BASE_REBUILD_NOT_PROMOTION'
- SINGLE_ABLATION_FAILED_DISCARD_QUOTE_RESILIENCY_V1
+ ABLATION_SUPPORTS_NEW_BASE_REBUILD_NOT_PROMOTION


----------------------------------------------------------------------
Ran 6 tests in 0.010s

FAILED (failures=1)
