{
  "candidate": "candidate-02-v144-retest-w5",
  "custom_backtest_engine": false,
  "data_integrity": {
    "columns_path": "inputs/v144-week1/artifacts/candidate-02-v48-first-week/columns.json",
    "feature_first_open_utc": "2024-09-01T00:00:00+00:00",
    "feature_last_open_utc": "2025-03-10T23:55:00+00:00",
    "feature_rows": 55008,
    "forward_feature_columns_used": false,
    "npz_path": "inputs/v144-week1/artifacts/candidate-02-v48-first-week/v48_features.npz",
    "raw_directory": "inputs/v144-week1/.cache/candidate-02/v48-first-week/binance_1m",
    "raw_first_close_utc": "2025-03-01T00:01:00+00:00",
    "raw_last_close_utc": "2025-03-10T01:00:00+00:00",
    "raw_rows": 13020
  },
  "decision": "REJECT_OR_REDESIGN",
  "effective_commissions_usdt": 2023.01078276,
  "engine": "NautilusTrader 1.230.0",
  "engine_result": {
    "iterations": 13020,
    "stats_general": {},
    "stats_pnls": {
      "USDT": {
        "Avg Loser": -3118.98198276,
        "Avg Winner": NaN,
        "Expectancy": -3118.98198276,
        "Max Loser": -3118.98198276,
        "Max Winner": NaN,
        "Min Loser": -3118.98198276,
        "Min Winner": NaN,
        "PnL (total)": -3118.98198276,
        "PnL% (total)": -3.1189819827600003,
        "Win Rate": 0.0
      }
    },
    "stats_returns": {
      "Average (Return)": -0.005198303304600009,
      "Average Loss (Return)": -0.03118981982760005,
      "Average Win (Return)": NaN,
      "Profit Factor": 0.0,
      "Returns Volatility (252 days)": 0.2021331347327361,
      "Risk Return Ratio": -0.408248290463863,
      "Sharpe Ratio (252 days)": -6.48074069840786,
      "Sortino Ratio (252 days)": -6.48074069840786
    },
    "summary": {
      "account.BINANCE.balance.USDT.free": "96881.01801724 USDT",
      "account.BINANCE.balance.USDT.locked": "0.00000000 USDT",
      "account.BINANCE.balance.USDT.total": "96881.01801724 USDT",
      "account.BINANCE.base_currency": "USDT",
      "account.BINANCE.event_count": "6",
      "account.BINANCE.id": "BINANCE-001",
      "account.BINANCE.type": "MARGIN",
      "iterations": "13020",
      "orders.closed": "3",
      "orders.emulated": "0",
      "orders.inflight": "0",
      "orders.open": "0",
      "orders.total": "3",
      "positions.closed": "1",
      "positions.open": "0",
      "positions.snapshots": "0",
      "positions.total": "1",
      "positions.total_with_snapshots": "1",
      "total_events": "8",
      "venues.total": "1"
    },
    "total_events": 8,
    "total_orders": 3,
    "total_positions": 1
  },
  "evaluation_days": 7.0,
  "evaluation_end_utc": "2025-03-10T00:00:00+00:00",
  "evaluation_start_utc": "2025-03-03T00:00:00+00:00",
  "execution_model": {
    "account_source_of_truth": true,
    "bar_adaptive_high_low_ordering": true,
    "bar_execution": true,
    "bracket_orders": true,
    "effective_maker_commission_rate": "0.00030",
    "effective_taker_commission_rate": "0.00085",
    "liquidation_enabled": false,
    "liquidation_requested": true
  },
  "fills": 2,
  "final_nav_usdt": 96881.01801724,
  "flat_at_end": true,
  "geometric_daily_growth_after_cost": -0.004516424253598661,
  "gross_loss_after_cost_usdt": -3118.9819827600004,
  "gross_profit_after_cost_usdt": 0,
  "losses": 1,
  "maximum_effective_notional_multiple": 11.905543284,
  "maximum_mark_to_market_drawdown": -0.03118981982760005,
  "maximum_planned_loss_to_budget": 0.9999937828266666,
  "nav_factor": 0.9688101801724,
  "orders": 3,
  "pass_checks": {
    "flat_at_end": true,
    "maximum_drawdown": true,
    "minimum_geometric_daily_growth": false,
    "minimum_profit_factor": false,
    "minimum_trades_per_day": false,
    "minimum_win_rate": false,
    "planned_loss_budget": true
  },
  "positions_rows": 1,
  "profit_factor_after_cost": 0.0,
  "risk_fraction": 0.03,
  "runtime_diagnostics": {
    "entry_pending": false,
    "position_flat": true,
    "runtime": {
      "ENTRY_BRACKET_SUBMITTED": 1,
      "POSITION_CLOSED": 1,
      "POSITION_OPENED": 1
    },
    "scheduled_signals": 1,
    "selected_signal": null
  },
  "scheduled_signals": 1,
  "stage": "first_random_btc_week_nautilustrader",
  "starting_nav_usdt": 100000.0,
  "submitted_signals": 1,
  "target_met": false,
  "trades": 1,
  "trades_per_day": 0.14285714285714285,
  "win_rate": 0.0,
  "wins": 0
}
