/__w/SMC_ICT_4_LIVE/SMC_ICT_4_LIVE/research/candidate-09/run.py:261: Pandas4Warning: Timestamp.utcnow is deprecated and will be removed in a future version. Use Timestamp.now('UTC') instead.
  engine.run()
/__w/SMC_ICT_4_LIVE/SMC_ICT_4_LIVE/research/candidate-09/run.py:261: Pandas4Warning: Timestamp.utcnow is deprecated and will be removed in a future version. Use Timestamp.now('UTC') instead.
  engine.run()
/__w/SMC_ICT_4_LIVE/SMC_ICT_4_LIVE/research/candidate-09/run.py:261: Pandas4Warning: Timestamp.utcnow is deprecated and will be removed in a future version. Use Timestamp.now('UTC') instead.
  engine.run()
/__w/SMC_ICT_4_LIVE/SMC_ICT_4_LIVE/research/candidate-09/run.py:261: Pandas4Warning: Timestamp.utcnow is deprecated and will be removed in a future version. Use Timestamp.now('UTC') instead.
  engine.run()
/__w/SMC_ICT_4_LIVE/SMC_ICT_4_LIVE/research/candidate-09/run.py:261: Pandas4Warning: Timestamp.utcnow is deprecated and will be removed in a future version. Use Timestamp.now('UTC') instead.
  engine.run()
/__w/SMC_ICT_4_LIVE/SMC_ICT_4_LIVE/research/candidate-09/run.py:261: Pandas4Warning: Timestamp.utcnow is deprecated and will be removed in a future version. Use Timestamp.now('UTC') instead.
  engine.run()
/__w/SMC_ICT_4_LIVE/SMC_ICT_4_LIVE/research/candidate-09/run.py:261: Pandas4Warning: Timestamp.utcnow is deprecated and will be removed in a future version. Use Timestamp.now('UTC') instead.
  engine.run()
/__w/SMC_ICT_4_LIVE/SMC_ICT_4_LIVE/research/candidate-09/run.py:261: Pandas4Warning: Timestamp.utcnow is deprecated and will be removed in a future version. Use Timestamp.now('UTC') instead.
  engine.run()
/__w/SMC_ICT_4_LIVE/SMC_ICT_4_LIVE/research/candidate-09/run.py:261: Pandas4Warning: Timestamp.utcnow is deprecated and will be removed in a future version. Use Timestamp.now('UTC') instead.
  engine.run()
/__w/SMC_ICT_4_LIVE/SMC_ICT_4_LIVE/research/candidate-09/run.py:261: Pandas4Warning: Timestamp.utcnow is deprecated and will be removed in a future version. Use Timestamp.now('UTC') instead.
  engine.run()
/__w/SMC_ICT_4_LIVE/SMC_ICT_4_LIVE/research/candidate-09/run.py:261: Pandas4Warning: Timestamp.utcnow is deprecated and will be removed in a future version. Use Timestamp.now('UTC') instead.
  engine.run()
/__w/SMC_ICT_4_LIVE/SMC_ICT_4_LIVE/research/candidate-09/run.py:261: Pandas4Warning: Timestamp.utcnow is deprecated and will be removed in a future version. Use Timestamp.now('UTC') instead.
  engine.run()
/__w/SMC_ICT_4_LIVE/SMC_ICT_4_LIVE/research/candidate-09/run.py:261: Pandas4Warning: Timestamp.utcnow is deprecated and will be removed in a future version. Use Timestamp.now('UTC') instead.
  engine.run()
/__w/SMC_ICT_4_LIVE/SMC_ICT_4_LIVE/research/candidate-09/run.py:261: Pandas4Warning: Timestamp.utcnow is deprecated and will be removed in a future version. Use Timestamp.now('UTC') instead.
  engine.run()
/__w/SMC_ICT_4_LIVE/SMC_ICT_4_LIVE/research/candidate-09/run.py:261: Pandas4Warning: Timestamp.utcnow is deprecated and will be removed in a future version. Use Timestamp.now('UTC') instead.
  engine.run()
/__w/SMC_ICT_4_LIVE/SMC_ICT_4_LIVE/research/candidate-09/run.py:261: Pandas4Warning: Timestamp.utcnow is deprecated and will be removed in a future version. Use Timestamp.now('UTC') instead.
  engine.run()
/__w/SMC_ICT_4_LIVE/SMC_ICT_4_LIVE/research/candidate-09/run.py:261: Pandas4Warning: Timestamp.utcnow is deprecated and will be removed in a future version. Use Timestamp.now('UTC') instead.
  engine.run()
/__w/SMC_ICT_4_LIVE/SMC_ICT_4_LIVE/research/candidate-09/run.py:261: Pandas4Warning: Timestamp.utcnow is deprecated and will be removed in a future version. Use Timestamp.now('UTC') instead.
  engine.run()
/__w/SMC_ICT_4_LIVE/SMC_ICT_4_LIVE/research/candidate-09/run.py:261: Pandas4Warning: Timestamp.utcnow is deprecated and will be removed in a future version. Use Timestamp.now('UTC') instead.
  engine.run()
{
  "ablations": {
    "no-oi": {
      "active_segments": 2,
      "all_segments_positive": false,
      "calendar_days": 21.0,
      "daily_geometric_return": -0.00242156543514771,
      "implementation_ok": true,
      "maximum_segment_drawdown": 0.08733758852375006,
      "maximum_single_trade_profit_share": 1.0,
      "nav_multiple": 0.9503598795906881,
      "trades": 4,
      "trades_per_day": 0.19047619047619047
    },
    "no-persistence": {
      "active_segments": 3,
      "all_segments_positive": false,
      "calendar_days": 21.0,
      "daily_geometric_return": -0.0884748812126035,
      "implementation_ok": true,
      "maximum_segment_drawdown": 0.7051224222200875,
      "maximum_single_trade_profit_share": 0.17532016147472848,
      "nav_multiple": 0.1429359459204531,
      "trades": 98,
      "trades_per_day": 4.666666666666667
    },
    "oi-rise": {
      "active_segments": 1,
      "all_segments_positive": false,
      "calendar_days": 21.0,
      "daily_geometric_return": -0.0014491600466677301,
      "implementation_ok": true,
      "maximum_segment_drawdown": 0.029995368726499994,
      "maximum_single_trade_profit_share": 0.0,
      "nav_multiple": 0.9700046312735,
      "trades": 1,
      "trades_per_day": 0.047619047619047616
    }
  },
  "baseline_weeks": [
    {
      "accounting_error": -1.4551915228366852e-11,
      "calendar_days": 7.0,
      "continuation_trades": 1,
      "daily_geometric_return": -0.004342380990131844,
      "end_ns": 1644796800000000000,
      "ending_nav": 96999.6461368,
      "expectancy_r": -1.0001471815975524,
      "implementation_status": "OK",
      "largest_profit_share": null,
      "losses": 1,
      "max_drawdown": 0.030003538632000004,
      "maximum_consecutive_losses": 1,
      "missing_feature_bars": 0,
      "native_account_final": 98261.04326482999,
      "native_expected_final": 98261.04326483,
      "open_position_at_stop": false,
      "profit_factor": 0.0,
      "rejected_orders": 0,
      "reversal_trades": 0,
      "run_id": "baseline:week-a",
      "segment": "week-a",
      "start_ns": 1644192000000000000,
      "starting_nav": 100000.0,
      "time_exits": 0,
      "total_return": -0.030003538632000004,
      "trades": 1,
      "variant": "baseline",
      "win_rate": 0.0,
      "wins": 0
    },
    {
      "accounting_error": 0.0,
      "calendar_days": 7.0,
      "continuation_trades": 0,
      "daily_geometric_return": 0.0,
      "end_ns": 1687132800000000000,
      "ending_nav": 100000.0,
      "expectancy_r": null,
      "implementation_status": "OK",
      "largest_profit_share": null,
      "losses": 0,
      "max_drawdown": 0.0,
      "maximum_consecutive_losses": 0,
      "missing_feature_bars": 0,
      "native_account_final": 100000.0,
      "native_expected_final": 100000.0,
      "open_position_at_stop": false,
      "profit_factor": null,
      "rejected_orders": 0,
      "reversal_trades": 0,
      "run_id": "baseline:week-b",
      "segment": "week-b",
      "start_ns": 1686528000000000000,
      "starting_nav": 100000.0,
      "time_exits": 0,
      "total_return": 0.0,
      "trades": 0,
      "variant": "baseline",
      "win_rate": null,
      "wins": 0
    },
    {
      "accounting_error": 0.0,
      "calendar_days": 7.0,
      "continuation_trades": 0,
      "daily_geometric_return": 0.0,
      "end_ns": 1729468800000000000,
      "ending_nav": 100000.0,
      "expectancy_r": null,
      "implementation_status": "OK",
      "largest_profit_share": null,
      "losses": 0,
      "max_drawdown": 0.0,
      "maximum_consecutive_losses": 0,
      "missing_feature_bars": 0,
      "native_account_final": 100000.0,
      "native_expected_final": 100000.0,
      "open_position_at_stop": false,
      "profit_factor": null,
      "rejected_orders": 0,
      "reversal_trades": 0,
      "run_id": "baseline:week-c",
      "segment": "week-c",
      "start_ns": 1728864000000000000,
      "starting_nav": 100000.0,
      "time_exits": 0,
      "total_return": 0.0,
      "trades": 0,
      "variant": "baseline",
      "win_rate": null,
      "wins": 0
    }
  ],
  "candidate": "candidate-09-v23",
  "diagnosis": {
    "action": "Discard candidate-09 as a complete candidate; preserve only the listed mechanisms for later hypotheses.",
    "baseline_daily_geometric_return": -0.001449560540519923,
    "best_ablation": "oi-rise",
    "best_ablation_daily_geometric_return": -0.0014491600466677301,
    "classification": "LOGIC_ERROR_NO_STRUCTURAL_PATH",
    "largest_influence": "insufficient cost-after conditional edge or opportunity rate",
    "valid_parts": [
      "OI cascade continuation branch produced executable events",
      "risk-budgeted loss path remained recoverable in the gate sample"
    ]
  },
  "gate": {
    "account_exhaustion_signals": 0,
    "checks": {
      "account_remained_recoverable": true,
      "implementation_ok": true,
      "minimum_active_weeks": false,
      "minimum_total_trades": false,
      "pooled_daily_geometric_return": false,
      "profit_not_single_trade_dominated": true
    },
    "passed": false,
    "pooled": {
      "active_segments": 1,
      "all_segments_positive": false,
      "calendar_days": 21.0,
      "daily_geometric_return": -0.001449560540519923,
      "implementation_ok": true,
      "maximum_segment_drawdown": 0.030003538632000004,
      "maximum_single_trade_profit_share": 0.0,
      "nav_multiple": 0.969996461368,
      "trades": 1,
      "trades_per_day": 0.047619047619047616
    },
    "sizing_infeasible_signals": 0
  },
  "status": "GATE_FAIL"
}
