[OK] python: 3.13.5 (need 3.13.x)
[OK] nautilus_trader: 1.230.0 (need 1.230.0)
[OK] glibc: 2.36 (need >= 2.35)
test_buyer_maker_flag_maps_to_aggressive_sell_volume (__main__.AggTradeOrderFlowTests.test_buyer_maker_flag_maps_to_aggressive_sell_volume) ... ok
test_completed_high_cross_is_detected_without_future_level (__main__.AggTradeOrderFlowTests.test_completed_high_cross_is_detected_without_future_level) ... ok
test_cost_function_charges_both_fills_and_two_ticks (__main__.AggTradeOrderFlowTests.test_cost_function_charges_both_fills_and_two_ticks) ... ok
test_target_is_nearest_active_completed_level_not_r_projection (__main__.AggTradeOrderFlowTests.test_target_is_nearest_active_completed_level_not_r_projection) ... ok

----------------------------------------------------------------------
Ran 4 tests in 0.019s

OK
test_exact_five_minute_close_preserves_prebar_boundary_and_postbar_target (__main__.DetectorContracts.test_exact_five_minute_close_preserves_prebar_boundary_and_postbar_target) ... ok
test_future_rows_do_not_change_already_observed_signal (__main__.DetectorContracts.test_future_rows_do_not_change_already_observed_signal) ... ok
test_retest_contraction_ablation_removes_only_energy_filter (__main__.DetectorContracts.test_retest_contraction_ablation_removes_only_energy_filter) ... ok
test_retest_extreme_is_structural_invalidation (__main__.DetectorContracts.test_retest_extreme_is_structural_invalidation) ... ok
test_sequence_expiry_uses_elapsed_time_not_observed_row_count (__main__.DetectorContracts.test_sequence_expiry_uses_elapsed_time_not_observed_row_count) ... ok
test_signal_type_has_no_outcome_or_path_proxy (__main__.DetectorContracts.test_signal_type_has_no_outcome_or_path_proxy) ... ok
test_stop_slippage_reserve_is_shifted_and_causal (__main__.DetectorContracts.test_stop_slippage_reserve_is_shifted_and_causal) ... ok
test_ten_seconds_after_boundary_uses_postbar_state_for_both_views (__main__.DetectorContracts.test_ten_seconds_after_boundary_uses_postbar_state_for_both_views) ... ok
test_fill_adjusted_and_realized_budget_excess_are_separate (__main__.EvaluationContracts.test_fill_adjusted_and_realized_budget_excess_are_separate) ... ok
test_same_timestamp_entry_and_exit_is_rejected_as_bar_lookahead (__main__.EvaluationContracts.test_same_timestamp_entry_and_exit_is_rejected_as_bar_lookahead) ... ok
test_screen_gate_implements_all_predeclared_dimensions (__main__.EvaluationContracts.test_screen_gate_implements_all_predeclared_dimensions) ... ok
test_expected_funding_reserve_counts_all_boundaries_in_hold (__main__.FundingDataContracts.test_expected_funding_reserve_counts_all_boundaries_in_hold) ... ok
test_expected_funding_reserve_refuses_future_only_state (__main__.FundingDataContracts.test_expected_funding_reserve_refuses_future_only_state) ... ok
test_expected_funding_reserve_uses_only_last_observation_at_signal (__main__.FundingDataContracts.test_expected_funding_reserve_uses_only_last_observation_at_signal) ... ok
test_millisecond_funding_boundary_jitter_is_canonicalized (__main__.FundingDataContracts.test_millisecond_funding_boundary_jitter_is_canonicalized) ... ok
test_off_boundary_or_conflicting_duplicate_funding_is_rejected (__main__.FundingDataContracts.test_off_boundary_or_conflicting_duplicate_funding_is_rejected) ... ok
test_official_archive_schema_normalizes_hours_to_nautilus_minutes (__main__.FundingDataContracts.test_official_archive_schema_normalizes_hours_to_nautilus_minutes) ... ok
test_mark_price_archive_normalizes_completed_one_minute_closes (__main__.MarkPriceDataContracts.test_mark_price_archive_normalizes_completed_one_minute_closes) ... ok
test_ablation_is_single_variable_and_never_reused_for_promotion (__main__.StaticWiringContracts.test_ablation_is_single_variable_and_never_reused_for_promotion) ... ok
test_execution_failure_cancels_contingent_orders_before_global_reset (__main__.StaticWiringContracts.test_execution_failure_cancels_contingent_orders_before_global_reset) ... ok
test_fill_adjusted_risk_breach_cancels_children_and_forces_exit (__main__.StaticWiringContracts.test_fill_adjusted_risk_breach_cancels_children_and_forces_exit) ... ok
test_runner_keeps_single_shared_account_and_no_arbitrary_max_notional (__main__.StaticWiringContracts.test_runner_keeps_single_shared_account_and_no_arbitrary_max_notional) ... ok
test_strategy_uses_one_market_bracket_and_global_availability_scan (__main__.StaticWiringContracts.test_strategy_uses_one_market_bracket_and_global_availability_scan) ... ok

----------------------------------------------------------------------
Ran 23 tests in 0.099s

OK
test_acceptance_uses_observed_retest_extreme_for_structural_stop (__main__.AcceptanceSignalContractTests.test_acceptance_uses_observed_retest_extreme_for_structural_stop) ... ok
test_non_acceptance_first_cross_consumes_completed_level (__main__.AcceptanceSignalContractTests.test_non_acceptance_first_cross_consumes_completed_level) ... ok
test_signal_contains_no_future_outcome_fields (__main__.AcceptanceSignalContractTests.test_signal_contains_no_future_outcome_fields) ... ok
test_completed_mark_price_becomes_native_update (__main__.NautilusWiringContractTests.test_completed_mark_price_becomes_native_update) ... ok
test_instrument_has_no_arbitrary_maximum_quantity_or_notional (__main__.NautilusWiringContractTests.test_instrument_has_no_arbitrary_maximum_quantity_or_notional) ... ok
test_normalized_funding_row_becomes_boundary_settling_update (__main__.NautilusWiringContractTests.test_normalized_funding_row_becomes_boundary_settling_update) ... ok

----------------------------------------------------------------------
Ran 6 tests in 0.014s

OK
test_current_extreme_cannot_change_its_own_causal_baselines (__main__.FlowResponseCausalityContracts.test_current_extreme_cannot_change_its_own_causal_baselines) ... ok
test_endpoint_beta_reprices_only_its_own_completed_bucket (__main__.FlowResponseCausalityContracts.test_endpoint_beta_reprices_only_its_own_completed_bucket) ... ok
test_flow_direction_and_window_response_use_only_completed_current_and_past (__main__.FlowResponseCausalityContracts.test_flow_direction_and_window_response_use_only_completed_current_and_past) ... ok
test_future_impact_rows_do_not_change_completed_window_response (__main__.FlowResponseCausalityContracts.test_future_impact_rows_do_not_change_completed_window_response) ... ok
test_future_rows_do_not_change_an_already_completed_feature_row (__main__.FlowResponseCausalityContracts.test_future_rows_do_not_change_an_already_completed_feature_row) ... ok
test_input_contract_rejects_missing_or_noncausal_index (__main__.FlowResponseCausalityContracts.test_input_contract_rejects_missing_or_noncausal_index) ... ok
test_source_contains_no_outcome_or_trade_execution_proxy (__main__.FlowResponseCausalityContracts.test_source_contains_no_outcome_or_trade_execution_proxy) ... ok
test_vectorized_and_scalar_states_match_every_completed_feature_row (__main__.FlowResponseCausalityContracts.test_vectorized_and_scalar_states_match_every_completed_feature_row) ... ok
test_window_impact_response_sums_each_causal_bucket_in_matching_units (__main__.FlowResponseCausalityContracts.test_window_impact_response_sums_each_causal_bucket_in_matching_units) ... ok
test_absorption_requires_tail_pressure_excursion_giveback_and_negative_surprise (__main__.FlowResponseStateContracts.test_absorption_requires_tail_pressure_excursion_giveback_and_negative_surprise) ... ok
test_configuration_regions_cannot_overlap (__main__.FlowResponseStateContracts.test_configuration_regions_cannot_overlap) ... ok
test_initiative_requires_tail_pressure_progress_retention_and_positive_surprise (__main__.FlowResponseStateContracts.test_initiative_requires_tail_pressure_progress_retention_and_positive_surprise) ... ok
test_missing_nonfinite_or_invalid_impact_state_is_unobservable (__main__.FlowResponseStateContracts.test_missing_nonfinite_or_invalid_impact_state_is_unobservable) ... ok
test_ordinary_pressure_is_unresolved_not_forced_into_a_trade_state (__main__.FlowResponseStateContracts.test_ordinary_pressure_is_unresolved_not_forced_into_a_trade_state) ... ok
test_vectorized_boundaries_exactly_match_scalar_boundaries (__main__.FlowResponseStateContracts.test_vectorized_boundaries_exactly_match_scalar_boundaries) ... ok

----------------------------------------------------------------------
Ran 15 tests in 0.153s

OK
test_duplicate_naive_and_too_short_inputs_are_rejected (__main__.ExactTenSecondCadenceContracts.test_duplicate_naive_and_too_short_inputs_are_rejected) ... ok
test_exact_consecutive_series_is_accepted (__main__.ExactTenSecondCadenceContracts.test_exact_consecutive_series_is_accepted) ... ok
test_missing_or_jittered_bucket_is_rejected (__main__.ExactTenSecondCadenceContracts.test_missing_or_jittered_bucket_is_rejected) ... ok
test_every_signal_event_and_rejection_is_stamped_v3 (__main__.V3RevisionStampingContracts.test_every_signal_event_and_rejection_is_stamped_v3) ... ok
test_gap_fails_before_any_scenario_can_be_evaluated (__main__.V3RevisionStampingContracts.test_gap_fails_before_any_scenario_can_be_evaluated) ... ok

----------------------------------------------------------------------
Ran 5 tests in 0.030s

OK
test_complete_contiguous_horizon_delegates_and_stamps_revision (__main__.CompleteHorizonContracts.test_complete_contiguous_horizon_delegates_and_stamps_revision) ... ok
test_enrichment_never_hides_incomplete_horizon_status (__main__.CompleteHorizonContracts.test_enrichment_never_hides_incomplete_horizon_status) ... ok
test_missing_execution_fields_remain_v1_explicit_with_v2_revision (__main__.CompleteHorizonContracts.test_missing_execution_fields_remain_v1_explicit_with_v2_revision) ... ok
test_missing_first_post_fill_bucket_is_evidence_failure (__main__.CompleteHorizonContracts.test_missing_first_post_fill_bucket_is_evidence_failure) ... ok
test_missing_internal_bucket_is_evidence_failure (__main__.CompleteHorizonContracts.test_missing_internal_bucket_is_evidence_failure) ... ok
test_missing_tail_is_evidence_failure_even_when_trade_closed_early (__main__.CompleteHorizonContracts.test_missing_tail_is_evidence_failure_even_when_trade_closed_early) ... ok

----------------------------------------------------------------------
Ran 6 tests in 0.023s

OK
test_boundary_reclaim_without_hold_never_becomes_continuation (__main__.IntrinsicRepricingSequenceContracts.test_boundary_reclaim_without_hold_never_becomes_continuation) ... ok
test_counterflow_must_hold_boundary_before_a_third_resumption_event (__main__.IntrinsicRepricingSequenceContracts.test_counterflow_must_hold_boundary_before_a_third_resumption_event) ... ok
test_direct_path_requires_two_separate_complete_activity_events (__main__.IntrinsicRepricingSequenceContracts.test_direct_path_requires_two_separate_complete_activity_events) ... ok
test_future_rows_do_not_change_an_already_emitted_signal (__main__.IntrinsicRepricingSequenceContracts.test_future_rows_do_not_change_an_already_emitted_signal) ... ok
test_source_contains_no_outcome_model_or_execution_engine (__main__.IntrinsicRepricingSequenceContracts.test_source_contains_no_outcome_model_or_execution_engine) ... ok

----------------------------------------------------------------------
Ran 5 tests in 0.109s

OK
test_fixed_windows_and_growth_gate_are_not_changed (__main__.IntrinsicRepricingConfigContracts.test_fixed_windows_and_growth_gate_are_not_changed) ... ok
test_json_matches_exact_default_detector_contract (__main__.IntrinsicRepricingConfigContracts.test_json_matches_exact_default_detector_contract) ... ok
test_project_risk_and_btc_first_contract_are_unchanged (__main__.IntrinsicRepricingConfigContracts.test_project_risk_and_btc_first_contract_are_unchanged) ... ok
test_source_has_no_parameter_search_or_asset_specific_override (__main__.IntrinsicRepricingConfigContracts.test_source_has_no_parameter_search_or_asset_specific_override) ... ok

----------------------------------------------------------------------
Ran 4 tests in 0.001s

OK
test_both_path_mode_is_identity (__main__.IntrinsicRepricingRunnerContracts.test_both_path_mode_is_identity) ... ok
test_config_loader_requires_exact_frozen_revision (__main__.IntrinsicRepricingRunnerContracts.test_config_loader_requires_exact_frozen_revision) ... ok
test_detector_is_rebound_without_reimplementing_native_engine (__main__.IntrinsicRepricingRunnerContracts.test_detector_is_rebound_without_reimplementing_native_engine) ... ok
test_diagnostic_path_mode_cannot_open_promotion_gate (__main__.IntrinsicRepricingRunnerContracts.test_diagnostic_path_mode_cannot_open_promotion_gate) ... ok
test_path_mode_defaults_to_both_and_rejects_search_modes (__main__.IntrinsicRepricingRunnerContracts.test_path_mode_defaults_to_both_and_rejects_search_modes) ... ok
test_single_path_mode_removes_only_the_other_path (__main__.IntrinsicRepricingRunnerContracts.test_single_path_mode_removes_only_the_other_path) ... ok
test_suite_summary_attributes_family_path_and_complete_post_run_evidence (__main__.IntrinsicRepricingRunnerContracts.test_suite_summary_attributes_family_path_and_complete_post_run_evidence) ... ok

----------------------------------------------------------------------
Ran 7 tests in 0.004s

OK
test_both_negative_paths_are_discarded_without_search (__main__.IntrinsicRepricingStagedValidationContracts.test_both_negative_paths_are_discarded_without_search) ... ok
test_clean_path_split_runs_exactly_one_nonpromotable_diagnostic (__main__.IntrinsicRepricingStagedValidationContracts.test_clean_path_split_runs_exactly_one_nonpromotable_diagnostic) ... ok
test_first_and_screen_pass_are_required_before_long_promotion (__main__.IntrinsicRepricingStagedValidationContracts.test_first_and_screen_pass_are_required_before_long_promotion) ... ok
test_runner_failure_is_implementation_failure (__main__.IntrinsicRepricingStagedValidationContracts.test_runner_failure_is_implementation_failure) ... ok
test_untraded_path_does_not_select_a_diagnostic (__main__.IntrinsicRepricingStagedValidationContracts.test_untraded_path_does_not_select_a_diagnostic) ... ok

----------------------------------------------------------------------
Ran 5 tests in 0.009s

OK
{
  "checks": {
    "activity_budget_is_causal": true,
    "both_paths_base_and_one_diagnostic_only": true,
    "btc_first_contract": true,
    "exact_ten_second_cadence": true,
    "flow_response_parameters_frozen": true,
    "implementation_revision_exact": true,
    "intrinsic_event_contract_frozen": true,
    "native_engine_not_reimplemented_in_runner": true,
    "no_outcome_or_custom_engine_in_detector": true,
    "path_diagnostic_revision_exact": true,
    "project_risk_contract_unchanged": true,
    "protocol_revision_exact": true,
    "scenario_waits_for_separate_events": true,
    "workflow_runner_and_concurrency_exact": true,
    "workflow_uses_exact_sources": true,
    "workflow_uses_pinned_environment": true
  },
  "implementation_revision": "CAUSAL_INTRINSIC_REPRICING_CONTINUATION_V1",
  "passed": true,
  "protocol_revision": "INTRINSIC_REPRICING_STAGED_VALIDATION_V1",
  "trade_path_diagnostic_revision": "POST_RUN_STRUCTURAL_PATH_COMPLETE_HORIZON_V2"
}
