{
  "all_archives_available": true,
  "book_ticker_archive_probes": [
    {
      "content_length": 206972981,
      "etag": "\"dc429703f6eaf9d09ad2f6b3e28c880e-25\"",
      "last_modified": "Mon, 11 Mar 2024 17:33:39 GMT",
      "status": 200,
      "url": "https://data.binance.vision/data/futures/um/daily/bookTicker/BTCUSDT/BTCUSDT-bookTicker-2024-01-08.zip"
    },
    {
      "content_length": 227271577,
      "etag": "\"ae529a7fefc7810dc904664bee805b93-28\"",
      "last_modified": "Tue, 12 Mar 2024 04:14:58 GMT",
      "status": 200,
      "url": "https://data.binance.vision/data/futures/um/daily/bookTicker/BTCUSDT/BTCUSDT-bookTicker-2024-01-09.zip"
    },
    {
      "content_length": 266695896,
      "etag": "\"69289a8495a9b558b83d062a0c7a265f-32\"",
      "last_modified": "Tue, 12 Mar 2024 15:56:04 GMT",
      "status": 200,
      "url": "https://data.binance.vision/data/futures/um/daily/bookTicker/BTCUSDT/BTCUSDT-bookTicker-2024-01-10.zip"
    },
    {
      "content_length": 304541155,
      "etag": "\"5fefa2d11766086aaaa3c5eba381858f-37\"",
      "last_modified": "Wed, 13 Mar 2024 02:32:33 GMT",
      "status": 200,
      "url": "https://data.binance.vision/data/futures/um/daily/bookTicker/BTCUSDT/BTCUSDT-bookTicker-2024-01-11.zip"
    },
    {
      "content_length": 310974221,
      "etag": "\"d63aca02425e5753243a8b7c13916e95-38\"",
      "last_modified": "Wed, 13 Mar 2024 10:43:11 GMT",
      "status": 200,
      "url": "https://data.binance.vision/data/futures/um/daily/bookTicker/BTCUSDT/BTCUSDT-bookTicker-2024-01-12.zip"
    },
    {
      "content_length": 218756532,
      "etag": "\"34ea6425e63bf929bbeec583a413f887-27\"",
      "last_modified": "Wed, 13 Mar 2024 13:43:24 GMT",
      "status": 200,
      "url": "https://data.binance.vision/data/futures/um/daily/bookTicker/BTCUSDT/BTCUSDT-bookTicker-2024-01-13.zip"
    },
    {
      "content_length": 181192741,
      "etag": "\"68f36e669550081a16d549ea8e57d45e-22\"",
      "last_modified": "Thu, 14 Mar 2024 02:43:43 GMT",
      "status": 200,
      "url": "https://data.binance.vision/data/futures/um/daily/bookTicker/BTCUSDT/BTCUSDT-bookTicker-2024-01-14.zip"
    }
  ],
  "candidate": "candidate-03-nt-lvcfr-v18-order-book-resilience-router",
  "engine_status": "data_acquisition_plan_only_no_backtest",
  "expansion_pre_candidate_count": 33,
  "performance_metrics_calculated": false,
  "required_book_ticker_dates": [
    "2024-01-08",
    "2024-01-09",
    "2024-01-10",
    "2024-01-11",
    "2024-01-12",
    "2024-01-13",
    "2024-01-14"
  ],
  "total_declared_bytes": 1716405103,
  "week_start": "2024-01-08"
}
