Traceback (most recent call last):
  File "/__w/SMC_ICT_4_LIVE/SMC_ICT_4_LIVE/research/candidate-06/run_open_interest_validation.py", line 68, in main
    result = run_open_interest_nautilus_backtest(
        bars.frame,
    ...<2 lines>...
        logic_params=config["logic"],
    )
  File "/__w/SMC_ICT_4_LIVE/SMC_ICT_4_LIVE/research/candidate-06/open_interest_nautilus_runner.py", line 97, in run_open_interest_nautilus_backtest
    engine.run()
    ~~~~~~~~~~^^
  File "nautilus_trader/backtest/engine.pyx", line 1374, in nautilus_trader.backtest.engine.BacktestEngine.run
  File "nautilus_trader/backtest/engine.pyx", line 1724, in nautilus_trader.backtest.engine.BacktestEngine._run
  File "nautilus_trader/data/engine.pyx", line 859, in nautilus_trader.data.engine.DataEngine.process
  File "nautilus_trader/data/engine.pyx", line 2561, in nautilus_trader.data.engine.DataEngine._handle_data
  File "nautilus_trader/data/engine.pyx", line 2818, in nautilus_trader.data.engine.DataEngine._handle_bar
  File "nautilus_trader/common/component.pyx", line 2834, in nautilus_trader.common.component.MessageBus.publish_c
  File "nautilus_trader/common/actor.pyx", line 4673, in nautilus_trader.common.actor.Actor.handle_bar
  File "nautilus_trader/common/actor.pyx", line 4703, in nautilus_trader.common.actor.Actor.handle_bar
  File "nautilus_trader/common/actor.pyx", line 4700, in nautilus_trader.common.actor.Actor.handle_bar
  File "nautilus_trader/common/actor.pyx", line 575, in nautilus_trader.common.actor.Actor.on_bar
  File "/__w/SMC_ICT_4_LIVE/SMC_ICT_4_LIVE/research/candidate-06/nautilus_strategy.py", line 283, in on_bar
    self._attempt_entry(step.signal, snapshot)
    ~~~~~~~~~~~~~~~~~~~^^^^^^^^^^^^^^^^^^^^^^^
  File "/__w/SMC_ICT_4_LIVE/SMC_ICT_4_LIVE/research/candidate-06/nautilus_execution.py", line 182, in _attempt_entry
    self._abstain_signal(
    ~~~~~~~~~~~~~~~~~~~~^
        original_signal,
        ^^^^^^^^^^^^^^^^
    ...<13 lines>...
        },
        ^^
    )
    ^
  File "/__w/SMC_ICT_4_LIVE/SMC_ICT_4_LIVE/research/candidate-06/nautilus_records.py", line 24, in _abstain_signal
    self._record_external_transition(
    ~~~~~~~~~~~~~~~~~~~~~~~~~~~~~~~~^
        scenario_id=signal.scenario_id,
        ^^^^^^^^^^^^^^^^^^^^^^^^^^^^^^^
    ...<5 lines>...
        details=dict(details),
        ^^^^^^^^^^^^^^^^^^^^^^
    )
    ^
  File "/__w/SMC_ICT_4_LIVE/SMC_ICT_4_LIVE/research/candidate-06/nautilus_records.py", line 61, in _record_external_transition
    raise RuntimeError(
        f"scenario state chain mismatch for {scenario_id}: expected {expected}, got {previous_state}",
    )
RuntimeError: scenario state chain mismatch for OICB-1708924800000000000-000001: expected CONTINUATION_CONFIRMED, got ENTRY_ARMED
