/__w/SMC_ICT_4_LIVE/SMC_ICT_4_LIVE/research/candidate-09/run.py:248: Pandas4Warning: Timestamp.utcnow is deprecated and will be removed in a future version. Use Timestamp.now('UTC') instead.
  engine.run()
/__w/SMC_ICT_4_LIVE/SMC_ICT_4_LIVE/research/candidate-09/run.py:248: Pandas4Warning: Timestamp.utcnow is deprecated and will be removed in a future version. Use Timestamp.now('UTC') instead.
  engine.run()
/__w/SMC_ICT_4_LIVE/SMC_ICT_4_LIVE/research/candidate-09/run.py:248: Pandas4Warning: Timestamp.utcnow is deprecated and will be removed in a future version. Use Timestamp.now('UTC') instead.
  engine.run()
/__w/SMC_ICT_4_LIVE/SMC_ICT_4_LIVE/research/candidate-09/run.py:248: Pandas4Warning: Timestamp.utcnow is deprecated and will be removed in a future version. Use Timestamp.now('UTC') instead.
  engine.run()
/__w/SMC_ICT_4_LIVE/SMC_ICT_4_LIVE/research/candidate-09/run.py:248: Pandas4Warning: Timestamp.utcnow is deprecated and will be removed in a future version. Use Timestamp.now('UTC') instead.
  engine.run()
/__w/SMC_ICT_4_LIVE/SMC_ICT_4_LIVE/research/candidate-09/run.py:248: Pandas4Warning: Timestamp.utcnow is deprecated and will be removed in a future version. Use Timestamp.now('UTC') instead.
  engine.run()
/__w/SMC_ICT_4_LIVE/SMC_ICT_4_LIVE/research/candidate-09/run.py:248: Pandas4Warning: Timestamp.utcnow is deprecated and will be removed in a future version. Use Timestamp.now('UTC') instead.
  engine.run()
/__w/SMC_ICT_4_LIVE/SMC_ICT_4_LIVE/research/candidate-09/run.py:248: Pandas4Warning: Timestamp.utcnow is deprecated and will be removed in a future version. Use Timestamp.now('UTC') instead.
  engine.run()
/__w/SMC_ICT_4_LIVE/SMC_ICT_4_LIVE/research/candidate-09/run.py:248: Pandas4Warning: Timestamp.utcnow is deprecated and will be removed in a future version. Use Timestamp.now('UTC') instead.
  engine.run()
/__w/SMC_ICT_4_LIVE/SMC_ICT_4_LIVE/research/candidate-09/run.py:248: Pandas4Warning: Timestamp.utcnow is deprecated and will be removed in a future version. Use Timestamp.now('UTC') instead.
  engine.run()
/__w/SMC_ICT_4_LIVE/SMC_ICT_4_LIVE/research/candidate-09/run.py:248: Pandas4Warning: Timestamp.utcnow is deprecated and will be removed in a future version. Use Timestamp.now('UTC') instead.
  engine.run()
/__w/SMC_ICT_4_LIVE/SMC_ICT_4_LIVE/research/candidate-09/run.py:248: Pandas4Warning: Timestamp.utcnow is deprecated and will be removed in a future version. Use Timestamp.now('UTC') instead.
  engine.run()
/__w/SMC_ICT_4_LIVE/SMC_ICT_4_LIVE/research/candidate-09/run.py:248: Pandas4Warning: Timestamp.utcnow is deprecated and will be removed in a future version. Use Timestamp.now('UTC') instead.
  engine.run()
/__w/SMC_ICT_4_LIVE/SMC_ICT_4_LIVE/research/candidate-09/run.py:248: Pandas4Warning: Timestamp.utcnow is deprecated and will be removed in a future version. Use Timestamp.now('UTC') instead.
  engine.run()
/__w/SMC_ICT_4_LIVE/SMC_ICT_4_LIVE/research/candidate-09/run.py:248: Pandas4Warning: Timestamp.utcnow is deprecated and will be removed in a future version. Use Timestamp.now('UTC') instead.
  engine.run()
/__w/SMC_ICT_4_LIVE/SMC_ICT_4_LIVE/research/candidate-09/run.py:248: Pandas4Warning: Timestamp.utcnow is deprecated and will be removed in a future version. Use Timestamp.now('UTC') instead.
  engine.run()
/__w/SMC_ICT_4_LIVE/SMC_ICT_4_LIVE/research/candidate-09/run.py:248: Pandas4Warning: Timestamp.utcnow is deprecated and will be removed in a future version. Use Timestamp.now('UTC') instead.
  engine.run()
/__w/SMC_ICT_4_LIVE/SMC_ICT_4_LIVE/research/candidate-09/run.py:248: Pandas4Warning: Timestamp.utcnow is deprecated and will be removed in a future version. Use Timestamp.now('UTC') instead.
  engine.run()
/__w/SMC_ICT_4_LIVE/SMC_ICT_4_LIVE/research/candidate-09/run.py:248: Pandas4Warning: Timestamp.utcnow is deprecated and will be removed in a future version. Use Timestamp.now('UTC') instead.
  engine.run()
{
  "ablations": {
    "no-flow": {
      "all_segments_positive": false,
      "calendar_days": 21.0,
      "daily_geometric_return": -0.002154247763699546,
      "implementation_ok": true,
      "maximum_segment_drawdown": 0.08732815756702994,
      "maximum_single_trade_profit_share": 1.0,
      "nav_multiple": 0.9557221929030911,
      "trades": 7,
      "trades_per_day": 0.3333333333333333
    },
    "no-retest-salvage": {
      "all_segments_positive": false,
      "calendar_days": 21.0,
      "daily_geometric_return": 0.006806286547395901,
      "implementation_ok": true,
      "maximum_segment_drawdown": 0.05910881699206749,
      "maximum_single_trade_profit_share": 1.0,
      "nav_multiple": 1.1530928825062121,
      "trades": 7,
      "trades_per_day": 0.3333333333333333
    },
    "retest-all": {
      "all_segments_positive": false,
      "calendar_days": 21.0,
      "daily_geometric_return": 0.0004955824050767443,
      "implementation_ok": true,
      "maximum_segment_drawdown": 0.0,
      "maximum_single_trade_profit_share": 1.0,
      "nav_multiple": 1.01045896915375,
      "trades": 1,
      "trades_per_day": 0.047619047619047616
    }
  },
  "baseline_weeks": [
    {
      "accounting_error": 0.0,
      "calendar_days": 7.0,
      "continuation_trades": 0,
      "daily_geometric_return": 0.01111478781152564,
      "end_ns": 1644796800000000000,
      "ending_nav": 108044.64197385001,
      "expectancy_r": 0.4501634397106769,
      "implementation_status": "OK",
      "largest_profit_share": 0.35727033402784053,
      "losses": 2,
      "max_drawdown": 0.05910881699206749,
      "maximum_consecutive_losses": 2,
      "missing_feature_bars": 0,
      "native_account_final": 112054.21033803,
      "native_expected_final": 112054.21033803,
      "open_position_at_stop": false,
      "profit_factor": 2.245369891179914,
      "rejected_orders": 0,
      "reversal_trades": 6,
      "run_id": "baseline:week-a",
      "segment": "week-a",
      "start_ns": 1644192000000000000,
      "starting_nav": 100000.0,
      "time_exits": 2,
      "total_return": 0.0804464197385002,
      "trades": 6,
      "variant": "baseline",
      "win_rate": 0.6666666666666666,
      "wins": 4
    },
    {
      "accounting_error": 0.0,
      "calendar_days": 7.0,
      "continuation_trades": 0,
      "daily_geometric_return": 0.0,
      "end_ns": 1687132800000000000,
      "ending_nav": 100000.0,
      "expectancy_r": null,
      "implementation_status": "OK",
      "largest_profit_share": null,
      "losses": 0,
      "max_drawdown": 0.0,
      "maximum_consecutive_losses": 0,
      "missing_feature_bars": 0,
      "native_account_final": 100000.0,
      "native_expected_final": 100000.0,
      "open_position_at_stop": false,
      "profit_factor": null,
      "rejected_orders": 0,
      "reversal_trades": 0,
      "run_id": "baseline:week-b",
      "segment": "week-b",
      "start_ns": 1686528000000000000,
      "starting_nav": 100000.0,
      "time_exits": 0,
      "total_return": 0.0,
      "trades": 0,
      "variant": "baseline",
      "win_rate": null,
      "wins": 0
    },
    {
      "accounting_error": 0.0,
      "calendar_days": 7.0,
      "continuation_trades": 0,
      "daily_geometric_return": 0.009339556555862272,
      "end_ns": 1729468800000000000,
      "ending_nav": 106723.7450595,
      "expectancy_r": 2.2415749057843466,
      "implementation_status": "OK",
      "largest_profit_share": 1.0,
      "losses": 0,
      "max_drawdown": 0.0,
      "maximum_consecutive_losses": 0,
      "missing_feature_bars": 0,
      "native_account_final": 107127.18224014,
      "native_expected_final": 107127.18224014,
      "open_position_at_stop": false,
      "profit_factor": "Infinity",
      "rejected_orders": 0,
      "reversal_trades": 1,
      "run_id": "baseline:week-c",
      "segment": "week-c",
      "start_ns": 1728864000000000000,
      "starting_nav": 100000.0,
      "time_exits": 0,
      "total_return": 0.06723745059499997,
      "trades": 1,
      "variant": "baseline",
      "win_rate": 1.0,
      "wins": 1
    }
  ],
  "candidate": "candidate-09-v11",
  "diagnosis": {
    "action": "Discard candidate-09 as a complete candidate; preserve only the listed mechanisms for later hypotheses.",
    "baseline_daily_geometric_return": 0.006806286547395901,
    "best_ablation": "no-retest-salvage",
    "best_ablation_daily_geometric_return": 0.006806286547395901,
    "classification": "LOGIC_ERROR_NO_STRUCTURAL_PATH",
    "largest_influence": "insufficient cost-after conditional edge or opportunity rate",
    "valid_parts": [
      "absorption/reclaim branch produced executable events",
      "risk-budgeted loss path remained recoverable in the gate sample"
    ]
  },
  "gate": {
    "checks": {
      "all_weeks_positive": false,
      "implementation_ok": true,
      "minimum_trades_each_week": false,
      "pooled_daily_geometric_return": false,
      "profit_not_single_trade_dominated": false
    },
    "passed": false,
    "pooled": {
      "all_segments_positive": false,
      "calendar_days": 21.0,
      "daily_geometric_return": 0.006806286547395901,
      "implementation_ok": true,
      "maximum_segment_drawdown": 0.05910881699206749,
      "maximum_single_trade_profit_share": 1.0,
      "nav_multiple": 1.1530928825062121,
      "trades": 7,
      "trades_per_day": 0.3333333333333333
    }
  },
  "status": "GATE_FAIL"
}
