{
  "audit_classification": "LOGIC_OR_FREQUENCY_FAILURE",
  "candidate": "candidate-02-v153-qh-initiative-completed-auction-leg",
  "closed_trade_max_drawdown": 0.2075022309528961,
  "closed_trades": 20,
  "daily_geometric_growth": -0.023945209351132275,
  "end_exclusive": "2022-05-16",
  "engine_errors": [],
  "final_nav": "84395.51772723",
  "interval": "E02",
  "losses": 15,
  "module_counts": {
    "QH_INITIATIVE_COMPLETED_AUCTION_LEG": 26,
    "SCDAM_CORE": 5
  },
  "payoff_ratio": 1.9381641344276528,
  "role": "exposed-strong-development",
  "safety_audit_passed": true,
  "scenario_counts": {
    "AAC": 27,
    "FAR": 4
  },
  "skip_reasons": {
    "AMBIGUOUS_BOTH_SIDES_SWEPT": 1,
    "AMBIGUOUS_EXTERNAL_DRAW": 2,
    "CONTINUATION_TARGET_NO_LONGER_LIVE": 1,
    "FRAMED_TARGET_REACHED_BEFORE_CONFIRMATION": 12,
    "GLOBAL_SLOT_OCCUPIED": 1,
    "INSUFFICIENT_COSTED_STRUCTURAL_R": 18,
    "NON_CAUSAL_PRICE_ORDER": 2,
    "NO_AGGRESSOR_FLOW_AT_SWEEP": 27,
    "OUTSIDE_EVALUATION_WINDOW": 3,
    "QH_AUCTION_EPISODE_EXPIRED": 156,
    "QH_AUCTION_INSUFFICIENT_COSTED_STRUCTURAL_R": 39,
    "QH_AUCTION_OBJECTIVE_ALREADY_CONSUMED": 9,
    "QH_COMMON_FLOW_BREADTH_BELOW_THREE": 480,
    "QH_CONTEXT_ACTIVE_NO_COMPLETED_NEW_LEG_YET": 10291,
    "QH_FRESH_LEG_NOT_EXECUTABLE": 48,
    "QH_INITIATIVE_ORIGIN_INVALIDATED": 415,
    "QH_OVERLAPPING_FOLLOWER_EPISODE_REJECTED": 357,
    "QH_POST_INITIATIVE_FVG_RETRACE_FAILED": 157,
    "QH_WARMUP_OR_INCOMPLETE_WINDOW": 2,
    "REVERSAL_TARGET_NO_LONGER_LIVE": 1,
    "SEMANTIC_AAC_REQUIRES_ALIGNED_TRAILING_AUCTION": 2,
    "SEMANTIC_FAR_EVENT_LAGGARD": 1,
    "SEMANTIC_FAR_EXHAUSTION_REQUIRES_PEER_QUORUM": 1,
    "SEMANTIC_FAR_EXHAUSTION_WEAK_LOCAL_DISPLACEMENT": 1,
    "SEMANTIC_FAR_QUORUM_REQUIRES_FULL_ATR_EVENT": 1,
    "SEMANTIC_FAR_WITHOUT_LOCAL_RECLAIM": 2,
    "SESSION_DECISION_WINDOW_EXPIRED": 101,
    "SWEEP_ACTIVITY_OR_PENETRATION": 22
  },
  "start": "2022-05-09",
  "submitted_plans": 31,
  "success_claim": false,
  "symbol_counts": {
    "BTCUSDT": 8,
    "ETHUSDT": 12,
    "SOLUSDT": 9,
    "XRPUSDT": 2
  },
  "win_rate": 0.25,
  "wins": 5
}
