[OK] python: 3.13.5 (need 3.13.x)
[OK] nautilus_trader: 1.230.0 (need 1.230.0)
[OK] glibc: 2.36 (need >= 2.35)
test_future_suffix_does_not_change_existing_signal (__main__.Contracts.test_future_suffix_does_not_change_existing_signal) ... ok
test_previous_value_reentry_invalidates_state_before_trigger (__main__.Contracts.test_previous_value_reentry_invalidates_state_before_trigger) ... ok
test_rotation_inside_ib_does_not_invalidate_previous_value_acceptance (__main__.Contracts.test_rotation_inside_ib_does_not_invalidate_previous_value_acceptance) ... ok

----------------------------------------------------------------------
Ran 3 tests in 0.287s

OK
[1m2026-08-08T12:26:32.084211343Z[0m [36m[INFO] TRADER-001.BacktestEngine: =================================================================[0m
[1m2026-08-08T12:26:32.084224693Z[0m [36m[INFO] TRADER-001.BacktestEngine:  NAUTILUS TRADER - Automated Algorithmic Trading Platform[0m
[1m2026-08-08T12:26:32.084225183Z[0m [36m[INFO] TRADER-001.BacktestEngine:  by Nautech Systems Pty Ltd.[0m
[1m2026-08-08T12:26:32.084225374Z[0m [36m[INFO] TRADER-001.BacktestEngine:  Copyright (C) 2015-2026. All rights reserved.[0m
[1m2026-08-08T12:26:32.084225514Z[0m [36m[INFO] TRADER-001.BacktestEngine: =================================================================[0m
[1m2026-08-08T12:26:32.084225884Z[0m [INFO] TRADER-001.BacktestEngine: [0m
[1m2026-08-08T12:26:32.084226115Z[0m [INFO] TRADER-001.BacktestEngine: ⠀⠀⠀⠀⠀⠀⠀⠀⠀⠀⠀⠀⠀⣠⣴⣶⡟⠀⠀⠀⠀⠀⠀⠀⠀⠀⠀⠀⠀⠀⠀[0m
[1m2026-08-08T12:26:32.084226315Z[0m [INFO] TRADER-001.BacktestEngine: ⠀⠀⠀⠀⠀⠀⠀⠀⠀⠀⠀⣰⣾⣿⣿⣿⠀⢸⣿⣿⣿⣿⣶⣶⣤⣀⠀⠀⠀⠀⠀[0m
[1m2026-08-08T12:26:32.084226535Z[0m [INFO] TRADER-001.BacktestEngine: ⠀⠀⠀⠀⠀⠀⢀⣴⡇⢀⣾⣿⣿⣿⣿⣿⠀⣾⣿⣿⣿⣿⣿⣿⣿⠿⠓⠀⠀⠀⠀[0m
[1m2026-08-08T12:26:32.084226726Z[0m [INFO] TRADER-001.BacktestEngine: ⠀⠀⠀⠀⠀⣰⣿⣿⡀⢸⣿⣿⣿⣿⣿⣿⠀⣿⣿⣿⣿⣿⣿⠟⠁⣠⣄⠀⠀⠀⠀[0m
[1m2026-08-08T12:26:32.084227066Z[0m [INFO] TRADER-001.BacktestEngine: ⠀⠀⠀⠀⢠⣿⣿⣿⣇⠀⢿⣿⣿⣿⣿⣿⠀⢻⣿⣿⣿⡿⢃⣠⣾⣿⣿⣧⡀⠀⠀[0m
[1m2026-08-08T12:26:32.084227527Z[0m [INFO] TRADER-001.BacktestEngine: ⠀⠀⠀⠠⣾⣿⣿⣿⣿⣿⣧⠈⠋⢀⣴⣧⠀⣿⡏⢠⡀⢸⣿⣿⣿⣿⣿⣿⣿⡇⠀[0m
[1m2026-08-08T12:26:32.084227687Z[0m [INFO] TRADER-001.BacktestEngine: ⠀⠀⠀⣀⠙⢿⣿⣿⣿⣿⣿⠇⢠⣿⣿⣿⡄⠹⠃⠼⠃⠈⠉⠛⠛⠛⠛⠛⠻⠇⠀[0m
[1m2026-08-08T12:26:32.084227968Z[0m [INFO] TRADER-001.BacktestEngine: ⠀⠀⢸⡟⢠⣤⠉⠛⠿⢿⣿⠀⢸⣿⡿⠋⣠⣤⣄⠀⣾⣿⣿⣶⣶⣶⣦⡄⠀⠀⠀[0m
[1m2026-08-08T12:26:32.084229109Z[0m [INFO] TRADER-001.BacktestEngine: ⠀⠀⠸⠀⣾⠏⣸⣷⠂⣠⣤⠀⠘⢁⣴⣾⣿⣿⣿⡆⠘⣿⣿⣿⣿⣿⣿⠀⠀⠀⠀[0m
[1m2026-08-08T12:26:32.084229259Z[0m [INFO] TRADER-001.BacktestEngine: ⠀⠀⠀⠀⠛⠀⣿⡟⠀⢻⣿⡄⠸⣿⣿⣿⣿⣿⣿⣿⡀⠘⣿⣿⣿⣿⠟⠀⠀⠀⠀[0m
[1m2026-08-08T12:26:32.084229410Z[0m [INFO] TRADER-001.BacktestEngine: ⠀⠀⠀⠀⠀⠀⣿⠇⠀⠀⢻⡿⠀⠈⠻⣿⣿⣿⣿⣿⡇⠀⢹⣿⠿⠋⠀⠀⠀⠀⠀[0m
[1m2026-08-08T12:26:32.084229540Z[0m [INFO] TRADER-001.BacktestEngine: ⠀⠀⠀⠀⠀⠀⠋⠀⠀⠀⡘⠁⠀⠀⠀⠀⠀⠀⠀⠀⠀⠀⠈⠁⠀⠀⠀⠀⠀⠀⠀[0m
[1m2026-08-08T12:26:32.084229690Z[0m [INFO] TRADER-001.BacktestEngine: [0m
[1m2026-08-08T12:26:32.084229820Z[0m [36m[INFO] TRADER-001.BacktestEngine: =================================================================[0m
[1m2026-08-08T12:26:32.084230311Z[0m [36m[INFO] TRADER-001.BacktestEngine:  SYSTEM SPECIFICATION[0m
[1m2026-08-08T12:26:32.084230451Z[0m [36m[INFO] TRADER-001.BacktestEngine: =================================================================[0m
[1m2026-08-08T12:26:32.084232324Z[0m [INFO] TRADER-001.BacktestEngine: CPU architecture: AMD EPYC 9V74 80-Core Processor[0m
[1m2026-08-08T12:26:32.084233095Z[0m [INFO] TRADER-001.BacktestEngine: CPU(s): 4 @ 2870 MHz[0m
[1m2026-08-08T12:26:32.084234227Z[0m [INFO] TRADER-001.BacktestEngine: OS: kernel-6.17.0-1020-azure Linux (Debian GNU/Linux 12)[0m
[1m2026-08-08T12:26:32.084301526Z[0m [36m[INFO] TRADER-001.BacktestEngine: =================================================================[0m
[1m2026-08-08T12:26:32.084301967Z[0m [36m[INFO] TRADER-001.BacktestEngine:  MEMORY USAGE[0m
[1m2026-08-08T12:26:32.084302177Z[0m [36m[INFO] TRADER-001.BacktestEngine: =================================================================[0m
[1m2026-08-08T12:26:32.084306404Z[0m [INFO] TRADER-001.BacktestEngine: RAM-Total: 15.61 GiB[0m
[1m2026-08-08T12:26:32.084307485Z[0m [INFO] TRADER-001.BacktestEngine: RAM-Used: 1.51 GiB (9.65%)[0m
[1m2026-08-08T12:26:32.084308126Z[0m [INFO] TRADER-001.BacktestEngine: RAM-Avail: 14.11 GiB (90.35%)[0m
[1m2026-08-08T12:26:32.084309979Z[0m [INFO] TRADER-001.BacktestEngine: Swap-Total: 3.00 GiB[0m
[1m2026-08-08T12:26:32.084312052Z[0m [INFO] TRADER-001.BacktestEngine: Swap-Used: 0.00 GiB (0.00%)[0m
[1m2026-08-08T12:26:32.084313043Z[0m [INFO] TRADER-001.BacktestEngine: Swap-Avail: 3.00 GiB (100.00%)[0m
[1m2026-08-08T12:26:32.084313845Z[0m [36m[INFO] TRADER-001.BacktestEngine: =================================================================[0m
[1m2026-08-08T12:26:32.084314065Z[0m [36m[INFO] TRADER-001.BacktestEngine:  IDENTIFIERS[0m
[1m2026-08-08T12:26:32.084314255Z[0m [36m[INFO] TRADER-001.BacktestEngine: =================================================================[0m
[1m2026-08-08T12:26:32.084314656Z[0m [INFO] TRADER-001.BacktestEngine: trader_id: TRADER-001[0m
[1m2026-08-08T12:26:32.084315447Z[0m [INFO] TRADER-001.BacktestEngine: machine_id: 3323802d6162[0m
[1m2026-08-08T12:26:32.084317079Z[0m [INFO] TRADER-001.BacktestEngine: instance_id: 2c9b79a4-f38c-43fd-83c4-f140a08eeea2[0m
[1m2026-08-08T12:26:32.084317440Z[0m [INFO] TRADER-001.BacktestEngine: PID: 172[0m
[1m2026-08-08T12:26:32.084317650Z[0m [36m[INFO] TRADER-001.BacktestEngine: =================================================================[0m
[1m2026-08-08T12:26:32.084317851Z[0m [36m[INFO] TRADER-001.BacktestEngine:  VERSIONING[0m
[1m2026-08-08T12:26:32.084318041Z[0m [36m[INFO] TRADER-001.BacktestEngine: =================================================================[0m
[1m2026-08-08T12:26:32.084332893Z[0m [INFO] TRADER-001.BacktestEngine: nautilus_trader: 1.230.0[0m
[1m2026-08-08T12:26:32.084340975Z[0m [INFO] TRADER-001.BacktestEngine: python: 3.13.5[0m
[1m2026-08-08T12:26:32.084346072Z[0m [INFO] TRADER-001.BacktestEngine: numpy: 2.5.1[0m
[1m2026-08-08T12:26:32.084356217Z[0m [INFO] TRADER-001.BacktestEngine: pandas: 3.0.5[0m
[1m2026-08-08T12:26:32.084360634Z[0m [INFO] TRADER-001.BacktestEngine: msgspec: 0.21.1[0m
[1m2026-08-08T12:26:32.084364820Z[0m [INFO] TRADER-001.BacktestEngine: pyarrow: 25.0.0[0m
[1m2026-08-08T12:26:32.084373523Z[0m [INFO] TRADER-001.BacktestEngine: pytz: 2026.3.post1[0m
[1m2026-08-08T12:26:32.084377509Z[0m [INFO] TRADER-001.BacktestEngine: uvloop: 0.22.1[0m
[1m2026-08-08T12:26:32.084377960Z[0m [36m[INFO] TRADER-001.BacktestEngine: =================================================================[0m
[1m2026-08-08T12:26:32.084379151Z[0m [INFO] TRADER-001.nautilus_system::kernel: Building system kernel[0m
[1m2026-08-08T12:26:32.084911449Z[0m [INFO] TRADER-001.nautilus_backtest::engine: Adding exchange BINANCE to engine[0m
[1m2026-08-08T12:26:32.084963987Z[0m [INFO] TRADER-001.nautilus_backtest::exchange: Added instrument BTCUSDT-PERP.BINANCE and created matching engine[0m
[1m2026-08-08T12:26:32.085014371Z[0m [INFO] TRADER-001.nautilus_backtest::engine: Added instrument BTCUSDT-PERP.BINANCE to exchange BINANCE[0m
[1m2026-08-08T12:26:32.085049564Z[0m [INFO] TRADER-001.nautilus_backtest::exchange: Added instrument ETHUSDT-PERP.BINANCE and created matching engine[0m
[1m2026-08-08T12:26:32.085066549Z[0m [INFO] TRADER-001.nautilus_backtest::engine: Added instrument ETHUSDT-PERP.BINANCE to exchange BINANCE[0m
[1m2026-08-08T12:26:32.085075642Z[0m [INFO] TRADER-001.nautilus_backtest::exchange: Added instrument SOLUSDT-PERP.BINANCE and created matching engine[0m
[1m2026-08-08T12:26:32.085088281Z[0m [INFO] TRADER-001.nautilus_backtest::engine: Added instrument SOLUSDT-PERP.BINANCE to exchange BINANCE[0m
[1m2026-08-08T12:26:32.085097705Z[0m [INFO] TRADER-001.nautilus_backtest::exchange: Added instrument XRPUSDT-PERP.BINANCE and created matching engine[0m
[1m2026-08-08T12:26:32.085110784Z[0m [INFO] TRADER-001.nautilus_backtest::engine: Added instrument XRPUSDT-PERP.BINANCE to exchange BINANCE[0m
[1m2026-08-08T12:26:32.139478425Z[0m [INFO] TRADER-001.nautilus_backtest::engine: Added 248544 data elements to BacktestEngine (248544 total)[0m
[1m2026-08-08T12:26:32.148382644Z[0m [INFO] TRADER-001.nautilus_backtest::engine: Added 41424 data elements to BacktestEngine (289968 total)[0m
[1m2026-08-08T12:26:32.148445657Z[0m [INFO] TRADER-001.nautilus_backtest::engine: Added 88 data elements to BacktestEngine (290056 total)[0m
[1m2026-08-08T12:26:32.148457655Z[0m [INFO] TRADER-001.nautilus_backtest::engine: Data sort requested (iterator merges streams by replay timestamp)[0m
[1m2026-08-08T12:26:32.148525435Z[0m [INFO] TRADER-001.DataActor-140726548584392: Ready[0m
[1m2026-08-08T12:26:32.148671221Z[0m [INFO] TRADER-001.nautilus_backtest::python::engine: Registered Python strategy DataActor-140726548584392[0m
[1m2026-08-08T12:26:32.148724520Z[0m [INFO] TRADER-001.nautilus_portfolio::portfolio: Updated AccountState(account_id=BINANCE-001, account_type=MARGIN, base_currency=USDT, is_reported=true, balances=[AccountBalance(total=100000.00000000 USDT, locked=0.00000000 USDT, free=100000.00000000 USDT)], margins=[], event_id=d1b8acb9-b33b-4c0b-9e35-b7da6b90aaad)[0m
[1m2026-01-04T23:25:10.000000000Z[0m [INFO] TRADER-001.nautilus_system::kernel: Starting[0m
[1m2026-01-04T23:25:10.000000000Z[0m [INFO] TRADER-001.nautilus_backtest::execution_client: Backtest execution client started[0m
[1m2026-01-04T23:25:10.000000000Z[0m [INFO] TRADER-001.nautilus_execution::engine: Started[0m
[1m2026-01-04T23:25:10.000000000Z[0m [INFO] TRADER-001.nautilus_risk::engine: Started[0m
[1m2026-01-04T23:25:10.000000000Z[0m [INFO] TRADER-001.nautilus_system::kernel: Initializing trader[0m
[1m2026-01-04T23:25:10.000000000Z[0m [INFO] TRADER-001.nautilus_system::kernel: Started[0m
[1m2026-01-04T23:25:10.000000000Z[0m [INFO] TRADER-001.nautilus_system::kernel: Starting trader...[0m
[1m2026-01-04T23:25:10.000000000Z[0m [INFO] TRADER-001.nautilus_execution::order_emulator::emulator: Started[0m
[1m2026-01-04T23:25:10.000000000Z[0m [INFO] TRADER-001.nautilus_system::trader: Starting[0m
[1m2026-01-04T23:25:10.000000000Z[0m [INFO] TRADER-001.DataActor-140726548584392: Starting[0m
[1m2026-01-04T23:25:10.000000000Z[0m [INFO] TRADER-001.nautilus_trading::strategy: Starting DataActor-140726548584392[0m
[1m2026-01-04T23:25:10.000000000Z[0m [INFO] TRADER-001.nautilus_common::actor::data_actor: [CMD]--> Subscribe(Bars(SubscribeBars { bar_type: Standard { instrument_id: "BTCUSDT-PERP.BINANCE", spec: BarSpecification { step: 10, aggregation: Second, price_type: Last }, aggregation_source: External }, client_id: None, venue: Some("BINANCE"), command_id: UUID4(ddd3c1ae-1c1b-4661-bb6a-2ba1a4634f0a), ts_init: UnixNanos(1767569110000000000), correlation_id: None, params: None }))[0m
[1m2026-01-04T23:25:10.000000000Z[0m [INFO] TRADER-001.nautilus_common::actor::data_actor: [CMD]--> Subscribe(Bars(SubscribeBars { bar_type: Standard { instrument_id: "ETHUSDT-PERP.BINANCE", spec: BarSpecification { step: 10, aggregation: Second, price_type: Last }, aggregation_source: External }, client_id: None, venue: Some("BINANCE"), command_id: UUID4(199fdcfa-3e21-4a26-8df0-8483251bca3b), ts_init: UnixNanos(1767569110000000000), correlation_id: None, params: None }))[0m
[1m2026-01-04T23:25:10.000000000Z[0m [INFO] TRADER-001.nautilus_common::actor::data_actor: [CMD]--> Subscribe(Bars(SubscribeBars { bar_type: Standard { instrument_id: "SOLUSDT-PERP.BINANCE", spec: BarSpecification { step: 10, aggregation: Second, price_type: Last }, aggregation_source: External }, client_id: None, venue: Some("BINANCE"), command_id: UUID4(cee734f4-2f82-4415-9144-1692174e0c3f), ts_init: UnixNanos(1767569110000000000), correlation_id: None, params: None }))[0m
[1m2026-01-04T23:25:10.000000000Z[0m [INFO] TRADER-001.nautilus_common::actor::data_actor: [CMD]--> Subscribe(Bars(SubscribeBars { bar_type: Standard { instrument_id: "XRPUSDT-PERP.BINANCE", spec: BarSpecification { step: 10, aggregation: Second, price_type: Last }, aggregation_source: External }, client_id: None, venue: Some("BINANCE"), command_id: UUID4(bec30753-9f66-4b71-ad85-43daf0360f3a), ts_init: UnixNanos(1767569110000000000), correlation_id: None, params: None }))[0m
[1m2026-01-04T23:25:10.000000000Z[0m [INFO] TRADER-001.DataActor-140726548584392: Running[0m
[1m2026-01-04T23:25:10.000000000Z[0m [INFO] TRADER-001.nautilus_system::trader: Running[0m
[1m2026-01-04T23:25:10.000000000Z[0m [INFO] TRADER-001.nautilus_system::kernel: Trader started[0m
[1m2026-01-04T23:25:10.000000000Z[0m [36m[INFO] TRADER-001.nautilus_backtest::engine: =================================================================[0m
[1m2026-01-04T23:25:10.000000000Z[0m [36m[INFO] TRADER-001.nautilus_backtest::engine:  BACKTEST PRE-RUN[0m
[1m2026-01-04T23:25:10.000000000Z[0m [36m[INFO] TRADER-001.nautilus_backtest::engine: =================================================================[0m
[1m2026-01-04T23:25:10.000000000Z[0m [36m[INFO] TRADER-001.nautilus_backtest::engine: =================================================================[0m
[1m2026-01-04T23:25:10.000000000Z[0m [INFO] TRADER-001.nautilus_backtest::engine:  SimulatedVenue BINANCE (MARGIN)[0m
[1m2026-01-04T23:25:10.000000000Z[0m [36m[INFO] TRADER-001.nautilus_backtest::engine: -----------------------------------------------------------------[0m
[1m2026-01-04T23:25:10.000000000Z[0m [INFO] TRADER-001.nautilus_backtest::engine: Balances starting:[0m
[1m2026-01-04T23:25:10.000000000Z[0m [INFO] TRADER-001.nautilus_backtest::engine:   100000.00000000 USDT[0m
[1m2026-01-04T23:25:10.000000000Z[0m [36m[INFO] TRADER-001.nautilus_backtest::engine: -----------------------------------------------------------------[0m
[1m2026-01-04T23:25:10.000000000Z[0m [36m[INFO] TRADER-001.nautilus_backtest::engine: =================================================================[0m
[1m2026-01-04T23:25:10.000000000Z[0m [36m[INFO] TRADER-001.nautilus_backtest::engine:  BACKTEST RUN[0m
[1m2026-01-04T23:25:10.000000000Z[0m [36m[INFO] TRADER-001.nautilus_backtest::engine: =================================================================[0m
[1m2026-01-04T23:25:10.000000000Z[0m [INFO] TRADER-001.nautilus_backtest::engine: Run config ID:  None[0m
[1m2026-01-04T23:25:10.000000000Z[0m [INFO] TRADER-001.nautilus_backtest::engine: Run ID:         d5ca9795-219d-414b-9e3f-75e44a8ee848[0m
[1m2026-01-04T23:25:10.000000000Z[0m [INFO] TRADER-001.nautilus_backtest::engine: Backtest start: 2026-01-04T23:25:10.000000000Z[0m
[1m2026-01-04T23:25:10.000000000Z[0m [INFO] TRADER-001.nautilus_backtest::engine: Data elements:  290056[0m
[1m2026-01-04T23:25:10.000000000Z[0m [36m[INFO] TRADER-001.nautilus_backtest::engine: -----------------------------------------------------------------[0m
[1m2026-01-04T23:25:10.000000000Z[0m [94m[INFO] TRADER-001.nautilus_data::client: Subscribed BTCUSDT-PERP.BINANCE-10-SECOND-LAST-EXTERNAL bars[0m
[1m2026-01-04T23:25:10.000000000Z[0m [94m[INFO] TRADER-001.nautilus_data::client: Subscribed ETHUSDT-PERP.BINANCE-10-SECOND-LAST-EXTERNAL bars[0m
[1m2026-01-04T23:25:10.000000000Z[0m [94m[INFO] TRADER-001.nautilus_data::client: Subscribed SOLUSDT-PERP.BINANCE-10-SECOND-LAST-EXTERNAL bars[0m
[1m2026-01-04T23:25:10.000000000Z[0m [94m[INFO] TRADER-001.nautilus_data::client: Subscribed XRPUSDT-PERP.BINANCE-10-SECOND-LAST-EXTERNAL bars[0m
[1m2026-01-12T04:01:00.000000000Z[0m [INFO] TRADER-001.nautilus_system::kernel: Stopping trader...[0m
[1m2026-01-12T04:01:00.000000000Z[0m [INFO] TRADER-001.nautilus_system::trader: Stopping[0m
[1m2026-01-12T04:01:00.000000000Z[0m [INFO] TRADER-001.DataActor-140726548584392: Stopping[0m
[1m2026-01-12T04:01:00.000000000Z[0m [INFO] TRADER-001.nautilus_trading::strategy: No BTCUSDT-PERP.BINANCE open, emulated, or inflight orders to cancel[0m
[1m2026-01-12T04:01:00.000000000Z[0m [INFO] TRADER-001.nautilus_trading::strategy: No ETHUSDT-PERP.BINANCE open, emulated, or inflight orders to cancel[0m
[1m2026-01-12T04:01:00.000000000Z[0m [INFO] TRADER-001.nautilus_trading::strategy: No SOLUSDT-PERP.BINANCE open, emulated, or inflight orders to cancel[0m
[1m2026-01-12T04:01:00.000000000Z[0m [INFO] TRADER-001.nautilus_trading::strategy: No XRPUSDT-PERP.BINANCE open, emulated, or inflight orders to cancel[0m
[1m2026-01-12T04:01:00.000000000Z[0m [INFO] TRADER-001.DataActor-140726548584392: Stopped[0m
[1m2026-01-12T04:01:00.000000000Z[0m [INFO] TRADER-001.nautilus_system::trader: Stopped[0m
[1m2026-01-12T04:01:00.000000000Z[0m [INFO] TRADER-001.nautilus_risk::engine: Stopped[0m
[1m2026-01-12T04:01:00.000000000Z[0m [INFO] TRADER-001.nautilus_backtest::execution_client: Backtest execution client stopped[0m
[1m2026-01-12T04:01:00.000000000Z[0m [INFO] TRADER-001.nautilus_execution::engine: Stopped[0m
[1m2026-08-08T12:26:33.403026387Z[0m [36m[INFO] TRADER-001.nautilus_backtest::engine: =================================================================[0m
[1m2026-08-08T12:26:33.403027439Z[0m [36m[INFO] TRADER-001.nautilus_backtest::engine:  BACKTEST POST-RUN[0m
[1m2026-08-08T12:26:33.403027599Z[0m [36m[INFO] TRADER-001.nautilus_backtest::engine: =================================================================[0m
[1m2026-08-08T12:26:33.403029061Z[0m [INFO] TRADER-001.nautilus_backtest::engine: Run config ID:  None[0m
[1m2026-08-08T12:26:33.403029972Z[0m [INFO] TRADER-001.nautilus_backtest::engine: Run ID:         d5ca9795-219d-414b-9e3f-75e44a8ee848[0m
[1m2026-08-08T12:26:33.403030513Z[0m [INFO] TRADER-001.nautilus_backtest::engine: Run started:    2026-08-08T12:26:32.148694135Z[0m
[1m2026-08-08T12:26:33.403030974Z[0m [INFO] TRADER-001.nautilus_backtest::engine: Run finished:   2026-08-08T12:26:33.403014439Z[0m
[1m2026-08-08T12:26:33.403031745Z[0m [INFO] TRADER-001.nautilus_backtest::engine: Elapsed time:   0 days 00:00:01.254320[0m
[1m2026-08-08T12:26:33.403032125Z[0m [INFO] TRADER-001.nautilus_backtest::engine: Backtest start: 2026-01-04T23:25:10.000000000Z[0m
[1m2026-08-08T12:26:33.403032446Z[0m [INFO] TRADER-001.nautilus_backtest::engine: Backtest end:   2026-01-12T04:01:00.000000000Z[0m
[1m2026-08-08T12:26:33.403033167Z[0m [INFO] TRADER-001.nautilus_backtest::engine: Backtest range: 7 days 04:35:50.000000[0m
[1m2026-08-08T12:26:33.403033698Z[0m [INFO] TRADER-001.nautilus_backtest::engine: Iterations: 290_056[0m
[1m2026-08-08T12:26:33.403034138Z[0m [INFO] TRADER-001.nautilus_backtest::engine: Total events: 0[0m
[1m2026-08-08T12:26:33.403034379Z[0m [INFO] TRADER-001.nautilus_backtest::engine: Total orders: 0[0m
[1m2026-08-08T12:26:33.403034920Z[0m [INFO] TRADER-001.nautilus_backtest::engine: Total positions: 0[0m
[1m2026-08-08T12:26:33.403062601Z[0m [36m[INFO] TRADER-001.nautilus_backtest::engine: =================================================================[0m
[1m2026-08-08T12:26:33.403067778Z[0m [36m[INFO] TRADER-001.nautilus_backtest::engine:  PORTFOLIO PERFORMANCE[0m
[1m2026-08-08T12:26:33.403068209Z[0m [36m[INFO] TRADER-001.nautilus_backtest::engine: =================================================================[0m
[1m2026-08-08T12:26:33.403068660Z[0m [INFO] TRADER-001.nautilus_backtest::engine:  PnL Statistics (USDT)[0m
[1m2026-08-08T12:26:33.403069371Z[0m [36m[INFO] TRADER-001.nautilus_backtest::engine: -----------------------------------------------------------------[0m
[1m2026-08-08T12:26:33.403083642Z[0m [INFO] TRADER-001.nautilus_backtest::engine: PnL (total):                    0.00[0m
[1m2026-08-08T12:26:33.403084182Z[0m [INFO] TRADER-001.nautilus_backtest::engine: PnL% (total):                   0.00[0m
[1m2026-08-08T12:26:33.403084453Z[0m [36m[INFO] TRADER-001.nautilus_backtest::engine: -----------------------------------------------------------------[0m
[1m2026-08-08T12:26:33.403084954Z[0m [INFO] TRADER-001.nautilus_backtest::engine:  Returns Statistics[0m
[1m2026-08-08T12:26:33.403085144Z[0m [36m[INFO] TRADER-001.nautilus_backtest::engine: -----------------------------------------------------------------[0m
[1m2026-08-08T12:26:33.403094968Z[0m [INFO] TRADER-001.nautilus_backtest::engine: Average (Return):               NaN[0m
[1m2026-08-08T12:26:33.403095239Z[0m [INFO] TRADER-001.nautilus_backtest::engine: Average Loss (Return):          NaN[0m
[1m2026-08-08T12:26:33.403095449Z[0m [INFO] TRADER-001.nautilus_backtest::engine: Average Win (Return):           NaN[0m
[1m2026-08-08T12:26:33.403095690Z[0m [INFO] TRADER-001.nautilus_backtest::engine: Profit Factor:                  NaN[0m
[1m2026-08-08T12:26:33.403095940Z[0m [INFO] TRADER-001.nautilus_backtest::engine: Returns Volatility (252 days):  NaN[0m
[1m2026-08-08T12:26:33.403096150Z[0m [INFO] TRADER-001.nautilus_backtest::engine: Risk Return Ratio:              NaN[0m
[1m2026-08-08T12:26:33.403096471Z[0m [INFO] TRADER-001.nautilus_backtest::engine: Sharpe Ratio (252 days):        NaN[0m
[1m2026-08-08T12:26:33.403096761Z[0m [INFO] TRADER-001.nautilus_backtest::engine: Sortino Ratio (252 days):       NaN[0m
[1m2026-08-08T12:26:33.403097292Z[0m [36m[INFO] TRADER-001.nautilus_backtest::engine: -----------------------------------------------------------------[0m
[1m2026-08-08T12:26:33.403098374Z[0m [INFO] TRADER-001.nautilus_backtest::engine:  General Statistics[0m
[1m2026-08-08T12:26:33.403098604Z[0m [36m[INFO] TRADER-001.nautilus_backtest::engine: -----------------------------------------------------------------[0m
[1m2026-08-08T12:26:33.403099736Z[0m [36m[INFO] TRADER-001.nautilus_backtest::engine: -----------------------------------------------------------------[0m
[1m2026-08-08T12:26:33.499355456Z[0m [INFO] TRADER-001.nautilus_system::kernel: Disposing[0m
[1m2026-08-08T12:26:33.499374033Z[0m [INFO] TRADER-001.nautilus_system::trader: Disposing[0m
[1m2026-08-08T12:26:33.499378720Z[0m [INFO] TRADER-001.DataActor-140726548584392: Disposing[0m
[1m2026-08-08T12:26:33.499389556Z[0m [INFO] TRADER-001.DataActor-140726548584392: Disposed[0m
[1m2026-08-08T12:26:33.499398469Z[0m [INFO] TRADER-001.nautilus_system::trader: Disposed[0m
[1m2026-08-08T12:26:33.499401684Z[0m [INFO] TRADER-001.nautilus_backtest::execution_client: Backtest execution client stopped[0m
[1m2026-08-08T12:26:33.499404178Z[0m [INFO] TRADER-001.nautilus_execution::engine: Stopped[0m
[1m2026-08-08T12:26:33.499405309Z[0m [INFO] TRADER-001.nautilus_risk::engine: Stopped[0m
[1m2026-08-08T12:26:33.499406812Z[0m [INFO] TRADER-001.nautilus_execution::order_emulator::emulator: Stopped[0m
[1m2026-08-08T12:26:33.499411288Z[0m [INFO] TRADER-001.nautilus_execution::engine: Disposed[0m
[1m2026-08-08T12:26:33.499411649Z[0m [INFO] TRADER-001.nautilus_risk::engine: Disposed[0m
[1m2026-08-08T12:26:33.499413501Z[0m [INFO] TRADER-001.nautilus_execution::order_emulator::emulator: Disposed[0m
[1m2026-08-08T12:26:33.499424668Z[0m [INFO] TRADER-001.nautilus_common::cache: Reset cache[0m
[1m2026-08-08T12:26:33.499449294Z[0m [INFO] TRADER-001.nautilus_system::kernel: Disposed[0m
{"closed_trades": 0, "daily_geometric_growth": 0.0, "final_nav_usdt": 100000.0, "first_window_gate_passed": false, "signals": 0, "window": "screen-01", "wins": 0}
{
  "ablation_modes": [
    "none"
  ],
  "candidate": "candidate-08-opening-type-first-pullback-multiasset-nautilus-v2",
  "close_reasons": {},
  "closed_trades": 0,
  "combined_calendar_days": 7.0,
  "combined_daily_geometric_growth": 0.0,
  "goal_daily_geometric_growth": 0.01,
  "goal_met": false,
  "positive_trade_share": 0.0,
  "promotable": true,
  "realized_pnl_by_symbol": {},
  "single_asset_positive_pnl_share": 0.0,
  "single_trade_positive_pnl_share": 0.0,
  "suite": "first",
  "suite_gate_checks": {
    "all_signal_times_processed": true,
    "all_submitted_entries_observed": true,
    "base_contract_not_ablated": true,
    "closed_trades_matched_to_intents": true,
    "cost_after_total_return_positive": false,
    "entry_causality": true,
    "fill_adjusted_risk_budget_respected": true,
    "funding_cost_state_is_causal_and_complete": true,
    "minimum_closed_trades": false,
    "no_execution_failures": true,
    "no_residual_exposure": true,
    "no_unexpected_or_liquidation_closes": true,
    "planned_risk_budget_respected": true,
    "position_exit_causality": true,
    "realized_loss_budget_respected": true
  },
  "suite_gate_passed": false,
  "symbols_with_closed_trades": [],
  "window_results": [
    {
      "closed_trades": 0,
      "daily_geometric_growth": 0.0,
      "final_nav_usdt": 100000.0,
      "first_window_gate_passed": false,
      "maximum_realized_equity_drawdown": 0.0,
      "name": "screen-01",
      "total_return": 0.0,
      "win_rate": 0.0,
      "wins": 0
    }
  ],
  "windows": [
    {
      "end": "2026-01-12T00:00:00Z",
      "name": "screen-01",
      "start": "2026-01-05T00:00:00Z"
    }
  ],
  "wins": 0
}
