{
  "QH_INTENSE_CONTRACTED_RETRACE": {
    "1.2r_15m": {
      "STOP": 14,
      "TARGET": 9,
      "TIMEOUT": 1
    },
    "1.2r_30m": {
      "STOP": 14,
      "TARGET": 9,
      "TIMEOUT": 1
    },
    "1.2r_45m": {
      "STOP": 14,
      "TARGET": 10
    },
    "1.2r_60m": {
      "STOP": 14,
      "TARGET": 10
    },
    "1.5r_15m": {
      "STOP": 15,
      "TARGET": 8,
      "TIMEOUT": 1
    },
    "1.5r_30m": {
      "STOP": 15,
      "TARGET": 8,
      "TIMEOUT": 1
    },
    "1.5r_45m": {
      "STOP": 15,
      "TARGET": 9
    },
    "1.5r_60m": {
      "STOP": 15,
      "TARGET": 9
    },
    "2.0r_15m": {
      "STOP": 16,
      "TARGET": 5,
      "TIMEOUT": 3
    },
    "2.0r_30m": {
      "STOP": 17,
      "TARGET": 6,
      "TIMEOUT": 1
    },
    "2.0r_45m": {
      "STOP": 17,
      "TARGET": 6,
      "TIMEOUT": 1
    },
    "2.0r_60m": {
      "STOP": 17,
      "TARGET": 7
    },
    "events": 24,
    "external_target_60m": {
      "FAILED_COST_AFTER_GEOMETRY": 11,
      "STOP": 9,
      "TARGET": 2,
      "TIMEOUT": 2
    },
    "horizon_15m": {
      "mean_net_return": -0.0014069322272859408,
      "median_net_mae_r": 1.250838196975367,
      "median_net_mfe_r": -0.16213448036787265,
      "median_net_return": -0.0016496828919985644,
      "positive_share": 0.20833333333333334
    },
    "horizon_30m": {
      "mean_net_return": -0.0018857791791706848,
      "median_net_mae_r": 1.4543382458381253,
      "median_net_mfe_r": 0.1516506811881283,
      "median_net_return": -0.0022069366111932163,
      "positive_share": 0.2916666666666667
    },
    "horizon_45m": {
      "mean_net_return": -0.002359119442935282,
      "median_net_mae_r": 1.66196837551928,
      "median_net_mfe_r": 0.4110429654922986,
      "median_net_return": -0.001276273565140033,
      "positive_share": 0.2916666666666667
    },
    "horizon_60m": {
      "mean_net_return": -0.0019196415569608515,
      "median_net_mae_r": 2.0987017528228686,
      "median_net_mfe_r": 0.4397777734521629,
      "median_net_return": -0.002462205941546275,
      "positive_share": 0.3333333333333333
    },
    "median_external_target_net_rr": 1.5619489999540175,
    "median_minutes_burst_to_entry": 4.5
  },
  "QH_INTENSE_EFFICIENT_AUCTION_RETRACE": {
    "1.2r_15m": {
      "STOP": 1,
      "TARGET": 1
    },
    "1.2r_30m": {
      "STOP": 1,
      "TARGET": 1
    },
    "1.2r_45m": {
      "STOP": 1,
      "TARGET": 1
    },
    "1.2r_60m": {
      "STOP": 1,
      "TARGET": 1
    },
    "1.5r_15m": {
      "STOP": 1,
      "TARGET": 1
    },
    "1.5r_30m": {
      "STOP": 1,
      "TARGET": 1
    },
    "1.5r_45m": {
      "STOP": 1,
      "TARGET": 1
    },
    "1.5r_60m": {
      "STOP": 1,
      "TARGET": 1
    },
    "2.0r_15m": {
      "STOP": 1,
      "TARGET": 1
    },
    "2.0r_30m": {
      "STOP": 1,
      "TARGET": 1
    },
    "2.0r_45m": {
      "STOP": 1,
      "TARGET": 1
    },
    "2.0r_60m": {
      "STOP": 1,
      "TARGET": 1
    },
    "events": 2,
    "external_target_60m": {
      "FAILED_COST_AFTER_GEOMETRY": 1,
      "TARGET": 1
    },
    "horizon_15m": {
      "mean_net_return": 0.001850499369116184,
      "median_net_mae_r": 0.9223797782245827,
      "median_net_mfe_r": 0.7590585822346458,
      "median_net_return": 0.001850499369116184,
      "positive_share": 0.5
    },
    "horizon_30m": {
      "mean_net_return": -0.0005776815082778732,
      "median_net_mae_r": 0.977726495514308,
      "median_net_mfe_r": 0.8372819426707802,
      "median_net_return": -0.0005776815082778732,
      "positive_share": 0.5
    },
    "horizon_45m": {
      "mean_net_return": 0.0008216356368538811,
      "median_net_mae_r": 0.977726495514308,
      "median_net_mfe_r": 0.8372819426707802,
      "median_net_return": 0.0008216356368538811,
      "positive_share": 0.5
    },
    "horizon_60m": {
      "mean_net_return": 0.006309167182127313,
      "median_net_mae_r": 1.0758746741747756,
      "median_net_mfe_r": 2.2920458164410493,
      "median_net_return": 0.006309167182127313,
      "positive_share": 0.5
    },
    "median_external_target_net_rr": 1.3245336662834257,
    "median_minutes_burst_to_entry": 2.5
  },
  "QH_INTENSE_SESSION_ALIGNED_RETRACE": {
    "1.2r_15m": {
      "STOP": 4,
      "TARGET": 6,
      "TIMEOUT": 1
    },
    "1.2r_30m": {
      "STOP": 4,
      "TARGET": 6,
      "TIMEOUT": 1
    },
    "1.2r_45m": {
      "STOP": 4,
      "TARGET": 7
    },
    "1.2r_60m": {
      "STOP": 4,
      "TARGET": 7
    },
    "1.5r_15m": {
      "STOP": 4,
      "TARGET": 6,
      "TIMEOUT": 1
    },
    "1.5r_30m": {
      "STOP": 4,
      "TARGET": 6,
      "TIMEOUT": 1
    },
    "1.5r_45m": {
      "STOP": 4,
      "TARGET": 7
    },
    "1.5r_60m": {
      "STOP": 4,
      "TARGET": 7
    },
    "2.0r_15m": {
      "STOP": 4,
      "TARGET": 5,
      "TIMEOUT": 2
    },
    "2.0r_30m": {
      "STOP": 5,
      "TARGET": 5,
      "TIMEOUT": 1
    },
    "2.0r_45m": {
      "STOP": 5,
      "TARGET": 5,
      "TIMEOUT": 1
    },
    "2.0r_60m": {
      "STOP": 5,
      "TARGET": 6
    },
    "events": 11,
    "external_target_60m": {
      "FAILED_COST_AFTER_GEOMETRY": 5,
      "STOP": 3,
      "TARGET": 1,
      "TIMEOUT": 2
    },
    "horizon_15m": {
      "mean_net_return": -0.00047533789210991805,
      "median_net_mae_r": 0.7489608661466285,
      "median_net_mfe_r": 0.46551701943741247,
      "median_net_return": -0.0007316672398969019,
      "positive_share": 0.45454545454545453
    },
    "horizon_30m": {
      "mean_net_return": -0.00154344524830224,
      "median_net_mae_r": 1.0707884017942568,
      "median_net_mfe_r": 0.46551701943741247,
      "median_net_return": -0.002049305531671049,
      "positive_share": 0.36363636363636365
    },
    "horizon_45m": {
      "mean_net_return": -0.0012633618863086252,
      "median_net_mae_r": 1.3873942379623945,
      "median_net_mfe_r": 0.6281411237617421,
      "median_net_return": -0.0013334548115093733,
      "positive_share": 0.36363636363636365
    },
    "horizon_60m": {
      "mean_net_return": -0.0002460842009495994,
      "median_net_mae_r": 1.5540353991947957,
      "median_net_mfe_r": 0.7552913079770809,
      "median_net_return": 0.0001984760516440297,
      "positive_share": 0.5454545454545454
    },
    "median_external_target_net_rr": 1.6980931582775203,
    "median_minutes_burst_to_entry": 5.0
  },
  "QH_SESSION_ALIGNED_RETRACE": {
    "1.2r_15m": {
      "STOP": 5,
      "TARGET": 9,
      "TIMEOUT": 2
    },
    "1.2r_30m": {
      "STOP": 6,
      "TARGET": 9,
      "TIMEOUT": 1
    },
    "1.2r_45m": {
      "STOP": 6,
      "TARGET": 10
    },
    "1.2r_60m": {
      "STOP": 6,
      "TARGET": 10
    },
    "1.5r_15m": {
      "STOP": 6,
      "TARGET": 8,
      "TIMEOUT": 2
    },
    "1.5r_30m": {
      "STOP": 7,
      "TARGET": 8,
      "TIMEOUT": 1
    },
    "1.5r_45m": {
      "STOP": 7,
      "TARGET": 9
    },
    "1.5r_60m": {
      "STOP": 7,
      "TARGET": 9
    },
    "2.0r_15m": {
      "STOP": 6,
      "TARGET": 5,
      "TIMEOUT": 5
    },
    "2.0r_30m": {
      "STOP": 8,
      "TARGET": 7,
      "TIMEOUT": 1
    },
    "2.0r_45m": {
      "STOP": 8,
      "TARGET": 7,
      "TIMEOUT": 1
    },
    "2.0r_60m": {
      "STOP": 8,
      "TARGET": 8
    },
    "events": 16,
    "external_target_60m": {
      "FAILED_COST_AFTER_GEOMETRY": 7,
      "STOP": 5,
      "TARGET": 1,
      "TIMEOUT": 3
    },
    "horizon_15m": {
      "mean_net_return": -0.0006406159215781297,
      "median_net_mae_r": 0.8595875437909526,
      "median_net_mfe_r": 0.12704016028956575,
      "median_net_return": -0.0009615292824142192,
      "positive_share": 0.375
    },
    "horizon_30m": {
      "mean_net_return": -0.0013762165733675054,
      "median_net_mae_r": 1.144228246186968,
      "median_net_mfe_r": 0.27939525626667533,
      "median_net_return": -0.0015035041346439806,
      "positive_share": 0.3125
    },
    "horizon_45m": {
      "mean_net_return": -0.0012989719189167037,
      "median_net_mae_r": 1.4382534931052526,
      "median_net_mfe_r": 0.40135841544089723,
      "median_net_return": -0.0014636579015987888,
      "positive_share": 0.3125
    },
    "horizon_60m": {
      "mean_net_return": -0.0008946989300452549,
      "median_net_mae_r": 1.5245010214287833,
      "median_net_mfe_r": 0.4397777734521629,
      "median_net_return": -0.001546617796469106,
      "positive_share": 0.4375
    },
    "median_external_target_net_rr": 1.80998386105236,
    "median_minutes_burst_to_entry": 5.5
  },
  "TOP_HOUR_INTENSE_EFFICIENT_AUCTION_RETRACE": {
    "1.2r_15m": {
      "TARGET": 1
    },
    "1.2r_30m": {
      "TARGET": 1
    },
    "1.2r_45m": {
      "TARGET": 1
    },
    "1.2r_60m": {
      "TARGET": 1
    },
    "1.5r_15m": {
      "TARGET": 1
    },
    "1.5r_30m": {
      "TARGET": 1
    },
    "1.5r_45m": {
      "TARGET": 1
    },
    "1.5r_60m": {
      "TARGET": 1
    },
    "2.0r_15m": {
      "TARGET": 1
    },
    "2.0r_30m": {
      "TARGET": 1
    },
    "2.0r_45m": {
      "TARGET": 1
    },
    "2.0r_60m": {
      "TARGET": 1
    },
    "events": 1,
    "external_target_60m": {
      "TARGET": 1
    },
    "horizon_15m": {
      "mean_net_return": 0.00443266597812927,
      "median_net_mae_r": 0.5977139491547554,
      "median_net_mfe_r": 1.792536459925575,
      "median_net_return": 0.00443266597812927,
      "positive_share": 1.0
    },
    "horizon_30m": {
      "mean_net_return": 0.000893942515115303,
      "median_net_mae_r": 0.5977139491547554,
      "median_net_mfe_r": 1.792536459925575,
      "median_net_return": 0.000893942515115303,
      "positive_share": 1.0
    },
    "horizon_45m": {
      "mean_net_return": 0.0032371322653959667,
      "median_net_mae_r": 0.5977139491547554,
      "median_net_mfe_r": 1.792536459925575,
      "median_net_return": 0.0032371322653959667,
      "positive_share": 1.0
    },
    "horizon_60m": {
      "mean_net_return": 0.015145999884460989,
      "median_net_mae_r": 0.5977139491547554,
      "median_net_mfe_r": 4.702064207466114,
      "median_net_return": 0.015145999884460989,
      "positive_share": 1.0
    },
    "median_external_target_net_rr": 2.398061791886031,
    "median_minutes_burst_to_entry": 3.0
  }
}
