{
  "base_signals": 26,
  "cost_after_eligible": 2,
  "diagnostic_counts": {
    "INVALIDATED_BEFORE_MICRO_TRIGGER": 5,
    "NO_CE_TOUCH": 11,
    "NO_MICRO_TRIGGER": 3,
    "TARGET_BEFORE_CE_TOUCH": 3,
    "TRIGGERED": 4
  },
  "eligible_mean_net_r_proxy": 0.7118973383158553,
  "eligible_median_net_rr": 1.4743444087183908,
  "eligible_outcomes_240m": {
    "TARGET": 1,
    "TIMEOUT": 1
  },
  "eligible_positive_share": 1.0,
  "eligible_total_net_r_proxy": 1.4237946766317107,
  "micro_triggers": 4
}
