[OK] python: 3.13.5 (need 3.13.x)
[OK] nautilus_trader: 1.230.0 (need 1.230.0)
[OK] glibc: 2.36 (need >= 2.35)
test_header_aliases_normalize_without_guessing_missing_fields (__main__.BookTickerDataContractTests.test_header_aliases_normalize_without_guessing_missing_fields) ... ok
test_headerless_archive_uses_documented_canonical_order (__main__.BookTickerDataContractTests.test_headerless_archive_uses_documented_canonical_order) ... ok
test_noncanonical_header_order_persists_across_multiple_chunks (__main__.BookTickerDataContractTests.test_noncanonical_header_order_persists_across_multiple_chunks) ... ok
test_probe_source_contains_no_strategy_or_backtest (__main__.BookTickerDataContractTests.test_probe_source_contains_no_strategy_or_backtest) ... ok
test_source_path_and_revision_are_predeclared (__main__.BookTickerDataContractTests.test_source_path_and_revision_are_predeclared) ... ok
test_weighted_quantiles_use_conservative_higher_observation (__main__.BookTickerDataContractTests.test_weighted_quantiles_use_conservative_higher_observation) ... ok

----------------------------------------------------------------------
Ran 6 tests in 0.032s

OK
test_catalog_source_contains_no_strategy_or_backtest (__main__.BookTickerCatalogContracts.test_catalog_source_contains_no_strategy_or_backtest) ... ok
test_contiguous_week_starts_require_every_calendar_day (__main__.BookTickerCatalogContracts.test_contiguous_week_starts_require_every_calendar_day) ... ok
test_duplicate_catalog_key_is_rejected (__main__.BookTickerCatalogContracts.test_duplicate_catalog_key_is_rejected) ... ok
test_missing_checksum_is_rejected_before_week_selection (__main__.BookTickerCatalogContracts.test_missing_checksum_is_rejected_before_week_selection) ... ok
test_no_contiguous_week_is_rejected (__main__.BookTickerCatalogContracts.test_no_contiguous_week_is_rejected) ... ok
test_paginated_s3_listing_uses_exact_prefix_and_continuation_token (__main__.BookTickerCatalogContracts.test_paginated_s3_listing_uses_exact_prefix_and_continuation_token) ... ok
test_seeded_selection_is_reproducible_and_outcome_blind (__main__.BookTickerCatalogContracts.test_seeded_selection_is_reproducible_and_outcome_blind) ... ok

----------------------------------------------------------------------
Ran 7 tests in 0.003s

OK
{
  "availability": {
    "contiguous_week_starts": 314,
    "daily_archives": 320,
    "earliest_day": "2023-05-16",
    "latest_day": "2024-03-30",
    "malformed_archive_names": 0,
    "maximum_archive_size_bytes": 474096996,
    "median_archive_size_bytes": 145981234,
    "minimum_archive_size_bytes": 47822243,
    "missing_checksum_archives": 0,
    "objects": 640
  },
  "catalog_revision": "BINANCE_VISION_USDM_BOOKTICKER_CATALOG_V1",
  "research_use": {
    "candidate_scope": "BTC_FIRST_QUOTE_RESILIENCY",
    "not_a_performance_selection": true,
    "selected_first_day_probe": "2023-10-15"
  },
  "selection": {
    "outcome_blind": true,
    "rule": "UNIFORM_SAMPLE_WITHOUT_REPLACEMENT_FROM_ALL_CONTIGUOUS_SEVEN_DAY_STARTS",
    "seed": 8811,
    "selected_windows": [
      {
        "days": [
          "2023-10-15",
          "2023-10-16",
          "2023-10-17",
          "2023-10-18",
          "2023-10-19",
          "2023-10-20",
          "2023-10-21"
        ],
        "end_exclusive": "2023-10-22",
        "start": "2023-10-15"
      },
      {
        "days": [
          "2023-07-20",
          "2023-07-21",
          "2023-07-22",
          "2023-07-23",
          "2023-07-24",
          "2023-07-25",
          "2023-07-26"
        ],
        "end_exclusive": "2023-07-27",
        "start": "2023-07-20"
      },
      {
        "days": [
          "2024-02-21",
          "2024-02-22",
          "2024-02-23",
          "2024-02-24",
          "2024-02-25",
          "2024-02-26",
          "2024-02-27"
        ],
        "end_exclusive": "2024-02-28",
        "start": "2024-02-21"
      }
    ]
  },
  "source": {
    "catalog_key_sha256": "99ec21d40099317803cd0f996a2813f1690e384b4b2b4e2440fe4c5698398820",
    "endpoint": "https://s3-ap-northeast-1.amazonaws.com/data.binance.vision",
    "listing_protocol": "S3_LIST_OBJECTS_V2_PAGINATED",
    "prefix": "data/futures/um/daily/bookTicker/BTCUSDT/"
  },
  "symbol": "BTCUSDT"
}
selected first probe day: 2023-10-15
{
  "first_rows": [
    {
      "best_ask_price": 26836.4,
      "best_ask_qty": 14.043,
      "best_bid_price": 26836.3,
      "best_bid_qty": 14.478,
      "event_time": 1697328000040,
      "transaction_time": 1697328000035,
      "update_id": 3359883262937
    },
    {
      "best_ask_price": 26836.4,
      "best_ask_qty": 14.043,
      "best_bid_price": 26836.3,
      "best_bid_qty": 14.476,
      "event_time": 1697328000047,
      "transaction_time": 1697328000042,
      "update_id": 3359883263383
    },
    {
      "best_ask_price": 26836.4,
      "best_ask_qty": 13.298,
      "best_bid_price": 26836.3,
      "best_bid_qty": 14.476,
      "event_time": 1697328000049,
      "transaction_time": 1697328000044,
      "update_id": 3359883263492
    },
    {
      "best_ask_price": 26836.4,
      "best_ask_qty": 13.298,
      "best_bid_price": 26836.3,
      "best_bid_qty": 14.477,
      "event_time": 1697328000051,
      "transaction_time": 1697328000047,
      "update_id": 3359883263896
    },
    {
      "best_ask_price": 26836.4,
      "best_ask_qty": 13.298,
      "best_bid_price": 26836.3,
      "best_bid_qty": 15.222,
      "event_time": 1697328000053,
      "transaction_time": 1697328000049,
      "update_id": 3359883263998
    }
  ],
  "limitations": [
    "Top-of-book only; no passive order identity or deeper queue reconstruction.",
    "Exchange transaction/event timestamps do not provide collector receive latency.",
    "A bookTicker update can reflect additions, cancellations, executions, or price-level replacement; causal interpretation must combine it with aggTrades."
  ],
  "probe_revision": "BINANCE_USDM_BOOKTICKER_DATA_CONTRACT_V2_HEADER_STABLE_STREAMING",
  "quality": {
    "crossed_quote_rows": 0,
    "duplicate_adjacent_update_id_rows": 0,
    "event_time_before_transaction_time_rows": 0,
    "first_transaction_time": "2023-10-15T00:00:00.035000+00:00",
    "invalid_numeric_rows": 0,
    "last_transaction_time": "2023-10-15T23:59:59.961000+00:00",
    "maximum_transaction_gap_ms": 3911,
    "nonmonotonic_transaction_time_rows": 0,
    "nonmonotonic_update_id_rows": 0,
    "nonpositive_quantity_rows": 0,
    "rows": 7613922,
    "transaction_gaps_over_one_second": 22
  },
  "schema": [
    "update_id",
    "best_bid_price",
    "best_bid_qty",
    "best_ask_price",
    "best_ask_qty",
    "transaction_time",
    "event_time"
  ],
  "source": {
    "archive_member": "BTCUSDT-bookTicker-2023-10-15.csv",
    "checksum_url": "https://data.binance.vision/data/futures/um/daily/bookTicker/BTCUSDT/BTCUSDT-bookTicker-2023-10-15.zip.CHECKSUM",
    "day": "2023-10-15",
    "sha256": "e55c1b1fd46ac478364a335322bba60563ea8e08f5a935e713a24307a89e8357",
    "size_bytes": 89610587,
    "symbol": "BTCUSDT",
    "url": "https://data.binance.vision/data/futures/um/daily/bookTicker/BTCUSDT/BTCUSDT-bookTicker-2023-10-15.zip"
  },
  "spread": {
    "distinct_values": 359,
    "maximum": 229.299999999999,
    "median": 0.099999999999,
    "minimum": 0.099999999999,
    "q90": 0.100000000002,
    "q99": 0.100000000002
  },
  "streaming_schema_contract": {
    "canonical_schema": [
      "update_id",
      "best_bid_price",
      "best_bid_qty",
      "best_ask_price",
      "best_ask_qty",
      "transaction_time",
      "event_time"
    ],
    "explicit_header_order_persists_across_chunks": true,
    "yielded_columns_reordered_to_canonical_schema": true
  },
  "top_of_book_event_composition": {
    "price_change_events": 50260,
    "size_only_change_events": 7563661,
    "unchanged_events": 0
  },
  "usable_for_quote_resiliency_research": true
}
