[1m2026-08-06T14:16:19.013716890Z[0m [36m[INFO] TRADER-001.BacktestEngine: =================================================================[0m
[1m2026-08-06T14:16:19.013731057Z[0m [36m[INFO] TRADER-001.BacktestEngine:  NAUTILUS TRADER - Automated Algorithmic Trading Platform[0m
[1m2026-08-06T14:16:19.013731517Z[0m [36m[INFO] TRADER-001.BacktestEngine:  by Nautech Systems Pty Ltd.[0m
[1m2026-08-06T14:16:19.013731738Z[0m [36m[INFO] TRADER-001.BacktestEngine:  Copyright (C) 2015-2026. All rights reserved.[0m
[1m2026-08-06T14:16:19.013732018Z[0m [36m[INFO] TRADER-001.BacktestEngine: =================================================================[0m
[1m2026-08-06T14:16:19.013732289Z[0m [INFO] TRADER-001.BacktestEngine: [0m
[1m2026-08-06T14:16:19.013732439Z[0m [INFO] TRADER-001.BacktestEngine: ⠀⠀⠀⠀⠀⠀⠀⠀⠀⠀⠀⠀⠀⣠⣴⣶⡟⠀⠀⠀⠀⠀⠀⠀⠀⠀⠀⠀⠀⠀⠀[0m
[1m2026-08-06T14:16:19.013732599Z[0m [INFO] TRADER-001.BacktestEngine: ⠀⠀⠀⠀⠀⠀⠀⠀⠀⠀⠀⣰⣾⣿⣿⣿⠀⢸⣿⣿⣿⣿⣶⣶⣤⣀⠀⠀⠀⠀⠀[0m
[1m2026-08-06T14:16:19.013732850Z[0m [INFO] TRADER-001.BacktestEngine: ⠀⠀⠀⠀⠀⠀⢀⣴⡇⢀⣾⣿⣿⣿⣿⣿⠀⣾⣿⣿⣿⣿⣿⣿⣿⠿⠓⠀⠀⠀⠀[0m
[1m2026-08-06T14:16:19.013733151Z[0m [INFO] TRADER-001.BacktestEngine: ⠀⠀⠀⠀⠀⣰⣿⣿⡀⢸⣿⣿⣿⣿⣿⣿⠀⣿⣿⣿⣿⣿⣿⠟⠁⣠⣄⠀⠀⠀⠀[0m
[1m2026-08-06T14:16:19.013733421Z[0m [INFO] TRADER-001.BacktestEngine: ⠀⠀⠀⠀⢠⣿⣿⣿⣇⠀⢿⣿⣿⣿⣿⣿⠀⢻⣿⣿⣿⡿⢃⣠⣾⣿⣿⣧⡀⠀⠀[0m
[1m2026-08-06T14:16:19.013733661Z[0m [INFO] TRADER-001.BacktestEngine: ⠀⠀⠀⠠⣾⣿⣿⣿⣿⣿⣧⠈⠋⢀⣴⣧⠀⣿⡏⢠⡀⢸⣿⣿⣿⣿⣿⣿⣿⡇⠀[0m
[1m2026-08-06T14:16:19.013733912Z[0m [INFO] TRADER-001.BacktestEngine: ⠀⠀⠀⣀⠙⢿⣿⣿⣿⣿⣿⠇⢠⣿⣿⣿⡄⠹⠃⠼⠃⠈⠉⠛⠛⠛⠛⠛⠻⠇⠀[0m
[1m2026-08-06T14:16:19.013734273Z[0m [INFO] TRADER-001.BacktestEngine: ⠀⠀⢸⡟⢠⣤⠉⠛⠿⢿⣿⠀⢸⣿⡿⠋⣠⣤⣄⠀⣾⣿⣿⣶⣶⣶⣦⡄⠀⠀⠀[0m
[1m2026-08-06T14:16:19.013735595Z[0m [INFO] TRADER-001.BacktestEngine: ⠀⠀⠸⠀⣾⠏⣸⣷⠂⣠⣤⠀⠘⢁⣴⣾⣿⣿⣿⡆⠘⣿⣿⣿⣿⣿⣿⠀⠀⠀⠀[0m
[1m2026-08-06T14:16:19.013735725Z[0m [INFO] TRADER-001.BacktestEngine: ⠀⠀⠀⠀⠛⠀⣿⡟⠀⢻⣿⡄⠸⣿⣿⣿⣿⣿⣿⣿⡀⠘⣿⣿⣿⣿⠟⠀⠀⠀⠀[0m
[1m2026-08-06T14:16:19.013735866Z[0m [INFO] TRADER-001.BacktestEngine: ⠀⠀⠀⠀⠀⠀⣿⠇⠀⠀⢻⡿⠀⠈⠻⣿⣿⣿⣿⣿⡇⠀⢹⣿⠿⠋⠀⠀⠀⠀⠀[0m
[1m2026-08-06T14:16:19.013735996Z[0m [INFO] TRADER-001.BacktestEngine: ⠀⠀⠀⠀⠀⠀⠋⠀⠀⠀⡘⠁⠀⠀⠀⠀⠀⠀⠀⠀⠀⠀⠈⠁⠀⠀⠀⠀⠀⠀⠀[0m
[1m2026-08-06T14:16:19.013736116Z[0m [INFO] TRADER-001.BacktestEngine: [0m
[1m2026-08-06T14:16:19.013736236Z[0m [36m[INFO] TRADER-001.BacktestEngine: =================================================================[0m
[1m2026-08-06T14:16:19.013736948Z[0m [36m[INFO] TRADER-001.BacktestEngine:  SYSTEM SPECIFICATION[0m
[1m2026-08-06T14:16:19.013737088Z[0m [36m[INFO] TRADER-001.BacktestEngine: =================================================================[0m
[1m2026-08-06T14:16:19.013737940Z[0m [INFO] TRADER-001.BacktestEngine: CPU architecture: AMD EPYC 7763 64-Core Processor[0m
[1m2026-08-06T14:16:19.013738611Z[0m [INFO] TRADER-001.BacktestEngine: CPU(s): 4 @ 2445 MHz[0m
[1m2026-08-06T14:16:19.013739412Z[0m [INFO] TRADER-001.BacktestEngine: OS: kernel-6.17.0-1020-azure Linux (Debian GNU/Linux 12)[0m
[1m2026-08-06T14:16:19.013795607Z[0m [36m[INFO] TRADER-001.BacktestEngine: =================================================================[0m
[1m2026-08-06T14:16:19.013796068Z[0m [36m[INFO] TRADER-001.BacktestEngine:  MEMORY USAGE[0m
[1m2026-08-06T14:16:19.013796238Z[0m [36m[INFO] TRADER-001.BacktestEngine: =================================================================[0m
[1m2026-08-06T14:16:19.013797180Z[0m [INFO] TRADER-001.BacktestEngine: RAM-Total: 15.62 GiB[0m
[1m2026-08-06T14:16:19.013797781Z[0m [INFO] TRADER-001.BacktestEngine: RAM-Used: 1.46 GiB (9.33%)[0m
[1m2026-08-06T14:16:19.013798342Z[0m [INFO] TRADER-001.BacktestEngine: RAM-Avail: 14.16 GiB (90.67%)[0m
[1m2026-08-06T14:16:19.013799615Z[0m [INFO] TRADER-001.BacktestEngine: Swap-Total: 3.00 GiB[0m
[1m2026-08-06T14:16:19.013800005Z[0m [INFO] TRADER-001.BacktestEngine: Swap-Used: 0.00 GiB (0.00%)[0m
[1m2026-08-06T14:16:19.013801418Z[0m [INFO] TRADER-001.BacktestEngine: Swap-Avail: 3.00 GiB (100.00%)[0m
[1m2026-08-06T14:16:19.013802029Z[0m [36m[INFO] TRADER-001.BacktestEngine: =================================================================[0m
[1m2026-08-06T14:16:19.013802510Z[0m [36m[INFO] TRADER-001.BacktestEngine:  IDENTIFIERS[0m
[1m2026-08-06T14:16:19.013802901Z[0m [36m[INFO] TRADER-001.BacktestEngine: =================================================================[0m
[1m2026-08-06T14:16:19.013803612Z[0m [INFO] TRADER-001.BacktestEngine: trader_id: TRADER-001[0m
[1m2026-08-06T14:16:19.013804043Z[0m [INFO] TRADER-001.BacktestEngine: machine_id: 7dd28e12005e[0m
[1m2026-08-06T14:16:19.013804965Z[0m [INFO] TRADER-001.BacktestEngine: instance_id: e77ffe10-66e5-4ad7-a38f-ab4503295909[0m
[1m2026-08-06T14:16:19.013805335Z[0m [INFO] TRADER-001.BacktestEngine: PID: 149[0m
[1m2026-08-06T14:16:19.013805536Z[0m [36m[INFO] TRADER-001.BacktestEngine: =================================================================[0m
[1m2026-08-06T14:16:19.013805796Z[0m [36m[INFO] TRADER-001.BacktestEngine:  VERSIONING[0m
[1m2026-08-06T14:16:19.013805936Z[0m [36m[INFO] TRADER-001.BacktestEngine: =================================================================[0m
[1m2026-08-06T14:16:19.013815264Z[0m [INFO] TRADER-001.BacktestEngine: nautilus_trader: 1.230.0[0m
[1m2026-08-06T14:16:19.013821045Z[0m [INFO] TRADER-001.BacktestEngine: python: 3.13.5[0m
[1m2026-08-06T14:16:19.013824852Z[0m [INFO] TRADER-001.BacktestEngine: numpy: 2.5.1[0m
[1m2026-08-06T14:16:19.013828088Z[0m [INFO] TRADER-001.BacktestEngine: pandas: 3.0.5[0m
[1m2026-08-06T14:16:19.013831544Z[0m [INFO] TRADER-001.BacktestEngine: msgspec: 0.21.1[0m
[1m2026-08-06T14:16:19.013834350Z[0m [INFO] TRADER-001.BacktestEngine: pyarrow: 25.0.0[0m
[1m2026-08-06T14:16:19.013836764Z[0m [INFO] TRADER-001.BacktestEngine: pytz: 2026.3.post1[0m
[1m2026-08-06T14:16:19.013838768Z[0m [INFO] TRADER-001.BacktestEngine: uvloop: 0.22.1[0m
[1m2026-08-06T14:16:19.013839119Z[0m [36m[INFO] TRADER-001.BacktestEngine: =================================================================[0m
[1m2026-08-06T14:16:19.013840221Z[0m [INFO] TRADER-001.nautilus_system::kernel: Building system kernel[0m
[1m2026-08-06T14:16:19.016490614Z[0m [INFO] TRADER-001.nautilus_backtest::engine: Adding exchange BINANCE to engine[0m
[1m2026-08-06T14:16:19.021735698Z[0m [INFO] TRADER-001.nautilus_system::kernel: Disposing[0m
[1m2026-08-06T14:16:19.021766085Z[0m [INFO] TRADER-001.nautilus_backtest::execution_client: Backtest execution client stopped[0m
[1m2026-08-06T14:16:19.021769160Z[0m [INFO] TRADER-001.nautilus_execution::engine: Stopped[0m
[1m2026-08-06T14:16:19.021770553Z[0m [INFO] TRADER-001.nautilus_risk::engine: Stopped[0m
[1m2026-08-06T14:16:19.021771805Z[0m [INFO] TRADER-001.nautilus_execution::order_emulator::emulator: Stopped[0m
[1m2026-08-06T14:16:19.021776324Z[0m [INFO] TRADER-001.nautilus_execution::engine: Disposed[0m
[1m2026-08-06T14:16:19.021777375Z[0m [INFO] TRADER-001.nautilus_risk::engine: Disposed[0m
[1m2026-08-06T14:16:19.021783978Z[0m [INFO] TRADER-001.nautilus_execution::order_emulator::emulator: Disposed[0m
[1m2026-08-06T14:16:19.021791622Z[0m [INFO] TRADER-001.nautilus_common::cache: Reset cache[0m
[1m2026-08-06T14:16:19.021816108Z[0m [INFO] TRADER-001.nautilus_system::kernel: Disposed[0m
{
  "attempts": [
    {
      "error": null,
      "error_type": null,
      "label": "pyo3.Venue.from_str",
      "ok": true,
      "type": "nautilus_trader.core.nautilus_pyo3.model.Venue"
    },
    {
      "error": null,
      "error_type": null,
      "label": "pyo3.Currency.from_str",
      "ok": true,
      "type": "nautilus_trader.core.nautilus_pyo3.model.Currency"
    },
    {
      "error": null,
      "error_type": null,
      "label": "pyo3.Money.from_str",
      "ok": true,
      "type": "nautilus_trader.core.nautilus_pyo3.model.Money"
    },
    {
      "error": null,
      "error_type": null,
      "label": "pyo3.OmsType.HEDGING",
      "ok": true,
      "type": "nautilus_trader.core.nautilus_pyo3.model.enums.OmsType"
    },
    {
      "error": null,
      "error_type": null,
      "label": "pyo3.AccountType.MARGIN",
      "ok": true,
      "type": "nautilus_trader.core.nautilus_pyo3.model.enums.AccountType"
    },
    {
      "error": null,
      "error_type": null,
      "label": "pyo3.BacktestEngineConfig(run_analysis=True)",
      "ok": true,
      "type": "nautilus_trader.core.nautilus_pyo3.backtest.BacktestEngineConfig"
    },
    {
      "error": null,
      "error_type": null,
      "label": "pyo3.BacktestEngine(config)",
      "ok": true,
      "type": "nautilus_trader.core.nautilus_pyo3.backtest.BacktestEngine"
    },
    {
      "error": null,
      "error_type": null,
      "label": "engine.add_venue with PyO3 identifier/enums/money and native liquidation",
      "ok": true,
      "type": "builtins.NoneType"
    },
    {
      "error": null,
      "error_type": null,
      "label": "legacy instrument to_dict",
      "ok": true,
      "type": "builtins.dict"
    },
    {
      "error": null,
      "error_type": null,
      "label": "pyo3.CryptoPerpetual.from_dict(legacy to_dict)",
      "ok": true,
      "type": "nautilus_trader.core.nautilus_pyo3.model.CryptoPerpetual"
    },
    {
      "error": null,
      "error_type": null,
      "label": "legacy bar.to_pyo3",
      "ok": true,
      "type": "nautilus_trader.core.nautilus_pyo3.model.Bar"
    },
    {
      "error": null,
      "error_type": null,
      "label": "engine.dispose",
      "ok": true,
      "type": "builtins.NoneType"
    }
  ],
  "classification": "IMPLEMENTATION_BOUNDARY_DIAGNOSTIC_ONLY"
}
