{
  "audit_classification": "LOGIC_OR_FREQUENCY_FAILURE",
  "candidate": "candidate-02-v153-qh-initiative-completed-auction-leg",
  "closed_trade_max_drawdown": 0.09665589090432442,
  "closed_trades": 12,
  "daily_geometric_growth": 0.003985173548381918,
  "end_exclusive": "2023-06-27",
  "engine_errors": [],
  "final_nav": "102823.19526439",
  "interval": "E04",
  "losses": 8,
  "module_counts": {
    "QH_INITIATIVE_COMPLETED_AUCTION_LEG": 14,
    "SCDAM_CORE": 1
  },
  "payoff_ratio": 2.2144337578695605,
  "role": "exposed-mid-regime-development",
  "safety_audit_passed": true,
  "scenario_counts": {
    "AAC": 14,
    "FAR": 1
  },
  "skip_reasons": {
    "AAC_REQUIRES_INDEPENDENT_EXTERNAL_DRAW": 3,
    "CONTINUATION_TARGET_NO_LONGER_LIVE": 3,
    "FRAMED_TARGET_REACHED_BEFORE_CONFIRMATION": 14,
    "INSUFFICIENT_COSTED_STRUCTURAL_R": 9,
    "NON_CAUSAL_PRICE_ORDER": 1,
    "NO_AGGRESSOR_FLOW_AT_SWEEP": 28,
    "NO_CAUSAL_INTERNAL_STRUCTURE": 4,
    "QH_AUCTION_EPISODE_EXPIRED": 148,
    "QH_AUCTION_INSUFFICIENT_COSTED_STRUCTURAL_R": 36,
    "QH_AUCTION_OBJECTIVE_ALREADY_CONSUMED": 15,
    "QH_COMMON_FLOW_BREADTH_BELOW_THREE": 475,
    "QH_CONTEXT_ACTIVE_NO_COMPLETED_NEW_LEG_YET": 10973,
    "QH_FRESH_LEG_NOT_EXECUTABLE": 51,
    "QH_INITIATIVE_ORIGIN_INVALIDATED": 449,
    "QH_OVERLAPPING_FOLLOWER_EPISODE_REJECTED": 351,
    "QH_POST_INITIATIVE_FVG_RETRACE_FAILED": 166,
    "QH_WARMUP_OR_INCOMPLETE_WINDOW": 2,
    "REVERSAL_TARGET_NO_LONGER_LIVE": 3,
    "SEMANTIC_FAR_EXHAUSTION_REQUIRES_PEER_QUORUM": 1,
    "SEMANTIC_FAR_NOT_COUNTERTREND": 2,
    "SEMANTIC_FAR_UNRESOLVED_ADVERSE_AUCTION": 1,
    "SESSION_DECISION_WINDOW_EXPIRED": 95,
    "SWEEP_ACTIVITY_OR_PENETRATION": 39
  },
  "start": "2023-06-20",
  "submitted_plans": 15,
  "success_claim": false,
  "symbol_counts": {
    "BTCUSDT": 2,
    "ETHUSDT": 5,
    "SOLUSDT": 5,
    "XRPUSDT": 3
  },
  "win_rate": 0.3333333333333333,
  "wins": 4
}
