{
  "candidate": "candidate-02-v109-no-rr-floor-q55",
  "custom_backtest_engine": false,
  "data_integrity": {
    "columns_path": "inputs/v109-week2/artifacts/candidate-02-v48-first-week/columns.json",
    "feature_first_open_utc": "2024-09-01T00:00:00+00:00",
    "feature_last_open_utc": "2025-03-10T23:55:00+00:00",
    "feature_rows": 55008,
    "forward_feature_columns_used": false,
    "npz_path": "inputs/v109-week2/artifacts/candidate-02-v48-first-week/v48_features.npz",
    "raw_directory": "inputs/v109-week2/.cache/candidate-02/v109-week2/binance_1m",
    "raw_first_close_utc": "2024-12-28T00:01:00+00:00",
    "raw_last_close_utc": "2025-01-06T01:00:00+00:00",
    "raw_rows": 13020
  },
  "decision": "REJECT_OR_REDESIGN",
  "effective_commissions_usdt": 12920.94792343,
  "engine": "NautilusTrader 1.230.0",
  "engine_result": {
    "iterations": 13020,
    "stats_general": {},
    "stats_pnls": {
      "USDT": {
        "Avg Loser": -2947.6498097849994,
        "Avg Winner": 1214.9989588199999,
        "Expectancy": -1282.5903023429996,
        "Max Loser": -3109.4913772600003,
        "Max Winner": 2029.59595477,
        "Min Loser": -2754.13342939,
        "Min Winner": 726.3745377500001,
        "PnL (total)": -12825.90302343,
        "PnL% (total)": -12.825903023430001,
        "Win Rate": 0.4
      }
    },
    "stats_returns": {
      "Average (Return)": -0.026573922162980313,
      "Average Loss (Return)": -0.0478666689849222,
      "Average Win (Return)": 0.01073039613986504,
      "Profit Factor": 0.0747242034831173,
      "Returns Volatility (252 days)": 0.5537323389958972,
      "Risk Return Ratio": -0.7618264397957203,
      "Sharpe Ratio (252 days)": -12.09361981135918,
      "Sortino Ratio (252 days)": -10.364656777489587
    },
    "summary": {
      "account.BINANCE.balance.USDT.free": "87174.09697657 USDT",
      "account.BINANCE.balance.USDT.locked": "0.00000000 USDT",
      "account.BINANCE.balance.USDT.total": "87174.09697657 USDT",
      "account.BINANCE.base_currency": "USDT",
      "account.BINANCE.event_count": "56",
      "account.BINANCE.id": "BINANCE-001",
      "account.BINANCE.type": "MARGIN",
      "iterations": "13020",
      "orders.closed": "30",
      "orders.emulated": "0",
      "orders.inflight": "0",
      "orders.open": "0",
      "orders.total": "30",
      "positions.closed": "1",
      "positions.open": "0",
      "positions.snapshots": "9",
      "positions.total": "1",
      "positions.total_with_snapshots": "10",
      "total_events": "85",
      "venues.total": "1"
    },
    "total_events": 85,
    "total_orders": 30,
    "total_positions": 10
  },
  "evaluation_days": 7.0,
  "evaluation_end_utc": "2025-01-06T00:00:00+00:00",
  "evaluation_start_utc": "2024-12-30T00:00:00+00:00",
  "execution_model": {
    "account_source_of_truth": true,
    "bar_adaptive_high_low_ordering": true,
    "bar_execution": true,
    "bracket_orders": true,
    "effective_maker_commission_rate": "0.00030",
    "effective_taker_commission_rate": "0.00085",
    "liquidation_enabled": false,
    "liquidation_requested": true
  },
  "fills": 24,
  "final_nav_usdt": 87174.09697657,
  "flat_at_end": true,
  "geometric_daily_growth_after_cost": -0.019417987382604696,
  "gross_loss_after_cost_usdt": -17685.898858710018,
  "gross_profit_after_cost_usdt": 4859.995835280017,
  "losses": 6,
  "maximum_effective_notional_multiple": 11.797477549110258,
  "maximum_mark_to_market_drawdown": -0.12825903023429996,
  "maximum_planned_loss_to_budget": 0.9999981287109698,
  "nav_factor": 0.8717409697657,
  "orders": 30,
  "pass_checks": {
    "flat_at_end": true,
    "maximum_drawdown": true,
    "minimum_geometric_daily_growth": false,
    "minimum_profit_factor": false,
    "minimum_trades_per_day": true,
    "minimum_win_rate": false,
    "planned_loss_budget": true
  },
  "positions_rows": 10,
  "profit_factor_after_cost": 0.2747949580683341,
  "risk_fraction": 0.03,
  "runtime_diagnostics": {
    "entry_pending": false,
    "position_flat": true,
    "runtime": {
      "ENTRY_BRACKET_SUBMITTED": 10,
      "POSITION_CLOSED": 10,
      "POSITION_OPENED": 10,
      "SIGNAL_REJECTED_GLOBAL_POSITION_BUSY": 1
    },
    "scheduled_signals": 11,
    "selected_signal": null
  },
  "scheduled_signals": 11,
  "stage": "first_random_btc_week_nautilustrader",
  "starting_nav_usdt": 100000.0,
  "submitted_signals": 10,
  "target_met": false,
  "trades": 10,
  "trades_per_day": 1.4285714285714286,
  "win_rate": 0.4,
  "wins": 4
}
