{
  "candidate": "candidate-02-v109-no-rr-floor-q55",
  "custom_backtest_engine": false,
  "data_integrity": {
    "columns_path": "inputs/v109-week1/artifacts/candidate-02-v48-first-week/columns.json",
    "feature_first_open_utc": "2024-09-01T00:00:00+00:00",
    "feature_last_open_utc": "2025-03-10T23:55:00+00:00",
    "feature_rows": 55008,
    "forward_feature_columns_used": false,
    "npz_path": "inputs/v109-week1/artifacts/candidate-02-v48-first-week/v48_features.npz",
    "raw_directory": "inputs/v109-week1/.cache/candidate-02/v48-first-week/binance_1m",
    "raw_first_close_utc": "2025-03-01T00:01:00+00:00",
    "raw_last_close_utc": "2025-03-10T01:00:00+00:00",
    "raw_rows": 13020
  },
  "decision": "REJECT_OR_REDESIGN",
  "effective_commissions_usdt": 16768.67087924,
  "engine": "NautilusTrader 1.230.0",
  "engine_result": {
    "iterations": 13020,
    "stats_general": {},
    "stats_pnls": {
      "USDT": {
        "Avg Loser": -3154.0923142033334,
        "Avg Winner": 1639.9619389215381,
        "Expectancy": 126.05006951368404,
        "Max Loser": -3221.07231869,
        "Max Winner": 3747.0217745399996,
        "Min Loser": -3083.51674145,
        "Min Winner": 43.73503694,
        "PnL (total)": 2394.9513207600003,
        "PnL% (total)": 2.3949513207599957,
        "Win Rate": 0.6842105263157895
      }
    },
    "stats_returns": {
      "Average (Return)": 0.00304378226521565,
      "Average Loss (Return)": -0.012856112706511658,
      "Average Win (Return)": 0.012515620883687129,
      "Profit Factor": 1.9470303612612125,
      "Returns Volatility (252 days)": 0.216104216867937,
      "Risk Return Ratio": 0.22358909147184564,
      "Sharpe Ratio (252 days)": 3.5493667914082576,
      "Sortino Ratio (252 days)": 6.145716148115567
    },
    "summary": {
      "account.BINANCE.balance.USDT.free": "102394.95132076 USDT",
      "account.BINANCE.balance.USDT.locked": "0.00000000 USDT",
      "account.BINANCE.balance.USDT.total": "102394.95132076 USDT",
      "account.BINANCE.base_currency": "USDT",
      "account.BINANCE.event_count": "96",
      "account.BINANCE.id": "BINANCE-001",
      "account.BINANCE.type": "MARGIN",
      "iterations": "13020",
      "orders.closed": "57",
      "orders.emulated": "0",
      "orders.inflight": "0",
      "orders.open": "0",
      "orders.total": "57",
      "positions.closed": "1",
      "positions.open": "0",
      "positions.snapshots": "18",
      "positions.total": "1",
      "positions.total_with_snapshots": "19",
      "total_events": "152",
      "venues.total": "1"
    },
    "total_events": 152,
    "total_orders": 57,
    "total_positions": 19
  },
  "evaluation_days": 7.0,
  "evaluation_end_utc": "2025-03-10T00:00:00+00:00",
  "evaluation_start_utc": "2025-03-03T00:00:00+00:00",
  "execution_model": {
    "account_source_of_truth": true,
    "bar_adaptive_high_low_ordering": true,
    "bar_execution": true,
    "bracket_orders": true,
    "effective_maker_commission_rate": "0.00030",
    "effective_taker_commission_rate": "0.00085",
    "liquidation_enabled": false,
    "liquidation_requested": true
  },
  "fills": 38,
  "final_nav_usdt": 102394.95132076,
  "flat_at_end": true,
  "geometric_daily_growth_after_cost": 0.0033867538338576697,
  "gross_loss_after_cost_usdt": -18924.55388522001,
  "gross_profit_after_cost_usdt": 21319.505205980007,
  "losses": 6,
  "maximum_effective_notional_multiple": 10.96425442386745,
  "maximum_mark_to_market_drawdown": -0.0637307986722464,
  "maximum_planned_loss_to_budget": 0.9999996815603625,
  "nav_factor": 1.0239495132076,
  "orders": 57,
  "pass_checks": {
    "flat_at_end": true,
    "maximum_drawdown": true,
    "minimum_geometric_daily_growth": false,
    "minimum_profit_factor": false,
    "minimum_trades_per_day": true,
    "minimum_win_rate": true,
    "planned_loss_budget": true
  },
  "positions_rows": 19,
  "profit_factor_after_cost": 1.126552590633613,
  "risk_fraction": 0.03,
  "runtime_diagnostics": {
    "entry_pending": false,
    "position_flat": true,
    "runtime": {
      "ENTRY_BRACKET_SUBMITTED": 19,
      "POSITION_CLOSED": 19,
      "POSITION_OPENED": 19
    },
    "scheduled_signals": 19,
    "selected_signal": null
  },
  "scheduled_signals": 19,
  "stage": "first_random_btc_week_nautilustrader",
  "starting_nav_usdt": 100000.0,
  "submitted_signals": 19,
  "target_met": false,
  "trades": 19,
  "trades_per_day": 2.7142857142857144,
  "win_rate": 0.6842105263157895,
  "wins": 13
}
