[1m2026-08-06T14:27:18.241448849Z[0m [36m[INFO] TRADER-001.BacktestEngine: =================================================================[0m
[1m2026-08-06T14:27:18.241461783Z[0m [36m[INFO] TRADER-001.BacktestEngine:  NAUTILUS TRADER - Automated Algorithmic Trading Platform[0m
[1m2026-08-06T14:27:18.241462324Z[0m [36m[INFO] TRADER-001.BacktestEngine:  by Nautech Systems Pty Ltd.[0m
[1m2026-08-06T14:27:18.241462514Z[0m [36m[INFO] TRADER-001.BacktestEngine:  Copyright (C) 2015-2026. All rights reserved.[0m
[1m2026-08-06T14:27:18.241462685Z[0m [36m[INFO] TRADER-001.BacktestEngine: =================================================================[0m
[1m2026-08-06T14:27:18.241462925Z[0m [INFO] TRADER-001.BacktestEngine: [0m
[1m2026-08-06T14:27:18.241463176Z[0m [INFO] TRADER-001.BacktestEngine: ⠀⠀⠀⠀⠀⠀⠀⠀⠀⠀⠀⠀⠀⣠⣴⣶⡟⠀⠀⠀⠀⠀⠀⠀⠀⠀⠀⠀⠀⠀⠀[0m
[1m2026-08-06T14:27:18.241463346Z[0m [INFO] TRADER-001.BacktestEngine: ⠀⠀⠀⠀⠀⠀⠀⠀⠀⠀⠀⣰⣾⣿⣿⣿⠀⢸⣿⣿⣿⣿⣶⣶⣤⣀⠀⠀⠀⠀⠀[0m
[1m2026-08-06T14:27:18.241463506Z[0m [INFO] TRADER-001.BacktestEngine: ⠀⠀⠀⠀⠀⠀⢀⣴⡇⢀⣾⣿⣿⣿⣿⣿⠀⣾⣿⣿⣿⣿⣿⣿⣿⠿⠓⠀⠀⠀⠀[0m
[1m2026-08-06T14:27:18.241463757Z[0m [INFO] TRADER-001.BacktestEngine: ⠀⠀⠀⠀⠀⣰⣿⣿⡀⢸⣿⣿⣿⣿⣿⣿⠀⣿⣿⣿⣿⣿⣿⠟⠁⣠⣄⠀⠀⠀⠀[0m
[1m2026-08-06T14:27:18.241464258Z[0m [INFO] TRADER-001.BacktestEngine: ⠀⠀⠀⠀⢠⣿⣿⣿⣇⠀⢿⣿⣿⣿⣿⣿⠀⢻⣿⣿⣿⡿⢃⣠⣾⣿⣿⣧⡀⠀⠀[0m
[1m2026-08-06T14:27:18.241464508Z[0m [INFO] TRADER-001.BacktestEngine: ⠀⠀⠀⠠⣾⣿⣿⣿⣿⣿⣧⠈⠋⢀⣴⣧⠀⣿⡏⢠⡀⢸⣿⣿⣿⣿⣿⣿⣿⡇⠀[0m
[1m2026-08-06T14:27:18.241464769Z[0m [INFO] TRADER-001.BacktestEngine: ⠀⠀⠀⣀⠙⢿⣿⣿⣿⣿⣿⠇⢠⣿⣿⣿⡄⠹⠃⠼⠃⠈⠉⠛⠛⠛⠛⠛⠻⠇⠀[0m
[1m2026-08-06T14:27:18.241465019Z[0m [INFO] TRADER-001.BacktestEngine: ⠀⠀⢸⡟⢠⣤⠉⠛⠿⢿⣿⠀⢸⣿⡿⠋⣠⣤⣄⠀⣾⣿⣿⣶⣶⣶⣦⡄⠀⠀⠀[0m
[1m2026-08-06T14:27:18.241466151Z[0m [INFO] TRADER-001.BacktestEngine: ⠀⠀⠸⠀⣾⠏⣸⣷⠂⣠⣤⠀⠘⢁⣴⣾⣿⣿⣿⡆⠘⣿⣿⣿⣿⣿⣿⠀⠀⠀⠀[0m
[1m2026-08-06T14:27:18.241466292Z[0m [INFO] TRADER-001.BacktestEngine: ⠀⠀⠀⠀⠛⠀⣿⡟⠀⢻⣿⡄⠸⣿⣿⣿⣿⣿⣿⣿⡀⠘⣿⣿⣿⣿⠟⠀⠀⠀⠀[0m
[1m2026-08-06T14:27:18.241466422Z[0m [INFO] TRADER-001.BacktestEngine: ⠀⠀⠀⠀⠀⠀⣿⠇⠀⠀⢻⡿⠀⠈⠻⣿⣿⣿⣿⣿⡇⠀⢹⣿⠿⠋⠀⠀⠀⠀⠀[0m
[1m2026-08-06T14:27:18.241466542Z[0m [INFO] TRADER-001.BacktestEngine: ⠀⠀⠀⠀⠀⠀⠋⠀⠀⠀⡘⠁⠀⠀⠀⠀⠀⠀⠀⠀⠀⠀⠈⠁⠀⠀⠀⠀⠀⠀⠀[0m
[1m2026-08-06T14:27:18.241466773Z[0m [INFO] TRADER-001.BacktestEngine: [0m
[1m2026-08-06T14:27:18.241466903Z[0m [36m[INFO] TRADER-001.BacktestEngine: =================================================================[0m
[1m2026-08-06T14:27:18.241467173Z[0m [36m[INFO] TRADER-001.BacktestEngine:  SYSTEM SPECIFICATION[0m
[1m2026-08-06T14:27:18.241467303Z[0m [36m[INFO] TRADER-001.BacktestEngine: =================================================================[0m
[1m2026-08-06T14:27:18.241468506Z[0m [INFO] TRADER-001.BacktestEngine: CPU architecture: AMD EPYC 7763 64-Core Processor[0m
[1m2026-08-06T14:27:18.241469197Z[0m [INFO] TRADER-001.BacktestEngine: CPU(s): 4 @ 3239 MHz[0m
[1m2026-08-06T14:27:18.241469928Z[0m [INFO] TRADER-001.BacktestEngine: OS: kernel-6.17.0-1020-azure Linux (Debian GNU/Linux 12)[0m
[1m2026-08-06T14:27:18.241527316Z[0m [36m[INFO] TRADER-001.BacktestEngine: =================================================================[0m
[1m2026-08-06T14:27:18.241534801Z[0m [36m[INFO] TRADER-001.BacktestEngine:  MEMORY USAGE[0m
[1m2026-08-06T14:27:18.241535251Z[0m [36m[INFO] TRADER-001.BacktestEngine: =================================================================[0m
[1m2026-08-06T14:27:18.241537566Z[0m [INFO] TRADER-001.BacktestEngine: RAM-Total: 15.62 GiB[0m
[1m2026-08-06T14:27:18.241538528Z[0m [INFO] TRADER-001.BacktestEngine: RAM-Used: 1.37 GiB (8.80%)[0m
[1m2026-08-06T14:27:18.241539169Z[0m [INFO] TRADER-001.BacktestEngine: RAM-Avail: 14.24 GiB (91.20%)[0m
[1m2026-08-06T14:27:18.241540631Z[0m [INFO] TRADER-001.BacktestEngine: Swap-Total: 3.00 GiB[0m
[1m2026-08-06T14:27:18.241541473Z[0m [INFO] TRADER-001.BacktestEngine: Swap-Used: 0.00 GiB (0.00%)[0m
[1m2026-08-06T14:27:18.241544278Z[0m [INFO] TRADER-001.BacktestEngine: Swap-Avail: 3.00 GiB (100.00%)[0m
[1m2026-08-06T14:27:18.241545430Z[0m [36m[INFO] TRADER-001.BacktestEngine: =================================================================[0m
[1m2026-08-06T14:27:18.241545801Z[0m [36m[INFO] TRADER-001.BacktestEngine:  IDENTIFIERS[0m
[1m2026-08-06T14:27:18.241546192Z[0m [36m[INFO] TRADER-001.BacktestEngine: =================================================================[0m
[1m2026-08-06T14:27:18.241546833Z[0m [INFO] TRADER-001.BacktestEngine: trader_id: TRADER-001[0m
[1m2026-08-06T14:27:18.241547464Z[0m [INFO] TRADER-001.BacktestEngine: machine_id: fb6c25bed1f4[0m
[1m2026-08-06T14:27:18.241548767Z[0m [INFO] TRADER-001.BacktestEngine: instance_id: f8b86ce2-40fb-4e41-973e-901ecb496ee6[0m
[1m2026-08-06T14:27:18.241549438Z[0m [INFO] TRADER-001.BacktestEngine: PID: 149[0m
[1m2026-08-06T14:27:18.241549789Z[0m [36m[INFO] TRADER-001.BacktestEngine: =================================================================[0m
[1m2026-08-06T14:27:18.241550009Z[0m [36m[INFO] TRADER-001.BacktestEngine:  VERSIONING[0m
[1m2026-08-06T14:27:18.241550230Z[0m [36m[INFO] TRADER-001.BacktestEngine: =================================================================[0m
[1m2026-08-06T14:27:18.241558515Z[0m [INFO] TRADER-001.BacktestEngine: nautilus_trader: 1.230.0[0m
[1m2026-08-06T14:27:18.241563745Z[0m [INFO] TRADER-001.BacktestEngine: python: 3.13.5[0m
[1m2026-08-06T14:27:18.241567051Z[0m [INFO] TRADER-001.BacktestEngine: numpy: 2.5.1[0m
[1m2026-08-06T14:27:18.241569616Z[0m [INFO] TRADER-001.BacktestEngine: pandas: 3.0.5[0m
[1m2026-08-06T14:27:18.241572822Z[0m [INFO] TRADER-001.BacktestEngine: msgspec: 0.21.1[0m
[1m2026-08-06T14:27:18.241575968Z[0m [INFO] TRADER-001.BacktestEngine: pyarrow: 25.0.0[0m
[1m2026-08-06T14:27:18.241584414Z[0m [INFO] TRADER-001.BacktestEngine: pytz: 2026.3.post1[0m
[1m2026-08-06T14:27:18.241587029Z[0m [INFO] TRADER-001.BacktestEngine: uvloop: 0.22.1[0m
[1m2026-08-06T14:27:18.241587389Z[0m [36m[INFO] TRADER-001.BacktestEngine: =================================================================[0m
[1m2026-08-06T14:27:18.241588491Z[0m [INFO] TRADER-001.nautilus_system::kernel: Building system kernel[0m
[1m2026-08-06T14:27:18.242640180Z[0m [INFO] TRADER-001.nautilus_backtest::engine: Adding exchange BINANCE to engine[0m
[1m2026-08-06T14:27:18.243099895Z[0m [INFO] TRADER-001.nautilus_backtest::exchange: Added instrument BTCUSDT-PERP.BINANCE and created matching engine[0m
[1m2026-08-06T14:27:18.243146814Z[0m [INFO] TRADER-001.nautilus_backtest::engine: Added instrument BTCUSDT-PERP.BINANCE to exchange BINANCE[0m
[1m2026-08-06T14:27:18.243264415Z[0m [INFO] TRADER-001.nautilus_backtest::exchange: Added instrument ETHUSDT-PERP.BINANCE and created matching engine[0m
[1m2026-08-06T14:27:18.243282890Z[0m [INFO] TRADER-001.nautilus_backtest::engine: Added instrument ETHUSDT-PERP.BINANCE to exchange BINANCE[0m
[1m2026-08-06T14:27:18.243376806Z[0m [INFO] TRADER-001.nautilus_backtest::exchange: Added instrument SOLUSDT-PERP.BINANCE and created matching engine[0m
[1m2026-08-06T14:27:18.243387106Z[0m [INFO] TRADER-001.nautilus_backtest::engine: Added instrument SOLUSDT-PERP.BINANCE to exchange BINANCE[0m
[1m2026-08-06T14:27:18.243482776Z[0m [INFO] TRADER-001.nautilus_backtest::exchange: Added instrument XRPUSDT-PERP.BINANCE and created matching engine[0m
[1m2026-08-06T14:27:18.243495379Z[0m [INFO] TRADER-001.nautilus_backtest::engine: Added instrument XRPUSDT-PERP.BINANCE to exchange BINANCE[0m
[1m2026-08-06T14:27:18.253555909Z[0m [INFO] TRADER-001.nautilus_backtest::engine: Added 12 data elements to BacktestEngine (12 total)[0m
[1m2026-08-06T14:27:18.254141471Z[0m [INFO] TRADER-001.nautilus_system::kernel: Disposing[0m
[1m2026-08-06T14:27:18.254157100Z[0m [INFO] TRADER-001.nautilus_backtest::execution_client: Backtest execution client stopped[0m
[1m2026-08-06T14:27:18.254175094Z[0m [INFO] TRADER-001.nautilus_execution::engine: Stopped[0m
[1m2026-08-06T14:27:18.254176457Z[0m [INFO] TRADER-001.nautilus_risk::engine: Stopped[0m
[1m2026-08-06T14:27:18.254178350Z[0m [INFO] TRADER-001.nautilus_execution::order_emulator::emulator: Stopped[0m
[1m2026-08-06T14:27:18.254182518Z[0m [INFO] TRADER-001.nautilus_execution::engine: Disposed[0m
[1m2026-08-06T14:27:18.254182999Z[0m [INFO] TRADER-001.nautilus_risk::engine: Disposed[0m
[1m2026-08-06T14:27:18.254185023Z[0m [INFO] TRADER-001.nautilus_execution::order_emulator::emulator: Disposed[0m
[1m2026-08-06T14:27:18.254188479Z[0m [INFO] TRADER-001.nautilus_common::cache: Reset cache[0m
[1m2026-08-06T14:27:18.254212885Z[0m [INFO] TRADER-001.nautilus_system::kernel: Disposed[0m
{
  "chain": {
    "all_data_converted_and_added": true,
    "all_instruments_converted_and_added": true,
    "engine_run_completed": false,
    "existing_python_strategy_added": false,
    "native_venue_costs_liquidation": true,
    "reports_generated": false
  },
  "classification": "IMPLEMENTATION_BOUNDARY_DIAGNOSTIC_ONLY",
  "failures": [
    {
      "error": "Failed to extract PyStrategy: TypeError: 'AggTradeAcceptanceStrategy' object is not an instance of 'Strategy'",
      "error_type": "RuntimeError",
      "label": "add existing Python strategy"
    }
  ]
}
