[OK] python: 3.13.5 (need 3.13.x)
[OK] nautilus_trader: 1.230.0 (need 1.230.0)
[OK] glibc: 2.36 (need >= 2.35)
test_direct_signal_uses_first_bucket_after_completed_raid (__main__.SessionRaidReversalTests.test_direct_signal_uses_first_bucket_after_completed_raid) ... ok
test_entry_outside_source_half_is_rejected (__main__.SessionRaidReversalTests.test_entry_outside_source_half_is_rejected) ... ok
test_future_suffix_does_not_change_existing_signal (__main__.SessionRaidReversalTests.test_future_suffix_does_not_change_existing_signal) ... ok
test_raid_bar_cannot_preconsume_source_opposite_target (__main__.SessionRaidReversalTests.test_raid_bar_cannot_preconsume_source_opposite_target) ... ok

----------------------------------------------------------------------
Ran 4 tests in 0.035s

OK
[1m2026-08-07T19:24:24.587422477Z[0m [36m[INFO] TRADER-001.BacktestEngine: =================================================================[0m
[1m2026-08-07T19:24:24.587437540Z[0m [36m[INFO] TRADER-001.BacktestEngine:  NAUTILUS TRADER - Automated Algorithmic Trading Platform[0m
[1m2026-08-07T19:24:24.587438071Z[0m [36m[INFO] TRADER-001.BacktestEngine:  by Nautech Systems Pty Ltd.[0m
[1m2026-08-07T19:24:24.587438271Z[0m [36m[INFO] TRADER-001.BacktestEngine:  Copyright (C) 2015-2026. All rights reserved.[0m
[1m2026-08-07T19:24:24.587438461Z[0m [36m[INFO] TRADER-001.BacktestEngine: =================================================================[0m
[1m2026-08-07T19:24:24.587438642Z[0m [INFO] TRADER-001.BacktestEngine: [0m
[1m2026-08-07T19:24:24.587438982Z[0m [INFO] TRADER-001.BacktestEngine: ⠀⠀⠀⠀⠀⠀⠀⠀⠀⠀⠀⠀⠀⣠⣴⣶⡟⠀⠀⠀⠀⠀⠀⠀⠀⠀⠀⠀⠀⠀⠀[0m
[1m2026-08-07T19:24:24.587439153Z[0m [INFO] TRADER-001.BacktestEngine: ⠀⠀⠀⠀⠀⠀⠀⠀⠀⠀⠀⣰⣾⣿⣿⣿⠀⢸⣿⣿⣿⣿⣶⣶⣤⣀⠀⠀⠀⠀⠀[0m
[1m2026-08-07T19:24:24.587439423Z[0m [INFO] TRADER-001.BacktestEngine: ⠀⠀⠀⠀⠀⠀⢀⣴⡇⢀⣾⣿⣿⣿⣿⣿⠀⣾⣿⣿⣿⣿⣿⣿⣿⠿⠓⠀⠀⠀⠀[0m
[1m2026-08-07T19:24:24.587439783Z[0m [INFO] TRADER-001.BacktestEngine: ⠀⠀⠀⠀⠀⣰⣿⣿⡀⢸⣿⣿⣿⣿⣿⣿⠀⣿⣿⣿⣿⣿⣿⠟⠁⣠⣄⠀⠀⠀⠀[0m
[1m2026-08-07T19:24:24.587440074Z[0m [INFO] TRADER-001.BacktestEngine: ⠀⠀⠀⠀⢠⣿⣿⣿⣇⠀⢿⣿⣿⣿⣿⣿⠀⢻⣿⣿⣿⡿⢃⣠⣾⣿⣿⣧⡀⠀⠀[0m
[1m2026-08-07T19:24:24.587440354Z[0m [INFO] TRADER-001.BacktestEngine: ⠀⠀⠀⠠⣾⣿⣿⣿⣿⣿⣧⠈⠋⢀⣴⣧⠀⣿⡏⢠⡀⢸⣿⣿⣿⣿⣿⣿⣿⡇⠀[0m
[1m2026-08-07T19:24:24.587440635Z[0m [INFO] TRADER-001.BacktestEngine: ⠀⠀⠀⣀⠙⢿⣿⣿⣿⣿⣿⠇⢠⣿⣿⣿⡄⠹⠃⠼⠃⠈⠉⠛⠛⠛⠛⠛⠻⠇⠀[0m
[1m2026-08-07T19:24:24.587440915Z[0m [INFO] TRADER-001.BacktestEngine: ⠀⠀⢸⡟⢠⣤⠉⠛⠿⢿⣿⠀⢸⣿⡿⠋⣠⣤⣄⠀⣾⣿⣿⣶⣶⣶⣦⡄⠀⠀⠀[0m
[1m2026-08-07T19:24:24.587442367Z[0m [INFO] TRADER-001.BacktestEngine: ⠀⠀⠸⠀⣾⠏⣸⣷⠂⣠⣤⠀⠘⢁⣴⣾⣿⣿⣿⡆⠘⣿⣿⣿⣿⣿⣿⠀⠀⠀⠀[0m
[1m2026-08-07T19:24:24.587442518Z[0m [INFO] TRADER-001.BacktestEngine: ⠀⠀⠀⠀⠛⠀⣿⡟⠀⢻⣿⡄⠸⣿⣿⣿⣿⣿⣿⣿⡀⠘⣿⣿⣿⣿⠟⠀⠀⠀⠀[0m
[1m2026-08-07T19:24:24.587442688Z[0m [INFO] TRADER-001.BacktestEngine: ⠀⠀⠀⠀⠀⠀⣿⠇⠀⠀⢻⡿⠀⠈⠻⣿⣿⣿⣿⣿⡇⠀⢹⣿⠿⠋⠀⠀⠀⠀⠀[0m
[1m2026-08-07T19:24:24.587442968Z[0m [INFO] TRADER-001.BacktestEngine: ⠀⠀⠀⠀⠀⠀⠋⠀⠀⠀⡘⠁⠀⠀⠀⠀⠀⠀⠀⠀⠀⠀⠈⠁⠀⠀⠀⠀⠀⠀⠀[0m
[1m2026-08-07T19:24:24.587443118Z[0m [INFO] TRADER-001.BacktestEngine: [0m
[1m2026-08-07T19:24:24.587443239Z[0m [36m[INFO] TRADER-001.BacktestEngine: =================================================================[0m
[1m2026-08-07T19:24:24.587443649Z[0m [36m[INFO] TRADER-001.BacktestEngine:  SYSTEM SPECIFICATION[0m
[1m2026-08-07T19:24:24.587443789Z[0m [36m[INFO] TRADER-001.BacktestEngine: =================================================================[0m
[1m2026-08-07T19:24:24.587445943Z[0m [INFO] TRADER-001.BacktestEngine: CPU architecture: AMD EPYC 9V74 80-Core Processor[0m
[1m2026-08-07T19:24:24.587446964Z[0m [INFO] TRADER-001.BacktestEngine: CPU(s): 4 @ 2870 MHz[0m
[1m2026-08-07T19:24:24.587447936Z[0m [INFO] TRADER-001.BacktestEngine: OS: kernel-6.17.0-1020-azure Linux (Debian GNU/Linux 12)[0m
[1m2026-08-07T19:24:24.587506414Z[0m [36m[INFO] TRADER-001.BacktestEngine: =================================================================[0m
[1m2026-08-07T19:24:24.587506684Z[0m [36m[INFO] TRADER-001.BacktestEngine:  MEMORY USAGE[0m
[1m2026-08-07T19:24:24.587506844Z[0m [36m[INFO] TRADER-001.BacktestEngine: =================================================================[0m
[1m2026-08-07T19:24:24.587510420Z[0m [INFO] TRADER-001.BacktestEngine: RAM-Total: 15.61 GiB[0m
[1m2026-08-07T19:24:24.587511111Z[0m [INFO] TRADER-001.BacktestEngine: RAM-Used: 1.35 GiB (8.63%)[0m
[1m2026-08-07T19:24:24.587511591Z[0m [INFO] TRADER-001.BacktestEngine: RAM-Avail: 14.27 GiB (91.37%)[0m
[1m2026-08-07T19:24:24.587512232Z[0m [INFO] TRADER-001.BacktestEngine: Swap-Total: 3.00 GiB[0m
[1m2026-08-07T19:24:24.587512713Z[0m [INFO] TRADER-001.BacktestEngine: Swap-Used: 0.00 GiB (0.00%)[0m
[1m2026-08-07T19:24:24.587513705Z[0m [INFO] TRADER-001.BacktestEngine: Swap-Avail: 3.00 GiB (100.00%)[0m
[1m2026-08-07T19:24:24.587514295Z[0m [36m[INFO] TRADER-001.BacktestEngine: =================================================================[0m
[1m2026-08-07T19:24:24.587514506Z[0m [36m[INFO] TRADER-001.BacktestEngine:  IDENTIFIERS[0m
[1m2026-08-07T19:24:24.587514666Z[0m [36m[INFO] TRADER-001.BacktestEngine: =================================================================[0m
[1m2026-08-07T19:24:24.587515057Z[0m [INFO] TRADER-001.BacktestEngine: trader_id: TRADER-001[0m
[1m2026-08-07T19:24:24.587516108Z[0m [INFO] TRADER-001.BacktestEngine: machine_id: 83720849e3f8[0m
[1m2026-08-07T19:24:24.587517330Z[0m [INFO] TRADER-001.BacktestEngine: instance_id: aa3c0418-b20d-44b3-970f-6b6e8f9960a5[0m
[1m2026-08-07T19:24:24.587517630Z[0m [INFO] TRADER-001.BacktestEngine: PID: 182[0m
[1m2026-08-07T19:24:24.587517791Z[0m [36m[INFO] TRADER-001.BacktestEngine: =================================================================[0m
[1m2026-08-07T19:24:24.587517951Z[0m [36m[INFO] TRADER-001.BacktestEngine:  VERSIONING[0m
[1m2026-08-07T19:24:24.587518091Z[0m [36m[INFO] TRADER-001.BacktestEngine: =================================================================[0m
[1m2026-08-07T19:24:24.587535597Z[0m [INFO] TRADER-001.BacktestEngine: nautilus_trader: 1.230.0[0m
[1m2026-08-07T19:24:24.587543429Z[0m [INFO] TRADER-001.BacktestEngine: python: 3.13.5[0m
[1m2026-08-07T19:24:24.587548196Z[0m [INFO] TRADER-001.BacktestEngine: numpy: 2.5.1[0m
[1m2026-08-07T19:24:24.587553324Z[0m [INFO] TRADER-001.BacktestEngine: pandas: 3.0.5[0m
[1m2026-08-07T19:24:24.587557140Z[0m [INFO] TRADER-001.BacktestEngine: msgspec: 0.21.1[0m
[1m2026-08-07T19:24:24.587561286Z[0m [INFO] TRADER-001.BacktestEngine: pyarrow: 25.0.0[0m
[1m2026-08-07T19:24:24.587565693Z[0m [INFO] TRADER-001.BacktestEngine: pytz: 2026.3.post1[0m
[1m2026-08-07T19:24:24.587570440Z[0m [INFO] TRADER-001.BacktestEngine: uvloop: 0.22.1[0m
[1m2026-08-07T19:24:24.587570810Z[0m [36m[INFO] TRADER-001.BacktestEngine: =================================================================[0m
[1m2026-08-07T19:24:24.587572042Z[0m [INFO] TRADER-001.nautilus_system::kernel: Building system kernel[0m
[1m2026-08-07T19:24:24.588060426Z[0m [INFO] TRADER-001.nautilus_backtest::engine: Adding exchange BINANCE to engine[0m
[1m2026-08-07T19:24:24.588100486Z[0m [INFO] TRADER-001.nautilus_backtest::exchange: Added instrument BTCUSDT-PERP.BINANCE and created matching engine[0m
[1m2026-08-07T19:24:24.588154297Z[0m [INFO] TRADER-001.nautilus_backtest::engine: Added instrument BTCUSDT-PERP.BINANCE to exchange BINANCE[0m
[1m2026-08-07T19:24:24.602857713Z[0m [INFO] TRADER-001.nautilus_backtest::engine: Added 62856 data elements to BacktestEngine (62856 total)[0m
[1m2026-08-07T19:24:24.605308656Z[0m [INFO] TRADER-001.nautilus_backtest::engine: Added 10476 data elements to BacktestEngine (73332 total)[0m
[1m2026-08-07T19:24:24.605332001Z[0m [INFO] TRADER-001.nautilus_backtest::engine: Added 22 data elements to BacktestEngine (73354 total)[0m
[1m2026-08-07T19:24:24.605336468Z[0m [INFO] TRADER-001.nautilus_backtest::engine: Data sort requested (iterator merges streams by replay timestamp)[0m
[1m2026-08-07T19:24:24.605431120Z[0m [INFO] TRADER-001.DataActor-140733277815304: Ready[0m
[1m2026-08-07T19:24:24.605539804Z[0m [INFO] TRADER-001.nautilus_backtest::python::engine: Registered Python strategy DataActor-140733277815304[0m
[1m2026-08-07T19:24:24.605592292Z[0m [INFO] TRADER-001.nautilus_portfolio::portfolio: Updated AccountState(account_id=BINANCE-001, account_type=MARGIN, base_currency=USDT, is_reported=true, balances=[AccountBalance(total=100000.00000000 USDT, locked=0.00000000 USDT, free=100000.00000000 USDT)], margins=[], event_id=0beb27bd-f679-4da8-a100-766f90b13056)[0m
[1m2024-04-07T23:25:10.000000000Z[0m [INFO] TRADER-001.nautilus_system::kernel: Starting[0m
[1m2024-04-07T23:25:10.000000000Z[0m [INFO] TRADER-001.nautilus_backtest::execution_client: Backtest execution client started[0m
[1m2024-04-07T23:25:10.000000000Z[0m [INFO] TRADER-001.nautilus_execution::engine: Started[0m
[1m2024-04-07T23:25:10.000000000Z[0m [INFO] TRADER-001.nautilus_risk::engine: Started[0m
[1m2024-04-07T23:25:10.000000000Z[0m [INFO] TRADER-001.nautilus_system::kernel: Initializing trader[0m
[1m2024-04-07T23:25:10.000000000Z[0m [INFO] TRADER-001.nautilus_system::kernel: Started[0m
[1m2024-04-07T23:25:10.000000000Z[0m [INFO] TRADER-001.nautilus_system::kernel: Starting trader...[0m
[1m2024-04-07T23:25:10.000000000Z[0m [INFO] TRADER-001.nautilus_execution::order_emulator::emulator: Started[0m
[1m2024-04-07T23:25:10.000000000Z[0m [INFO] TRADER-001.nautilus_system::trader: Starting[0m
[1m2024-04-07T23:25:10.000000000Z[0m [INFO] TRADER-001.DataActor-140733277815304: Starting[0m
[1m2024-04-07T23:25:10.000000000Z[0m [INFO] TRADER-001.nautilus_trading::strategy: Starting DataActor-140733277815304[0m
[1m2024-04-07T23:25:10.000000000Z[0m [INFO] TRADER-001.nautilus_common::actor::data_actor: [CMD]--> Subscribe(Bars(SubscribeBars { bar_type: Standard { instrument_id: "BTCUSDT-PERP.BINANCE", spec: BarSpecification { step: 10, aggregation: Second, price_type: Last }, aggregation_source: External }, client_id: None, venue: Some("BINANCE"), command_id: UUID4(af4354de-644e-4038-a0fd-ca8cdf0c6f30), ts_init: UnixNanos(1712532310000000000), correlation_id: None, params: None }))[0m
[1m2024-04-07T23:25:10.000000000Z[0m [INFO] TRADER-001.DataActor-140733277815304: Running[0m
[1m2024-04-07T23:25:10.000000000Z[0m [INFO] TRADER-001.nautilus_system::trader: Running[0m
[1m2024-04-07T23:25:10.000000000Z[0m [INFO] TRADER-001.nautilus_system::kernel: Trader started[0m
[1m2024-04-07T23:25:10.000000000Z[0m [36m[INFO] TRADER-001.nautilus_backtest::engine: =================================================================[0m
[1m2024-04-07T23:25:10.000000000Z[0m [36m[INFO] TRADER-001.nautilus_backtest::engine:  BACKTEST PRE-RUN[0m
[1m2024-04-07T23:25:10.000000000Z[0m [36m[INFO] TRADER-001.nautilus_backtest::engine: =================================================================[0m
[1m2024-04-07T23:25:10.000000000Z[0m [36m[INFO] TRADER-001.nautilus_backtest::engine: =================================================================[0m
[1m2024-04-07T23:25:10.000000000Z[0m [INFO] TRADER-001.nautilus_backtest::engine:  SimulatedVenue BINANCE (MARGIN)[0m
[1m2024-04-07T23:25:10.000000000Z[0m [36m[INFO] TRADER-001.nautilus_backtest::engine: -----------------------------------------------------------------[0m
[1m2024-04-07T23:25:10.000000000Z[0m [INFO] TRADER-001.nautilus_backtest::engine: Balances starting:[0m
[1m2024-04-07T23:25:10.000000000Z[0m [INFO] TRADER-001.nautilus_backtest::engine:   100000.00000000 USDT[0m
[1m2024-04-07T23:25:10.000000000Z[0m [36m[INFO] TRADER-001.nautilus_backtest::engine: -----------------------------------------------------------------[0m
[1m2024-04-07T23:25:10.000000000Z[0m [36m[INFO] TRADER-001.nautilus_backtest::engine: =================================================================[0m
[1m2024-04-07T23:25:10.000000000Z[0m [36m[INFO] TRADER-001.nautilus_backtest::engine:  BACKTEST RUN[0m
[1m2024-04-07T23:25:10.000000000Z[0m [36m[INFO] TRADER-001.nautilus_backtest::engine: =================================================================[0m
[1m2024-04-07T23:25:10.000000000Z[0m [INFO] TRADER-001.nautilus_backtest::engine: Run config ID:  None[0m
[1m2024-04-07T23:25:10.000000000Z[0m [INFO] TRADER-001.nautilus_backtest::engine: Run ID:         7f3651f3-9da9-46e6-8ed6-e133b8ee320b[0m
[1m2024-04-07T23:25:10.000000000Z[0m [INFO] TRADER-001.nautilus_backtest::engine: Backtest start: 2024-04-07T23:25:10.000000000Z[0m
[1m2024-04-07T23:25:10.000000000Z[0m [INFO] TRADER-001.nautilus_backtest::engine: Data elements:  73354[0m
[1m2024-04-07T23:25:10.000000000Z[0m [36m[INFO] TRADER-001.nautilus_backtest::engine: -----------------------------------------------------------------[0m
[1m2024-04-07T23:25:10.000000000Z[0m [94m[INFO] TRADER-001.nautilus_data::client: Subscribed BTCUSDT-PERP.BINANCE-10-SECOND-LAST-EXTERNAL bars[0m
[1m2024-04-09T08:30:00.000000000Z[0m [INFO] TRADER-001.nautilus_trading::strategy: DataActor-140733277815304 <--[EVT] OrderInitialized(instrument_id=BTCUSDT-PERP.BINANCE, client_order_id=O-20240409-083000-001-140733277815304-1, side=BUY, type=MARKET, quantity=4.832, time_in_force=GTC, post_only=false, reduce_only=false, quote_quantity=false, price=None, emulation_trigger=None, trigger_instrument_id=None, contingency_type=OTO, order_list_id=OL-20240409-083000-001-140733277815304-1, linked_order_ids=[O-20240409-083000-001-140733277815304-2, O-20240409-083000-001-140733277815304-3], parent_order_id=None, exec_algorithm_id=None, exec_algorithm_params=None, exec_spawn_id=None, tags=BTCUSDT-session-raid-00012-1712651399999000000, BREAKOUT_ACCEPTANCE_CONTINUATION, LONG, TEN_SECOND_MARKET_ENTRY)[0m
[1m2024-04-09T08:30:00.000000000Z[0m [INFO] TRADER-001.nautilus_trading::strategy: DataActor-140733277815304 <--[EVT] OrderInitialized(instrument_id=BTCUSDT-PERP.BINANCE, client_order_id=O-20240409-083000-001-140733277815304-2, side=SELL, type=STOP_MARKET, quantity=4.832, time_in_force=GTC, post_only=false, reduce_only=true, quote_quantity=false, price=None, emulation_trigger=None, trigger_instrument_id=None, contingency_type=OUO, order_list_id=OL-20240409-083000-001-140733277815304-1, linked_order_ids=[O-20240409-083000-001-140733277815304-3], parent_order_id=O-20240409-083000-001-140733277815304-1, exec_algorithm_id=None, exec_algorithm_params=None, exec_spawn_id=None, tags=BTCUSDT-session-raid-00012-1712651399999000000, OBSERVED_RETEST_INVALIDATION)[0m
[1m2024-04-09T08:30:00.000000000Z[0m [INFO] TRADER-001.nautilus_trading::strategy: DataActor-140733277815304 <--[EVT] OrderInitialized(instrument_id=BTCUSDT-PERP.BINANCE, client_order_id=O-20240409-083000-001-140733277815304-3, side=SELL, type=LIMIT, quantity=4.832, time_in_force=GTC, post_only=false, reduce_only=true, quote_quantity=false, price=71820.6, emulation_trigger=None, trigger_instrument_id=None, contingency_type=OUO, order_list_id=OL-20240409-083000-001-140733277815304-1, linked_order_ids=[O-20240409-083000-001-140733277815304-2], parent_order_id=O-20240409-083000-001-140733277815304-1, exec_algorithm_id=None, exec_algorithm_params=None, exec_spawn_id=None, tags=BTCUSDT-session-raid-00012-1712651399999000000, ACTIVE_COMPLETED_EXTERNAL_TARGET)[0m
[1m2024-04-09T08:30:00.000000000Z[0m [INFO] TRADER-001.nautilus_trading::strategy: DataActor-140733277815304 [CMD]--> SubmitOrderList[0m
[1m2024-04-09T08:30:00.000000000Z[0m [94m[INFO] TRADER-001.nautilus_execution::engine: Submit OrderList(id=OL-20240409-083000-001-140733277815304-1, instrument_id=BTCUSDT-PERP.BINANCE, strategy_id=DataActor-140733277815304, client_order_ids=["O-20240409-083000-001-140733277815304-1", "O-20240409-083000-001-140733277815304-2", "O-20240409-083000-001-140733277815304-3"], ts_init=1712651400000000000)[0m
[1m2024-04-09T08:30:00.000000000Z[0m [INFO] TRADER-001.nautilus_trading::strategy: DataActor-140733277815304 <--[EVT] OrderSubmitted(instrument_id=BTCUSDT-PERP.BINANCE, client_order_id=O-20240409-083000-001-140733277815304-1, account_id=BINANCE-001, ts_event=1712651400000000000)[0m
[1m2024-04-09T08:30:00.000000000Z[0m [INFO] TRADER-001.nautilus_trading::strategy: DataActor-140733277815304 <--[EVT] OrderSubmitted(instrument_id=BTCUSDT-PERP.BINANCE, client_order_id=O-20240409-083000-001-140733277815304-2, account_id=BINANCE-001, ts_event=1712651400000000000)[0m
[1m2024-04-09T08:30:00.000000000Z[0m [INFO] TRADER-001.nautilus_trading::strategy: DataActor-140733277815304 <--[EVT] OrderSubmitted(instrument_id=BTCUSDT-PERP.BINANCE, client_order_id=O-20240409-083000-001-140733277815304-3, account_id=BINANCE-001, ts_event=1712651400000000000)[0m
[1m2024-04-09T08:30:00.000000000Z[0m [INFO] TRADER-001.nautilus_portfolio::manager: BTCUSDT-PERP.BINANCE margin_init=0.00000000 USDT[0m
[1m2024-04-09T08:30:00.000000000Z[0m [INFO] TRADER-001.nautilus_trading::strategy: DataActor-140733277815304 <--[EVT] OrderFilled(instrument_id=BTCUSDT-PERP.BINANCE, client_order_id=O-20240409-083000-001-140733277815304-1, venue_order_id=BINANCE-1-1, account_id=BINANCE-001, trade_id=T-9e4f654c41d200a7-33390, position_id=P-20240409-083000-001-140733277815304-1, order_side=BUY, order_type=MARKET, last_qty=4.832, last_px=70_166.4 USDT, commission=203.42642688 USDT, liquidity_side=TAKER, ts_event=1712651400000000000)[0m
[1m2024-04-09T08:30:00.000000000Z[0m [INFO] TRADER-001.nautilus_trading::strategy: Canceling 2 inflight BTCUSDT-PERP.BINANCE orders[0m
[1m2024-04-09T08:30:00.000000000Z[0m [INFO] TRADER-001.nautilus_trading::strategy: DataActor-140733277815304 [CMD]--> CancelAllOrders[0m
[1m2024-04-09T08:30:00.000000000Z[0m [INFO] TRADER-001.nautilus_portfolio::portfolio: BTCUSDT-PERP.BINANCE net_position=4.832[0m
[1m2024-04-09T08:30:00.000000000Z[0m [INFO] TRADER-001.nautilus_portfolio::manager: BTCUSDT-PERP.BINANCE margin_maint=1356.17617920 USDT[0m
[1m2024-04-09T08:30:00.000000000Z[0m [INFO] TRADER-001.nautilus_portfolio::portfolio: Updated AccountState(account_id=BINANCE-001, account_type=MARGIN, base_currency=USDT, is_reported=false, balances=[AccountBalance(total=99796.57357312 USDT, locked=1356.17617920 USDT, free=98440.39739392 USDT)], margins=[MarginBalance(initial=0.00000000 USDT, maintenance=1356.17617920 USDT, instrument_id=BTCUSDT-PERP.BINANCE)], event_id=8703e162-3073-49d0-a4c0-42082b850670)[0m
[1m2024-04-09T08:30:00.000000000Z[0m [INFO] TRADER-001.nautilus_trading::strategy: DataActor-140733277815304 <--[EVT] PositionOpened(PositionOpened { trader_id: "TRADER-001", strategy_id: "DataActor-140733277815304", instrument_id: "BTCUSDT-PERP.BINANCE", position_id: "P-20240409-083000-001-140733277815304-1", account_id: "BINANCE-001", opening_order_id: "O-20240409-083000-001-140733277815304-1", entry: Buy, side: Long, signed_qty: 4.832, quantity: Quantity(4.832), last_qty: Quantity(4.832), last_px: Price(70166.4), currency: Currency(code='USDT', precision=8, iso4217=0, name='Tether', currency_type=CRYPTO), avg_px_open: 70166.4, event_id: UUID4(6a82fef1-7ce4-4319-8ff9-eb1cc42a06eb), ts_event: UnixNanos(1712651400000000000), ts_init: UnixNanos(1712651400000000000) })[0m
[1m2024-04-09T08:30:00.000000000Z[0m [INFO] TRADER-001.nautilus_portfolio::manager: BTCUSDT-PERP.BINANCE margin_init=0.00000000 USDT[0m
[1m2024-04-09T08:30:00.000000000Z[0m [INFO] TRADER-001.nautilus_portfolio::portfolio: Updated AccountState(account_id=BINANCE-001, account_type=MARGIN, base_currency=USDT, is_reported=false, balances=[AccountBalance(total=99796.57357312 USDT, locked=1356.17617920 USDT, free=98440.39739392 USDT)], margins=[MarginBalance(initial=0.00000000 USDT, maintenance=1356.17617920 USDT, instrument_id=BTCUSDT-PERP.BINANCE)], event_id=4ac49135-63a7-4489-a16c-a1cadfd55b3b)[0m
[1m2024-04-09T08:30:00.000000000Z[0m [INFO] TRADER-001.nautilus_trading::strategy: DataActor-140733277815304 <--[EVT] OrderAccepted(instrument_id=BTCUSDT-PERP.BINANCE, client_order_id=O-20240409-083000-001-140733277815304-2, venue_order_id=BINANCE-1-2, account_id=BINANCE-001, ts_event=1712651400000000000)[0m
[1m2024-04-09T08:30:00.000000000Z[0m [INFO] TRADER-001.nautilus_portfolio::manager: BTCUSDT-PERP.BINANCE margin_init=0.00000000 USDT[0m
[1m2024-04-09T08:30:00.000000000Z[0m [INFO] TRADER-001.nautilus_portfolio::portfolio: Updated AccountState(account_id=BINANCE-001, account_type=MARGIN, base_currency=USDT, is_reported=false, balances=[AccountBalance(total=99796.57357312 USDT, locked=1356.17617920 USDT, free=98440.39739392 USDT)], margins=[MarginBalance(initial=0.00000000 USDT, maintenance=1356.17617920 USDT, instrument_id=BTCUSDT-PERP.BINANCE)], event_id=66a12136-634a-4b78-976a-6db0efb100d9)[0m
[1m2024-04-09T08:30:00.000000000Z[0m [INFO] TRADER-001.nautilus_trading::strategy: DataActor-140733277815304 <--[EVT] OrderAccepted(instrument_id=BTCUSDT-PERP.BINANCE, client_order_id=O-20240409-083000-001-140733277815304-3, venue_order_id=BINANCE-1-3, account_id=BINANCE-001, ts_event=1712651400000000000)[0m
[1m2024-04-09T08:30:00.000000000Z[0m [94m[INFO] TRADER-001.nautilus_execution::engine: Cancel all orders[0m
[1m2024-04-09T08:30:00.000000000Z[0m [INFO] TRADER-001.nautilus_portfolio::manager: BTCUSDT-PERP.BINANCE margin_init=0.00000000 USDT[0m
[1m2024-04-09T08:30:00.000000000Z[0m [INFO] TRADER-001.nautilus_portfolio::portfolio: Updated AccountState(account_id=BINANCE-001, account_type=MARGIN, base_currency=USDT, is_reported=false, balances=[AccountBalance(total=99796.57357312 USDT, locked=1356.17617920 USDT, free=98440.39739392 USDT)], margins=[MarginBalance(initial=0.00000000 USDT, maintenance=1356.17617920 USDT, instrument_id=BTCUSDT-PERP.BINANCE)], event_id=65b1d275-9711-4794-8a44-f9e96d628f32)[0m
[1m2024-04-09T08:30:00.000000000Z[0m [INFO] TRADER-001.nautilus_trading::strategy: DataActor-140733277815304 <--[EVT] OrderCanceled(instrument_id=BTCUSDT-PERP.BINANCE, client_order_id=O-20240409-083000-001-140733277815304-2, venue_order_id=BINANCE-1-2, account_id=BINANCE-001, ts_event=1712651400000000000)[0m
[1m2024-04-09T08:30:00.000000000Z[0m [INFO] TRADER-001.nautilus_portfolio::manager: BTCUSDT-PERP.BINANCE margin_init=0.00000000 USDT[0m
[1m2024-04-09T08:30:00.000000000Z[0m [INFO] TRADER-001.nautilus_portfolio::portfolio: Updated AccountState(account_id=BINANCE-001, account_type=MARGIN, base_currency=USDT, is_reported=false, balances=[AccountBalance(total=99796.57357312 USDT, locked=1356.17617920 USDT, free=98440.39739392 USDT)], margins=[MarginBalance(initial=0.00000000 USDT, maintenance=1356.17617920 USDT, instrument_id=BTCUSDT-PERP.BINANCE)], event_id=f41d1534-4592-407a-93d0-2defc31ed4cf)[0m
[1m2024-04-09T08:30:00.000000000Z[0m [INFO] TRADER-001.nautilus_trading::strategy: DataActor-140733277815304 <--[EVT] OrderCanceled(instrument_id=BTCUSDT-PERP.BINANCE, client_order_id=O-20240409-083000-001-140733277815304-3, venue_order_id=BINANCE-1-3, account_id=BINANCE-001, ts_event=1712651400000000000)[0m
[1m2024-04-09T08:30:00.000000000Z[0m [1;33m[WARN] TRADER-001.nautilus_common::cache: Cannot calculate unrealized PnL for P-20240409-083000-001-140733277815304-1, no quotes for BTCUSDT-PERP.BINANCE[0m
[1m2024-04-09T08:30:10.000000000Z[0m [INFO] TRADER-001.nautilus_trading::strategy: No BTCUSDT-PERP.BINANCE open, emulated, or inflight orders to cancel[0m
[1m2024-04-09T08:30:10.000000000Z[0m [INFO] TRADER-001.nautilus_trading::strategy: Closing 1 open position[0m
[1m2024-04-09T08:30:10.000000000Z[0m [INFO] TRADER-001.nautilus_trading::strategy: DataActor-140733277815304 <--[EVT] OrderInitialized(instrument_id=BTCUSDT-PERP.BINANCE, client_order_id=O-20240409-083010-001-140733277815304-4, side=SELL, type=MARKET, quantity=4.832, time_in_force=GTC, post_only=false, reduce_only=true, quote_quantity=false, price=None, emulation_trigger=None, trigger_instrument_id=None, contingency_type=NO_CONTINGENCY, order_list_id=None, linked_order_ids=[None], parent_order_id=None, exec_algorithm_id=None, exec_algorithm_params=None, exec_spawn_id=None, tags=None)[0m
[1m2024-04-09T08:30:10.000000000Z[0m [INFO] TRADER-001.nautilus_trading::strategy: DataActor-140733277815304 [CMD]--> SubmitOrder[0m
[1m2024-04-09T08:30:10.000000000Z[0m [94m[INFO] TRADER-001.nautilus_execution::engine: Submit MarketOrder(SELL 4.832 BTCUSDT-PERP.BINANCE @ MARKET GTC, status=INITIALIZED, client_order_id=O-20240409-083010-001-140733277815304-4, venue_order_id=None, position_id=None, exec_algorithm_id=None, exec_spawn_id=None, tags=None)[0m
[1m2024-04-09T08:30:10.000000000Z[0m [INFO] TRADER-001.nautilus_trading::strategy: DataActor-140733277815304 <--[EVT] OrderSubmitted(instrument_id=BTCUSDT-PERP.BINANCE, client_order_id=O-20240409-083010-001-140733277815304-4, account_id=BINANCE-001, ts_event=1712651410000000000)[0m
[1m2024-04-09T08:30:10.000000000Z[0m [INFO] TRADER-001.nautilus_portfolio::manager: BTCUSDT-PERP.BINANCE margin_init=0.00000000 USDT[0m
[1m2024-04-09T08:30:10.000000000Z[0m [INFO] TRADER-001.nautilus_trading::strategy: DataActor-140733277815304 <--[EVT] OrderFilled(instrument_id=BTCUSDT-PERP.BINANCE, client_order_id=O-20240409-083010-001-140733277815304-4, venue_order_id=BINANCE-1-4, account_id=BINANCE-001, trade_id=T-e876f49b53d969f6-33393, position_id=P-20240409-083000-001-140733277815304-1, order_side=SELL, order_type=MARKET, last_qty=4.832, last_px=70_138.8 USDT, commission=203.34640896 USDT, liquidity_side=TAKER, ts_event=1712651410000000000)[0m
[1m2024-04-09T08:30:10.000000000Z[0m [INFO] TRADER-001.nautilus_portfolio::portfolio: BTCUSDT-PERP.BINANCE net_position=0[0m
[1m2024-04-09T08:30:10.000000000Z[0m [INFO] TRADER-001.nautilus_portfolio::manager: BTCUSDT-PERP.BINANCE margin_maint=0.00000000 USDT[0m
[1m2024-04-09T08:30:10.000000000Z[0m [INFO] TRADER-001.nautilus_portfolio::portfolio: Updated AccountState(account_id=BINANCE-001, account_type=MARGIN, base_currency=USDT, is_reported=false, balances=[AccountBalance(total=99459.86396416 USDT, locked=0.00000000 USDT, free=99459.86396416 USDT)], margins=[], event_id=7dd97b39-5dc1-4b41-ab9b-633a963bc92b)[0m
[1m2024-04-09T08:30:10.000000000Z[0m [INFO] TRADER-001.nautilus_trading::strategy: DataActor-140733277815304 <--[EVT] PositionClosed(PositionClosed { trader_id: "TRADER-001", strategy_id: "DataActor-140733277815304", instrument_id: "BTCUSDT-PERP.BINANCE", position_id: "P-20240409-083000-001-140733277815304-1", account_id: "BINANCE-001", opening_order_id: "O-20240409-083000-001-140733277815304-1", closing_order_id: Some("O-20240409-083010-001-140733277815304-4"), entry: Buy, side: Flat, signed_qty: 0.0, quantity: Quantity(0.000), peak_quantity: Quantity(4.832), last_qty: Quantity(4.832), last_px: Price(70138.8), currency: Currency(code='USDT', precision=8, iso4217=0, name='Tether', currency_type=CRYPTO), avg_px_open: 70166.4, avg_px_close: Some(70138.8), realized_return: -0.0003933506635653428, realized_pnl: Some(Money(-540.13603584, USDT)), unrealized_pnl: Money(0.00000000, USDT), duration: 10000000000, event_id: UUID4(deb731fc-59d9-4a3e-81cd-9ec542a8740e), ts_opened: UnixNanos(1712651400000000000), ts_closed: Some(UnixNanos(1712651410000000000)), ts_event: UnixNanos(1712651410000000000), ts_init: UnixNanos(1712651410000000000) })[0m
[1m2024-04-11T11:45:00.000000000Z[0m [INFO] TRADER-001.nautilus_trading::strategy: DataActor-140733277815304 <--[EVT] OrderInitialized(instrument_id=BTCUSDT-PERP.BINANCE, client_order_id=O-20240411-114500-001-140733277815304-5, side=BUY, type=MARKET, quantity=6.510, time_in_force=GTC, post_only=false, reduce_only=false, quote_quantity=false, price=None, emulation_trigger=None, trigger_instrument_id=None, contingency_type=OTO, order_list_id=OL-20240411-114500-001-140733277815304-2, linked_order_ids=[O-20240411-114500-001-140733277815304-6, O-20240411-114500-001-140733277815304-7], parent_order_id=None, exec_algorithm_id=None, exec_algorithm_params=None, exec_spawn_id=None, tags=BTCUSDT-session-raid-00013-1712835899999000000, BREAKOUT_ACCEPTANCE_CONTINUATION, LONG, TEN_SECOND_MARKET_ENTRY)[0m
[1m2024-04-11T11:45:00.000000000Z[0m [INFO] TRADER-001.nautilus_trading::strategy: DataActor-140733277815304 <--[EVT] OrderInitialized(instrument_id=BTCUSDT-PERP.BINANCE, client_order_id=O-20240411-114500-001-140733277815304-6, side=SELL, type=STOP_MARKET, quantity=6.510, time_in_force=GTC, post_only=false, reduce_only=true, quote_quantity=false, price=None, emulation_trigger=None, trigger_instrument_id=None, contingency_type=OUO, order_list_id=OL-20240411-114500-001-140733277815304-2, linked_order_ids=[O-20240411-114500-001-140733277815304-7], parent_order_id=O-20240411-114500-001-140733277815304-5, exec_algorithm_id=None, exec_algorithm_params=None, exec_spawn_id=None, tags=BTCUSDT-session-raid-00013-1712835899999000000, OBSERVED_RETEST_INVALIDATION)[0m
[1m2024-04-11T11:45:00.000000000Z[0m [INFO] TRADER-001.nautilus_trading::strategy: DataActor-140733277815304 <--[EVT] OrderInitialized(instrument_id=BTCUSDT-PERP.BINANCE, client_order_id=O-20240411-114500-001-140733277815304-7, side=SELL, type=LIMIT, quantity=6.510, time_in_force=GTC, post_only=false, reduce_only=true, quote_quantity=false, price=71387.4, emulation_trigger=None, trigger_instrument_id=None, contingency_type=OUO, order_list_id=OL-20240411-114500-001-140733277815304-2, linked_order_ids=[O-20240411-114500-001-140733277815304-6], parent_order_id=O-20240411-114500-001-140733277815304-5, exec_algorithm_id=None, exec_algorithm_params=None, exec_spawn_id=None, tags=BTCUSDT-session-raid-00013-1712835899999000000, ACTIVE_COMPLETED_EXTERNAL_TARGET)[0m
[1m2024-04-11T11:45:00.000000000Z[0m [INFO] TRADER-001.nautilus_trading::strategy: DataActor-140733277815304 [CMD]--> SubmitOrderList[0m
[1m2024-04-11T11:45:00.000000000Z[0m [94m[INFO] TRADER-001.nautilus_execution::engine: Submit OrderList(id=OL-20240411-114500-001-140733277815304-2, instrument_id=BTCUSDT-PERP.BINANCE, strategy_id=DataActor-140733277815304, client_order_ids=["O-20240411-114500-001-140733277815304-5", "O-20240411-114500-001-140733277815304-6", "O-20240411-114500-001-140733277815304-7"], ts_init=1712835900000000000)[0m
[1m2024-04-11T11:45:00.000000000Z[0m [INFO] TRADER-001.nautilus_trading::strategy: DataActor-140733277815304 <--[EVT] OrderSubmitted(instrument_id=BTCUSDT-PERP.BINANCE, client_order_id=O-20240411-114500-001-140733277815304-5, account_id=BINANCE-001, ts_event=1712835900000000000)[0m
[1m2024-04-11T11:45:00.000000000Z[0m [INFO] TRADER-001.nautilus_trading::strategy: DataActor-140733277815304 <--[EVT] OrderSubmitted(instrument_id=BTCUSDT-PERP.BINANCE, client_order_id=O-20240411-114500-001-140733277815304-6, account_id=BINANCE-001, ts_event=1712835900000000000)[0m
[1m2024-04-11T11:45:00.000000000Z[0m [INFO] TRADER-001.nautilus_trading::strategy: DataActor-140733277815304 <--[EVT] OrderSubmitted(instrument_id=BTCUSDT-PERP.BINANCE, client_order_id=O-20240411-114500-001-140733277815304-7, account_id=BINANCE-001, ts_event=1712835900000000000)[0m
[1m2024-04-11T11:45:00.000000000Z[0m [INFO] TRADER-001.nautilus_portfolio::manager: BTCUSDT-PERP.BINANCE margin_init=0.00000000 USDT[0m
[1m2024-04-11T11:45:00.000000000Z[0m [INFO] TRADER-001.nautilus_trading::strategy: DataActor-140733277815304 <--[EVT] OrderFilled(instrument_id=BTCUSDT-PERP.BINANCE, client_order_id=O-20240411-114500-001-140733277815304-5, venue_order_id=BINANCE-1-5, account_id=BINANCE-001, trade_id=T-f44e4b7c5930c41f-85160, position_id=P-20240411-114500-001-140733277815304-2, order_side=BUY, order_type=MARKET, last_qty=6.510, last_px=70_381.2 USDT, commission=274.90896720 USDT, liquidity_side=TAKER, ts_event=1712835900000000000)[0m
[1m2024-04-11T11:45:00.000000000Z[0m [INFO] TRADER-001.nautilus_trading::strategy: Canceling 2 inflight BTCUSDT-PERP.BINANCE orders[0m
[1m2024-04-11T11:45:00.000000000Z[0m [INFO] TRADER-001.nautilus_trading::strategy: DataActor-140733277815304 [CMD]--> CancelAllOrders[0m
[1m2024-04-11T11:45:00.000000000Z[0m [INFO] TRADER-001.nautilus_portfolio::portfolio: BTCUSDT-PERP.BINANCE net_position=6.51[0m
[1m2024-04-11T11:45:00.000000000Z[0m [INFO] TRADER-001.nautilus_portfolio::manager: BTCUSDT-PERP.BINANCE margin_maint=1832.72644800 USDT[0m
[1m2024-04-11T11:45:00.000000000Z[0m [INFO] TRADER-001.nautilus_portfolio::portfolio: Updated AccountState(account_id=BINANCE-001, account_type=MARGIN, base_currency=USDT, is_reported=false, balances=[AccountBalance(total=99184.95499696 USDT, locked=1832.72644800 USDT, free=97352.22854896 USDT)], margins=[MarginBalance(initial=0.00000000 USDT, maintenance=1832.72644800 USDT, instrument_id=BTCUSDT-PERP.BINANCE)], event_id=35d63a4f-b0d1-49fd-9877-4370b678310a)[0m
[1m2024-04-11T11:45:00.000000000Z[0m [INFO] TRADER-001.nautilus_trading::strategy: DataActor-140733277815304 <--[EVT] PositionOpened(PositionOpened { trader_id: "TRADER-001", strategy_id: "DataActor-140733277815304", instrument_id: "BTCUSDT-PERP.BINANCE", position_id: "P-20240411-114500-001-140733277815304-2", account_id: "BINANCE-001", opening_order_id: "O-20240411-114500-001-140733277815304-5", entry: Buy, side: Long, signed_qty: 6.51, quantity: Quantity(6.510), last_qty: Quantity(6.510), last_px: Price(70381.2), currency: Currency(code='USDT', precision=8, iso4217=0, name='Tether', currency_type=CRYPTO), avg_px_open: 70381.2, event_id: UUID4(241f3b9e-32db-4f3e-b16c-fbfc72ffbddb), ts_event: UnixNanos(1712835900000000000), ts_init: UnixNanos(1712835900000000000) })[0m
[1m2024-04-11T11:45:00.000000000Z[0m [INFO] TRADER-001.nautilus_portfolio::manager: BTCUSDT-PERP.BINANCE margin_init=0.00000000 USDT[0m
[1m2024-04-11T11:45:00.000000000Z[0m [INFO] TRADER-001.nautilus_portfolio::portfolio: Updated AccountState(account_id=BINANCE-001, account_type=MARGIN, base_currency=USDT, is_reported=false, balances=[AccountBalance(total=99184.95499696 USDT, locked=1832.72644800 USDT, free=97352.22854896 USDT)], margins=[MarginBalance(initial=0.00000000 USDT, maintenance=1832.72644800 USDT, instrument_id=BTCUSDT-PERP.BINANCE)], event_id=cccffb36-783a-42ae-8445-41fa2382528c)[0m
[1m2024-04-11T11:45:00.000000000Z[0m [INFO] TRADER-001.nautilus_trading::strategy: DataActor-140733277815304 <--[EVT] OrderAccepted(instrument_id=BTCUSDT-PERP.BINANCE, client_order_id=O-20240411-114500-001-140733277815304-6, venue_order_id=BINANCE-1-6, account_id=BINANCE-001, ts_event=1712835900000000000)[0m
[1m2024-04-11T11:45:00.000000000Z[0m [INFO] TRADER-001.nautilus_portfolio::manager: BTCUSDT-PERP.BINANCE margin_init=0.00000000 USDT[0m
[1m2024-04-11T11:45:00.000000000Z[0m [INFO] TRADER-001.nautilus_portfolio::portfolio: Updated AccountState(account_id=BINANCE-001, account_type=MARGIN, base_currency=USDT, is_reported=false, balances=[AccountBalance(total=99184.95499696 USDT, locked=1832.72644800 USDT, free=97352.22854896 USDT)], margins=[MarginBalance(initial=0.00000000 USDT, maintenance=1832.72644800 USDT, instrument_id=BTCUSDT-PERP.BINANCE)], event_id=9246aaef-5e74-40bc-aecc-69cc1130cc02)[0m
[1m2024-04-11T11:45:00.000000000Z[0m [INFO] TRADER-001.nautilus_trading::strategy: DataActor-140733277815304 <--[EVT] OrderAccepted(instrument_id=BTCUSDT-PERP.BINANCE, client_order_id=O-20240411-114500-001-140733277815304-7, venue_order_id=BINANCE-1-7, account_id=BINANCE-001, ts_event=1712835900000000000)[0m
[1m2024-04-11T11:45:00.000000000Z[0m [94m[INFO] TRADER-001.nautilus_execution::engine: Cancel all orders[0m
[1m2024-04-11T11:45:00.000000000Z[0m [INFO] TRADER-001.nautilus_portfolio::manager: BTCUSDT-PERP.BINANCE margin_init=0.00000000 USDT[0m
[1m2024-04-11T11:45:00.000000000Z[0m [INFO] TRADER-001.nautilus_portfolio::portfolio: Updated AccountState(account_id=BINANCE-001, account_type=MARGIN, base_currency=USDT, is_reported=false, balances=[AccountBalance(total=99184.95499696 USDT, locked=1832.72644800 USDT, free=97352.22854896 USDT)], margins=[MarginBalance(initial=0.00000000 USDT, maintenance=1832.72644800 USDT, instrument_id=BTCUSDT-PERP.BINANCE)], event_id=20be86e0-1ecf-4588-b379-65631cd428c0)[0m
[1m2024-04-11T11:45:00.000000000Z[0m [INFO] TRADER-001.nautilus_trading::strategy: DataActor-140733277815304 <--[EVT] OrderCanceled(instrument_id=BTCUSDT-PERP.BINANCE, client_order_id=O-20240411-114500-001-140733277815304-6, venue_order_id=BINANCE-1-6, account_id=BINANCE-001, ts_event=1712835900000000000)[0m
[1m2024-04-11T11:45:00.000000000Z[0m [INFO] TRADER-001.nautilus_portfolio::manager: BTCUSDT-PERP.BINANCE margin_init=0.00000000 USDT[0m
[1m2024-04-11T11:45:00.000000000Z[0m [INFO] TRADER-001.nautilus_portfolio::portfolio: Updated AccountState(account_id=BINANCE-001, account_type=MARGIN, base_currency=USDT, is_reported=false, balances=[AccountBalance(total=99184.95499696 USDT, locked=1832.72644800 USDT, free=97352.22854896 USDT)], margins=[MarginBalance(initial=0.00000000 USDT, maintenance=1832.72644800 USDT, instrument_id=BTCUSDT-PERP.BINANCE)], event_id=33a9adc5-369e-49ec-ae07-bd9f37427f7e)[0m
[1m2024-04-11T11:45:00.000000000Z[0m [INFO] TRADER-001.nautilus_trading::strategy: DataActor-140733277815304 <--[EVT] OrderCanceled(instrument_id=BTCUSDT-PERP.BINANCE, client_order_id=O-20240411-114500-001-140733277815304-7, venue_order_id=BINANCE-1-7, account_id=BINANCE-001, ts_event=1712835900000000000)[0m
[1m2024-04-11T11:45:00.000000000Z[0m [1;33m[WARN] TRADER-001.nautilus_common::cache: Cannot calculate unrealized PnL for P-20240411-114500-001-140733277815304-2, no quotes for BTCUSDT-PERP.BINANCE[0m
[1m2024-04-11T11:45:10.000000000Z[0m [INFO] TRADER-001.nautilus_trading::strategy: No BTCUSDT-PERP.BINANCE open, emulated, or inflight orders to cancel[0m
[1m2024-04-11T11:45:10.000000000Z[0m [INFO] TRADER-001.nautilus_trading::strategy: Closing 1 open position[0m
[1m2024-04-11T11:45:10.000000000Z[0m [INFO] TRADER-001.nautilus_trading::strategy: DataActor-140733277815304 <--[EVT] OrderInitialized(instrument_id=BTCUSDT-PERP.BINANCE, client_order_id=O-20240411-114510-001-140733277815304-8, side=SELL, type=MARKET, quantity=6.510, time_in_force=GTC, post_only=false, reduce_only=true, quote_quantity=false, price=None, emulation_trigger=None, trigger_instrument_id=None, contingency_type=NO_CONTINGENCY, order_list_id=None, linked_order_ids=[None], parent_order_id=None, exec_algorithm_id=None, exec_algorithm_params=None, exec_spawn_id=None, tags=None)[0m
[1m2024-04-11T11:45:10.000000000Z[0m [INFO] TRADER-001.nautilus_trading::strategy: DataActor-140733277815304 [CMD]--> SubmitOrder[0m
[1m2024-04-11T11:45:10.000000000Z[0m [94m[INFO] TRADER-001.nautilus_execution::engine: Submit MarketOrder(SELL 6.510 BTCUSDT-PERP.BINANCE @ MARKET GTC, status=INITIALIZED, client_order_id=O-20240411-114510-001-140733277815304-8, venue_order_id=None, position_id=None, exec_algorithm_id=None, exec_spawn_id=None, tags=None)[0m
[1m2024-04-11T11:45:10.000000000Z[0m [INFO] TRADER-001.nautilus_trading::strategy: DataActor-140733277815304 <--[EVT] OrderSubmitted(instrument_id=BTCUSDT-PERP.BINANCE, client_order_id=O-20240411-114510-001-140733277815304-8, account_id=BINANCE-001, ts_event=1712835910000000000)[0m
[1m2024-04-11T11:45:10.000000000Z[0m [INFO] TRADER-001.nautilus_portfolio::manager: BTCUSDT-PERP.BINANCE margin_init=0.00000000 USDT[0m
[1m2024-04-11T11:45:10.000000000Z[0m [INFO] TRADER-001.nautilus_trading::strategy: DataActor-140733277815304 <--[EVT] OrderFilled(instrument_id=BTCUSDT-PERP.BINANCE, client_order_id=O-20240411-114510-001-140733277815304-8, venue_order_id=BINANCE-1-8, account_id=BINANCE-001, trade_id=T-9db0bd2a6299eed9-85164, position_id=P-20240411-114500-001-140733277815304-2, order_side=SELL, order_type=MARKET, last_qty=6.510, last_px=70_340.8 USDT, commission=274.75116480 USDT, liquidity_side=TAKER, ts_event=1712835910000000000)[0m
[1m2024-04-11T11:45:10.000000000Z[0m [INFO] TRADER-001.nautilus_portfolio::portfolio: BTCUSDT-PERP.BINANCE net_position=0[0m
[1m2024-04-11T11:45:10.000000000Z[0m [INFO] TRADER-001.nautilus_portfolio::manager: BTCUSDT-PERP.BINANCE margin_maint=0.00000000 USDT[0m
[1m2024-04-11T11:45:10.000000000Z[0m [INFO] TRADER-001.nautilus_portfolio::portfolio: Updated AccountState(account_id=BINANCE-001, account_type=MARGIN, base_currency=USDT, is_reported=false, balances=[AccountBalance(total=98647.19983216 USDT, locked=0.00000000 USDT, free=98647.19983216 USDT)], margins=[], event_id=e4f7bdcd-518f-4f5e-aa9c-6d199ba2f4ba)[0m
[1m2024-04-11T11:45:10.000000000Z[0m [INFO] TRADER-001.nautilus_trading::strategy: DataActor-140733277815304 <--[EVT] PositionClosed(PositionClosed { trader_id: "TRADER-001", strategy_id: "DataActor-140733277815304", instrument_id: "BTCUSDT-PERP.BINANCE", position_id: "P-20240411-114500-001-140733277815304-2", account_id: "BINANCE-001", opening_order_id: "O-20240411-114500-001-140733277815304-5", closing_order_id: Some("O-20240411-114510-001-140733277815304-8"), entry: Buy, side: Flat, signed_qty: 0.0, quantity: Quantity(0.000), peak_quantity: Quantity(6.510), last_qty: Quantity(6.510), last_px: Price(70340.8), currency: Currency(code='USDT', precision=8, iso4217=0, name='Tether', currency_type=CRYPTO), avg_px_open: 70381.2, avg_px_close: Some(70340.8), realized_return: -0.0005740169249742002, realized_pnl: Some(Money(-812.66413200, USDT)), unrealized_pnl: Money(0.00000000, USDT), duration: 10000000000, event_id: UUID4(8d497ad7-6490-4a09-ba06-354b3f559354), ts_opened: UnixNanos(1712835900000000000), ts_closed: Some(UnixNanos(1712835910000000000)), ts_event: UnixNanos(1712835910000000000), ts_init: UnixNanos(1712835910000000000) })[0m
[1m2024-04-13T15:45:00.000000000Z[0m [INFO] TRADER-001.nautilus_trading::strategy: DataActor-140733277815304 <--[EVT] OrderInitialized(instrument_id=BTCUSDT-PERP.BINANCE, client_order_id=O-20240413-154500-001-140733277815304-9, side=SELL, type=MARKET, quantity=12.848, time_in_force=GTC, post_only=false, reduce_only=false, quote_quantity=false, price=None, emulation_trigger=None, trigger_instrument_id=None, contingency_type=OTO, order_list_id=OL-20240413-154500-001-140733277815304-3, linked_order_ids=[O-20240413-154500-001-140733277815304-10, O-20240413-154500-001-140733277815304-11], parent_order_id=None, exec_algorithm_id=None, exec_algorithm_params=None, exec_spawn_id=None, tags=BTCUSDT-session-raid-00016-1713023099999000000, BREAKOUT_ACCEPTANCE_CONTINUATION, SHORT, TEN_SECOND_MARKET_ENTRY)[0m
[1m2024-04-13T15:45:00.000000000Z[0m [INFO] TRADER-001.nautilus_trading::strategy: DataActor-140733277815304 <--[EVT] OrderInitialized(instrument_id=BTCUSDT-PERP.BINANCE, client_order_id=O-20240413-154500-001-140733277815304-10, side=BUY, type=STOP_MARKET, quantity=12.848, time_in_force=GTC, post_only=false, reduce_only=true, quote_quantity=false, price=None, emulation_trigger=None, trigger_instrument_id=None, contingency_type=OUO, order_list_id=OL-20240413-154500-001-140733277815304-3, linked_order_ids=[O-20240413-154500-001-140733277815304-11], parent_order_id=O-20240413-154500-001-140733277815304-9, exec_algorithm_id=None, exec_algorithm_params=None, exec_spawn_id=None, tags=BTCUSDT-session-raid-00016-1713023099999000000, OBSERVED_RETEST_INVALIDATION)[0m
[1m2024-04-13T15:45:00.000000000Z[0m [INFO] TRADER-001.nautilus_trading::strategy: DataActor-140733277815304 <--[EVT] OrderInitialized(instrument_id=BTCUSDT-PERP.BINANCE, client_order_id=O-20240413-154500-001-140733277815304-11, side=BUY, type=LIMIT, quantity=12.848, time_in_force=GTC, post_only=false, reduce_only=true, quote_quantity=false, price=67116.9, emulation_trigger=None, trigger_instrument_id=None, contingency_type=OUO, order_list_id=OL-20240413-154500-001-140733277815304-3, linked_order_ids=[O-20240413-154500-001-140733277815304-10], parent_order_id=O-20240413-154500-001-140733277815304-9, exec_algorithm_id=None, exec_algorithm_params=None, exec_spawn_id=None, tags=BTCUSDT-session-raid-00016-1713023099999000000, ACTIVE_COMPLETED_EXTERNAL_TARGET)[0m
[1m2024-04-13T15:45:00.000000000Z[0m [INFO] TRADER-001.nautilus_trading::strategy: DataActor-140733277815304 [CMD]--> SubmitOrderList[0m
[1m2024-04-13T15:45:00.000000000Z[0m [94m[INFO] TRADER-001.nautilus_execution::engine: Submit OrderList(id=OL-20240413-154500-001-140733277815304-3, instrument_id=BTCUSDT-PERP.BINANCE, strategy_id=DataActor-140733277815304, client_order_ids=["O-20240413-154500-001-140733277815304-9", "O-20240413-154500-001-140733277815304-10", "O-20240413-154500-001-140733277815304-11"], ts_init=1713023100000000000)[0m
[1m2024-04-13T15:45:00.000000000Z[0m [INFO] TRADER-001.nautilus_trading::strategy: DataActor-140733277815304 <--[EVT] OrderSubmitted(instrument_id=BTCUSDT-PERP.BINANCE, client_order_id=O-20240413-154500-001-140733277815304-9, account_id=BINANCE-001, ts_event=1713023100000000000)[0m
[1m2024-04-13T15:45:00.000000000Z[0m [INFO] TRADER-001.nautilus_trading::strategy: DataActor-140733277815304 <--[EVT] OrderSubmitted(instrument_id=BTCUSDT-PERP.BINANCE, client_order_id=O-20240413-154500-001-140733277815304-10, account_id=BINANCE-001, ts_event=1713023100000000000)[0m
[1m2024-04-13T15:45:00.000000000Z[0m [INFO] TRADER-001.nautilus_trading::strategy: DataActor-140733277815304 <--[EVT] OrderSubmitted(instrument_id=BTCUSDT-PERP.BINANCE, client_order_id=O-20240413-154500-001-140733277815304-11, account_id=BINANCE-001, ts_event=1713023100000000000)[0m
[1m2024-04-13T15:45:00.000000000Z[0m [INFO] TRADER-001.nautilus_portfolio::manager: BTCUSDT-PERP.BINANCE margin_init=0.00000000 USDT[0m
[1m2024-04-13T15:45:00.000000000Z[0m [INFO] TRADER-001.nautilus_trading::strategy: DataActor-140733277815304 <--[EVT] OrderFilled(instrument_id=BTCUSDT-PERP.BINANCE, client_order_id=O-20240413-154500-001-140733277815304-9, venue_order_id=BINANCE-1-9, account_id=BINANCE-001, trade_id=T-76ef2386fd5f5041-137364, position_id=P-20240413-154500-001-140733277815304-3, order_side=SELL, order_type=MARKET, last_qty=12.848, last_px=67_839.8 USDT, commission=522.96345024 USDT, liquidity_side=TAKER, ts_event=1713023100000000000)[0m
[1m2024-04-13T15:45:00.000000000Z[0m [INFO] TRADER-001.nautilus_trading::strategy: Canceling 2 inflight BTCUSDT-PERP.BINANCE orders[0m
[1m2024-04-13T15:45:00.000000000Z[0m [INFO] TRADER-001.nautilus_trading::strategy: DataActor-140733277815304 [CMD]--> CancelAllOrders[0m
[1m2024-04-13T15:45:00.000000000Z[0m [INFO] TRADER-001.nautilus_portfolio::portfolio: BTCUSDT-PERP.BINANCE net_position=-12.848[0m
[1m2024-04-13T15:45:00.000000000Z[0m [INFO] TRADER-001.nautilus_portfolio::manager: BTCUSDT-PERP.BINANCE margin_maint=3486.42300160 USDT[0m
[1m2024-04-13T15:45:00.000000000Z[0m [INFO] TRADER-001.nautilus_portfolio::portfolio: Updated AccountState(account_id=BINANCE-001, account_type=MARGIN, base_currency=USDT, is_reported=false, balances=[AccountBalance(total=98124.23638192 USDT, locked=3486.42300160 USDT, free=94637.81338032 USDT)], margins=[MarginBalance(initial=0.00000000 USDT, maintenance=3486.42300160 USDT, instrument_id=BTCUSDT-PERP.BINANCE)], event_id=536f9f37-8c8c-4795-9d9e-5635562da83d)[0m
[1m2024-04-13T15:45:00.000000000Z[0m [INFO] TRADER-001.nautilus_trading::strategy: DataActor-140733277815304 <--[EVT] PositionOpened(PositionOpened { trader_id: "TRADER-001", strategy_id: "DataActor-140733277815304", instrument_id: "BTCUSDT-PERP.BINANCE", position_id: "P-20240413-154500-001-140733277815304-3", account_id: "BINANCE-001", opening_order_id: "O-20240413-154500-001-140733277815304-9", entry: Sell, side: Short, signed_qty: -12.848, quantity: Quantity(12.848), last_qty: Quantity(12.848), last_px: Price(67839.8), currency: Currency(code='USDT', precision=8, iso4217=0, name='Tether', currency_type=CRYPTO), avg_px_open: 67839.8, event_id: UUID4(48ce716f-d135-4c62-86c5-2818c08d361a), ts_event: UnixNanos(1713023100000000000), ts_init: UnixNanos(1713023100000000000) })[0m
[1m2024-04-13T15:45:00.000000000Z[0m [INFO] TRADER-001.nautilus_portfolio::manager: BTCUSDT-PERP.BINANCE margin_init=0.00000000 USDT[0m
[1m2024-04-13T15:45:00.000000000Z[0m [INFO] TRADER-001.nautilus_portfolio::portfolio: Updated AccountState(account_id=BINANCE-001, account_type=MARGIN, base_currency=USDT, is_reported=false, balances=[AccountBalance(total=98124.23638192 USDT, locked=3486.42300160 USDT, free=94637.81338032 USDT)], margins=[MarginBalance(initial=0.00000000 USDT, maintenance=3486.42300160 USDT, instrument_id=BTCUSDT-PERP.BINANCE)], event_id=56386b3c-9981-46d1-b991-0ee5fba1f2f7)[0m
[1m2024-04-13T15:45:00.000000000Z[0m [INFO] TRADER-001.nautilus_trading::strategy: DataActor-140733277815304 <--[EVT] OrderAccepted(instrument_id=BTCUSDT-PERP.BINANCE, client_order_id=O-20240413-154500-001-140733277815304-10, venue_order_id=BINANCE-1-10, account_id=BINANCE-001, ts_event=1713023100000000000)[0m
[1m2024-04-13T15:45:00.000000000Z[0m [INFO] TRADER-001.nautilus_portfolio::manager: BTCUSDT-PERP.BINANCE margin_init=0.00000000 USDT[0m
[1m2024-04-13T15:45:00.000000000Z[0m [INFO] TRADER-001.nautilus_portfolio::portfolio: Updated AccountState(account_id=BINANCE-001, account_type=MARGIN, base_currency=USDT, is_reported=false, balances=[AccountBalance(total=98124.23638192 USDT, locked=3486.42300160 USDT, free=94637.81338032 USDT)], margins=[MarginBalance(initial=0.00000000 USDT, maintenance=3486.42300160 USDT, instrument_id=BTCUSDT-PERP.BINANCE)], event_id=463ff280-2f21-4e8e-bb43-74d8205f3ca8)[0m
[1m2024-04-13T15:45:00.000000000Z[0m [INFO] TRADER-001.nautilus_trading::strategy: DataActor-140733277815304 <--[EVT] OrderAccepted(instrument_id=BTCUSDT-PERP.BINANCE, client_order_id=O-20240413-154500-001-140733277815304-11, venue_order_id=BINANCE-1-11, account_id=BINANCE-001, ts_event=1713023100000000000)[0m
[1m2024-04-13T15:45:00.000000000Z[0m [94m[INFO] TRADER-001.nautilus_execution::engine: Cancel all orders[0m
[1m2024-04-13T15:45:00.000000000Z[0m [INFO] TRADER-001.nautilus_portfolio::manager: BTCUSDT-PERP.BINANCE margin_init=0.00000000 USDT[0m
[1m2024-04-13T15:45:00.000000000Z[0m [INFO] TRADER-001.nautilus_portfolio::portfolio: Updated AccountState(account_id=BINANCE-001, account_type=MARGIN, base_currency=USDT, is_reported=false, balances=[AccountBalance(total=98124.23638192 USDT, locked=3486.42300160 USDT, free=94637.81338032 USDT)], margins=[MarginBalance(initial=0.00000000 USDT, maintenance=3486.42300160 USDT, instrument_id=BTCUSDT-PERP.BINANCE)], event_id=dde0b445-06e5-4e6f-9fbd-1097a0eb1535)[0m
[1m2024-04-13T15:45:00.000000000Z[0m [INFO] TRADER-001.nautilus_trading::strategy: DataActor-140733277815304 <--[EVT] OrderCanceled(instrument_id=BTCUSDT-PERP.BINANCE, client_order_id=O-20240413-154500-001-140733277815304-10, venue_order_id=BINANCE-1-10, account_id=BINANCE-001, ts_event=1713023100000000000)[0m
[1m2024-04-13T15:45:00.000000000Z[0m [INFO] TRADER-001.nautilus_portfolio::manager: BTCUSDT-PERP.BINANCE margin_init=0.00000000 USDT[0m
[1m2024-04-13T15:45:00.000000000Z[0m [INFO] TRADER-001.nautilus_portfolio::portfolio: Updated AccountState(account_id=BINANCE-001, account_type=MARGIN, base_currency=USDT, is_reported=false, balances=[AccountBalance(total=98124.23638192 USDT, locked=3486.42300160 USDT, free=94637.81338032 USDT)], margins=[MarginBalance(initial=0.00000000 USDT, maintenance=3486.42300160 USDT, instrument_id=BTCUSDT-PERP.BINANCE)], event_id=c268157d-a541-4b11-9e93-8ef30c6950fb)[0m
[1m2024-04-13T15:45:00.000000000Z[0m [INFO] TRADER-001.nautilus_trading::strategy: DataActor-140733277815304 <--[EVT] OrderCanceled(instrument_id=BTCUSDT-PERP.BINANCE, client_order_id=O-20240413-154500-001-140733277815304-11, venue_order_id=BINANCE-1-11, account_id=BINANCE-001, ts_event=1713023100000000000)[0m
[1m2024-04-13T15:45:00.000000000Z[0m [1;33m[WARN] TRADER-001.nautilus_common::cache: Cannot calculate unrealized PnL for P-20240413-154500-001-140733277815304-3, no quotes for BTCUSDT-PERP.BINANCE[0m
[1m2024-04-13T15:45:10.000000000Z[0m [INFO] TRADER-001.nautilus_trading::strategy: No BTCUSDT-PERP.BINANCE open, emulated, or inflight orders to cancel[0m
[1m2024-04-13T15:45:10.000000000Z[0m [INFO] TRADER-001.nautilus_trading::strategy: Closing 1 open position[0m
[1m2024-04-13T15:45:10.000000000Z[0m [INFO] TRADER-001.nautilus_trading::strategy: DataActor-140733277815304 <--[EVT] OrderInitialized(instrument_id=BTCUSDT-PERP.BINANCE, client_order_id=O-20240413-154510-001-140733277815304-12, side=BUY, type=MARKET, quantity=12.848, time_in_force=GTC, post_only=false, reduce_only=true, quote_quantity=false, price=None, emulation_trigger=None, trigger_instrument_id=None, contingency_type=NO_CONTINGENCY, order_list_id=None, linked_order_ids=[None], parent_order_id=None, exec_algorithm_id=None, exec_algorithm_params=None, exec_spawn_id=None, tags=None)[0m
[1m2024-04-13T15:45:10.000000000Z[0m [INFO] TRADER-001.nautilus_trading::strategy: DataActor-140733277815304 [CMD]--> SubmitOrder[0m
[1m2024-04-13T15:45:10.000000000Z[0m [94m[INFO] TRADER-001.nautilus_execution::engine: Submit MarketOrder(BUY 12.848 BTCUSDT-PERP.BINANCE @ MARKET GTC, status=INITIALIZED, client_order_id=O-20240413-154510-001-140733277815304-12, venue_order_id=None, position_id=None, exec_algorithm_id=None, exec_spawn_id=None, tags=None)[0m
[1m2024-04-13T15:45:10.000000000Z[0m [INFO] TRADER-001.nautilus_trading::strategy: DataActor-140733277815304 <--[EVT] OrderSubmitted(instrument_id=BTCUSDT-PERP.BINANCE, client_order_id=O-20240413-154510-001-140733277815304-12, account_id=BINANCE-001, ts_event=1713023110000000000)[0m
[1m2024-04-13T15:45:10.000000000Z[0m [INFO] TRADER-001.nautilus_portfolio::manager: BTCUSDT-PERP.BINANCE margin_init=0.00000000 USDT[0m
[1m2024-04-13T15:45:10.000000000Z[0m [INFO] TRADER-001.nautilus_trading::strategy: DataActor-140733277815304 <--[EVT] OrderFilled(instrument_id=BTCUSDT-PERP.BINANCE, client_order_id=O-20240413-154510-001-140733277815304-12, venue_order_id=BINANCE-1-12, account_id=BINANCE-001, trade_id=T-916c938d4ea5bc1e-137367, position_id=P-20240413-154500-001-140733277815304-3, order_side=BUY, order_type=MARKET, last_qty=12.848, last_px=67_883.2 USDT, commission=523.29801216 USDT, liquidity_side=TAKER, ts_event=1713023110000000000)[0m
[1m2024-04-13T15:45:10.000000000Z[0m [INFO] TRADER-001.nautilus_portfolio::portfolio: BTCUSDT-PERP.BINANCE net_position=0[0m
[1m2024-04-13T15:45:10.000000000Z[0m [INFO] TRADER-001.nautilus_portfolio::manager: BTCUSDT-PERP.BINANCE margin_maint=0.00000000 USDT[0m
[1m2024-04-13T15:45:10.000000000Z[0m [INFO] TRADER-001.nautilus_portfolio::portfolio: Updated AccountState(account_id=BINANCE-001, account_type=MARGIN, base_currency=USDT, is_reported=false, balances=[AccountBalance(total=97043.33516976 USDT, locked=0.00000000 USDT, free=97043.33516976 USDT)], margins=[], event_id=ddde2dbd-db12-4821-8ddd-f1e17f463263)[0m
[1m2024-04-13T15:45:10.000000000Z[0m [INFO] TRADER-001.nautilus_trading::strategy: DataActor-140733277815304 <--[EVT] PositionClosed(PositionClosed { trader_id: "TRADER-001", strategy_id: "DataActor-140733277815304", instrument_id: "BTCUSDT-PERP.BINANCE", position_id: "P-20240413-154500-001-140733277815304-3", account_id: "BINANCE-001", opening_order_id: "O-20240413-154500-001-140733277815304-9", closing_order_id: Some("O-20240413-154510-001-140733277815304-12"), entry: Sell, side: Flat, signed_qty: 0.0, quantity: Quantity(0.000), peak_quantity: Quantity(12.848), last_qty: Quantity(12.848), last_px: Price(67883.2), currency: Currency(code='USDT', precision=8, iso4217=0, name='Tether', currency_type=CRYPTO), avg_px_open: 67839.8, avg_px_close: Some(67883.2), realized_return: -0.0006397424520708224, realized_pnl: Some(Money(-1603.86466240, USDT)), unrealized_pnl: Money(0.00000000, USDT), duration: 10000000000, event_id: UUID4(a87ccf4b-72a0-4024-8150-c34b906bf097), ts_opened: UnixNanos(1713023100000000000), ts_closed: Some(UnixNanos(1713023110000000000)), ts_event: UnixNanos(1713023110000000000), ts_init: UnixNanos(1713023110000000000) })[0m
[1m2024-04-14T08:45:00.000000000Z[0m [INFO] TRADER-001.nautilus_trading::strategy: DataActor-140733277815304 <--[EVT] OrderInitialized(instrument_id=BTCUSDT-PERP.BINANCE, client_order_id=O-20240414-084500-001-140733277815304-13, side=SELL, type=MARKET, quantity=6.717, time_in_force=GTC, post_only=false, reduce_only=false, quote_quantity=false, price=None, emulation_trigger=None, trigger_instrument_id=None, contingency_type=OTO, order_list_id=OL-20240414-084500-001-140733277815304-4, linked_order_ids=[O-20240414-084500-001-140733277815304-14, O-20240414-084500-001-140733277815304-15], parent_order_id=None, exec_algorithm_id=None, exec_algorithm_params=None, exec_spawn_id=None, tags=BTCUSDT-session-raid-00017-1713084299999000000, BREAKOUT_ACCEPTANCE_CONTINUATION, SHORT, TEN_SECOND_MARKET_ENTRY)[0m
[1m2024-04-14T08:45:00.000000000Z[0m [INFO] TRADER-001.nautilus_trading::strategy: DataActor-140733277815304 <--[EVT] OrderInitialized(instrument_id=BTCUSDT-PERP.BINANCE, client_order_id=O-20240414-084500-001-140733277815304-14, side=BUY, type=STOP_MARKET, quantity=6.717, time_in_force=GTC, post_only=false, reduce_only=true, quote_quantity=false, price=None, emulation_trigger=None, trigger_instrument_id=None, contingency_type=OUO, order_list_id=OL-20240414-084500-001-140733277815304-4, linked_order_ids=[O-20240414-084500-001-140733277815304-15], parent_order_id=O-20240414-084500-001-140733277815304-13, exec_algorithm_id=None, exec_algorithm_params=None, exec_spawn_id=None, tags=BTCUSDT-session-raid-00017-1713084299999000000, OBSERVED_RETEST_INVALIDATION)[0m
[1m2024-04-14T08:45:00.000000000Z[0m [INFO] TRADER-001.nautilus_trading::strategy: DataActor-140733277815304 <--[EVT] OrderInitialized(instrument_id=BTCUSDT-PERP.BINANCE, client_order_id=O-20240414-084500-001-140733277815304-15, side=BUY, type=LIMIT, quantity=6.717, time_in_force=GTC, post_only=false, reduce_only=true, quote_quantity=false, price=62139.3, emulation_trigger=None, trigger_instrument_id=None, contingency_type=OUO, order_list_id=OL-20240414-084500-001-140733277815304-4, linked_order_ids=[O-20240414-084500-001-140733277815304-14], parent_order_id=O-20240414-084500-001-140733277815304-13, exec_algorithm_id=None, exec_algorithm_params=None, exec_spawn_id=None, tags=BTCUSDT-session-raid-00017-1713084299999000000, ACTIVE_COMPLETED_EXTERNAL_TARGET)[0m
[1m2024-04-14T08:45:00.000000000Z[0m [INFO] TRADER-001.nautilus_trading::strategy: DataActor-140733277815304 [CMD]--> SubmitOrderList[0m
[1m2024-04-14T08:45:00.000000000Z[0m [94m[INFO] TRADER-001.nautilus_execution::engine: Submit OrderList(id=OL-20240414-084500-001-140733277815304-4, instrument_id=BTCUSDT-PERP.BINANCE, strategy_id=DataActor-140733277815304, client_order_ids=["O-20240414-084500-001-140733277815304-13", "O-20240414-084500-001-140733277815304-14", "O-20240414-084500-001-140733277815304-15"], ts_init=1713084300000000000)[0m
[1m2024-04-14T08:45:00.000000000Z[0m [INFO] TRADER-001.nautilus_trading::strategy: DataActor-140733277815304 <--[EVT] OrderSubmitted(instrument_id=BTCUSDT-PERP.BINANCE, client_order_id=O-20240414-084500-001-140733277815304-13, account_id=BINANCE-001, ts_event=1713084300000000000)[0m
[1m2024-04-14T08:45:00.000000000Z[0m [INFO] TRADER-001.nautilus_trading::strategy: DataActor-140733277815304 <--[EVT] OrderSubmitted(instrument_id=BTCUSDT-PERP.BINANCE, client_order_id=O-20240414-084500-001-140733277815304-14, account_id=BINANCE-001, ts_event=1713084300000000000)[0m
[1m2024-04-14T08:45:00.000000000Z[0m [INFO] TRADER-001.nautilus_trading::strategy: DataActor-140733277815304 <--[EVT] OrderSubmitted(instrument_id=BTCUSDT-PERP.BINANCE, client_order_id=O-20240414-084500-001-140733277815304-15, account_id=BINANCE-001, ts_event=1713084300000000000)[0m
[1m2024-04-14T08:45:00.000000000Z[0m [INFO] TRADER-001.nautilus_portfolio::manager: BTCUSDT-PERP.BINANCE margin_init=0.00000000 USDT[0m
[1m2024-04-14T08:45:00.000000000Z[0m [INFO] TRADER-001.nautilus_trading::strategy: DataActor-140733277815304 <--[EVT] OrderFilled(instrument_id=BTCUSDT-PERP.BINANCE, client_order_id=O-20240414-084500-001-140733277815304-13, venue_order_id=BINANCE-1-13, account_id=BINANCE-001, trade_id=T-c8b1053b733cc255-156938, position_id=P-20240414-084500-001-140733277815304-4, order_side=SELL, order_type=MARKET, last_qty=6.717, last_px=64_627.9 USDT, commission=260.46336258 USDT, liquidity_side=TAKER, ts_event=1713084300000000000)[0m
[1m2024-04-14T08:45:00.000000000Z[0m [INFO] TRADER-001.nautilus_trading::strategy: Canceling 2 inflight BTCUSDT-PERP.BINANCE orders[0m
[1m2024-04-14T08:45:00.000000000Z[0m [INFO] TRADER-001.nautilus_trading::strategy: DataActor-140733277815304 [CMD]--> CancelAllOrders[0m
[1m2024-04-14T08:45:00.000000000Z[0m [INFO] TRADER-001.nautilus_portfolio::portfolio: BTCUSDT-PERP.BINANCE net_position=-6.717[0m
[1m2024-04-14T08:45:00.000000000Z[0m [INFO] TRADER-001.nautilus_portfolio::manager: BTCUSDT-PERP.BINANCE margin_maint=1736.42241720 USDT[0m
[1m2024-04-14T08:45:00.000000000Z[0m [INFO] TRADER-001.nautilus_portfolio::portfolio: Updated AccountState(account_id=BINANCE-001, account_type=MARGIN, base_currency=USDT, is_reported=false, balances=[AccountBalance(total=96782.87180718 USDT, locked=1736.42241720 USDT, free=95046.44938998 USDT)], margins=[MarginBalance(initial=0.00000000 USDT, maintenance=1736.42241720 USDT, instrument_id=BTCUSDT-PERP.BINANCE)], event_id=8d7bad63-0459-4c8b-ab03-7c14f4c68706)[0m
[1m2024-04-14T08:45:00.000000000Z[0m [INFO] TRADER-001.nautilus_trading::strategy: DataActor-140733277815304 <--[EVT] PositionOpened(PositionOpened { trader_id: "TRADER-001", strategy_id: "DataActor-140733277815304", instrument_id: "BTCUSDT-PERP.BINANCE", position_id: "P-20240414-084500-001-140733277815304-4", account_id: "BINANCE-001", opening_order_id: "O-20240414-084500-001-140733277815304-13", entry: Sell, side: Short, signed_qty: -6.717, quantity: Quantity(6.717), last_qty: Quantity(6.717), last_px: Price(64627.9), currency: Currency(code='USDT', precision=8, iso4217=0, name='Tether', currency_type=CRYPTO), avg_px_open: 64627.9, event_id: UUID4(ecd47488-ae84-441a-a49c-4802a4d35f98), ts_event: UnixNanos(1713084300000000000), ts_init: UnixNanos(1713084300000000000) })[0m
[1m2024-04-14T08:45:00.000000000Z[0m [INFO] TRADER-001.nautilus_portfolio::manager: BTCUSDT-PERP.BINANCE margin_init=0.00000000 USDT[0m
[1m2024-04-14T08:45:00.000000000Z[0m [INFO] TRADER-001.nautilus_portfolio::portfolio: Updated AccountState(account_id=BINANCE-001, account_type=MARGIN, base_currency=USDT, is_reported=false, balances=[AccountBalance(total=96782.87180718 USDT, locked=1736.42241720 USDT, free=95046.44938998 USDT)], margins=[MarginBalance(initial=0.00000000 USDT, maintenance=1736.42241720 USDT, instrument_id=BTCUSDT-PERP.BINANCE)], event_id=fea1d095-f622-4425-a15c-3a01ec244b46)[0m
[1m2024-04-14T08:45:00.000000000Z[0m [INFO] TRADER-001.nautilus_trading::strategy: DataActor-140733277815304 <--[EVT] OrderAccepted(instrument_id=BTCUSDT-PERP.BINANCE, client_order_id=O-20240414-084500-001-140733277815304-14, venue_order_id=BINANCE-1-14, account_id=BINANCE-001, ts_event=1713084300000000000)[0m
[1m2024-04-14T08:45:00.000000000Z[0m [INFO] TRADER-001.nautilus_portfolio::manager: BTCUSDT-PERP.BINANCE margin_init=0.00000000 USDT[0m
[1m2024-04-14T08:45:00.000000000Z[0m [INFO] TRADER-001.nautilus_portfolio::portfolio: Updated AccountState(account_id=BINANCE-001, account_type=MARGIN, base_currency=USDT, is_reported=false, balances=[AccountBalance(total=96782.87180718 USDT, locked=1736.42241720 USDT, free=95046.44938998 USDT)], margins=[MarginBalance(initial=0.00000000 USDT, maintenance=1736.42241720 USDT, instrument_id=BTCUSDT-PERP.BINANCE)], event_id=4621c1d1-3629-4827-ad53-1a5e6aa85810)[0m
[1m2024-04-14T08:45:00.000000000Z[0m [INFO] TRADER-001.nautilus_trading::strategy: DataActor-140733277815304 <--[EVT] OrderAccepted(instrument_id=BTCUSDT-PERP.BINANCE, client_order_id=O-20240414-084500-001-140733277815304-15, venue_order_id=BINANCE-1-15, account_id=BINANCE-001, ts_event=1713084300000000000)[0m
[1m2024-04-14T08:45:00.000000000Z[0m [94m[INFO] TRADER-001.nautilus_execution::engine: Cancel all orders[0m
[1m2024-04-14T08:45:00.000000000Z[0m [INFO] TRADER-001.nautilus_portfolio::manager: BTCUSDT-PERP.BINANCE margin_init=0.00000000 USDT[0m
[1m2024-04-14T08:45:00.000000000Z[0m [INFO] TRADER-001.nautilus_portfolio::portfolio: Updated AccountState(account_id=BINANCE-001, account_type=MARGIN, base_currency=USDT, is_reported=false, balances=[AccountBalance(total=96782.87180718 USDT, locked=1736.42241720 USDT, free=95046.44938998 USDT)], margins=[MarginBalance(initial=0.00000000 USDT, maintenance=1736.42241720 USDT, instrument_id=BTCUSDT-PERP.BINANCE)], event_id=5fc510b0-a90f-4e51-ae92-ca994cee37a9)[0m
[1m2024-04-14T08:45:00.000000000Z[0m [INFO] TRADER-001.nautilus_trading::strategy: DataActor-140733277815304 <--[EVT] OrderCanceled(instrument_id=BTCUSDT-PERP.BINANCE, client_order_id=O-20240414-084500-001-140733277815304-14, venue_order_id=BINANCE-1-14, account_id=BINANCE-001, ts_event=1713084300000000000)[0m
[1m2024-04-14T08:45:00.000000000Z[0m [INFO] TRADER-001.nautilus_portfolio::manager: BTCUSDT-PERP.BINANCE margin_init=0.00000000 USDT[0m
[1m2024-04-14T08:45:00.000000000Z[0m [INFO] TRADER-001.nautilus_portfolio::portfolio: Updated AccountState(account_id=BINANCE-001, account_type=MARGIN, base_currency=USDT, is_reported=false, balances=[AccountBalance(total=96782.87180718 USDT, locked=1736.42241720 USDT, free=95046.44938998 USDT)], margins=[MarginBalance(initial=0.00000000 USDT, maintenance=1736.42241720 USDT, instrument_id=BTCUSDT-PERP.BINANCE)], event_id=58d05092-f395-45e7-88ac-ef46043e136d)[0m
[1m2024-04-14T08:45:00.000000000Z[0m [INFO] TRADER-001.nautilus_trading::strategy: DataActor-140733277815304 <--[EVT] OrderCanceled(instrument_id=BTCUSDT-PERP.BINANCE, client_order_id=O-20240414-084500-001-140733277815304-15, venue_order_id=BINANCE-1-15, account_id=BINANCE-001, ts_event=1713084300000000000)[0m
[1m2024-04-14T08:45:00.000000000Z[0m [1;33m[WARN] TRADER-001.nautilus_common::cache: Cannot calculate unrealized PnL for P-20240414-084500-001-140733277815304-4, no quotes for BTCUSDT-PERP.BINANCE[0m
[1m2024-04-14T08:45:10.000000000Z[0m [INFO] TRADER-001.nautilus_trading::strategy: No BTCUSDT-PERP.BINANCE open, emulated, or inflight orders to cancel[0m
[1m2024-04-14T08:45:10.000000000Z[0m [INFO] TRADER-001.nautilus_trading::strategy: Closing 1 open position[0m
[1m2024-04-14T08:45:10.000000000Z[0m [INFO] TRADER-001.nautilus_trading::strategy: DataActor-140733277815304 <--[EVT] OrderInitialized(instrument_id=BTCUSDT-PERP.BINANCE, client_order_id=O-20240414-084510-001-140733277815304-16, side=BUY, type=MARKET, quantity=6.717, time_in_force=GTC, post_only=false, reduce_only=true, quote_quantity=false, price=None, emulation_trigger=None, trigger_instrument_id=None, contingency_type=NO_CONTINGENCY, order_list_id=None, linked_order_ids=[None], parent_order_id=None, exec_algorithm_id=None, exec_algorithm_params=None, exec_spawn_id=None, tags=None)[0m
[1m2024-04-14T08:45:10.000000000Z[0m [INFO] TRADER-001.nautilus_trading::strategy: DataActor-140733277815304 [CMD]--> SubmitOrder[0m
[1m2024-04-14T08:45:10.000000000Z[0m [94m[INFO] TRADER-001.nautilus_execution::engine: Submit MarketOrder(BUY 6.717 BTCUSDT-PERP.BINANCE @ MARKET GTC, status=INITIALIZED, client_order_id=O-20240414-084510-001-140733277815304-16, venue_order_id=None, position_id=None, exec_algorithm_id=None, exec_spawn_id=None, tags=None)[0m
[1m2024-04-14T08:45:10.000000000Z[0m [INFO] TRADER-001.nautilus_trading::strategy: DataActor-140733277815304 <--[EVT] OrderSubmitted(instrument_id=BTCUSDT-PERP.BINANCE, client_order_id=O-20240414-084510-001-140733277815304-16, account_id=BINANCE-001, ts_event=1713084310000000000)[0m
[1m2024-04-14T08:45:10.000000000Z[0m [INFO] TRADER-001.nautilus_portfolio::manager: BTCUSDT-PERP.BINANCE margin_init=0.00000000 USDT[0m
[1m2024-04-14T08:45:10.000000000Z[0m [INFO] TRADER-001.nautilus_trading::strategy: DataActor-140733277815304 <--[EVT] OrderFilled(instrument_id=BTCUSDT-PERP.BINANCE, client_order_id=O-20240414-084510-001-140733277815304-16, venue_order_id=BINANCE-1-16, account_id=BINANCE-001, trade_id=T-f32588b3df5acc0b-156942, position_id=P-20240414-084500-001-140733277815304-4, order_side=BUY, order_type=MARKET, last_qty=6.717, last_px=64_583.5 USDT, commission=260.28442170 USDT, liquidity_side=TAKER, ts_event=1713084310000000000)[0m
[1m2024-04-14T08:45:10.000000000Z[0m [INFO] TRADER-001.nautilus_portfolio::portfolio: BTCUSDT-PERP.BINANCE net_position=0[0m
[1m2024-04-14T08:45:10.000000000Z[0m [INFO] TRADER-001.nautilus_portfolio::manager: BTCUSDT-PERP.BINANCE margin_maint=0.00000000 USDT[0m
[1m2024-04-14T08:45:10.000000000Z[0m [INFO] TRADER-001.nautilus_portfolio::portfolio: Updated AccountState(account_id=BINANCE-001, account_type=MARGIN, base_currency=USDT, is_reported=false, balances=[AccountBalance(total=96820.82218548 USDT, locked=0.00000000 USDT, free=96820.82218548 USDT)], margins=[], event_id=e1cb8448-8448-4151-a7aa-9b0a100cd4ac)[0m
[1m2024-04-14T08:45:10.000000000Z[0m [INFO] TRADER-001.nautilus_trading::strategy: DataActor-140733277815304 <--[EVT] PositionClosed(PositionClosed { trader_id: "TRADER-001", strategy_id: "DataActor-140733277815304", instrument_id: "BTCUSDT-PERP.BINANCE", position_id: "P-20240414-084500-001-140733277815304-4", account_id: "BINANCE-001", opening_order_id: "O-20240414-084500-001-140733277815304-13", closing_order_id: Some("O-20240414-084510-001-140733277815304-16"), entry: Sell, side: Flat, signed_qty: 0.0, quantity: Quantity(0.000), peak_quantity: Quantity(6.717), last_qty: Quantity(6.717), last_px: Price(64583.5), currency: Currency(code='USDT', precision=8, iso4217=0, name='Tether', currency_type=CRYPTO), avg_px_open: 64627.9, avg_px_close: Some(64583.5), realized_return: 0.0006870097898895284, realized_pnl: Some(Money(-222.51298428, USDT)), unrealized_pnl: Money(0.00000000, USDT), duration: 10000000000, event_id: UUID4(7afc4e46-7e65-4523-83f6-1d52d3bf8b8c), ts_opened: UnixNanos(1713084300000000000), ts_closed: Some(UnixNanos(1713084310000000000)), ts_event: UnixNanos(1713084310000000000), ts_init: UnixNanos(1713084310000000000) })[0m
[1m2024-04-15T06:01:00.000000000Z[0m [INFO] TRADER-001.nautilus_system::kernel: Stopping trader...[0m
[1m2024-04-15T06:01:00.000000000Z[0m [INFO] TRADER-001.nautilus_system::trader: Stopping[0m
[1m2024-04-15T06:01:00.000000000Z[0m [INFO] TRADER-001.DataActor-140733277815304: Stopping[0m
[1m2024-04-15T06:01:00.000000000Z[0m [INFO] TRADER-001.nautilus_trading::strategy: No BTCUSDT-PERP.BINANCE open, emulated, or inflight orders to cancel[0m
[1m2024-04-15T06:01:00.000000000Z[0m [INFO] TRADER-001.DataActor-140733277815304: Stopped[0m
[1m2024-04-15T06:01:00.000000000Z[0m [INFO] TRADER-001.nautilus_system::trader: Stopped[0m
[1m2024-04-15T06:01:00.000000000Z[0m [INFO] TRADER-001.nautilus_risk::engine: Stopped[0m
[1m2024-04-15T06:01:00.000000000Z[0m [INFO] TRADER-001.nautilus_backtest::execution_client: Backtest execution client stopped[0m
[1m2024-04-15T06:01:00.000000000Z[0m [INFO] TRADER-001.nautilus_execution::engine: Stopped[0m
[1m2026-08-07T19:24:25.059598620Z[0m [36m[INFO] TRADER-001.nautilus_backtest::engine: =================================================================[0m
[1m2026-08-07T19:24:25.059603517Z[0m [36m[INFO] TRADER-001.nautilus_backtest::engine:  BACKTEST POST-RUN[0m
[1m2026-08-07T19:24:25.059604018Z[0m [36m[INFO] TRADER-001.nautilus_backtest::engine: =================================================================[0m
[1m2026-08-07T19:24:25.059604268Z[0m [INFO] TRADER-001.nautilus_backtest::engine: Run config ID:  None[0m
[1m2026-08-07T19:24:25.059605129Z[0m [INFO] TRADER-001.nautilus_backtest::engine: Run ID:         7f3651f3-9da9-46e6-8ed6-e133b8ee320b[0m
[1m2026-08-07T19:24:25.059606892Z[0m [INFO] TRADER-001.nautilus_backtest::engine: Run started:    2026-08-07T19:24:24.605561546Z[0m
[1m2026-08-07T19:24:25.059607623Z[0m [INFO] TRADER-001.nautilus_backtest::engine: Run finished:   2026-08-07T19:24:25.059572821Z[0m
[1m2026-08-07T19:24:25.059608364Z[0m [INFO] TRADER-001.nautilus_backtest::engine: Elapsed time:   0 days 00:00:00.454011[0m
[1m2026-08-07T19:24:25.059608815Z[0m [INFO] TRADER-001.nautilus_backtest::engine: Backtest start: 2024-04-07T23:25:10.000000000Z[0m
[1m2026-08-07T19:24:25.059609145Z[0m [INFO] TRADER-001.nautilus_backtest::engine: Backtest end:   2024-04-15T06:01:00.000000000Z[0m
[1m2026-08-07T19:24:25.059609857Z[0m [INFO] TRADER-001.nautilus_backtest::engine: Backtest range: 7 days 06:35:50.000000[0m
[1m2026-08-07T19:24:25.059610387Z[0m [INFO] TRADER-001.nautilus_backtest::engine: Iterations: 73_354[0m
[1m2026-08-07T19:24:25.059610958Z[0m [INFO] TRADER-001.nautilus_backtest::engine: Total events: 40[0m
[1m2026-08-07T19:24:25.059611299Z[0m [INFO] TRADER-001.nautilus_backtest::engine: Total orders: 16[0m
[1m2026-08-07T19:24:25.059611950Z[0m [INFO] TRADER-001.nautilus_backtest::engine: Total positions: 4[0m
[1m2026-08-07T19:24:25.059643327Z[0m [36m[INFO] TRADER-001.nautilus_backtest::engine: =================================================================[0m
[1m2026-08-07T19:24:25.059643717Z[0m [36m[INFO] TRADER-001.nautilus_backtest::engine:  PORTFOLIO PERFORMANCE[0m
[1m2026-08-07T19:24:25.059643928Z[0m [36m[INFO] TRADER-001.nautilus_backtest::engine: =================================================================[0m
[1m2026-08-07T19:24:25.059644979Z[0m [INFO] TRADER-001.nautilus_backtest::engine:  PnL Statistics (USDT)[0m
[1m2026-08-07T19:24:25.059645630Z[0m [36m[INFO] TRADER-001.nautilus_backtest::engine: -----------------------------------------------------------------[0m
[1m2026-08-07T19:24:25.059697779Z[0m [INFO] TRADER-001.nautilus_backtest::engine: Avg Loser:                      -794.79[0m
[1m2026-08-07T19:24:25.059698289Z[0m [INFO] TRADER-001.nautilus_backtest::engine: Avg Winner:                     NaN[0m
[1m2026-08-07T19:24:25.059698460Z[0m [INFO] TRADER-001.nautilus_backtest::engine: Expectancy:                     -794.79[0m
[1m2026-08-07T19:24:25.059698610Z[0m [INFO] TRADER-001.nautilus_backtest::engine: Max Loser:                      -1603.86[0m
[1m2026-08-07T19:24:25.059698760Z[0m [INFO] TRADER-001.nautilus_backtest::engine: Max Winner:                     NaN[0m
[1m2026-08-07T19:24:25.059698910Z[0m [INFO] TRADER-001.nautilus_backtest::engine: Min Loser:                      -222.51[0m
[1m2026-08-07T19:24:25.059699141Z[0m [INFO] TRADER-001.nautilus_backtest::engine: Min Winner:                     NaN[0m
[1m2026-08-07T19:24:25.059699792Z[0m [INFO] TRADER-001.nautilus_backtest::engine: PnL (total):                    -3179.18[0m
[1m2026-08-07T19:24:25.059700002Z[0m [INFO] TRADER-001.nautilus_backtest::engine: PnL% (total):                   -3.18[0m
[1m2026-08-07T19:24:25.059700212Z[0m [INFO] TRADER-001.nautilus_backtest::engine: Win Rate:                       0.00[0m
[1m2026-08-07T19:24:25.059700683Z[0m [36m[INFO] TRADER-001.nautilus_backtest::engine: -----------------------------------------------------------------[0m
[1m2026-08-07T19:24:25.059701014Z[0m [INFO] TRADER-001.nautilus_backtest::engine:  Returns Statistics[0m
[1m2026-08-07T19:24:25.059701214Z[0m [36m[INFO] TRADER-001.nautilus_backtest::engine: -----------------------------------------------------------------[0m
[1m2026-08-07T19:24:25.059714854Z[0m [INFO] TRADER-001.nautilus_backtest::engine: Average (Return):               -0.00[0m
[1m2026-08-07T19:24:25.059715135Z[0m [INFO] TRADER-001.nautilus_backtest::engine: Average Loss (Return):          -0.00[0m
[1m2026-08-07T19:24:25.059715295Z[0m [INFO] TRADER-001.nautilus_backtest::engine: Average Win (Return):           0.00[0m
[1m2026-08-07T19:24:25.059716427Z[0m [INFO] TRADER-001.nautilus_backtest::engine: Profit Factor:                  0.43[0m
[1m2026-08-07T19:24:25.059716667Z[0m [INFO] TRADER-001.nautilus_backtest::engine: Returns Volatility (252 days):  0.01[0m
[1m2026-08-07T19:24:25.059716827Z[0m [INFO] TRADER-001.nautilus_backtest::engine: Risk Return Ratio:              -0.37[0m
[1m2026-08-07T19:24:25.059716998Z[0m [INFO] TRADER-001.nautilus_backtest::engine: Sharpe Ratio (252 days):        -5.89[0m
[1m2026-08-07T19:24:25.059717168Z[0m [INFO] TRADER-001.nautilus_backtest::engine: Sortino Ratio (252 days):       -7.73[0m
[1m2026-08-07T19:24:25.059717659Z[0m [36m[INFO] TRADER-001.nautilus_backtest::engine: -----------------------------------------------------------------[0m
[1m2026-08-07T19:24:25.059718209Z[0m [INFO] TRADER-001.nautilus_backtest::engine:  General Statistics[0m
[1m2026-08-07T19:24:25.059718450Z[0m [36m[INFO] TRADER-001.nautilus_backtest::engine: -----------------------------------------------------------------[0m
[1m2026-08-07T19:24:25.059721544Z[0m [INFO] TRADER-001.nautilus_backtest::engine: Long Ratio:                     0.5[0m
[1m2026-08-07T19:24:25.059721855Z[0m [36m[INFO] TRADER-001.nautilus_backtest::engine: -----------------------------------------------------------------[0m
[1m2026-08-07T19:24:25.099068584Z[0m [INFO] TRADER-001.nautilus_system::kernel: Disposing[0m
[1m2026-08-07T19:24:25.099082545Z[0m [INFO] TRADER-001.nautilus_system::trader: Disposing[0m
[1m2026-08-07T19:24:25.099085209Z[0m [INFO] TRADER-001.DataActor-140733277815304: Disposing[0m
[1m2026-08-07T19:24:25.099089075Z[0m [INFO] TRADER-001.DataActor-140733277815304: Disposed[0m
[1m2026-08-07T19:24:25.099096045Z[0m [INFO] TRADER-001.nautilus_system::trader: Disposed[0m
[1m2026-08-07T19:24:25.099098489Z[0m [INFO] TRADER-001.nautilus_backtest::execution_client: Backtest execution client stopped[0m
[1m2026-08-07T19:24:25.099100522Z[0m [INFO] TRADER-001.nautilus_execution::engine: Stopped[0m
[1m2026-08-07T19:24:25.099101513Z[0m [INFO] TRADER-001.nautilus_risk::engine: Stopped[0m
[1m2026-08-07T19:24:25.099103446Z[0m [INFO] TRADER-001.nautilus_execution::order_emulator::emulator: Stopped[0m
[1m2026-08-07T19:24:25.099112039Z[0m [INFO] TRADER-001.nautilus_execution::engine: Disposed[0m
[1m2026-08-07T19:24:25.099112650Z[0m [INFO] TRADER-001.nautilus_risk::engine: Disposed[0m
[1m2026-08-07T19:24:25.099115404Z[0m [INFO] TRADER-001.nautilus_execution::order_emulator::emulator: Disposed[0m
[1m2026-08-07T19:24:25.099147412Z[0m [INFO] TRADER-001.nautilus_common::cache: Reset cache[0m
[1m2026-08-07T19:24:25.099169295Z[0m [INFO] TRADER-001.nautilus_system::kernel: Disposed[0m
Traceback (most recent call last):
  File "/__w/SMC_ICT_4_LIVE/SMC_ICT_4_LIVE/research/candidate-08/run_session_raid_reversal_nautilus_v1.py", line 166, in <module>
    raise SystemExit(main())
                     ~~~~^^
  File "/__w/SMC_ICT_4_LIVE/SMC_ICT_4_LIVE/research/candidate-08/run_session_raid_reversal_nautilus_v1.py", line 154, in main
    run_suite(
    ~~~~~~~~~^
        config_path=args.config.resolve(),
        ^^^^^^^^^^^^^^^^^^^^^^^^^^^^^^^^^^
    ...<4 lines>...
        reuse_first_dir=(args.reuse_first_dir.resolve() if args.reuse_first_dir else None),
        ^^^^^^^^^^^^^^^^^^^^^^^^^^^^^^^^^^^^^^^^^^^^^^^^^^^^^^^^^^^^^^^^^^^^^^^^^^^^^^^^^^^
    )
    ^
  File "/__w/SMC_ICT_4_LIVE/SMC_ICT_4_LIVE/research/candidate-08/run_session_raid_reversal_nautilus_v1.py", line 122, in run_suite
    return base.run_suite(
           ~~~~~~~~~~~~~~^
        config_path=config_path,
        ^^^^^^^^^^^^^^^^^^^^^^^^
    ...<5 lines>...
        ablation="none",
        ^^^^^^^^^^^^^^^^
    )
    ^
  File "/__w/SMC_ICT_4_LIVE/SMC_ICT_4_LIVE/research/candidate-08/run_aggtrade_acceptance_nautilus.py", line 963, in run_suite
    result = run_window(
        config=config,
    ...<5 lines>...
        ablation=ablation,
    )
  File "/__w/SMC_ICT_4_LIVE/SMC_ICT_4_LIVE/research/candidate-08/run_aggtrade_acceptance_nautilus.py", line 850, in run_window
    event_count = _write_merged_events(
        output_dir / "scenario_events.jsonl",
        signals_by_time_ns=signals_by_time_ns,
        execution_events=strategy.execution_events,
    )
  File "/__w/SMC_ICT_4_LIVE/SMC_ICT_4_LIVE/research/candidate-08/run_aggtrade_acceptance_nautilus.py", line 379, in _write_merged_events
    for sequence, event in zip((10, 20, 30), signal.events, strict=True):
                           ~~~^^^^^^^^^^^^^^^^^^^^^^^^^^^^^^^^^^^^^^^^^^
ValueError: zip() argument 2 is shorter than argument 1
