[OK] python: 3.13.5 (need 3.13.x)
[OK] nautilus_trader: 1.230.0 (need 1.230.0)
[OK] glibc: 2.36 (need >= 2.35)
test_completed_feature_index_stays_exact_and_unique (__main__.CompletedFeatureContracts.test_completed_feature_index_stays_exact_and_unique) ... ok
test_duplicate_completed_trade_timestamp_remains_invalid (__main__.CompletedFeatureContracts.test_duplicate_completed_trade_timestamp_remains_invalid) ... ok
test_source_contains_no_outcome_or_execution_logic (__main__.CompletedFeatureContracts.test_source_contains_no_outcome_or_execution_logic) ... ok
test_chunk_split_inside_equal_timestamp_matches_single_pass (__main__.DuplicateTimestampRawQuoteContracts.test_chunk_split_inside_equal_timestamp_matches_single_pass) ... ok
test_completed_bucket_preserves_duplicate_event_count_and_state_order (__main__.DuplicateTimestampRawQuoteContracts.test_completed_bucket_preserves_duplicate_event_count_and_state_order) ... ok
test_duplicate_exchange_milliseconds_are_distinct_ordered_events (__main__.DuplicateTimestampRawQuoteContracts.test_duplicate_exchange_milliseconds_are_distinct_ordered_events) ... ok
test_raw_time_regression_is_rejected_without_deduplication (__main__.DuplicateTimestampRawQuoteContracts.test_raw_time_regression_is_rejected_without_deduplication) ... ok

----------------------------------------------------------------------
Ran 7 tests in 0.105s

OK
test_cross_chunk_time_regression_is_rejected (__main__.RawChunkIntegrityContracts.test_cross_chunk_time_regression_is_rejected) ... ok
test_equal_time_update_id_regression_is_rejected (__main__.RawChunkIntegrityContracts.test_equal_time_update_id_regression_is_rejected) ... ok
test_equal_transaction_millisecond_preserves_update_order (__main__.RawChunkIntegrityContracts.test_equal_transaction_millisecond_preserves_update_order) ... ok
test_malformed_crossed_and_nonpositive_rows_fail_closed (__main__.RawChunkIntegrityContracts.test_malformed_crossed_and_nonpositive_rows_fail_closed) ... ok
test_arbitrary_chunk_boundaries_match_single_pass_exactly (__main__.RawOpenBucketCarryContracts.test_arbitrary_chunk_boundaries_match_single_pass_exactly) ... ok
test_duplicate_timestamp_events_contribute_individually (__main__.RawOpenBucketCarryContracts.test_duplicate_timestamp_events_contribute_individually) ... ok
test_later_buckets_cannot_change_already_closed_history (__main__.RawOpenBucketCarryContracts.test_later_buckets_cannot_change_already_closed_history) ... ok
test_streaming_revision_contains_no_daily_materialization_or_trading_logic (__main__.RawOpenBucketCarryContracts.test_streaming_revision_contains_no_daily_materialization_or_trading_logic) ... ok

----------------------------------------------------------------------
Ran 8 tests in 0.328s

OK
test_direction_must_be_signed (__main__.ExecutableQuoteReferenceContracts.test_direction_must_be_signed) ... ok
test_invalid_or_crossed_completed_quote_fails_closed (__main__.ExecutableQuoteReferenceContracts.test_invalid_or_crossed_completed_quote_fails_closed) ... ok
test_long_uses_completed_best_ask_not_trade_close (__main__.ExecutableQuoteReferenceContracts.test_long_uses_completed_best_ask_not_trade_close) ... ok
test_short_uses_completed_best_bid_not_trade_close (__main__.ExecutableQuoteReferenceContracts.test_short_uses_completed_best_bid_not_trade_close) ... ok
test_invalid_direction_or_nonpositive_inputs_fail_closed (__main__.ExpectedOneTickFillContracts.test_invalid_direction_or_nonpositive_inputs_fail_closed) ... ok
test_long_and_short_fill_one_tick_adverse_from_l1 (__main__.ExpectedOneTickFillContracts.test_long_and_short_fill_one_tick_adverse_from_l1) ... ok
test_fill_adjusted_exit_requires_strictly_later_event_time (__main__.FillAdjustedExitTimingContracts.test_fill_adjusted_exit_requires_strictly_later_event_time) ... ok
test_fill_adjusted_exit_without_position_open_time_fails_closed (__main__.FillAdjustedExitTimingContracts.test_fill_adjusted_exit_without_position_open_time_fails_closed) ... ok
test_non_risk_exit_is_not_changed_by_guard (__main__.FillAdjustedExitTimingContracts.test_non_risk_exit_is_not_changed_by_guard) ... ok

----------------------------------------------------------------------
Ran 9 tests in 0.015s

OK
test_completed_snapshot_reproduces_venue_state_at_bar_end_plus_one_ns (__main__.NativeQuoteSnapshotContracts.test_completed_snapshot_reproduces_venue_state_at_bar_end_plus_one_ns) ... ok
test_invalid_or_crossed_state_fails_closed (__main__.NativeQuoteSnapshotContracts.test_invalid_or_crossed_state_fails_closed) ... ok
test_non_quote_frame_is_backward_compatible (__main__.NativeQuoteSnapshotContracts.test_non_quote_frame_is_backward_compatible) ... ok
test_source_event_must_be_inside_the_completed_bucket (__main__.NativeQuoteSnapshotContracts.test_source_event_must_be_inside_the_completed_bucket) ... ok
test_unobservable_bucket_emits_no_native_quote (__main__.NativeQuoteSnapshotContracts.test_unobservable_bucket_emits_no_native_quote) ... ok

----------------------------------------------------------------------
Ran 5 tests in 0.009s

OK
test_adapter_contains_no_new_backtest_or_sizing_engine (__main__.NativeAdapterContracts.test_adapter_contains_no_new_backtest_or_sizing_engine) ... ok
test_config_and_implementation_revisions_are_bound (__main__.NativeAdapterContracts.test_config_and_implementation_revisions_are_bound) ... ok
test_family_resolution_prefers_immutable_signal_field (__main__.NativeAdapterContracts.test_family_resolution_prefers_immutable_signal_field) ... ok
test_inherited_native_engine_config_contract_is_complete (__main__.NativeAdapterContracts.test_inherited_native_engine_config_contract_is_complete) ... ok
test_only_predeclared_ablation_is_exposed (__main__.NativeAdapterContracts.test_only_predeclared_ablation_is_exposed) ... ok
test_order_and_intent_labels_name_real_quote_scenarios (__main__.NativeAdapterContracts.test_order_and_intent_labels_name_real_quote_scenarios) ... ok
test_verified_runner_boundaries_are_reused (__main__.NativeAdapterContracts.test_verified_runner_boundaries_are_reused) ... ok

----------------------------------------------------------------------
Ran 7 tests in 0.001s

OK
[1m2026-08-07T13:48:04.601976207Z[0m [36m[INFO] TRADER-001.BacktestEngine: =================================================================[0m
[1m2026-08-07T13:48:04.601994635Z[0m [36m[INFO] TRADER-001.BacktestEngine:  NAUTILUS TRADER - Automated Algorithmic Trading Platform[0m
[1m2026-08-07T13:48:04.601995056Z[0m [36m[INFO] TRADER-001.BacktestEngine:  by Nautech Systems Pty Ltd.[0m
[1m2026-08-07T13:48:04.601995266Z[0m [36m[INFO] TRADER-001.BacktestEngine:  Copyright (C) 2015-2026. All rights reserved.[0m
[1m2026-08-07T13:48:04.601995446Z[0m [36m[INFO] TRADER-001.BacktestEngine: =================================================================[0m
[1m2026-08-07T13:48:04.601995637Z[0m [INFO] TRADER-001.BacktestEngine: [0m
[1m2026-08-07T13:48:04.601995887Z[0m [INFO] TRADER-001.BacktestEngine: ⠀⠀⠀⠀⠀⠀⠀⠀⠀⠀⠀⠀⠀⣠⣴⣶⡟⠀⠀⠀⠀⠀⠀⠀⠀⠀⠀⠀⠀⠀⠀[0m
[1m2026-08-07T13:48:04.601996157Z[0m [INFO] TRADER-001.BacktestEngine: ⠀⠀⠀⠀⠀⠀⠀⠀⠀⠀⠀⣰⣾⣿⣿⣿⠀⢸⣿⣿⣿⣿⣶⣶⣤⣀⠀⠀⠀⠀⠀[0m
[1m2026-08-07T13:48:04.601996408Z[0m [INFO] TRADER-001.BacktestEngine: ⠀⠀⠀⠀⠀⠀⢀⣴⡇⢀⣾⣿⣿⣿⣿⣿⠀⣾⣿⣿⣿⣿⣿⣿⣿⠿⠓⠀⠀⠀⠀[0m
[1m2026-08-07T13:48:04.601996688Z[0m [INFO] TRADER-001.BacktestEngine: ⠀⠀⠀⠀⠀⣰⣿⣿⡀⢸⣿⣿⣿⣿⣿⣿⠀⣿⣿⣿⣿⣿⣿⠟⠁⣠⣄⠀⠀⠀⠀[0m
[1m2026-08-07T13:48:04.601997259Z[0m [INFO] TRADER-001.BacktestEngine: ⠀⠀⠀⠀⢠⣿⣿⣿⣇⠀⢿⣿⣿⣿⣿⣿⠀⢻⣿⣿⣿⡿⢃⣠⣾⣿⣿⣧⡀⠀⠀[0m
[1m2026-08-07T13:48:04.601997529Z[0m [INFO] TRADER-001.BacktestEngine: ⠀⠀⠀⠠⣾⣿⣿⣿⣿⣿⣧⠈⠋⢀⣴⣧⠀⣿⡏⢠⡀⢸⣿⣿⣿⣿⣿⣿⣿⡇⠀[0m
[1m2026-08-07T13:48:04.601997830Z[0m [INFO] TRADER-001.BacktestEngine: ⠀⠀⠀⣀⠙⢿⣿⣿⣿⣿⣿⠇⢠⣿⣿⣿⡄⠹⠃⠼⠃⠈⠉⠛⠛⠛⠛⠛⠻⠇⠀[0m
[1m2026-08-07T13:48:04.601998130Z[0m [INFO] TRADER-001.BacktestEngine: ⠀⠀⢸⡟⢠⣤⠉⠛⠿⢿⣿⠀⢸⣿⡿⠋⣠⣤⣄⠀⣾⣿⣿⣶⣶⣶⣦⡄⠀⠀⠀[0m
[1m2026-08-07T13:48:04.601999482Z[0m [INFO] TRADER-001.BacktestEngine: ⠀⠀⠸⠀⣾⠏⣸⣷⠂⣠⣤⠀⠘⢁⣴⣾⣿⣿⣿⡆⠘⣿⣿⣿⣿⣿⣿⠀⠀⠀⠀[0m
[1m2026-08-07T13:48:04.601999633Z[0m [INFO] TRADER-001.BacktestEngine: ⠀⠀⠀⠀⠛⠀⣿⡟⠀⢻⣿⡄⠸⣿⣿⣿⣿⣿⣿⣿⡀⠘⣿⣿⣿⣿⠟⠀⠀⠀⠀[0m
[1m2026-08-07T13:48:04.601999783Z[0m [INFO] TRADER-001.BacktestEngine: ⠀⠀⠀⠀⠀⠀⣿⠇⠀⠀⢻⡿⠀⠈⠻⣿⣿⣿⣿⣿⡇⠀⢹⣿⠿⠋⠀⠀⠀⠀⠀[0m
[1m2026-08-07T13:48:04.601999923Z[0m [INFO] TRADER-001.BacktestEngine: ⠀⠀⠀⠀⠀⠀⠋⠀⠀⠀⡘⠁⠀⠀⠀⠀⠀⠀⠀⠀⠀⠀⠈⠁⠀⠀⠀⠀⠀⠀⠀[0m
[1m2026-08-07T13:48:04.602000073Z[0m [INFO] TRADER-001.BacktestEngine: [0m
[1m2026-08-07T13:48:04.602000223Z[0m [36m[INFO] TRADER-001.BacktestEngine: =================================================================[0m
[1m2026-08-07T13:48:04.602000504Z[0m [36m[INFO] TRADER-001.BacktestEngine:  SYSTEM SPECIFICATION[0m
[1m2026-08-07T13:48:04.602000634Z[0m [36m[INFO] TRADER-001.BacktestEngine: =================================================================[0m
[1m2026-08-07T13:48:04.602002246Z[0m [INFO] TRADER-001.BacktestEngine: CPU architecture: AMD EPYC 9V74 80-Core Processor[0m
[1m2026-08-07T13:48:04.602003038Z[0m [INFO] TRADER-001.BacktestEngine: CPU(s): 4 @ 2596 MHz[0m
[1m2026-08-07T13:48:04.602004179Z[0m [INFO] TRADER-001.BacktestEngine: OS: kernel-6.17.0-1020-azure Linux (Debian GNU/Linux 12)[0m
[1m2026-08-07T13:48:04.602076868Z[0m [36m[INFO] TRADER-001.BacktestEngine: =================================================================[0m
[1m2026-08-07T13:48:04.602082266Z[0m [36m[INFO] TRADER-001.BacktestEngine:  MEMORY USAGE[0m
[1m2026-08-07T13:48:04.602082707Z[0m [36m[INFO] TRADER-001.BacktestEngine: =================================================================[0m
[1m2026-08-07T13:48:04.602086823Z[0m [INFO] TRADER-001.BacktestEngine: RAM-Total: 15.61 GiB[0m
[1m2026-08-07T13:48:04.602087584Z[0m [INFO] TRADER-001.BacktestEngine: RAM-Used: 2.18 GiB (13.97%)[0m
[1m2026-08-07T13:48:04.602088125Z[0m [INFO] TRADER-001.BacktestEngine: RAM-Avail: 13.43 GiB (86.03%)[0m
[1m2026-08-07T13:48:04.602090088Z[0m [INFO] TRADER-001.BacktestEngine: Swap-Total: 3.00 GiB[0m
[1m2026-08-07T13:48:04.602090719Z[0m [INFO] TRADER-001.BacktestEngine: Swap-Used: 0.00 GiB (0.00%)[0m
[1m2026-08-07T13:48:04.602091671Z[0m [INFO] TRADER-001.BacktestEngine: Swap-Avail: 3.00 GiB (100.00%)[0m
[1m2026-08-07T13:48:04.602092402Z[0m [36m[INFO] TRADER-001.BacktestEngine: =================================================================[0m
[1m2026-08-07T13:48:04.602092712Z[0m [36m[INFO] TRADER-001.BacktestEngine:  IDENTIFIERS[0m
[1m2026-08-07T13:48:04.602092902Z[0m [36m[INFO] TRADER-001.BacktestEngine: =================================================================[0m
[1m2026-08-07T13:48:04.602093313Z[0m [INFO] TRADER-001.BacktestEngine: trader_id: TRADER-001[0m
[1m2026-08-07T13:48:04.602095667Z[0m [INFO] TRADER-001.BacktestEngine: machine_id: d10063d04ab7[0m
[1m2026-08-07T13:48:04.602096938Z[0m [INFO] TRADER-001.BacktestEngine: instance_id: b369cb22-8bde-4866-8351-58d31a2ad893[0m
[1m2026-08-07T13:48:04.602097329Z[0m [INFO] TRADER-001.BacktestEngine: PID: 209[0m
[1m2026-08-07T13:48:04.602097549Z[0m [36m[INFO] TRADER-001.BacktestEngine: =================================================================[0m
[1m2026-08-07T13:48:04.602097770Z[0m [36m[INFO] TRADER-001.BacktestEngine:  VERSIONING[0m
[1m2026-08-07T13:48:04.602097980Z[0m [36m[INFO] TRADER-001.BacktestEngine: =================================================================[0m
[1m2026-08-07T13:48:04.602112342Z[0m [INFO] TRADER-001.BacktestEngine: nautilus_trader: 1.230.0[0m
[1m2026-08-07T13:48:04.602119562Z[0m [INFO] TRADER-001.BacktestEngine: python: 3.13.5[0m
[1m2026-08-07T13:48:04.602124540Z[0m [INFO] TRADER-001.BacktestEngine: numpy: 2.5.1[0m
[1m2026-08-07T13:48:04.602133423Z[0m [INFO] TRADER-001.BacktestEngine: pandas: 3.0.5[0m
[1m2026-08-07T13:48:04.602137579Z[0m [INFO] TRADER-001.BacktestEngine: msgspec: 0.21.1[0m
[1m2026-08-07T13:48:04.602142327Z[0m [INFO] TRADER-001.BacktestEngine: pyarrow: 25.0.0[0m
[1m2026-08-07T13:48:04.602145852Z[0m [INFO] TRADER-001.BacktestEngine: pytz: 2026.3.post1[0m
[1m2026-08-07T13:48:04.602153854Z[0m [INFO] TRADER-001.BacktestEngine: uvloop: 0.22.1[0m
[1m2026-08-07T13:48:04.602154274Z[0m [36m[INFO] TRADER-001.BacktestEngine: =================================================================[0m
[1m2026-08-07T13:48:04.602155727Z[0m [INFO] TRADER-001.nautilus_system::kernel: Building system kernel[0m
[1m2026-08-07T13:48:04.602472071Z[0m [INFO] TRADER-001.nautilus_backtest::engine: Adding exchange BINANCE to engine[0m
[1m2026-08-07T13:48:04.602527464Z[0m [INFO] TRADER-001.nautilus_backtest::exchange: Added instrument BTCUSDT-PERP.BINANCE and created matching engine[0m
[1m2026-08-07T13:48:04.602596378Z[0m [INFO] TRADER-001.nautilus_backtest::engine: Added instrument BTCUSDT-PERP.BINANCE to exchange BINANCE[0m
[1m2026-08-07T13:48:04.616694593Z[0m [INFO] TRADER-001.nautilus_backtest::engine: Added 62136 data elements to BacktestEngine (62136 total)[0m
[1m2026-08-07T13:48:04.628838727Z[0m [INFO] TRADER-001.nautilus_backtest::engine: Added 62136 data elements to BacktestEngine (124272 total)[0m
[1m2026-08-07T13:48:04.631262102Z[0m [INFO] TRADER-001.nautilus_backtest::engine: Added 10356 data elements to BacktestEngine (134628 total)[0m
[1m2026-08-07T13:48:04.631293429Z[0m [INFO] TRADER-001.nautilus_backtest::engine: Added 22 data elements to BacktestEngine (134650 total)[0m
[1m2026-08-07T13:48:04.631303684Z[0m [INFO] TRADER-001.nautilus_backtest::engine: Data sort requested (iterator merges streams by replay timestamp)[0m
[1m2026-08-07T13:48:04.631371336Z[0m [INFO] TRADER-001.DataActor-140736099554648: Ready[0m
[1m2026-08-07T13:48:04.631454330Z[0m [INFO] TRADER-001.nautilus_backtest::python::engine: Registered Python strategy DataActor-140736099554648[0m
[1m2026-08-07T13:48:04.631490184Z[0m [INFO] TRADER-001.nautilus_portfolio::portfolio: Updated AccountState(account_id=BINANCE-001, account_type=MARGIN, base_currency=USDT, is_reported=true, balances=[AccountBalance(total=100000.00000000 USDT, locked=0.00000000 USDT, free=100000.00000000 USDT)], margins=[], event_id=32f80c49-6a0b-4f99-9983-45297b750461)[0m
[1m2023-10-14T23:25:10.000000000Z[0m [INFO] TRADER-001.nautilus_system::kernel: Starting[0m
[1m2023-10-14T23:25:10.000000000Z[0m [INFO] TRADER-001.nautilus_backtest::execution_client: Backtest execution client started[0m
[1m2023-10-14T23:25:10.000000000Z[0m [INFO] TRADER-001.nautilus_execution::engine: Started[0m
[1m2023-10-14T23:25:10.000000000Z[0m [INFO] TRADER-001.nautilus_risk::engine: Started[0m
[1m2023-10-14T23:25:10.000000000Z[0m [INFO] TRADER-001.nautilus_system::kernel: Initializing trader[0m
[1m2023-10-14T23:25:10.000000000Z[0m [INFO] TRADER-001.nautilus_system::kernel: Started[0m
[1m2023-10-14T23:25:10.000000000Z[0m [INFO] TRADER-001.nautilus_system::kernel: Starting trader...[0m
[1m2023-10-14T23:25:10.000000000Z[0m [INFO] TRADER-001.nautilus_execution::order_emulator::emulator: Started[0m
[1m2023-10-14T23:25:10.000000000Z[0m [INFO] TRADER-001.nautilus_system::trader: Starting[0m
[1m2023-10-14T23:25:10.000000000Z[0m [INFO] TRADER-001.DataActor-140736099554648: Starting[0m
[1m2023-10-14T23:25:10.000000000Z[0m [INFO] TRADER-001.nautilus_trading::strategy: Starting DataActor-140736099554648[0m
[1m2023-10-14T23:25:10.000000000Z[0m [INFO] TRADER-001.nautilus_common::actor::data_actor: [CMD]--> Subscribe(Bars(SubscribeBars { bar_type: Standard { instrument_id: "BTCUSDT-PERP.BINANCE", spec: BarSpecification { step: 10, aggregation: Second, price_type: Last }, aggregation_source: External }, client_id: None, venue: Some("BINANCE"), command_id: UUID4(d8823b99-2a14-4fea-807b-2d1848d21800), ts_init: UnixNanos(1697325910000000000), correlation_id: None, params: None }))[0m
[1m2023-10-14T23:25:10.000000000Z[0m [INFO] TRADER-001.nautilus_common::actor::data_actor: [CMD]--> Subscribe(Quotes(SubscribeQuotes { instrument_id: "BTCUSDT-PERP.BINANCE", client_id: None, venue: Some("BINANCE"), command_id: UUID4(7decf3ff-cfb0-4257-915c-4ab13fa14557), ts_init: UnixNanos(1697325910000000000), correlation_id: None, params: None }))[0m
[1m2023-10-14T23:25:10.000000000Z[0m [INFO] TRADER-001.DataActor-140736099554648: Running[0m
[1m2023-10-14T23:25:10.000000000Z[0m [INFO] TRADER-001.nautilus_system::trader: Running[0m
[1m2023-10-14T23:25:10.000000000Z[0m [INFO] TRADER-001.nautilus_system::kernel: Trader started[0m
[1m2023-10-14T23:25:10.000000000Z[0m [36m[INFO] TRADER-001.nautilus_backtest::engine: =================================================================[0m
[1m2023-10-14T23:25:10.000000000Z[0m [36m[INFO] TRADER-001.nautilus_backtest::engine:  BACKTEST PRE-RUN[0m
[1m2023-10-14T23:25:10.000000000Z[0m [36m[INFO] TRADER-001.nautilus_backtest::engine: =================================================================[0m
[1m2023-10-14T23:25:10.000000000Z[0m [36m[INFO] TRADER-001.nautilus_backtest::engine: =================================================================[0m
[1m2023-10-14T23:25:10.000000000Z[0m [INFO] TRADER-001.nautilus_backtest::engine:  SimulatedVenue BINANCE (MARGIN)[0m
[1m2023-10-14T23:25:10.000000000Z[0m [36m[INFO] TRADER-001.nautilus_backtest::engine: -----------------------------------------------------------------[0m
[1m2023-10-14T23:25:10.000000000Z[0m [INFO] TRADER-001.nautilus_backtest::engine: Balances starting:[0m
[1m2023-10-14T23:25:10.000000000Z[0m [INFO] TRADER-001.nautilus_backtest::engine:   100000.00000000 USDT[0m
[1m2023-10-14T23:25:10.000000000Z[0m [36m[INFO] TRADER-001.nautilus_backtest::engine: -----------------------------------------------------------------[0m
[1m2023-10-14T23:25:10.000000000Z[0m [36m[INFO] TRADER-001.nautilus_backtest::engine: =================================================================[0m
[1m2023-10-14T23:25:10.000000000Z[0m [36m[INFO] TRADER-001.nautilus_backtest::engine:  BACKTEST RUN[0m
[1m2023-10-14T23:25:10.000000000Z[0m [36m[INFO] TRADER-001.nautilus_backtest::engine: =================================================================[0m
[1m2023-10-14T23:25:10.000000000Z[0m [INFO] TRADER-001.nautilus_backtest::engine: Run config ID:  None[0m
[1m2023-10-14T23:25:10.000000000Z[0m [INFO] TRADER-001.nautilus_backtest::engine: Run ID:         0cfe0773-906d-421f-93ee-3b38ef26dfd3[0m
[1m2023-10-14T23:25:10.000000000Z[0m [INFO] TRADER-001.nautilus_backtest::engine: Backtest start: 2023-10-14T23:25:10.000000000Z[0m
[1m2023-10-14T23:25:10.000000000Z[0m [INFO] TRADER-001.nautilus_backtest::engine: Data elements:  134650[0m
[1m2023-10-14T23:25:10.000000000Z[0m [36m[INFO] TRADER-001.nautilus_backtest::engine: -----------------------------------------------------------------[0m
[1m2023-10-14T23:25:10.000000000Z[0m [94m[INFO] TRADER-001.nautilus_data::client: Subscribed BTCUSDT-PERP.BINANCE-10-SECOND-LAST-EXTERNAL bars[0m
[1m2023-10-14T23:25:10.000000000Z[0m [94m[INFO] TRADER-001.nautilus_data::client: Subscribed BTCUSDT-PERP.BINANCE quotes[0m
[1m2023-10-22T04:01:00.000000001Z[0m [INFO] TRADER-001.nautilus_system::kernel: Stopping trader...[0m
[1m2023-10-22T04:01:00.000000001Z[0m [INFO] TRADER-001.nautilus_system::trader: Stopping[0m
[1m2023-10-22T04:01:00.000000001Z[0m [INFO] TRADER-001.DataActor-140736099554648: Stopping[0m
[1m2023-10-22T04:01:00.000000001Z[0m [INFO] TRADER-001.nautilus_trading::strategy: No BTCUSDT-PERP.BINANCE open, emulated, or inflight orders to cancel[0m
[1m2023-10-22T04:01:00.000000001Z[0m [INFO] TRADER-001.DataActor-140736099554648: Stopped[0m
[1m2023-10-22T04:01:00.000000001Z[0m [INFO] TRADER-001.nautilus_system::trader: Stopped[0m
[1m2023-10-22T04:01:00.000000001Z[0m [INFO] TRADER-001.nautilus_risk::engine: Stopped[0m
[1m2023-10-22T04:01:00.000000001Z[0m [INFO] TRADER-001.nautilus_backtest::execution_client: Backtest execution client stopped[0m
[1m2023-10-22T04:01:00.000000001Z[0m [INFO] TRADER-001.nautilus_execution::engine: Stopped[0m
[1m2026-08-07T13:48:05.205161617Z[0m [36m[INFO] TRADER-001.nautilus_backtest::engine: =================================================================[0m
[1m2026-08-07T13:48:05.205162639Z[0m [36m[INFO] TRADER-001.nautilus_backtest::engine:  BACKTEST POST-RUN[0m
[1m2026-08-07T13:48:05.205162909Z[0m [36m[INFO] TRADER-001.nautilus_backtest::engine: =================================================================[0m
[1m2026-08-07T13:48:05.205163199Z[0m [INFO] TRADER-001.nautilus_backtest::engine: Run config ID:  None[0m
[1m2026-08-07T13:48:05.205164511Z[0m [INFO] TRADER-001.nautilus_backtest::engine: Run ID:         0cfe0773-906d-421f-93ee-3b38ef26dfd3[0m
[1m2026-08-07T13:48:05.205165112Z[0m [INFO] TRADER-001.nautilus_backtest::engine: Run started:    2026-08-07T13:48:04.631462863Z[0m
[1m2026-08-07T13:48:05.205165643Z[0m [INFO] TRADER-001.nautilus_backtest::engine: Run finished:   2026-08-07T13:48:05.205149829Z[0m
[1m2026-08-07T13:48:05.205166354Z[0m [INFO] TRADER-001.nautilus_backtest::engine: Elapsed time:   0 days 00:00:00.573686[0m
[1m2026-08-07T13:48:05.205167055Z[0m [INFO] TRADER-001.nautilus_backtest::engine: Backtest start: 2023-10-14T23:25:10.000000000Z[0m
[1m2026-08-07T13:48:05.205167356Z[0m [INFO] TRADER-001.nautilus_backtest::engine: Backtest end:   2023-10-22T04:01:00.000000001Z[0m
[1m2026-08-07T13:48:05.205167806Z[0m [INFO] TRADER-001.nautilus_backtest::engine: Backtest range: 7 days 04:35:50.000000[0m
[1m2026-08-07T13:48:05.205168367Z[0m [INFO] TRADER-001.nautilus_backtest::engine: Iterations: 134_650[0m
[1m2026-08-07T13:48:05.205168828Z[0m [INFO] TRADER-001.nautilus_backtest::engine: Total events: 0[0m
[1m2026-08-07T13:48:05.205169138Z[0m [INFO] TRADER-001.nautilus_backtest::engine: Total orders: 0[0m
[1m2026-08-07T13:48:05.205169679Z[0m [INFO] TRADER-001.nautilus_backtest::engine: Total positions: 0[0m
[1m2026-08-07T13:48:05.205191121Z[0m [36m[INFO] TRADER-001.nautilus_backtest::engine: =================================================================[0m
[1m2026-08-07T13:48:05.205191552Z[0m [36m[INFO] TRADER-001.nautilus_backtest::engine:  PORTFOLIO PERFORMANCE[0m
[1m2026-08-07T13:48:05.205191802Z[0m [36m[INFO] TRADER-001.nautilus_backtest::engine: =================================================================[0m
[1m2026-08-07T13:48:05.205192273Z[0m [INFO] TRADER-001.nautilus_backtest::engine:  PnL Statistics (USDT)[0m
[1m2026-08-07T13:48:05.205192844Z[0m [36m[INFO] TRADER-001.nautilus_backtest::engine: -----------------------------------------------------------------[0m
[1m2026-08-07T13:48:05.205200365Z[0m [INFO] TRADER-001.nautilus_backtest::engine: PnL (total):                    0.00[0m
[1m2026-08-07T13:48:05.205200686Z[0m [INFO] TRADER-001.nautilus_backtest::engine: PnL% (total):                   0.00[0m
[1m2026-08-07T13:48:05.205200906Z[0m [36m[INFO] TRADER-001.nautilus_backtest::engine: -----------------------------------------------------------------[0m
[1m2026-08-07T13:48:05.205201216Z[0m [INFO] TRADER-001.nautilus_backtest::engine:  Returns Statistics[0m
[1m2026-08-07T13:48:05.205201357Z[0m [36m[INFO] TRADER-001.nautilus_backtest::engine: -----------------------------------------------------------------[0m
[1m2026-08-07T13:48:05.205215368Z[0m [INFO] TRADER-001.nautilus_backtest::engine: Average (Return):               NaN[0m
[1m2026-08-07T13:48:05.205215698Z[0m [INFO] TRADER-001.nautilus_backtest::engine: Average Loss (Return):          NaN[0m
[1m2026-08-07T13:48:05.205215878Z[0m [INFO] TRADER-001.nautilus_backtest::engine: Average Win (Return):           NaN[0m
[1m2026-08-07T13:48:05.205216069Z[0m [INFO] TRADER-001.nautilus_backtest::engine: Profit Factor:                  NaN[0m
[1m2026-08-07T13:48:05.205216269Z[0m [INFO] TRADER-001.nautilus_backtest::engine: Returns Volatility (252 days):  NaN[0m
[1m2026-08-07T13:48:05.205216469Z[0m [INFO] TRADER-001.nautilus_backtest::engine: Risk Return Ratio:              NaN[0m
[1m2026-08-07T13:48:05.205216730Z[0m [INFO] TRADER-001.nautilus_backtest::engine: Sharpe Ratio (252 days):        NaN[0m
[1m2026-08-07T13:48:05.205217040Z[0m [INFO] TRADER-001.nautilus_backtest::engine: Sortino Ratio (252 days):       NaN[0m
[1m2026-08-07T13:48:05.205217601Z[0m [36m[INFO] TRADER-001.nautilus_backtest::engine: -----------------------------------------------------------------[0m
[1m2026-08-07T13:48:05.205218022Z[0m [INFO] TRADER-001.nautilus_backtest::engine:  General Statistics[0m
[1m2026-08-07T13:48:05.205218332Z[0m [36m[INFO] TRADER-001.nautilus_backtest::engine: -----------------------------------------------------------------[0m
[1m2026-08-07T13:48:05.205219334Z[0m [36m[INFO] TRADER-001.nautilus_backtest::engine: -----------------------------------------------------------------[0m
[1m2026-08-07T13:48:05.272407867Z[0m [INFO] TRADER-001.nautilus_system::kernel: Disposing[0m
[1m2026-08-07T13:48:05.272428908Z[0m [INFO] TRADER-001.nautilus_system::trader: Disposing[0m
[1m2026-08-07T13:48:05.272433725Z[0m [INFO] TRADER-001.DataActor-140736099554648: Disposing[0m
[1m2026-08-07T13:48:05.272443470Z[0m [INFO] TRADER-001.DataActor-140736099554648: Disposed[0m
[1m2026-08-07T13:48:05.272452864Z[0m [INFO] TRADER-001.nautilus_system::trader: Disposed[0m
[1m2026-08-07T13:48:05.272456259Z[0m [INFO] TRADER-001.nautilus_backtest::execution_client: Backtest execution client stopped[0m
[1m2026-08-07T13:48:05.272458803Z[0m [INFO] TRADER-001.nautilus_execution::engine: Stopped[0m
[1m2026-08-07T13:48:05.272459865Z[0m [INFO] TRADER-001.nautilus_risk::engine: Stopped[0m
[1m2026-08-07T13:48:05.272461036Z[0m [INFO] TRADER-001.nautilus_execution::order_emulator::emulator: Stopped[0m
[1m2026-08-07T13:48:05.272477831Z[0m [INFO] TRADER-001.nautilus_execution::engine: Disposed[0m
[1m2026-08-07T13:48:05.272478432Z[0m [INFO] TRADER-001.nautilus_risk::engine: Disposed[0m
[1m2026-08-07T13:48:05.272480255Z[0m [INFO] TRADER-001.nautilus_execution::order_emulator::emulator: Disposed[0m
[1m2026-08-07T13:48:05.272495238Z[0m [INFO] TRADER-001.nautilus_common::cache: Reset cache[0m
[1m2026-08-07T13:48:05.272514717Z[0m [INFO] TRADER-001.nautilus_system::kernel: Disposed[0m
{"closed_trades": 0, "daily_geometric_growth": 0.0, "final_nav_usdt": 100000.0, "first_window_gate_passed": false, "signals": 0, "window": "frozen-week-01", "wins": 0}
{
  "ablation": "none",
  "ablation_modes": [
    "none"
  ],
  "auction_family_mode": "both",
  "candidate": "candidate-08-external-sweep-mss-fvg-retrace-v1",
  "close_reasons": {},
  "closed_trades": 0,
  "combined_calendar_days": 7.0,
  "combined_daily_geometric_growth": 0.0,
  "data_revision": "BINANCE_USDM_BOOKTICKER_COMPLETED_10S_V3_NATIVE_L1_SOURCE_TIME",
  "diagnostic_family_ablation": false,
  "diagnostic_only_ablation": false,
  "execution_adapter_revision": "QUOTE_RESILIENCY_NATIVE_EXECUTION_LABELS_V3_QUOTE_CALLBACK_EXACT_FILL",
  "feature_revision": "CAUSAL_QUOTE_RESILIENCY_FEATURES_V4_NATIVE_L1_SOURCE_TIME",
  "goal_daily_geometric_growth": 0.01,
  "goal_met": false,
  "implementation_revision": "CAUSAL_EXTERNAL_SWEEP_MSS_FVG_RETRACE_REACCELERATION_V1",
  "native_quote_revision": "CHECKSUM_BOOKTICKER_COMPLETION_QUOTE_TICK_V2_EXACT_SOURCE_TIME",
  "positive_trade_share": 0.0,
  "promotable": true,
  "realized_pnl_by_symbol": {},
  "risk_accounting_revision": "FILL_ADJUSTED_CAUSAL_STOP_RESERVE_V4_NEXT_COMPLETED_BAR_EXIT",
  "runner_revision": "EXTERNAL_SWEEP_FVG_NATIVE_NAUTILUS_ADAPTER_V1",
  "scenario_attribution_checks": {
    "all_closed_trades_attributed": true,
    "all_signals_attributed": true,
    "closed_trades_attributed": 0,
    "no_unclassified_closed_trades": true,
    "no_unclassified_signals": true,
    "reported_closed_trades": 0,
    "reported_signals": 0,
    "signals_attributed": 0
  },
  "scenario_attribution_passed": true,
  "scenario_contract": "COMPLETED_EXTERNAL_SWEEP_THEN_CONFIRMED_INTERNAL_MSS_FVG_THEN_CONTRACTED_CONSEQUENT_ENCROACHMENT_RETRACE_THEN_SEPARATE_REACCELERATION_WITH_NATIVE_L1_ENTRY",
  "scenario_family": "EXTERNAL_SWEEP_MSS_FVG_RETRACE_REACCELERATION",
  "scenario_family_results": {
    "EXTERNAL_SWEEP_MSS_FVG_RETRACE_REACCELERATION": {
      "close_reasons": {},
      "closed_trades": 0,
      "closed_trades_by_symbol": {},
      "losses": 0,
      "realized_pnl_usdt": 0.0,
      "signals": 0,
      "win_rate": 0.0,
      "wins": 0
    },
    "UNUSED_EXTERNAL_SWEEP_FAMILY": {
      "close_reasons": {},
      "closed_trades": 0,
      "closed_trades_by_symbol": {},
      "losses": 0,
      "realized_pnl_usdt": 0.0,
      "signals": 0,
      "win_rate": 0.0,
      "wins": 0
    }
  },
  "single_asset_positive_pnl_share": 0.0,
  "single_trade_positive_pnl_share": 0.0,
  "suite": "first",
  "suite_gate_checks": {
    "all_signal_times_processed": true,
    "all_submitted_entries_observed": true,
    "base_contract_includes_both_auction_families": true,
    "base_contract_not_ablated": true,
    "closed_trades_matched_to_intents": true,
    "complete_auction_scenario_attribution": true,
    "complete_post_run_trade_path_diagnostics": true,
    "cost_after_total_return_positive": false,
    "entry_causality": true,
    "fill_adjusted_risk_budget_respected": true,
    "funding_cost_state_is_causal_and_complete": true,
    "minimum_closed_trades": false,
    "no_execution_failures": true,
    "no_residual_exposure": true,
    "no_unexpected_or_liquidation_closes": true,
    "planned_risk_budget_respected": true,
    "position_exit_causality": true,
    "realized_loss_budget_respected": true,
    "single_external_sweep_fvg_family_enabled": true
  },
  "suite_gate_passed": false,
  "symbols_with_closed_trades": [],
  "ten_second_cadence_contract": "EXACT_CONSECUTIVE_COMPLETED_10_SECONDS",
  "trade_path_diagnostic_revision": "POST_RUN_STRUCTURAL_PATH_COMPLETE_HORIZON_V2",
  "trade_path_diagnostic_summary": {
    "actual_holding_first_touch_counts": {},
    "allowed_structural_first_touch_values": [
      "TARGET",
      "STOP",
      "AMBIGUOUS_SAME_BUCKET",
      "NONE_WITHIN_HORIZON"
    ],
    "complete_records": 0,
    "diagnostic_revision_counts": {
      "POST_RUN_STRUCTURAL_PATH_COMPLETE_HORIZON_V2": 0
    },
    "expected_diagnostic_revision": "POST_RUN_STRUCTURAL_PATH_COMPLETE_HORIZON_V2",
    "mean_actual_holding_adverse_stop_fraction": 0.0,
    "mean_actual_holding_favorable_target_fraction": 0.0,
    "records": 0,
    "status_counts": {},
    "structural_first_touch_counts": {},
    "target_after_actual_close_count": 0,
    "target_after_invalidation_count": 0
  },
  "window_results": [
    {
      "closed_trades": 0,
      "daily_geometric_growth": 0.0,
      "final_nav_usdt": 100000.0,
      "first_window_gate_passed": false,
      "maximum_realized_equity_drawdown": 0.0,
      "name": "frozen-week-01",
      "total_return": 0.0,
      "win_rate": 0.0,
      "wins": 0
    }
  ],
  "windows": [
    {
      "end": "2023-10-22T00:00:00Z",
      "name": "frozen-week-01",
      "start": "2023-10-15T00:00:00Z"
    }
  ],
  "wins": 0
}
{
  "candidate": "candidate-08-external-sweep-mss-fvg-retrace-v1",
  "closed_trades": 0,
  "daily_geometric_growth": 0.0,
  "decision": "DO_NOT_EXPAND_BEFORE_LOGIC_DIAGNOSIS",
  "first_window_gate_passed": false,
  "positive_trade_share": 0.0,
  "signals": 0,
  "suite_gate_passed": false,
  "total_return": 0.0,
  "window": "frozen-week-01",
  "wins": 0
}
