{
  "counts": {
    "cost_skipped": 8,
    "detector_signals": 26,
    "entries_filled": 4,
    "entries_unfilled": 12,
    "losing_fills": 3,
    "orders_submitted": 16,
    "winning_fills": 1
  },
  "dominant_path_findings": {
    "filled_without_directional_reacceleration_30m": 3,
    "losers_with_boundary_failure_by_15m": 3,
    "losers_without_directional_reacceleration_30m": 3,
    "winners_reaching_external_target_240m": 0
  },
  "median_fill_delay_minutes": 6.5,
  "median_net_mae_60m_r_filled": 1.962397788916948,
  "median_net_mfe_60m_r_filled": -0.12386612471063274
}
