{
  "aggtrade_archives": 8,
  "candidate": "candidate-03-nt-lvcfr-v17-dual-inventory-auction",
  "execution_windows": [
    [
      1750639560000000000,
      1750654260000000000
    ],
    [
      1750687560000000000,
      1750702260000000000
    ],
    [
      1750713360000000000,
      1750734240000000000
    ],
    [
      1750767960000000000,
      1750782660000000000
    ],
    [
      1750861080000000000,
      1750875780000000000
    ],
    [
      1750957500000000000,
      1750972200000000000
    ]
  ],
  "funding_archives": 1,
  "quote_ticks_retained": 265419,
  "signals": 8
}
