{
  "by_asset": {
    "BTCUSDT": {
      "micro": {
        "cost_after_eligible": 7,
        "mean_net_r_proxy": -0.5108864747668985,
        "median_net_r_proxy": -1.0,
        "median_net_rr": 2.929632364433966,
        "outcomes": {
          "STOP": 5,
          "TARGET": 1,
          "TIMEOUT": 1
        },
        "positive_share": 0.2857142857142857,
        "total_net_r_proxy": -3.5762053233682893,
        "triggers": 10
      },
      "structural": {
        "cost_after_eligible": 5,
        "mean_net_r_proxy": -0.7924999317234035,
        "median_net_r_proxy": -1.0,
        "median_net_rr": 2.0730510487284928,
        "outcomes": {
          "STOP": 3,
          "TIMEOUT": 2
        },
        "positive_share": 0.0,
        "total_net_r_proxy": -3.9624996586170176,
        "triggers": 10
      }
    },
    "ETHUSDT": {
      "micro": {
        "cost_after_eligible": 7,
        "mean_net_r_proxy": 0.29129775032697397,
        "median_net_r_proxy": 0.3404854827065076,
        "median_net_rr": 2.6116282781307256,
        "outcomes": {
          "STOP": 2,
          "TARGET": 1,
          "TIMEOUT": 4
        },
        "positive_share": 0.7142857142857143,
        "total_net_r_proxy": 2.0390842522888177,
        "triggers": 8
      },
      "structural": {
        "cost_after_eligible": 5,
        "mean_net_r_proxy": -0.034526298088466835,
        "median_net_r_proxy": 0.20275698422755312,
        "median_net_rr": 2.208534980634076,
        "outcomes": {
          "STOP": 2,
          "TIMEOUT": 3
        },
        "positive_share": 0.6,
        "total_net_r_proxy": -0.17263149044233417,
        "triggers": 8
      }
    },
    "SOLUSDT": {
      "micro": {
        "cost_after_eligible": 6,
        "mean_net_r_proxy": -0.6307254707460825,
        "median_net_r_proxy": -1.0,
        "median_net_rr": 1.527599182887478,
        "outcomes": {
          "STOP": 5,
          "TARGET": 1
        },
        "positive_share": 0.16666666666666666,
        "total_net_r_proxy": -3.7843528244764952,
        "triggers": 10
      },
      "structural": {
        "cost_after_eligible": 2,
        "mean_net_r_proxy": -1.0,
        "median_net_r_proxy": -1.0,
        "median_net_rr": 1.436440878842693,
        "outcomes": {
          "STOP": 2
        },
        "positive_share": 0.0,
        "total_net_r_proxy": -2.0,
        "triggers": 10
      }
    },
    "XRPUSDT": {
      "micro": {
        "cost_after_eligible": 1,
        "mean_net_r_proxy": -1.0,
        "median_net_r_proxy": -1.0,
        "median_net_rr": 10.322771703402957,
        "outcomes": {
          "STOP": 1
        },
        "positive_share": 0.0,
        "total_net_r_proxy": -1.0,
        "triggers": 1
      },
      "structural": {
        "cost_after_eligible": 1,
        "mean_net_r_proxy": 0.24842377725670375,
        "median_net_r_proxy": 0.24842377725670375,
        "median_net_rr": 4.047708270235322,
        "outcomes": {
          "TIMEOUT": 1
        },
        "positive_share": 1.0,
        "total_net_r_proxy": 0.24842377725670375,
        "triggers": 1
      }
    }
  },
  "by_window": {
    "screen-01": {
      "micro": {
        "cost_after_eligible": 5,
        "mean_net_r_proxy": 0.35479583788472707,
        "median_net_r_proxy": 0.16174729936859483,
        "median_net_rr": 1.6866414401736658,
        "outcomes": {
          "STOP": 1,
          "TARGET": 2,
          "TIMEOUT": 2
        },
        "positive_share": 0.8,
        "total_net_r_proxy": 1.7739791894236354,
        "triggers": 7
      },
      "structural": {
        "cost_after_eligible": 1,
        "mean_net_r_proxy": -1.0,
        "median_net_r_proxy": -1.0,
        "median_net_rr": 2.4448800617217707,
        "outcomes": {
          "STOP": 1
        },
        "positive_share": 0.0,
        "total_net_r_proxy": -1.0,
        "triggers": 7
      }
    },
    "screen-02": {
      "micro": {
        "cost_after_eligible": 12,
        "mean_net_r_proxy": -0.7048460166496127,
        "median_net_r_proxy": -1.0,
        "median_net_rr": 2.676524700152666,
        "outcomes": {
          "STOP": 10,
          "TARGET": 1,
          "TIMEOUT": 1
        },
        "positive_share": 0.16666666666666666,
        "total_net_r_proxy": -8.458152199795352,
        "triggers": 14
      },
      "structural": {
        "cost_after_eligible": 8,
        "mean_net_r_proxy": -0.6936024048144679,
        "median_net_r_proxy": -1.0,
        "median_net_rr": 2.087870831940763,
        "outcomes": {
          "STOP": 6,
          "TIMEOUT": 2
        },
        "positive_share": 0.25,
        "total_net_r_proxy": -5.548819238515743,
        "triggers": 14
      }
    },
    "screen-03": {
      "micro": {
        "cost_after_eligible": 4,
        "mean_net_r_proxy": 0.09067477870393745,
        "median_net_r_proxy": -0.05078739445852226,
        "median_net_rr": 2.8446780262203935,
        "outcomes": {
          "STOP": 2,
          "TIMEOUT": 2
        },
        "positive_share": 0.5,
        "total_net_r_proxy": 0.3626991148157498,
        "triggers": 8
      },
      "structural": {
        "cost_after_eligible": 4,
        "mean_net_r_proxy": 0.1655279666782738,
        "median_net_r_proxy": 0.23957645947868497,
        "median_net_rr": 1.917641963208502,
        "outcomes": {
          "TIMEOUT": 4
        },
        "positive_share": 0.5,
        "total_net_r_proxy": 0.6621118667130952,
        "triggers": 8
      }
    }
  },
  "combined": {
    "micro": {
      "cost_after_eligible": 21,
      "mean_net_r_proxy": -0.301022566455046,
      "median_net_r_proxy": -1.0,
      "median_net_rr": 2.4915820954834142,
      "outcomes": {
        "STOP": 13,
        "TARGET": 3,
        "TIMEOUT": 5
      },
      "positive_share": 0.38095238095238093,
      "total_net_r_proxy": -6.321473895555966,
      "triggers": 29
    },
    "structural": {
      "cost_after_eligible": 13,
      "mean_net_r_proxy": -0.45282364398481906,
      "median_net_r_proxy": -1.0,
      "median_net_rr": 2.102690615153033,
      "outcomes": {
        "STOP": 7,
        "TIMEOUT": 6
      },
      "positive_share": 0.3076923076923077,
      "total_net_r_proxy": -5.886707371802648,
      "triggers": 29
    }
  }
}
