{
  "audit_classification": "LOGIC_OR_FREQUENCY_FAILURE",
  "candidate": "candidate-02-v153-qh-initiative-completed-auction-leg",
  "closed_trade_max_drawdown": 0.14770452040520915,
  "closed_trades": 14,
  "daily_geometric_growth": 0.003011478062737876,
  "end_exclusive": "2021-07-19",
  "engine_errors": [],
  "final_nav": "102127.17542139",
  "interval": "E01",
  "losses": 9,
  "module_counts": {
    "QH_INITIATIVE_COMPLETED_AUCTION_LEG": 14,
    "SCDAM_CORE": 5
  },
  "payoff_ratio": 1.929690263544039,
  "role": "exposed-adverse-development",
  "safety_audit_passed": true,
  "scenario_counts": {
    "AAC": 14,
    "FAR": 5
  },
  "skip_reasons": {
    "AAC_REQUIRES_INDEPENDENT_EXTERNAL_DRAW": 1,
    "AMBIGUOUS_EXTERNAL_DRAW": 5,
    "CONTINUATION_TARGET_NO_LONGER_LIVE": 4,
    "FRAMED_TARGET_REACHED_BEFORE_CONFIRMATION": 19,
    "INSUFFICIENT_COSTED_STRUCTURAL_R": 14,
    "NO_AGGRESSOR_FLOW_AT_SWEEP": 24,
    "NO_CAUSAL_INTERNAL_STRUCTURE": 2,
    "OUTSIDE_EVALUATION_WINDOW": 3,
    "PAIRED_TARGET_WRONG_SIDE": 1,
    "QH_AUCTION_EPISODE_EXPIRED": 156,
    "QH_AUCTION_INSUFFICIENT_COSTED_STRUCTURAL_R": 30,
    "QH_AUCTION_OBJECTIVE_ALREADY_CONSUMED": 7,
    "QH_COMMON_FLOW_BREADTH_BELOW_THREE": 422,
    "QH_CONTEXT_ACTIVE_NO_COMPLETED_NEW_LEG_YET": 10556,
    "QH_FRESH_LEG_NOT_EXECUTABLE": 37,
    "QH_INITIATIVE_ORIGIN_INVALIDATED": 539,
    "QH_OVERLAPPING_FOLLOWER_EPISODE_REJECTED": 404,
    "QH_POST_INITIATIVE_FVG_RETRACE_FAILED": 148,
    "QH_WARMUP_OR_INCOMPLETE_WINDOW": 2,
    "REVERSAL_TARGET_NO_LONGER_LIVE": 5,
    "SEMANTIC_AAC_REQUIRES_ALIGNED_TRAILING_AUCTION": 2,
    "SEMANTIC_FAR_EXHAUSTION_REQUIRES_PEER_QUORUM": 1,
    "SEMANTIC_FAR_IDIOSYNCRATIC_REQUIRES_EVENT_LEAD": 1,
    "SEMANTIC_FAR_NOT_COUNTERTREND": 3,
    "SEMANTIC_FAR_QUORUM_REQUIRES_LOCAL_EVENT_LEAD": 1,
    "SEMANTIC_FAR_SPLIT_AUCTION_REQUIRES_UNANIMOUS_TRANSFER": 1,
    "SESSION_DECISION_WINDOW_EXPIRED": 92,
    "SWEEP_ACTIVITY_OR_PENETRATION": 34
  },
  "start": "2021-07-12",
  "submitted_plans": 19,
  "success_claim": false,
  "symbol_counts": {
    "BTCUSDT": 6,
    "ETHUSDT": 5,
    "SOLUSDT": 3,
    "XRPUSDT": 5
  },
  "win_rate": 0.35714285714285715,
  "wins": 5
}
