{
  "candidate": "candidate-02-v107-q75",
  "custom_backtest_engine": false,
  "data_integrity": {
    "columns_path": "inputs/v107-week1/artifacts/candidate-02-v48-first-week/columns.json",
    "feature_first_open_utc": "2024-09-01T00:00:00+00:00",
    "feature_last_open_utc": "2025-03-10T23:55:00+00:00",
    "feature_rows": 55008,
    "forward_feature_columns_used": false,
    "npz_path": "inputs/v107-week1/artifacts/candidate-02-v48-first-week/v48_features.npz",
    "raw_directory": "inputs/v107-week1/.cache/candidate-02/v48-first-week/binance_1m",
    "raw_first_close_utc": "2025-03-01T00:01:00+00:00",
    "raw_last_close_utc": "2025-03-10T01:00:00+00:00",
    "raw_rows": 13020
  },
  "decision": "ADVANCE_TO_SECOND_WEEK",
  "effective_commissions_usdt": 10695.29734338,
  "engine": "NautilusTrader 1.230.0",
  "engine_result": {
    "iterations": 13020,
    "stats_general": {},
    "stats_pnls": {
      "USDT": {
        "Avg Loser": -3397.0568582659994,
        "Avg Winner": 5648.5260913249995,
        "Expectancy": 1536.8974778745453,
        "Max Loser": -3535.33909068,
        "Max Winner": 7553.4269378399995,
        "Min Loser": -3083.51674145,
        "Min Winner": 3546.91604534,
        "PnL (total)": 16905.87225662,
        "PnL% (total)": 16.905872256620004,
        "Win Rate": 0.5454545454545454
      }
    },
    "stats_returns": {
      "Average (Return)": 0.021881217172902853,
      "Average Loss (Return)": -0.06019511887606338,
      "Average Win (Return)": 0.09847999171178319,
      "Profit Factor": 2.4540193677799302,
      "Returns Volatility (252 days)": 1.1380386851935609,
      "Risk Return Ratio": 0.30522121844944283,
      "Sharpe Ratio (252 days)": 4.845236633264071,
      "Sortino Ratio (252 days)": 11.540889022092284
    },
    "summary": {
      "account.BINANCE.balance.USDT.free": "116905.87225662 USDT",
      "account.BINANCE.balance.USDT.locked": "0.00000000 USDT",
      "account.BINANCE.balance.USDT.total": "116905.87225662 USDT",
      "account.BINANCE.base_currency": "USDT",
      "account.BINANCE.event_count": "56",
      "account.BINANCE.id": "BINANCE-001",
      "account.BINANCE.type": "MARGIN",
      "iterations": "13020",
      "orders.closed": "33",
      "orders.emulated": "0",
      "orders.inflight": "0",
      "orders.open": "0",
      "orders.total": "33",
      "positions.closed": "1",
      "positions.open": "0",
      "positions.snapshots": "10",
      "positions.total": "1",
      "positions.total_with_snapshots": "11",
      "total_events": "88",
      "venues.total": "1"
    },
    "total_events": 88,
    "total_orders": 33,
    "total_positions": 11
  },
  "evaluation_days": 7.0,
  "evaluation_end_utc": "2025-03-10T00:00:00+00:00",
  "evaluation_start_utc": "2025-03-03T00:00:00+00:00",
  "execution_model": {
    "account_source_of_truth": true,
    "bar_adaptive_high_low_ordering": true,
    "bar_execution": true,
    "bracket_orders": true,
    "effective_maker_commission_rate": "0.00030",
    "effective_taker_commission_rate": "0.00085",
    "liquidation_enabled": false,
    "liquidation_requested": true
  },
  "fills": 22,
  "final_nav_usdt": 116905.87225662,
  "flat_at_end": true,
  "geometric_daily_growth_after_cost": 0.022564952993360476,
  "gross_loss_after_cost_usdt": -16985.284291329997,
  "gross_profit_after_cost_usdt": 33891.15654795,
  "losses": 5,
  "maximum_effective_notional_multiple": 9.306062248845132,
  "maximum_mark_to_market_drawdown": -0.10611577566304187,
  "maximum_planned_loss_to_budget": 0.9999987629310148,
  "nav_factor": 1.1690587225662,
  "orders": 33,
  "pass_checks": {
    "flat_at_end": true,
    "maximum_drawdown": true,
    "minimum_geometric_daily_growth": true,
    "minimum_profit_factor": true,
    "minimum_trades_per_day": true,
    "minimum_win_rate": true,
    "planned_loss_budget": true
  },
  "positions_rows": 11,
  "profit_factor_after_cost": 1.9953246567235539,
  "risk_fraction": 0.03,
  "runtime_diagnostics": {
    "entry_pending": false,
    "position_flat": true,
    "runtime": {
      "ENTRY_BRACKET_SUBMITTED": 11,
      "POSITION_CLOSED": 11,
      "POSITION_OPENED": 11
    },
    "scheduled_signals": 11,
    "selected_signal": null
  },
  "scheduled_signals": 11,
  "stage": "first_random_btc_week_nautilustrader",
  "starting_nav_usdt": 100000.0,
  "submitted_signals": 11,
  "target_met": true,
  "trades": 11,
  "trades_per_day": 1.5714285714285714,
  "win_rate": 0.5454545454545454,
  "wins": 6
}
