{
  "candidate": "candidate-02-v107-q55",
  "custom_backtest_engine": false,
  "data_integrity": {
    "columns_path": "inputs/v107-week2/artifacts/candidate-02-v48-first-week/columns.json",
    "feature_first_open_utc": "2024-09-01T00:00:00+00:00",
    "feature_last_open_utc": "2025-03-10T23:55:00+00:00",
    "feature_rows": 55008,
    "forward_feature_columns_used": false,
    "npz_path": "inputs/v107-week2/artifacts/candidate-02-v48-first-week/v48_features.npz",
    "raw_directory": "inputs/v107-week2/.cache/candidate-02/v107-week2/binance_1m",
    "raw_first_close_utc": "2024-12-28T00:01:00+00:00",
    "raw_last_close_utc": "2025-01-06T01:00:00+00:00",
    "raw_rows": 13020
  },
  "decision": "REJECT_OR_REDESIGN",
  "effective_commissions_usdt": 10927.27032609,
  "engine": "NautilusTrader 1.230.0",
  "engine_result": {
    "iterations": 13020,
    "stats_general": {},
    "stats_pnls": {
      "USDT": {
        "Avg Loser": -2477.2392136014287,
        "Avg Winner": 4410.81046912,
        "Expectancy": -1616.2330032612504,
        "Max Loser": -3109.4913772600003,
        "Max Winner": 4410.81046912,
        "Min Loser": -996.9268590000001,
        "Min Winner": 4410.81046912,
        "PnL (total)": -12929.86402609,
        "PnL% (total)": -12.929864026089998,
        "Win Rate": 0.125
      }
    },
    "stats_returns": {
      "Average (Return)": -0.027008734205227602,
      "Average Loss (Return)": -0.0337609177565345,
      "Average Win (Return)": NaN,
      "Profit Factor": 0.0,
      "Returns Volatility (252 days)": 0.4274399423891992,
      "Risk Return Ratio": -1.0030657434715438,
      "Sharpe Ratio (252 days)": -15.923175035242892,
      "Sortino Ratio (252 days)": -11.848240393255871
    },
    "summary": {
      "account.BINANCE.balance.USDT.free": "87070.13597391 USDT",
      "account.BINANCE.balance.USDT.locked": "0.00000000 USDT",
      "account.BINANCE.balance.USDT.total": "87070.13597391 USDT",
      "account.BINANCE.base_currency": "USDT",
      "account.BINANCE.event_count": "46",
      "account.BINANCE.id": "BINANCE-001",
      "account.BINANCE.type": "MARGIN",
      "iterations": "13020",
      "orders.closed": "26",
      "orders.emulated": "0",
      "orders.inflight": "0",
      "orders.open": "0",
      "orders.total": "26",
      "positions.closed": "1",
      "positions.open": "0",
      "positions.snapshots": "7",
      "positions.total": "1",
      "positions.total_with_snapshots": "8",
      "total_events": "71",
      "venues.total": "1"
    },
    "total_events": 71,
    "total_orders": 26,
    "total_positions": 8
  },
  "evaluation_days": 7.0,
  "evaluation_end_utc": "2025-01-06T00:00:00+00:00",
  "evaluation_start_utc": "2024-12-30T00:00:00+00:00",
  "execution_model": {
    "account_source_of_truth": true,
    "bar_adaptive_high_low_ordering": true,
    "bar_execution": true,
    "bracket_orders": true,
    "effective_maker_commission_rate": "0.00030",
    "effective_taker_commission_rate": "0.00085",
    "liquidation_enabled": false,
    "liquidation_requested": true
  },
  "fills": 19,
  "final_nav_usdt": 87070.13597391,
  "flat_at_end": true,
  "geometric_daily_growth_after_cost": -0.01958513144751417,
  "gross_loss_after_cost_usdt": -17340.674495209998,
  "gross_profit_after_cost_usdt": 4410.810469119999,
  "losses": 7,
  "maximum_effective_notional_multiple": 11.07734722139313,
  "maximum_mark_to_market_drawdown": -0.13520685745253336,
  "maximum_planned_loss_to_budget": 0.9999987688779961,
  "nav_factor": 0.8707013597391,
  "orders": 26,
  "pass_checks": {
    "flat_at_end": true,
    "maximum_drawdown": true,
    "minimum_geometric_daily_growth": false,
    "minimum_profit_factor": false,
    "minimum_trades_per_day": true,
    "minimum_win_rate": false,
    "planned_loss_budget": true
  },
  "positions_rows": 8,
  "profit_factor_after_cost": 0.2543621051383205,
  "risk_fraction": 0.03,
  "runtime_diagnostics": {
    "entry_pending": false,
    "position_flat": true,
    "runtime": {
      "ENTRY_BRACKET_SUBMITTED": 8,
      "FORCED_EXIT_MAX_HOLD": 2,
      "POSITION_CLOSED": 8,
      "POSITION_OPENED": 8,
      "SIGNAL_REJECTED_GLOBAL_POSITION_BUSY": 2
    },
    "scheduled_signals": 10,
    "selected_signal": null
  },
  "scheduled_signals": 10,
  "stage": "first_random_btc_week_nautilustrader",
  "starting_nav_usdt": 100000.0,
  "submitted_signals": 8,
  "target_met": false,
  "trades": 8,
  "trades_per_day": 1.1428571428571428,
  "win_rate": 0.125,
  "wins": 1
}
