{"classification": "OFFICIAL_ARCHIVE_UNAVAILABLE", "day": "2021-01-27", "http_status": 404, "symbol": "ETHUSDT"}
{"classification": "OFFICIAL_ARCHIVE_UNAVAILABLE", "day": "2021-01-28", "http_status": 404, "symbol": "ETHUSDT"}
{"classification": "OFFICIAL_ARCHIVE_UNAVAILABLE", "day": "2021-07-13", "http_status": 404, "symbol": "ETHUSDT"}
{"classification": "OFFICIAL_ARCHIVE_UNAVAILABLE", "day": "2021-07-14", "http_status": 404, "symbol": "ETHUSDT"}
{"classification": "OFFICIAL_ARCHIVE_UNAVAILABLE", "day": "2021-07-15", "http_status": 404, "symbol": "ETHUSDT"}
{"classification": "OFFICIAL_ARCHIVE_UNAVAILABLE", "day": "2021-07-16", "http_status": 404, "symbol": "ETHUSDT"}
{"classification": "OFFICIAL_ARCHIVE_UNAVAILABLE", "day": "2021-06-05", "http_status": 404, "symbol": "SOLUSDT"}
{"classification": "OFFICIAL_ARCHIVE_UNAVAILABLE", "day": "2021-06-06", "http_status": 404, "symbol": "SOLUSDT"}
{"classification": "OFFICIAL_ARCHIVE_UNAVAILABLE", "day": "2021-07-13", "http_status": 404, "symbol": "SOLUSDT"}
{"classification": "OFFICIAL_ARCHIVE_UNAVAILABLE", "day": "2021-07-14", "http_status": 404, "symbol": "SOLUSDT"}
{"classification": "OFFICIAL_ARCHIVE_UNAVAILABLE", "day": "2021-10-20", "http_status": 404, "symbol": "SOLUSDT"}
{"classification": "OFFICIAL_ARCHIVE_UNAVAILABLE", "day": "2021-10-21", "http_status": 404, "symbol": "SOLUSDT"}
{"classification": "OFFICIAL_ARCHIVE_UNAVAILABLE", "day": "2021-07-11", "http_status": 404, "symbol": "XRPUSDT"}
{"classification": "OFFICIAL_ARCHIVE_UNAVAILABLE", "day": "2021-07-12", "http_status": 404, "symbol": "XRPUSDT"}
{
  "coverage": {
    "coverage_rate": 0.7083333333333334,
    "post_sweep_captures": 17,
    "trades": 24,
    "unresolved": 7
  },
  "oi_state": {
    "DELEVERAGING_RESET": {
      "gross_loss_usdt": 0,
      "gross_profit_usdt": 32799.33691664,
      "losses": 0,
      "net_pnl_usdt": 32799.33691664,
      "payoff_ratio": Infinity,
      "scenario_ids": [
        "BTCUSDT-PERP.BINANCE-LONDON_CLOSE_1000_1200_NY-R000205-LOW",
        "ETHUSDT-PERP.BINANCE-US_LATE_1600_2000_NY-R000236-HIGH",
        "SOLUSDT-PERP.BINANCE-NYAM_0700_1000_NY-R000289-HIGH",
        "ETHUSDT-PERP.BINANCE-LONDON_CLOSE_1000_1200_NY-R000151-LOW",
        "SOLUSDT-PERP.BINANCE-ASIA_2000_0000_NY-R000255-LOW",
        "SOLUSDT-PERP.BINANCE-US_LATE_1600_2000_NY-R000096-HIGH",
        "SOLUSDT-PERP.BINANCE-LONDON_0200_0500_NY-R000145-LOW"
      ],
      "trades": 7,
      "weeks": [
        13,
        14,
        17,
        18
      ],
      "win_rate": 1.0,
      "wins": 7
    },
    "FRESH_INVENTORY_SPONSORSHIP": {
      "gross_loss_usdt": 0,
      "gross_profit_usdt": 33924.93679847,
      "losses": 0,
      "net_pnl_usdt": 33924.93679847,
      "payoff_ratio": Infinity,
      "scenario_ids": [
        "XRPUSDT-PERP.BINANCE-LONDON_CLOSE_1000_1200_NY-R000205-HIGH",
        "SOLUSDT-PERP.BINANCE-LONDON_0200_0500_NY-R000117-HIGH",
        "SOLUSDT-PERP.BINANCE-LONDON_0200_0500_NY-R000146-LOW",
        "ETHUSDT-PERP.BINANCE-LONDON_CLOSE_1000_1200_NY-R000177-LOW"
      ],
      "trades": 4,
      "weeks": [
        10,
        11,
        16,
        18
      ],
      "win_rate": 1.0,
      "wins": 4
    },
    "MIXED_POSITIONING": {
      "gross_loss_usdt": 0,
      "gross_profit_usdt": 7117.16206796,
      "losses": 0,
      "net_pnl_usdt": 7117.16206796,
      "payoff_ratio": Infinity,
      "scenario_ids": [
        "SOLUSDT-PERP.BINANCE-NYAM_0700_1000_NY-R000232-HIGH"
      ],
      "trades": 1,
      "weeks": [
        18
      ],
      "win_rate": 1.0,
      "wins": 1
    },
    "NONEXPANDING_CHOCH_AFTER_FRESH_EVENT": {
      "gross_loss_usdt": 0,
      "gross_profit_usdt": 39601.82681024,
      "losses": 0,
      "net_pnl_usdt": 39601.82681024,
      "payoff_ratio": Infinity,
      "scenario_ids": [
        "SOLUSDT-PERP.BINANCE-LONDON_CLOSE_1000_1200_NY-R000149-LOW",
        "SOLUSDT-PERP.BINANCE-US_LATE_1600_2000_NY-R000208-HIGH",
        "XRPUSDT-PERP.BINANCE-LONDON_CLOSE_1000_1200_NY-R000263-LOW",
        "BTCUSDT-PERP.BINANCE-US_LATE_1600_2000_NY-R000124-LOW",
        "BTCUSDT-PERP.BINANCE-ASIA_2000_0000_NY-R000141-LOW"
      ],
      "trades": 5,
      "weeks": [
        10,
        12,
        16,
        18,
        20
      ],
      "win_rate": 1.0,
      "wins": 5
    },
    "UNRESOLVED_NO_POST_SWEEP_METRIC": {
      "gross_loss_usdt": 10258.026066710001,
      "gross_profit_usdt": 18100.28707436,
      "losses": 3,
      "net_pnl_usdt": 7842.26100765,
      "payoff_ratio": 1.3233750058235036,
      "scenario_ids": [
        "XRPUSDT-PERP.BINANCE-LONDON_PREMARKET_0000_0200_NY-R000115-HIGH",
        "SOLUSDT-PERP.BINANCE-ASIA_2000_0000_NY-R000169-LOW",
        "ETHUSDT-PERP.BINANCE-LONDON_CLOSE_1000_1200_NY-R000177-LOW",
        "ETHUSDT-PERP.BINANCE-LONDON_0200_0500_NY-R000229-LOW",
        "ETHUSDT-PERP.BINANCE-LONDON_0200_0500_NY-R000202-HIGH",
        "SOLUSDT-PERP.BINANCE-LONDON_CLOSE_1000_1200_NY-R000289-HIGH",
        "SOLUSDT-PERP.BINANCE-LONDON_0200_0500_NY-R000201-HIGH"
      ],
      "trades": 7,
      "weeks": [
        20,
        21,
        23,
        26
      ],
      "win_rate": 0.5714285714285714,
      "wins": 4
    }
  },
  "policy": {
    "by_scenario": {
      "AAC": {
        "gross_loss_usdt": 0,
        "gross_profit_usdt": 25837.52066011,
        "losses": 0,
        "net_pnl_usdt": 25837.52066011,
        "payoff_ratio": Infinity,
        "scenario_ids": [
          "SOLUSDT-PERP.BINANCE-LONDON_CLOSE_1000_1200_NY-R000149-LOW",
          "ETHUSDT-PERP.BINANCE-LONDON_CLOSE_1000_1200_NY-R000177-LOW",
          "ETHUSDT-PERP.BINANCE-LONDON_0200_0500_NY-R000202-HIGH"
        ],
        "trades": 3,
        "weeks": [
          10,
          18,
          21
        ],
        "win_rate": 1.0,
        "wins": 3
      },
      "FAR": {
        "gross_loss_usdt": 0,
        "gross_profit_usdt": 60933.96694328,
        "losses": 0,
        "net_pnl_usdt": 60933.96694328,
        "payoff_ratio": Infinity,
        "scenario_ids": [
          "SOLUSDT-PERP.BINANCE-US_LATE_1600_2000_NY-R000208-HIGH",
          "BTCUSDT-PERP.BINANCE-LONDON_CLOSE_1000_1200_NY-R000205-LOW",
          "ETHUSDT-PERP.BINANCE-US_LATE_1600_2000_NY-R000236-HIGH",
          "SOLUSDT-PERP.BINANCE-NYAM_0700_1000_NY-R000289-HIGH",
          "XRPUSDT-PERP.BINANCE-LONDON_CLOSE_1000_1200_NY-R000263-LOW",
          "ETHUSDT-PERP.BINANCE-LONDON_CLOSE_1000_1200_NY-R000151-LOW",
          "SOLUSDT-PERP.BINANCE-ASIA_2000_0000_NY-R000255-LOW",
          "SOLUSDT-PERP.BINANCE-US_LATE_1600_2000_NY-R000096-HIGH",
          "BTCUSDT-PERP.BINANCE-US_LATE_1600_2000_NY-R000124-LOW",
          "SOLUSDT-PERP.BINANCE-LONDON_0200_0500_NY-R000145-LOW",
          "BTCUSDT-PERP.BINANCE-ASIA_2000_0000_NY-R000141-LOW"
        ],
        "trades": 11,
        "weeks": [
          12,
          13,
          14,
          16,
          17,
          18,
          20
        ],
        "win_rate": 1.0,
        "wins": 11
      }
    },
    "name": "CANDIDATE05_POSITIONING_RESET_COMPATIBLE_FAR",
    "rejected_net_pnl_usdt": 34514.03599757,
    "rejected_row_keys": [
      "W10|XRPUSDT-PERP.BINANCE-LONDON_CLOSE_1000_1200_NY-R000205-HIGH|1744915740000000000",
      "W11|SOLUSDT-PERP.BINANCE-LONDON_0200_0500_NY-R000117-HIGH|1679318640000000000",
      "W16|SOLUSDT-PERP.BINANCE-LONDON_0200_0500_NY-R000146-LOW|1642516980000000000",
      "W18|SOLUSDT-PERP.BINANCE-NYAM_0700_1000_NY-R000232-HIGH|1652453160000000000",
      "W20|XRPUSDT-PERP.BINANCE-LONDON_PREMARKET_0000_0200_NY-R000115-HIGH|1626074580000000000",
      "W20|SOLUSDT-PERP.BINANCE-ASIA_2000_0000_NY-R000169-LOW|1626244680000000000",
      "W20|ETHUSDT-PERP.BINANCE-LONDON_CLOSE_1000_1200_NY-R000177-LOW|1626282900000000000",
      "W20|ETHUSDT-PERP.BINANCE-LONDON_0200_0500_NY-R000229-LOW|1626438000000000000",
      "W23|SOLUSDT-PERP.BINANCE-LONDON_CLOSE_1000_1200_NY-R000289-HIGH|1623001560000000000",
      "W26|SOLUSDT-PERP.BINANCE-LONDON_0200_0500_NY-R000201-HIGH|1634816100000000000"
    ],
    "rejected_scenario_ids": [
      "XRPUSDT-PERP.BINANCE-LONDON_CLOSE_1000_1200_NY-R000205-HIGH",
      "SOLUSDT-PERP.BINANCE-LONDON_0200_0500_NY-R000117-HIGH",
      "SOLUSDT-PERP.BINANCE-LONDON_0200_0500_NY-R000146-LOW",
      "SOLUSDT-PERP.BINANCE-NYAM_0700_1000_NY-R000232-HIGH",
      "XRPUSDT-PERP.BINANCE-LONDON_PREMARKET_0000_0200_NY-R000115-HIGH",
      "SOLUSDT-PERP.BINANCE-ASIA_2000_0000_NY-R000169-LOW",
      "ETHUSDT-PERP.BINANCE-LONDON_CLOSE_1000_1200_NY-R000177-LOW",
      "ETHUSDT-PERP.BINANCE-LONDON_0200_0500_NY-R000229-LOW",
      "SOLUSDT-PERP.BINANCE-LONDON_CLOSE_1000_1200_NY-R000289-HIGH",
      "SOLUSDT-PERP.BINANCE-LONDON_0200_0500_NY-R000201-HIGH"
    ],
    "rejected_trades": 10,
    "retained_losses": 0,
    "retained_net_pnl_usdt": 86771.48760339001,
    "retained_row_keys": [
      "W10|SOLUSDT-PERP.BINANCE-LONDON_CLOSE_1000_1200_NY-R000149-LOW|1744741020000000000",
      "W12|SOLUSDT-PERP.BINANCE-US_LATE_1600_2000_NY-R000208-HIGH|1687577580000000000",
      "W13|BTCUSDT-PERP.BINANCE-LONDON_CLOSE_1000_1200_NY-R000205-LOW|1726858260000000000",
      "W13|ETHUSDT-PERP.BINANCE-US_LATE_1600_2000_NY-R000236-HIGH|1726965000000000000",
      "W14|SOLUSDT-PERP.BINANCE-NYAM_0700_1000_NY-R000289-HIGH|1736182020000000000",
      "W16|XRPUSDT-PERP.BINANCE-LONDON_CLOSE_1000_1200_NY-R000263-LOW|1642875360000000000",
      "W17|ETHUSDT-PERP.BINANCE-LONDON_CLOSE_1000_1200_NY-R000151-LOW|1669140420000000000",
      "W17|SOLUSDT-PERP.BINANCE-ASIA_2000_0000_NY-R000255-LOW|1669446180000000000",
      "W18|SOLUSDT-PERP.BINANCE-US_LATE_1600_2000_NY-R000096-HIGH|1652060340000000000",
      "W18|BTCUSDT-PERP.BINANCE-US_LATE_1600_2000_NY-R000124-LOW|1652143380000000000",
      "W18|SOLUSDT-PERP.BINANCE-LONDON_0200_0500_NY-R000145-LOW|1652181480000000000",
      "W18|ETHUSDT-PERP.BINANCE-LONDON_CLOSE_1000_1200_NY-R000177-LOW|1652288820000000000",
      "W20|BTCUSDT-PERP.BINANCE-ASIA_2000_0000_NY-R000141-LOW|1626157140000000000",
      "W21|ETHUSDT-PERP.BINANCE-LONDON_0200_0500_NY-R000202-HIGH|1611842400000000000"
    ],
    "retained_scenario_ids": [
      "SOLUSDT-PERP.BINANCE-LONDON_CLOSE_1000_1200_NY-R000149-LOW",
      "SOLUSDT-PERP.BINANCE-US_LATE_1600_2000_NY-R000208-HIGH",
      "BTCUSDT-PERP.BINANCE-LONDON_CLOSE_1000_1200_NY-R000205-LOW",
      "ETHUSDT-PERP.BINANCE-US_LATE_1600_2000_NY-R000236-HIGH",
      "SOLUSDT-PERP.BINANCE-NYAM_0700_1000_NY-R000289-HIGH",
      "XRPUSDT-PERP.BINANCE-LONDON_CLOSE_1000_1200_NY-R000263-LOW",
      "ETHUSDT-PERP.BINANCE-LONDON_CLOSE_1000_1200_NY-R000151-LOW",
      "SOLUSDT-PERP.BINANCE-ASIA_2000_0000_NY-R000255-LOW",
      "SOLUSDT-PERP.BINANCE-US_LATE_1600_2000_NY-R000096-HIGH",
      "BTCUSDT-PERP.BINANCE-US_LATE_1600_2000_NY-R000124-LOW",
      "SOLUSDT-PERP.BINANCE-LONDON_0200_0500_NY-R000145-LOW",
      "ETHUSDT-PERP.BINANCE-LONDON_CLOSE_1000_1200_NY-R000177-LOW",
      "BTCUSDT-PERP.BINANCE-ASIA_2000_0000_NY-R000141-LOW",
      "ETHUSDT-PERP.BINANCE-LONDON_0200_0500_NY-R000202-HIGH"
    ],
    "retained_trades": 14,
    "retained_wins": 14,
    "rule": "retain AAC; retain FAR only when a post-sweep causal metrics row is available and confirmation oi_change_15m <= 0.001"
  }
}
