{
  "FAILED_ABSORPTION_OR_FLOW_REVERSION": {
    "gross_loss_usdt": 0,
    "gross_profit_usdt": 3829.36117152,
    "losses": 0,
    "net_pnl_usdt": 3829.36117152,
    "row_keys": [
      "W13|BTCUSDT-PERP.BINANCE-LONDON_CLOSE_1000_1200_NY-R000205-LOW|1726858260000000000"
    ],
    "trades": 1,
    "win_rate": 1.0,
    "wins": 1
  },
  "NON_FAR_UNCHANGED": {
    "gross_loss_usdt": 0,
    "gross_profit_usdt": 25837.52066011,
    "losses": 0,
    "net_pnl_usdt": 25837.52066011,
    "row_keys": [
      "W10|SOLUSDT-PERP.BINANCE-LONDON_CLOSE_1000_1200_NY-R000149-LOW|1744741020000000000",
      "W18|ETHUSDT-PERP.BINANCE-LONDON_CLOSE_1000_1200_NY-R000177-LOW|1652288820000000000",
      "W21|ETHUSDT-PERP.BINANCE-LONDON_0200_0500_NY-R000202-HIGH|1611842400000000000"
    ],
    "trades": 3,
    "win_rate": 1.0,
    "wins": 3
  },
  "REVERSAL_RECLAIM_WITH_AGGREGATE_FLOW": {
    "gross_loss_usdt": 0,
    "gross_profit_usdt": 13105.6063926,
    "losses": 0,
    "net_pnl_usdt": 13105.6063926,
    "row_keys": [
      "W18|BTCUSDT-PERP.BINANCE-US_LATE_1600_2000_NY-R000124-LOW|1652143380000000000",
      "W18|SOLUSDT-PERP.BINANCE-LONDON_0200_0500_NY-R000145-LOW|1652181480000000000",
      "W23|SOLUSDT-PERP.BINANCE-LONDON_CLOSE_1000_1200_NY-R000289-HIGH|1623001560000000000"
    ],
    "trades": 3,
    "win_rate": 1.0,
    "wins": 3
  },
  "REVERSAL_RECLAIM_WITH_PERSISTENT_FLOW": {
    "gross_loss_usdt": 10258.026066710001,
    "gross_profit_usdt": 60693.573504370004,
    "losses": 3,
    "net_pnl_usdt": 50435.54743766,
    "row_keys": [
      "W10|XRPUSDT-PERP.BINANCE-LONDON_CLOSE_1000_1200_NY-R000205-HIGH|1744915740000000000",
      "W12|SOLUSDT-PERP.BINANCE-US_LATE_1600_2000_NY-R000208-HIGH|1687577580000000000",
      "W13|ETHUSDT-PERP.BINANCE-US_LATE_1600_2000_NY-R000236-HIGH|1726965000000000000",
      "W14|SOLUSDT-PERP.BINANCE-NYAM_0700_1000_NY-R000289-HIGH|1736182020000000000",
      "W16|XRPUSDT-PERP.BINANCE-LONDON_CLOSE_1000_1200_NY-R000263-LOW|1642875360000000000",
      "W17|SOLUSDT-PERP.BINANCE-ASIA_2000_0000_NY-R000255-LOW|1669446180000000000",
      "W18|SOLUSDT-PERP.BINANCE-US_LATE_1600_2000_NY-R000096-HIGH|1652060340000000000",
      "W20|XRPUSDT-PERP.BINANCE-LONDON_PREMARKET_0000_0200_NY-R000115-HIGH|1626074580000000000",
      "W20|BTCUSDT-PERP.BINANCE-ASIA_2000_0000_NY-R000141-LOW|1626157140000000000",
      "W20|SOLUSDT-PERP.BINANCE-ASIA_2000_0000_NY-R000169-LOW|1626244680000000000",
      "W20|ETHUSDT-PERP.BINANCE-LONDON_CLOSE_1000_1200_NY-R000177-LOW|1626282900000000000",
      "W20|ETHUSDT-PERP.BINANCE-LONDON_0200_0500_NY-R000229-LOW|1626438000000000000",
      "W26|SOLUSDT-PERP.BINANCE-LONDON_0200_0500_NY-R000201-HIGH|1634816100000000000"
    ],
    "trades": 13,
    "win_rate": 0.7692307692307693,
    "wins": 10
  },
  "UNRESOLVED_SINGLE_BAR_CONFIRMATION": {
    "gross_loss_usdt": 0,
    "gross_profit_usdt": 28077.48793907,
    "losses": 0,
    "net_pnl_usdt": 28077.48793907,
    "row_keys": [
      "W11|SOLUSDT-PERP.BINANCE-LONDON_0200_0500_NY-R000117-HIGH|1679318640000000000",
      "W16|SOLUSDT-PERP.BINANCE-LONDON_0200_0500_NY-R000146-LOW|1642516980000000000",
      "W17|ETHUSDT-PERP.BINANCE-LONDON_CLOSE_1000_1200_NY-R000151-LOW|1669140420000000000",
      "W18|SOLUSDT-PERP.BINANCE-NYAM_0700_1000_NY-R000232-HIGH|1652453160000000000"
    ],
    "trades": 4,
    "win_rate": 1.0,
    "wins": 4
  }
}
