{
  "confirmation_found": 3,
  "expired_far_parents": 9,
  "filled_rearm_plans": 3,
  "filled_row_keys": [
    "W14|SOLUSDT-PERP.BINANCE-NYAM_0700_1000_NY-R000289-HIGH",
    "W18|BTCUSDT-PERP.BINANCE-US_LATE_1600_2000_NY-R000124-LOW",
    "W28|ETHUSDT-PERP.BINANCE-ASIA_2000_0000_NY-R000113-LOW"
  ],
  "losses": 2,
  "median_planned_net_r": 6.840162464243106,
  "outcome_counts": {
    "EVALUATION_END_MARKET_FLATTEN": 1,
    "LOSS_STOP": 2,
    "NO_EXECUTABLE_PLAN": 6
  },
  "resolved_win_rate": 0.0,
  "state_counts": {
    "ORIGINAL_STRUCTURAL_STOP_TOUCHED": 1,
    "ORIGINAL_TARGET_CONSUMED": 3,
    "REARM_CONFIRMATION_FOUND": 3,
    "REARM_GEOMETRY_REJECTED": 2
  },
  "sum_realized_r": -2.224798894736556,
  "wins": 0
}
