[OK] python: 3.13.5 (need 3.13.x)
[OK] nautilus_trader: 1.230.0 (need 1.230.0)
[OK] glibc: 2.36 (need >= 2.35)
test_buyer_maker_flag_maps_to_aggressive_sell_volume (__main__.AggTradeOrderFlowTests.test_buyer_maker_flag_maps_to_aggressive_sell_volume) ... ok
test_completed_high_cross_is_detected_without_future_level (__main__.AggTradeOrderFlowTests.test_completed_high_cross_is_detected_without_future_level) ... ok
test_cost_function_charges_both_fills_and_two_ticks (__main__.AggTradeOrderFlowTests.test_cost_function_charges_both_fills_and_two_ticks) ... ok
test_target_is_nearest_active_completed_level_not_r_projection (__main__.AggTradeOrderFlowTests.test_target_is_nearest_active_completed_level_not_r_projection) ... ok

----------------------------------------------------------------------
Ran 4 tests in 0.017s

OK
test_acceptance_requires_close_beyond_boundary_and_outward_flow (__main__.AcceptanceOnlyContracts.test_acceptance_requires_close_beyond_boundary_and_outward_flow) ... ok
test_reacceleration_is_separate_directional_flow_break (__main__.AcceptanceOnlyContracts.test_reacceleration_is_separate_directional_flow_break) ... ok
test_retest_must_hold_boundary_with_lower_energy (__main__.AcceptanceOnlyContracts.test_retest_must_hold_boundary_with_lower_energy) ... ok

----------------------------------------------------------------------
Ran 3 tests in 0.003s

OK
test_exact_five_minute_close_preserves_prebar_boundary_and_postbar_target (__main__.DetectorContracts.test_exact_five_minute_close_preserves_prebar_boundary_and_postbar_target) ... ok
test_future_rows_do_not_change_already_observed_signal (__main__.DetectorContracts.test_future_rows_do_not_change_already_observed_signal) ... ok
test_retest_contraction_ablation_removes_only_energy_filter (__main__.DetectorContracts.test_retest_contraction_ablation_removes_only_energy_filter) ... ok
test_retest_extreme_is_structural_invalidation (__main__.DetectorContracts.test_retest_extreme_is_structural_invalidation) ... ok
test_sequence_expiry_uses_elapsed_time_not_observed_row_count (__main__.DetectorContracts.test_sequence_expiry_uses_elapsed_time_not_observed_row_count) ... ok
test_signal_type_has_no_outcome_or_path_proxy (__main__.DetectorContracts.test_signal_type_has_no_outcome_or_path_proxy) ... ok
test_stop_slippage_reserve_is_shifted_and_causal (__main__.DetectorContracts.test_stop_slippage_reserve_is_shifted_and_causal) ... ok
test_ten_seconds_after_boundary_uses_postbar_state_for_both_views (__main__.DetectorContracts.test_ten_seconds_after_boundary_uses_postbar_state_for_both_views) ... ok
test_fill_adjusted_and_realized_budget_excess_are_separate (__main__.EvaluationContracts.test_fill_adjusted_and_realized_budget_excess_are_separate) ... ok
test_same_timestamp_entry_and_exit_is_rejected_as_bar_lookahead (__main__.EvaluationContracts.test_same_timestamp_entry_and_exit_is_rejected_as_bar_lookahead) ... ok
test_screen_gate_implements_all_predeclared_dimensions (__main__.EvaluationContracts.test_screen_gate_implements_all_predeclared_dimensions) ... ok
test_expected_funding_reserve_counts_all_boundaries_in_hold (__main__.FundingDataContracts.test_expected_funding_reserve_counts_all_boundaries_in_hold) ... ok
test_expected_funding_reserve_refuses_future_only_state (__main__.FundingDataContracts.test_expected_funding_reserve_refuses_future_only_state) ... ok
test_expected_funding_reserve_uses_only_last_observation_at_signal (__main__.FundingDataContracts.test_expected_funding_reserve_uses_only_last_observation_at_signal) ... ok
test_millisecond_funding_boundary_jitter_is_canonicalized (__main__.FundingDataContracts.test_millisecond_funding_boundary_jitter_is_canonicalized) ... ok
test_off_boundary_or_conflicting_duplicate_funding_is_rejected (__main__.FundingDataContracts.test_off_boundary_or_conflicting_duplicate_funding_is_rejected) ... ok
test_official_archive_schema_normalizes_hours_to_nautilus_minutes (__main__.FundingDataContracts.test_official_archive_schema_normalizes_hours_to_nautilus_minutes) ... ok
test_mark_price_archive_normalizes_completed_one_minute_closes (__main__.MarkPriceDataContracts.test_mark_price_archive_normalizes_completed_one_minute_closes) ... ok
test_ablation_is_single_variable_and_never_reused_for_promotion (__main__.StaticWiringContracts.test_ablation_is_single_variable_and_never_reused_for_promotion) ... ok
test_execution_failure_cancels_contingent_orders_before_global_reset (__main__.StaticWiringContracts.test_execution_failure_cancels_contingent_orders_before_global_reset) ... ok
test_fill_adjusted_risk_breach_cancels_children_and_forces_exit (__main__.StaticWiringContracts.test_fill_adjusted_risk_breach_cancels_children_and_forces_exit) ... ok
test_runner_keeps_single_shared_account_and_no_arbitrary_max_notional (__main__.StaticWiringContracts.test_runner_keeps_single_shared_account_and_no_arbitrary_max_notional) ... ok
test_strategy_uses_one_market_bracket_and_global_availability_scan (__main__.StaticWiringContracts.test_strategy_uses_one_market_bracket_and_global_availability_scan) ... ok

----------------------------------------------------------------------
Ran 23 tests in 0.087s

OK
test_acceptance_uses_observed_retest_extreme_for_structural_stop (__main__.AcceptanceSignalContractTests.test_acceptance_uses_observed_retest_extreme_for_structural_stop) ... ok
test_non_acceptance_first_cross_consumes_completed_level (__main__.AcceptanceSignalContractTests.test_non_acceptance_first_cross_consumes_completed_level) ... ok
test_signal_contains_no_future_outcome_fields (__main__.AcceptanceSignalContractTests.test_signal_contains_no_future_outcome_fields) ... ok
test_completed_mark_price_becomes_native_update (__main__.NautilusWiringContractTests.test_completed_mark_price_becomes_native_update) ... ok
test_instrument_has_no_arbitrary_maximum_quantity_or_notional (__main__.NautilusWiringContractTests.test_instrument_has_no_arbitrary_maximum_quantity_or_notional) ... ok
test_normalized_funding_row_becomes_boundary_settling_update (__main__.NautilusWiringContractTests.test_normalized_funding_row_becomes_boundary_settling_update) ... ok

----------------------------------------------------------------------
Ran 6 tests in 0.012s

OK
test_current_extreme_cannot_change_its_own_causal_baselines (__main__.FlowResponseCausalityContracts.test_current_extreme_cannot_change_its_own_causal_baselines) ... ok
test_endpoint_beta_reprices_only_its_own_completed_bucket (__main__.FlowResponseCausalityContracts.test_endpoint_beta_reprices_only_its_own_completed_bucket) ... ok
test_flow_direction_and_window_response_use_only_completed_current_and_past (__main__.FlowResponseCausalityContracts.test_flow_direction_and_window_response_use_only_completed_current_and_past) ... ok
test_future_impact_rows_do_not_change_completed_window_response (__main__.FlowResponseCausalityContracts.test_future_impact_rows_do_not_change_completed_window_response) ... ok
test_future_rows_do_not_change_an_already_completed_feature_row (__main__.FlowResponseCausalityContracts.test_future_rows_do_not_change_an_already_completed_feature_row) ... ok
test_input_contract_rejects_missing_or_noncausal_index (__main__.FlowResponseCausalityContracts.test_input_contract_rejects_missing_or_noncausal_index) ... ok
test_source_contains_no_outcome_or_trade_execution_proxy (__main__.FlowResponseCausalityContracts.test_source_contains_no_outcome_or_trade_execution_proxy) ... ok
test_vectorized_and_scalar_states_match_every_completed_feature_row (__main__.FlowResponseCausalityContracts.test_vectorized_and_scalar_states_match_every_completed_feature_row) ... ok
test_window_impact_response_sums_each_causal_bucket_in_matching_units (__main__.FlowResponseCausalityContracts.test_window_impact_response_sums_each_causal_bucket_in_matching_units) ... ok
test_absorption_requires_tail_pressure_excursion_giveback_and_negative_surprise (__main__.FlowResponseStateContracts.test_absorption_requires_tail_pressure_excursion_giveback_and_negative_surprise) ... ok
test_configuration_regions_cannot_overlap (__main__.FlowResponseStateContracts.test_configuration_regions_cannot_overlap) ... ok
test_initiative_requires_tail_pressure_progress_retention_and_positive_surprise (__main__.FlowResponseStateContracts.test_initiative_requires_tail_pressure_progress_retention_and_positive_surprise) ... ok
test_missing_nonfinite_or_invalid_impact_state_is_unobservable (__main__.FlowResponseStateContracts.test_missing_nonfinite_or_invalid_impact_state_is_unobservable) ... ok
test_ordinary_pressure_is_unresolved_not_forced_into_a_trade_state (__main__.FlowResponseStateContracts.test_ordinary_pressure_is_unresolved_not_forced_into_a_trade_state) ... ok
test_vectorized_boundaries_exactly_match_scalar_boundaries (__main__.FlowResponseStateContracts.test_vectorized_boundaries_exactly_match_scalar_boundaries) ... ok

----------------------------------------------------------------------
Ran 15 tests in 0.130s

OK
test_absorption_reversal_uses_a_fully_separate_opposite_window (__main__.FlowResponseAbsorptionContracts.test_absorption_reversal_uses_a_fully_separate_opposite_window) ... ok
test_opposite_state_before_a_fully_separate_window_cannot_trade (__main__.FlowResponseAbsorptionContracts.test_opposite_state_before_a_fully_separate_window_cannot_trade) ... ok
test_feature_index_columns_and_price_geometry_must_match (__main__.FlowResponseInfrastructureContracts.test_feature_index_columns_and_price_geometry_must_match) ... ok
test_legacy_retest_ablation_argument_has_no_effect (__main__.FlowResponseInfrastructureContracts.test_legacy_retest_ablation_argument_has_no_effect) ... ok
test_no_target_is_a_rejection_not_a_synthetic_projection (__main__.FlowResponseInfrastructureContracts.test_no_target_is_a_rejection_not_a_synthetic_projection) ... ok
test_source_has_no_future_outcome_score_or_fixed_r_target (__main__.FlowResponseInfrastructureContracts.test_source_has_no_future_outcome_score_or_fixed_r_target) ... ok
test_future_rows_do_not_change_an_already_emitted_signal (__main__.FlowResponseInitiativeContracts.test_future_rows_do_not_change_an_already_emitted_signal) ... ok
test_initiative_uses_a_complete_strictly_post_interaction_window (__main__.FlowResponseInitiativeContracts.test_initiative_uses_a_complete_strictly_post_interaction_window) ... ok
test_response_window_configuration_is_not_hardcoded (__main__.FlowResponseInitiativeContracts.test_response_window_configuration_is_not_hardcoded) ... ok

----------------------------------------------------------------------
Ran 9 tests in 0.081s

OK
test_diagnostics_source_is_evaluation_only (__main__.PathEvidenceContracts.test_diagnostics_source_is_evaluation_only) ... ok
test_enrichment_and_summary_preserve_records_and_count_diagnostics (__main__.PathEvidenceContracts.test_enrichment_and_summary_preserve_records_and_count_diagnostics) ... ok
test_missing_fields_and_invalid_geometry_are_explicit_not_silent (__main__.PathEvidenceContracts.test_missing_fields_and_invalid_geometry_are_explicit_not_silent) ... ok
test_same_timestamp_entry_bucket_is_excluded (__main__.PathEvidenceContracts.test_same_timestamp_entry_bucket_is_excluded) ... ok
test_repeated_stop_after_close_does_not_hide_a_later_target (__main__.StructuralTouchContracts.test_repeated_stop_after_close_does_not_hide_a_later_target) ... ok
test_same_bucket_stop_and_target_is_ambiguous (__main__.StructuralTouchContracts.test_same_bucket_stop_and_target_is_ambiguous) ... ok
test_short_geometry_and_progress_are_symmetric (__main__.StructuralTouchContracts.test_short_geometry_and_progress_are_symmetric) ... ok
test_stop_then_later_target_is_recorded_as_target_after_invalidation (__main__.StructuralTouchContracts.test_stop_then_later_target_is_recorded_as_target_after_invalidation) ... ok
test_target_then_later_stop_records_both_but_first_touch_is_target (__main__.StructuralTouchContracts.test_target_then_later_stop_records_both_but_first_touch_is_target) ... ok

----------------------------------------------------------------------
Ran 9 tests in 0.036s

OK
test_captured_frame_enriches_closed_record_after_execution_only (__main__.FlowResponsePostRunPathIntegrationContracts.test_captured_frame_enriches_closed_record_after_execution_only) ... ok
test_run_window_scopes_capture_and_hold_contract_to_one_native_call (__main__.FlowResponsePostRunPathIntegrationContracts.test_run_window_scopes_capture_and_hold_contract_to_one_native_call) ... ok
test_base_runner_uses_revision_stamped_reporting_and_post_run_hooks (__main__.FlowResponseRunnerWiringContracts.test_base_runner_uses_revision_stamped_reporting_and_post_run_hooks) ... ok
test_both_mode_is_identity_and_does_not_rewrite_evidence (__main__.FlowResponseRunnerWiringContracts.test_both_mode_is_identity_and_does_not_rewrite_evidence) ... ok
test_detector_and_family_vocabulary_are_rebound_exactly (__main__.FlowResponseRunnerWiringContracts.test_detector_and_family_vocabulary_are_rebound_exactly) ... ok
test_execution_engine_remains_the_verified_native_base (__main__.FlowResponseRunnerWiringContracts.test_execution_engine_remains_the_verified_native_base) ... ok
test_family_mode_uses_dedicated_environment_and_rejects_unknown_values (__main__.FlowResponseRunnerWiringContracts.test_family_mode_uses_dedicated_environment_and_rejects_unknown_values) ... ok
test_missing_path_diagnostic_blocks_base_promotion_evidence (__main__.FlowResponseRunnerWiringContracts.test_missing_path_diagnostic_blocks_base_promotion_evidence) ... ok
test_single_family_filter_removes_only_the_other_economic_family (__main__.FlowResponseRunnerWiringContracts.test_single_family_filter_removes_only_the_other_economic_family) ... ok
test_suite_summary_stamps_exact_detector_revision_and_blocks_diagnostic_promotion (__main__.FlowResponseRunnerWiringContracts.test_suite_summary_stamps_exact_detector_revision_and_blocks_diagnostic_promotion) ... ok

----------------------------------------------------------------------
Ran 10 tests in 0.010s

OK
test_json_matches_the_exact_frozen_detector_defaults (__main__.FlowResponseConfigContracts.test_json_matches_the_exact_frozen_detector_defaults) ... ok
test_json_round_trip_constructs_a_valid_frozen_config (__main__.FlowResponseConfigContracts.test_json_round_trip_constructs_a_valid_frozen_config) ... ok
test_native_wrapper_injects_the_frozen_config_into_every_detector_call (__main__.FlowResponseConfigContracts.test_native_wrapper_injects_the_frozen_config_into_every_detector_call) ... ok
test_project_risk_and_execution_contracts_remain_exact (__main__.FlowResponseConfigContracts.test_project_risk_and_execution_contracts_remain_exact) ... ok

----------------------------------------------------------------------
Ran 4 tests in 0.001s

OK
test_absorption_can_be_retained_under_the_same_frozen_rule (__main__.FlowResponseAblationDecisionContracts.test_absorption_can_be_retained_under_the_same_frozen_rule) ... ok
test_both_negative_is_a_discard_not_a_less_bad_family_search (__main__.FlowResponseAblationDecisionContracts.test_both_negative_is_a_discard_not_a_less_bad_family_search) ... ok
test_both_positive_does_not_remove_a_working_family (__main__.FlowResponseAblationDecisionContracts.test_both_positive_does_not_remove_a_working_family) ... ok
test_family_count_mismatch_blocks_selection (__main__.FlowResponseAblationDecisionContracts.test_family_count_mismatch_blocks_selection) ... ok
test_incomplete_path_or_attribution_evidence_blocks_selection (__main__.FlowResponseAblationDecisionContracts.test_incomplete_path_or_attribution_evidence_blocks_selection) ... ok
test_invalid_evidence_contracts_block_selection (__main__.FlowResponseAblationDecisionContracts.test_invalid_evidence_contracts_block_selection) ... ok
test_one_positive_and_one_negative_family_selects_only_the_positive_family (__main__.FlowResponseAblationDecisionContracts.test_one_positive_and_one_negative_family_selects_only_the_positive_family) ... ok
test_untraded_family_is_not_treated_as_independently_negative (__main__.FlowResponseAblationDecisionContracts.test_untraded_family_is_not_treated_as_independently_negative) ... ok

----------------------------------------------------------------------
Ran 8 tests in 0.001s

OK
test_any_failed_underlying_economic_contract_blocks_rebuild (__main__.FlowResponseDiagnosticEvaluationContracts.test_any_failed_underlying_economic_contract_blocks_rebuild) ... ok
test_missing_path_evidence_is_contract_failure_not_economic_failure (__main__.FlowResponseDiagnosticEvaluationContracts.test_missing_path_evidence_is_contract_failure_not_economic_failure) ... ok
test_open_gate_or_promotable_flag_invalidates_diagnostic_evidence (__main__.FlowResponseDiagnosticEvaluationContracts.test_open_gate_or_promotable_flag_invalidates_diagnostic_evidence) ... ok
test_removed_family_leak_blocks_rebuild (__main__.FlowResponseDiagnosticEvaluationContracts.test_removed_family_leak_blocks_rebuild) ... ok
test_unknown_mode_is_rejected (__main__.FlowResponseDiagnosticEvaluationContracts.test_unknown_mode_is_rejected) ... ok
test_valid_diagnostic_supports_rebuild_but_never_direct_promotion (__main__.FlowResponseDiagnosticEvaluationContracts.test_valid_diagnostic_supports_rebuild_but_never_direct_promotion) ... ok
test_wrong_mode_or_revision_blocks_rebuild (__main__.FlowResponseDiagnosticEvaluationContracts.test_wrong_mode_or_revision_blocks_rebuild) ... ok

----------------------------------------------------------------------
Ran 7 tests in 0.001s

OK
test_both_negative_first_week_is_clean_logic_discard_without_ablation (__main__.FlowResponseStagedValidationContracts.test_both_negative_first_week_is_clean_logic_discard_without_ablation) ... ok
test_clean_family_split_runs_exactly_one_diagnostic_without_promotion (__main__.FlowResponseStagedValidationContracts.test_clean_family_split_runs_exactly_one_diagnostic_without_promotion) ... FAIL
test_first_week_pass_runs_screen_and_promotes_only_after_screen_pass (__main__.FlowResponseStagedValidationContracts.test_first_week_pass_runs_screen_and_promotes_only_after_screen_pass) ... ok
test_incomplete_base_path_evidence_is_not_a_logic_failure (__main__.FlowResponseStagedValidationContracts.test_incomplete_base_path_evidence_is_not_a_logic_failure) ... ok
test_incomplete_diagnostic_path_evidence_is_implementation_failure (__main__.FlowResponseStagedValidationContracts.test_incomplete_diagnostic_path_evidence_is_implementation_failure) ... ok
test_runner_failure_is_implementation_failure (__main__.FlowResponseStagedValidationContracts.test_runner_failure_is_implementation_failure) ... ok

======================================================================
FAIL: test_clean_family_split_runs_exactly_one_diagnostic_without_promotion (__main__.FlowResponseStagedValidationContracts.test_clean_family_split_runs_exactly_one_diagnostic_without_promotion)
----------------------------------------------------------------------
Traceback (most recent call last):
  File "/__w/SMC_ICT_4_LIVE/SMC_ICT_4_LIVE/research/candidate-08/test_run_flow_response_staged_validation.py", line 231, in test_clean_family_split_runs_exactly_one_diagnostic_without_promotion
    self.assertEqual(status, 0)
    ~~~~~~~~~~~~~~~~^^^^^^^^^^^
AssertionError: 1 != 0

----------------------------------------------------------------------
Ran 6 tests in 0.008s

FAILED (failures=1)
