[OK] python: 3.13.5 (need 3.13.x)
[OK] nautilus_trader: 1.230.0 (need 1.230.0)
[OK] glibc: 2.36 (need >= 2.35)
test_completed_feature_index_stays_exact_and_unique (__main__.CompletedFeatureContracts.test_completed_feature_index_stays_exact_and_unique) ... ok
test_duplicate_completed_trade_timestamp_remains_invalid (__main__.CompletedFeatureContracts.test_duplicate_completed_trade_timestamp_remains_invalid) ... ok
test_source_contains_no_outcome_or_execution_logic (__main__.CompletedFeatureContracts.test_source_contains_no_outcome_or_execution_logic) ... ok
test_chunk_split_inside_equal_timestamp_matches_single_pass (__main__.DuplicateTimestampRawQuoteContracts.test_chunk_split_inside_equal_timestamp_matches_single_pass) ... ok
test_completed_bucket_preserves_duplicate_event_count_and_state_order (__main__.DuplicateTimestampRawQuoteContracts.test_completed_bucket_preserves_duplicate_event_count_and_state_order) ... ok
test_duplicate_exchange_milliseconds_are_distinct_ordered_events (__main__.DuplicateTimestampRawQuoteContracts.test_duplicate_exchange_milliseconds_are_distinct_ordered_events) ... ok
test_raw_time_regression_is_rejected_without_deduplication (__main__.DuplicateTimestampRawQuoteContracts.test_raw_time_regression_is_rejected_without_deduplication) ... ok

----------------------------------------------------------------------
Ran 7 tests in 0.113s

OK
test_cross_chunk_time_regression_is_rejected (__main__.RawChunkIntegrityContracts.test_cross_chunk_time_regression_is_rejected) ... ok
test_equal_time_update_id_regression_is_rejected (__main__.RawChunkIntegrityContracts.test_equal_time_update_id_regression_is_rejected) ... ok
test_equal_transaction_millisecond_preserves_update_order (__main__.RawChunkIntegrityContracts.test_equal_transaction_millisecond_preserves_update_order) ... ok
test_malformed_crossed_and_nonpositive_rows_fail_closed (__main__.RawChunkIntegrityContracts.test_malformed_crossed_and_nonpositive_rows_fail_closed) ... ok
test_arbitrary_chunk_boundaries_match_single_pass_exactly (__main__.RawOpenBucketCarryContracts.test_arbitrary_chunk_boundaries_match_single_pass_exactly) ... ok
test_duplicate_timestamp_events_contribute_individually (__main__.RawOpenBucketCarryContracts.test_duplicate_timestamp_events_contribute_individually) ... ok
test_later_buckets_cannot_change_already_closed_history (__main__.RawOpenBucketCarryContracts.test_later_buckets_cannot_change_already_closed_history) ... ok
test_streaming_revision_contains_no_daily_materialization_or_trading_logic (__main__.RawOpenBucketCarryContracts.test_streaming_revision_contains_no_daily_materialization_or_trading_logic) ... ok

----------------------------------------------------------------------
Ran 8 tests in 0.351s

OK
test_confirmation_quote_ofi_ablation_changes_only_the_predeclared_gate (__main__.QuoteResiliencySignalContracts.test_confirmation_quote_ofi_ablation_changes_only_the_predeclared_gate) ... ok
test_detector_source_contains_no_execution_or_outcome_logic (__main__.QuoteResiliencySignalContracts.test_detector_source_contains_no_execution_or_outcome_logic) ... ok
test_future_rows_do_not_change_existing_signal (__main__.QuoteResiliencySignalContracts.test_future_rows_do_not_change_existing_signal) ... ok
test_quote_replenished_high_sweep_emits_short_reversal (__main__.QuoteResiliencySignalContracts.test_quote_replenished_high_sweep_emits_short_reversal) ... ok
test_quote_replenished_low_sweep_emits_long_reversal (__main__.QuoteResiliencySignalContracts.test_quote_replenished_low_sweep_emits_long_reversal) ... ok
test_quote_withdrawal_acceptance_emits_long_continuation_after_separate_retest (__main__.QuoteResiliencySignalContracts.test_quote_withdrawal_acceptance_emits_long_continuation_after_separate_retest) ... ok
test_target_crossed_on_confirmation_bucket_is_not_reused (__main__.QuoteResiliencySignalContracts.test_target_crossed_on_confirmation_bucket_is_not_reused) ... ok

----------------------------------------------------------------------
Ran 7 tests in 0.043s

OK
test_rejected_response_bucket_cannot_arm_another_crossed_level (__main__.OneScenarioTransitionPerBucketContract.test_rejected_response_bucket_cannot_arm_another_crossed_level) ... ok

----------------------------------------------------------------------
Ran 1 test in 0.020s

OK
test_adapter_contains_no_new_backtest_or_sizing_engine (__main__.NativeAdapterContracts.test_adapter_contains_no_new_backtest_or_sizing_engine) ... ok
test_config_and_implementation_revisions_are_bound (__main__.NativeAdapterContracts.test_config_and_implementation_revisions_are_bound) ... ok
test_family_resolution_prefers_immutable_signal_field (__main__.NativeAdapterContracts.test_family_resolution_prefers_immutable_signal_field) ... ok
test_only_predeclared_ablation_is_exposed (__main__.NativeAdapterContracts.test_only_predeclared_ablation_is_exposed) ... ok
test_order_and_intent_labels_name_real_quote_scenarios (__main__.NativeAdapterContracts.test_order_and_intent_labels_name_real_quote_scenarios) ... ok
test_verified_runner_boundaries_are_reused (__main__.NativeAdapterContracts.test_verified_runner_boundaries_are_reused) ... ok

----------------------------------------------------------------------
Ran 6 tests in 0.001s

OK
test_active_config_path_overrides_default_for_all_adapter_loaders (__main__.RuntimeConfigPathContracts.test_active_config_path_overrides_default_for_all_adapter_loaders) ... ok
test_default_path_is_restored_when_no_suite_is_active (__main__.RuntimeConfigPathContracts.test_default_path_is_restored_when_no_suite_is_active) ... ok
test_run_suite_sets_and_restores_config_path (__main__.RuntimeConfigPathContracts.test_run_suite_sets_and_restores_config_path) ... ok

----------------------------------------------------------------------
Ran 3 tests in 0.003s

OK
[1m2026-08-07T07:47:44.809226083Z[0m [36m[INFO] TRADER-001.BacktestEngine: =================================================================[0m
[1m2026-08-07T07:47:44.809241276Z[0m [36m[INFO] TRADER-001.BacktestEngine:  NAUTILUS TRADER - Automated Algorithmic Trading Platform[0m
[1m2026-08-07T07:47:44.809241656Z[0m [36m[INFO] TRADER-001.BacktestEngine:  by Nautech Systems Pty Ltd.[0m
[1m2026-08-07T07:47:44.809241866Z[0m [36m[INFO] TRADER-001.BacktestEngine:  Copyright (C) 2015-2026. All rights reserved.[0m
[1m2026-08-07T07:47:44.809242067Z[0m [36m[INFO] TRADER-001.BacktestEngine: =================================================================[0m
[1m2026-08-07T07:47:44.809242377Z[0m [INFO] TRADER-001.BacktestEngine: [0m
[1m2026-08-07T07:47:44.809242527Z[0m [INFO] TRADER-001.BacktestEngine: ⠀⠀⠀⠀⠀⠀⠀⠀⠀⠀⠀⠀⠀⣠⣴⣶⡟⠀⠀⠀⠀⠀⠀⠀⠀⠀⠀⠀⠀⠀⠀[0m
[1m2026-08-07T07:47:44.809242788Z[0m [INFO] TRADER-001.BacktestEngine: ⠀⠀⠀⠀⠀⠀⠀⠀⠀⠀⠀⣰⣾⣿⣿⣿⠀⢸⣿⣿⣿⣿⣶⣶⣤⣀⠀⠀⠀⠀⠀[0m
[1m2026-08-07T07:47:44.809243068Z[0m [INFO] TRADER-001.BacktestEngine: ⠀⠀⠀⠀⠀⠀⢀⣴⡇⢀⣾⣿⣿⣿⣿⣿⠀⣾⣿⣿⣿⣿⣿⣿⣿⠿⠓⠀⠀⠀⠀[0m
[1m2026-08-07T07:47:44.809243369Z[0m [INFO] TRADER-001.BacktestEngine: ⠀⠀⠀⠀⠀⣰⣿⣿⡀⢸⣿⣿⣿⣿⣿⣿⠀⣿⣿⣿⣿⣿⣿⠟⠁⣠⣄⠀⠀⠀⠀[0m
[1m2026-08-07T07:47:44.809247285Z[0m [INFO] TRADER-001.BacktestEngine: ⠀⠀⠀⠀⢠⣿⣿⣿⣇⠀⢿⣿⣿⣿⣿⣿⠀⢻⣿⣿⣿⡿⢃⣠⣾⣿⣿⣧⡀⠀⠀[0m
[1m2026-08-07T07:47:44.809247425Z[0m [INFO] TRADER-001.BacktestEngine: ⠀⠀⠀⠠⣾⣿⣿⣿⣿⣿⣧⠈⠋⢀⣴⣧⠀⣿⡏⢠⡀⢸⣿⣿⣿⣿⣿⣿⣿⡇⠀[0m
[1m2026-08-07T07:47:44.809247695Z[0m [INFO] TRADER-001.BacktestEngine: ⠀⠀⠀⣀⠙⢿⣿⣿⣿⣿⣿⠇⢠⣿⣿⣿⡄⠹⠃⠼⠃⠈⠉⠛⠛⠛⠛⠛⠻⠇⠀[0m
[1m2026-08-07T07:47:44.809248016Z[0m [INFO] TRADER-001.BacktestEngine: ⠀⠀⢸⡟⢠⣤⠉⠛⠿⢿⣿⠀⢸⣿⡿⠋⣠⣤⣄⠀⣾⣿⣿⣶⣶⣶⣦⡄⠀⠀⠀[0m
[1m2026-08-07T07:47:44.809249628Z[0m [INFO] TRADER-001.BacktestEngine: ⠀⠀⠸⠀⣾⠏⣸⣷⠂⣠⣤⠀⠘⢁⣴⣾⣿⣿⣿⡆⠘⣿⣿⣿⣿⣿⣿⠀⠀⠀⠀[0m
[1m2026-08-07T07:47:44.809249768Z[0m [INFO] TRADER-001.BacktestEngine: ⠀⠀⠀⠀⠛⠀⣿⡟⠀⢻⣿⡄⠸⣿⣿⣿⣿⣿⣿⣿⡀⠘⣿⣿⣿⣿⠟⠀⠀⠀⠀[0m
[1m2026-08-07T07:47:44.809249919Z[0m [INFO] TRADER-001.BacktestEngine: ⠀⠀⠀⠀⠀⠀⣿⠇⠀⠀⢻⡿⠀⠈⠻⣿⣿⣿⣿⣿⡇⠀⢹⣿⠿⠋⠀⠀⠀⠀⠀[0m
[1m2026-08-07T07:47:44.809250069Z[0m [INFO] TRADER-001.BacktestEngine: ⠀⠀⠀⠀⠀⠀⠋⠀⠀⠀⡘⠁⠀⠀⠀⠀⠀⠀⠀⠀⠀⠀⠈⠁⠀⠀⠀⠀⠀⠀⠀[0m
[1m2026-08-07T07:47:44.809250219Z[0m [INFO] TRADER-001.BacktestEngine: [0m
[1m2026-08-07T07:47:44.809250409Z[0m [36m[INFO] TRADER-001.BacktestEngine: =================================================================[0m
[1m2026-08-07T07:47:44.809250820Z[0m [36m[INFO] TRADER-001.BacktestEngine:  SYSTEM SPECIFICATION[0m
[1m2026-08-07T07:47:44.809250960Z[0m [36m[INFO] TRADER-001.BacktestEngine: =================================================================[0m
[1m2026-08-07T07:47:44.809252462Z[0m [INFO] TRADER-001.BacktestEngine: CPU architecture: AMD EPYC 9V74 80-Core Processor[0m
[1m2026-08-07T07:47:44.809253203Z[0m [INFO] TRADER-001.BacktestEngine: CPU(s): 4 @ 2596 MHz[0m
[1m2026-08-07T07:47:44.809254566Z[0m [INFO] TRADER-001.BacktestEngine: OS: kernel-6.17.0-1021-azure Linux (Debian GNU/Linux 12)[0m
[1m2026-08-07T07:47:44.809319543Z[0m [36m[INFO] TRADER-001.BacktestEngine: =================================================================[0m
[1m2026-08-07T07:47:44.809324260Z[0m [36m[INFO] TRADER-001.BacktestEngine:  MEMORY USAGE[0m
[1m2026-08-07T07:47:44.809324611Z[0m [36m[INFO] TRADER-001.BacktestEngine: =================================================================[0m
[1m2026-08-07T07:47:44.809328947Z[0m [INFO] TRADER-001.BacktestEngine: RAM-Total: 15.61 GiB[0m
[1m2026-08-07T07:47:44.809329698Z[0m [INFO] TRADER-001.BacktestEngine: RAM-Used: 2.06 GiB (13.19%)[0m
[1m2026-08-07T07:47:44.809330430Z[0m [INFO] TRADER-001.BacktestEngine: RAM-Avail: 13.56 GiB (86.81%)[0m
[1m2026-08-07T07:47:44.809332062Z[0m [INFO] TRADER-001.BacktestEngine: Swap-Total: 3.00 GiB[0m
[1m2026-08-07T07:47:44.809332613Z[0m [INFO] TRADER-001.BacktestEngine: Swap-Used: 0.00 GiB (0.00%)[0m
[1m2026-08-07T07:47:44.809333574Z[0m [INFO] TRADER-001.BacktestEngine: Swap-Avail: 3.00 GiB (100.00%)[0m
[1m2026-08-07T07:47:44.809334265Z[0m [36m[INFO] TRADER-001.BacktestEngine: =================================================================[0m
[1m2026-08-07T07:47:44.809334526Z[0m [36m[INFO] TRADER-001.BacktestEngine:  IDENTIFIERS[0m
[1m2026-08-07T07:47:44.809334716Z[0m [36m[INFO] TRADER-001.BacktestEngine: =================================================================[0m
[1m2026-08-07T07:47:44.809335217Z[0m [INFO] TRADER-001.BacktestEngine: trader_id: TRADER-001[0m
[1m2026-08-07T07:47:44.809336979Z[0m [INFO] TRADER-001.BacktestEngine: machine_id: 3c2719efbbb7[0m
[1m2026-08-07T07:47:44.809338482Z[0m [INFO] TRADER-001.BacktestEngine: instance_id: 714b6617-18a2-4dc3-bc4f-d236ce289343[0m
[1m2026-08-07T07:47:44.809339032Z[0m [INFO] TRADER-001.BacktestEngine: PID: 172[0m
[1m2026-08-07T07:47:44.809339223Z[0m [36m[INFO] TRADER-001.BacktestEngine: =================================================================[0m
[1m2026-08-07T07:47:44.809339433Z[0m [36m[INFO] TRADER-001.BacktestEngine:  VERSIONING[0m
[1m2026-08-07T07:47:44.809339643Z[0m [36m[INFO] TRADER-001.BacktestEngine: =================================================================[0m
[1m2026-08-07T07:47:44.809353184Z[0m [INFO] TRADER-001.BacktestEngine: nautilus_trader: 1.230.0[0m
[1m2026-08-07T07:47:44.809360965Z[0m [INFO] TRADER-001.BacktestEngine: python: 3.13.5[0m
[1m2026-08-07T07:47:44.809365612Z[0m [INFO] TRADER-001.BacktestEngine: numpy: 2.5.1[0m
[1m2026-08-07T07:47:44.809369659Z[0m [INFO] TRADER-001.BacktestEngine: pandas: 3.0.5[0m
[1m2026-08-07T07:47:44.809378512Z[0m [INFO] TRADER-001.BacktestEngine: msgspec: 0.21.1[0m
[1m2026-08-07T07:47:44.809383129Z[0m [INFO] TRADER-001.BacktestEngine: pyarrow: 25.0.0[0m
[1m2026-08-07T07:47:44.809387185Z[0m [INFO] TRADER-001.BacktestEngine: pytz: 2026.3.post1[0m
[1m2026-08-07T07:47:44.809392923Z[0m [INFO] TRADER-001.BacktestEngine: uvloop: 0.22.1[0m
[1m2026-08-07T07:47:44.809396439Z[0m [36m[INFO] TRADER-001.BacktestEngine: =================================================================[0m
[1m2026-08-07T07:47:44.809397811Z[0m [INFO] TRADER-001.nautilus_system::kernel: Building system kernel[0m
Traceback (most recent call last):
  File "/__w/SMC_ICT_4_LIVE/SMC_ICT_4_LIVE/research/candidate-08/run_quote_resiliency_nautilus.py", line 415, in <module>
    raise SystemExit(main())
                     ~~~~^^
  File "/__w/SMC_ICT_4_LIVE/SMC_ICT_4_LIVE/research/candidate-08/run_quote_resiliency_nautilus.py", line 398, in main
    run_suite(
    ~~~~~~~~~^
        config_path=args.config.resolve(),
        ^^^^^^^^^^^^^^^^^^^^^^^^^^^^^^^^^^
    ...<9 lines>...
        ablation=args.ablation,
        ^^^^^^^^^^^^^^^^^^^^^^^
    )
    ^
  File "/__w/SMC_ICT_4_LIVE/SMC_ICT_4_LIVE/research/candidate-08/run_quote_resiliency_nautilus.py", line 365, in run_suite
    return execution.runner.base_runner.run_suite(
           ~~~~~~~~~~~~~~~~~~~~~~~~~~~~~~~~~~~~~~^
        config_path=config_path,
        ^^^^^^^^^^^^^^^^^^^^^^^^
    ...<5 lines>...
        ablation=ablation,
        ^^^^^^^^^^^^^^^^^^
    )
    ^
  File "/__w/SMC_ICT_4_LIVE/SMC_ICT_4_LIVE/research/candidate-08/run_aggtrade_acceptance_nautilus.py", line 926, in run_suite
    result = run_window(
        config=config,
    ...<5 lines>...
        ablation=ablation,
    )
  File "/__w/SMC_ICT_4_LIVE/SMC_ICT_4_LIVE/research/candidate-08/run_aggtrade_flow_response_auction_nautilus.py", line 212, in _flow_response_run_window
    return _original_run_window(*args, **kwargs)
  File "/__w/SMC_ICT_4_LIVE/SMC_ICT_4_LIVE/research/candidate-08/run_quote_resiliency_nautilus.py", line 318, in _run_window_with_risk_classification
    return run_window_classifying_execution_risk(
        _NATIVE_ORIGINAL_RUN_WINDOW,
        *args,
        **kwargs,
    )
  File "/__w/SMC_ICT_4_LIVE/SMC_ICT_4_LIVE/research/candidate-08/aggtrade_acceptance_risk_v2.py", line 255, in run_window_classifying_execution_risk
    return original_run_window(*args, **kwargs)
  File "/__w/SMC_ICT_4_LIVE/SMC_ICT_4_LIVE/research/candidate-08/run_aggtrade_acceptance_nautilus.py", line 645, in run_window
    engine = _create_engine(config, native_instruments)
  File "/__w/SMC_ICT_4_LIVE/SMC_ICT_4_LIVE/research/candidate-08/run_aggtrade_acceptance_nautilus.py", line 135, in _create_engine
    config["cost_assumptions"]["one_tick_slippage_probability"]
    ~~~~~~~~~~~~~~~~~~~~~~~~~~^^^^^^^^^^^^^^^^^^^^^^^^^^^^^^^^^
KeyError: 'one_tick_slippage_probability'
