/__w/SMC_ICT_4_LIVE/SMC_ICT_4_LIVE/research/candidate-09/run.py:248: Pandas4Warning: Timestamp.utcnow is deprecated and will be removed in a future version. Use Timestamp.now('UTC') instead.
  engine.run()
/__w/SMC_ICT_4_LIVE/SMC_ICT_4_LIVE/research/candidate-09/run.py:248: Pandas4Warning: Timestamp.utcnow is deprecated and will be removed in a future version. Use Timestamp.now('UTC') instead.
  engine.run()
/__w/SMC_ICT_4_LIVE/SMC_ICT_4_LIVE/research/candidate-09/run.py:248: Pandas4Warning: Timestamp.utcnow is deprecated and will be removed in a future version. Use Timestamp.now('UTC') instead.
  engine.run()
/__w/SMC_ICT_4_LIVE/SMC_ICT_4_LIVE/research/candidate-09/run.py:248: Pandas4Warning: Timestamp.utcnow is deprecated and will be removed in a future version. Use Timestamp.now('UTC') instead.
  engine.run()
/__w/SMC_ICT_4_LIVE/SMC_ICT_4_LIVE/research/candidate-09/run.py:248: Pandas4Warning: Timestamp.utcnow is deprecated and will be removed in a future version. Use Timestamp.now('UTC') instead.
  engine.run()
/__w/SMC_ICT_4_LIVE/SMC_ICT_4_LIVE/research/candidate-09/run.py:248: Pandas4Warning: Timestamp.utcnow is deprecated and will be removed in a future version. Use Timestamp.now('UTC') instead.
  engine.run()
/__w/SMC_ICT_4_LIVE/SMC_ICT_4_LIVE/research/candidate-09/run.py:248: Pandas4Warning: Timestamp.utcnow is deprecated and will be removed in a future version. Use Timestamp.now('UTC') instead.
  engine.run()
/__w/SMC_ICT_4_LIVE/SMC_ICT_4_LIVE/research/candidate-09/run.py:248: Pandas4Warning: Timestamp.utcnow is deprecated and will be removed in a future version. Use Timestamp.now('UTC') instead.
  engine.run()
/__w/SMC_ICT_4_LIVE/SMC_ICT_4_LIVE/research/candidate-09/run.py:248: Pandas4Warning: Timestamp.utcnow is deprecated and will be removed in a future version. Use Timestamp.now('UTC') instead.
  engine.run()
/__w/SMC_ICT_4_LIVE/SMC_ICT_4_LIVE/research/candidate-09/run.py:248: Pandas4Warning: Timestamp.utcnow is deprecated and will be removed in a future version. Use Timestamp.now('UTC') instead.
  engine.run()
/__w/SMC_ICT_4_LIVE/SMC_ICT_4_LIVE/research/candidate-09/run.py:248: Pandas4Warning: Timestamp.utcnow is deprecated and will be removed in a future version. Use Timestamp.now('UTC') instead.
  engine.run()
/__w/SMC_ICT_4_LIVE/SMC_ICT_4_LIVE/research/candidate-09/run.py:248: Pandas4Warning: Timestamp.utcnow is deprecated and will be removed in a future version. Use Timestamp.now('UTC') instead.
  engine.run()
/__w/SMC_ICT_4_LIVE/SMC_ICT_4_LIVE/research/candidate-09/run.py:248: Pandas4Warning: Timestamp.utcnow is deprecated and will be removed in a future version. Use Timestamp.now('UTC') instead.
  engine.run()
/__w/SMC_ICT_4_LIVE/SMC_ICT_4_LIVE/research/candidate-09/run.py:248: Pandas4Warning: Timestamp.utcnow is deprecated and will be removed in a future version. Use Timestamp.now('UTC') instead.
  engine.run()
/__w/SMC_ICT_4_LIVE/SMC_ICT_4_LIVE/research/candidate-09/run.py:248: Pandas4Warning: Timestamp.utcnow is deprecated and will be removed in a future version. Use Timestamp.now('UTC') instead.
  engine.run()
/__w/SMC_ICT_4_LIVE/SMC_ICT_4_LIVE/research/candidate-09/run.py:248: Pandas4Warning: Timestamp.utcnow is deprecated and will be removed in a future version. Use Timestamp.now('UTC') instead.
  engine.run()
/__w/SMC_ICT_4_LIVE/SMC_ICT_4_LIVE/research/candidate-09/run.py:248: Pandas4Warning: Timestamp.utcnow is deprecated and will be removed in a future version. Use Timestamp.now('UTC') instead.
  engine.run()
/__w/SMC_ICT_4_LIVE/SMC_ICT_4_LIVE/research/candidate-09/run.py:248: Pandas4Warning: Timestamp.utcnow is deprecated and will be removed in a future version. Use Timestamp.now('UTC') instead.
  engine.run()
/__w/SMC_ICT_4_LIVE/SMC_ICT_4_LIVE/research/candidate-09/run.py:248: Pandas4Warning: Timestamp.utcnow is deprecated and will be removed in a future version. Use Timestamp.now('UTC') instead.
  engine.run()
/__w/SMC_ICT_4_LIVE/SMC_ICT_4_LIVE/research/candidate-09/run.py:248: Pandas4Warning: Timestamp.utcnow is deprecated and will be removed in a future version. Use Timestamp.now('UTC') instead.
  engine.run()
/__w/SMC_ICT_4_LIVE/SMC_ICT_4_LIVE/research/candidate-09/run.py:248: Pandas4Warning: Timestamp.utcnow is deprecated and will be removed in a future version. Use Timestamp.now('UTC') instead.
  engine.run()
/__w/SMC_ICT_4_LIVE/SMC_ICT_4_LIVE/research/candidate-09/run.py:248: Pandas4Warning: Timestamp.utcnow is deprecated and will be removed in a future version. Use Timestamp.now('UTC') instead.
  engine.run()
/__w/SMC_ICT_4_LIVE/SMC_ICT_4_LIVE/research/candidate-09/run.py:248: Pandas4Warning: Timestamp.utcnow is deprecated and will be removed in a future version. Use Timestamp.now('UTC') instead.
  engine.run()
{
  "ablations": {
    "boundary-stop-all": {
      "all_segments_positive": false,
      "calendar_days": 21.0,
      "daily_geometric_return": 0.013616921556058204,
      "implementation_ok": true,
      "maximum_segment_drawdown": 0.059111339466250024,
      "maximum_single_trade_profit_share": 0.5529519808980157,
      "nav_multiple": 1.3284673805462854,
      "trades": 16,
      "trades_per_day": 0.7619047619047619
    },
    "no-boundary-stop-salvage": {
      "all_segments_positive": false,
      "calendar_days": 21.0,
      "daily_geometric_return": 0.006806286547395901,
      "implementation_ok": true,
      "maximum_segment_drawdown": 0.05910881699206749,
      "maximum_single_trade_profit_share": 1.0,
      "nav_multiple": 1.1530928825062121,
      "trades": 7,
      "trades_per_day": 0.3333333333333333
    },
    "with-price-risk-floor": {
      "all_segments_positive": false,
      "calendar_days": 21.0,
      "daily_geometric_return": 0.007737964587581914,
      "implementation_ok": true,
      "maximum_segment_drawdown": 0.05910802486154709,
      "maximum_single_trade_profit_share": 1.0,
      "nav_multiple": 1.1757094843720794,
      "trades": 9,
      "trades_per_day": 0.42857142857142855
    }
  },
  "baseline_weeks": [
    {
      "accounting_error": -1.4551915228366852e-11,
      "calendar_days": 7.0,
      "continuation_trades": 0,
      "daily_geometric_return": 0.019744083445107474,
      "end_ns": 1644796800000000000,
      "ending_nav": 114666.976027575,
      "expectancy_r": 0.529824702824007,
      "implementation_status": "OK",
      "largest_profit_share": 0.21531782560909749,
      "losses": 3,
      "max_drawdown": 0.030007678337628185,
      "maximum_consecutive_losses": 1,
      "missing_feature_bars": 0,
      "native_account_final": 122641.12840054999,
      "native_expected_final": 122641.12840055,
      "open_position_at_stop": false,
      "profit_factor": 2.4858341230125163,
      "rejected_orders": 0,
      "reversal_trades": 9,
      "run_id": "baseline:week-a",
      "segment": "week-a",
      "start_ns": 1644192000000000000,
      "starting_nav": 100000.0,
      "time_exits": 2,
      "total_return": 0.14666976027575007,
      "trades": 9,
      "variant": "baseline",
      "win_rate": 0.6666666666666666,
      "wins": 6
    },
    {
      "accounting_error": 0.0,
      "calendar_days": 7.0,
      "continuation_trades": 0,
      "daily_geometric_return": -0.008666579196238589,
      "end_ns": 1687132800000000000,
      "ending_nav": 94088.866053375,
      "expectancy_r": -1.0002188510085017,
      "implementation_status": "OK",
      "largest_profit_share": null,
      "losses": 2,
      "max_drawdown": 0.059111339466250024,
      "maximum_consecutive_losses": 2,
      "missing_feature_bars": 0,
      "native_account_final": 96199.0488008,
      "native_expected_final": 96199.0488008,
      "open_position_at_stop": false,
      "profit_factor": 0.0,
      "rejected_orders": 0,
      "reversal_trades": 2,
      "run_id": "baseline:week-b",
      "segment": "week-b",
      "start_ns": 1686528000000000000,
      "starting_nav": 100000.0,
      "time_exits": 0,
      "total_return": -0.059111339466250024,
      "trades": 2,
      "variant": "baseline",
      "win_rate": 0.0,
      "wins": 0
    },
    {
      "accounting_error": -1.4551915228366852e-11,
      "calendar_days": 7.0,
      "continuation_trades": 0,
      "daily_geometric_return": 0.015314012972022839,
      "end_ns": 1729468800000000000,
      "ending_nav": 111225.063235375,
      "expectancy_r": 0.7478430944659396,
      "implementation_status": "OK",
      "largest_profit_share": 0.39121094000802437,
      "losses": 2,
      "max_drawdown": 0.029998874955823207,
      "maximum_consecutive_losses": 1,
      "missing_feature_bars": 0,
      "native_account_final": 118225.88296873998,
      "native_expected_final": 118225.88296874,
      "open_position_at_stop": false,
      "profit_factor": 2.7431481302615466,
      "rejected_orders": 0,
      "reversal_trades": 5,
      "run_id": "baseline:week-c",
      "segment": "week-c",
      "start_ns": 1728864000000000000,
      "starting_nav": 100000.0,
      "time_exits": 0,
      "total_return": 0.11225063235374999,
      "trades": 5,
      "variant": "baseline",
      "win_rate": 0.6,
      "wins": 3
    }
  ],
  "candidate": "candidate-09-v13",
  "diagnosis": {
    "action": "The single-variable ablation boundary-stop-all improved pooled cost-after growth; revise only that confirmation layer, then freeze and retest.",
    "baseline_daily_geometric_return": 0.008719556406509454,
    "best_ablation_daily_geometric_return": 0.013616921556058204,
    "classification": "LOGIC_ERROR_WITH_STRUCTURAL_PATH",
    "largest_influence": "boundary-stop-all"
  },
  "gate": {
    "checks": {
      "all_weeks_positive": false,
      "implementation_ok": true,
      "minimum_trades_each_week": false,
      "pooled_daily_geometric_return": false,
      "profit_not_single_trade_dominated": false
    },
    "passed": false,
    "pooled": {
      "all_segments_positive": false,
      "calendar_days": 21.0,
      "daily_geometric_return": 0.008719556406509454,
      "implementation_ok": true,
      "maximum_segment_drawdown": 0.059111339466250024,
      "maximum_single_trade_profit_share": 0.39121094000802437,
      "nav_multiple": 1.1999944995832335,
      "trades": 16,
      "trades_per_day": 0.7619047619047619
    }
  },
  "status": "GATE_FAIL"
}
