[OK] python: 3.13.5 (need 3.13.x)
[OK] nautilus_trader: 1.230.0 (need 1.230.0)
[OK] glibc: 2.36 (need >= 2.35)
test_cross_chunk_time_regression_is_rejected (__main__.RawChunkIntegrityContracts.test_cross_chunk_time_regression_is_rejected) ... ok
test_equal_time_update_id_regression_is_rejected (__main__.RawChunkIntegrityContracts.test_equal_time_update_id_regression_is_rejected) ... ok
test_equal_transaction_millisecond_preserves_update_order (__main__.RawChunkIntegrityContracts.test_equal_transaction_millisecond_preserves_update_order) ... ok
test_malformed_crossed_and_nonpositive_rows_fail_closed (__main__.RawChunkIntegrityContracts.test_malformed_crossed_and_nonpositive_rows_fail_closed) ... ok
test_arbitrary_chunk_boundaries_match_single_pass_exactly (__main__.RawOpenBucketCarryContracts.test_arbitrary_chunk_boundaries_match_single_pass_exactly) ... ok
test_duplicate_timestamp_events_contribute_individually (__main__.RawOpenBucketCarryContracts.test_duplicate_timestamp_events_contribute_individually) ... ok
test_later_buckets_cannot_change_already_closed_history (__main__.RawOpenBucketCarryContracts.test_later_buckets_cannot_change_already_closed_history) ... ok
test_streaming_revision_contains_no_daily_materialization_or_trading_logic (__main__.RawOpenBucketCarryContracts.test_streaming_revision_contains_no_daily_materialization_or_trading_logic) ... ok

----------------------------------------------------------------------
Ran 8 tests in 0.362s

OK
test_confirmation_quote_ofi_ablation_changes_only_the_predeclared_gate (__main__.QuoteResiliencySignalContracts.test_confirmation_quote_ofi_ablation_changes_only_the_predeclared_gate) ... ok
test_detector_source_contains_no_execution_or_outcome_logic (__main__.QuoteResiliencySignalContracts.test_detector_source_contains_no_execution_or_outcome_logic) ... ok
test_future_rows_do_not_change_existing_signal (__main__.QuoteResiliencySignalContracts.test_future_rows_do_not_change_existing_signal) ... ok
test_quote_replenished_high_sweep_emits_short_reversal (__main__.QuoteResiliencySignalContracts.test_quote_replenished_high_sweep_emits_short_reversal) ... ok
test_quote_replenished_low_sweep_emits_long_reversal (__main__.QuoteResiliencySignalContracts.test_quote_replenished_low_sweep_emits_long_reversal) ... ok
test_quote_withdrawal_acceptance_emits_long_continuation_after_separate_retest (__main__.QuoteResiliencySignalContracts.test_quote_withdrawal_acceptance_emits_long_continuation_after_separate_retest) ... ok
test_target_crossed_on_confirmation_bucket_is_not_reused (__main__.QuoteResiliencySignalContracts.test_target_crossed_on_confirmation_bucket_is_not_reused) ... ok

----------------------------------------------------------------------
Ran 7 tests in 0.044s

OK
