Traceback (most recent call last):
  File "/__w/SMC_ICT_4_LIVE/SMC_ICT_4_LIVE/research/candidate-06/run_cross_venue_validation.py", line 78, in main
    result = run_cross_venue_nautilus_backtest(
        perpetual.frame,
    ...<2 lines>...
        logic_params=config["logic"],
    )
  File "/__w/SMC_ICT_4_LIVE/SMC_ICT_4_LIVE/research/candidate-06/cross_venue_nautilus_runner.py", line 78, in run_cross_venue_nautilus_backtest
    strategy = CrossVenueStrategy(
        BaseConfig(
    ...<12 lines>...
        ),
    )
  File "/__w/SMC_ICT_4_LIVE/SMC_ICT_4_LIVE/research/candidate-06/cross_venue_nautilus_runner.py", line 63, in __init__
    super().__init__(
    ~~~~~~~~~~~~~~~~^
        strategy_config,
        ^^^^^^^^^^^^^^^^
        observations=observations,
        ^^^^^^^^^^^^^^^^^^^^^^^^^^
        logic_params=logic_params,
        ^^^^^^^^^^^^^^^^^^^^^^^^^^
    )
    ^
  File "/__w/SMC_ICT_4_LIVE/SMC_ICT_4_LIVE/research/candidate-06/nautilus_strategy.py", line 154, in __init__
    self._scenario_engine = _make_scenario_engine(logic_params)
                            ~~~~~~~~~~~~~~~~~~~~~^^^^^^^^^^^^^^
  File "/__w/SMC_ICT_4_LIVE/SMC_ICT_4_LIVE/research/candidate-06/nautilus_strategy.py", line 120, in _make_scenario_engine
    raise ValueError(f"unsupported candidate-06 causal engine: {name}")
ValueError: unsupported candidate-06 causal engine: CROSS_VENUE_PRICE_DISCOVERY_BIFURCATION
