[OK] python: 3.13.5 (need 3.13.x)
[OK] nautilus_trader: 1.230.0 (need 1.230.0)
[OK] glibc: 2.36 (need >= 2.35)
PASS test_acceptance_impulse_fvg_is_not_forced_to_occur_after_acceptance
PASS test_common_acceptance_and_failed_auction_are_mutually_exclusive
PASS test_mss_pivot_must_be_confirmed_before_the_liquidity_breach
PASS test_reversal_displacement_must_break_the_prebreach_pivot
v105 tests: 4 passed, 0 failed
aggTrades 2025-08-15
aggTrades 2025-08-16
aggTrades 2025-08-21
aggTrades 2025-08-18
aggTrades 2025-08-17
aggTrades 2025-08-19
aggTrades 2025-08-20
aggTrades 2025-08-22
aggTrades 2025-08-23
aggTrades 2025-08-28
aggTrades 2025-08-24
aggTrades 2025-08-25
aggTrades 2025-08-30
aggTrades 2025-08-27
aggTrades 2025-08-26
aggTrades 2025-08-29
bookDepth 2025-08-16
aggTrades 2025-08-31
bookDepth 2025-08-15
bookDepth 2025-08-17
bookDepth 2025-08-21
bookDepth 2025-08-18
bookDepth 2025-08-19
bookDepth 2025-08-22
bookDepth 2025-08-27
bookDepth 2025-08-20
bookDepth 2025-08-30
bookDepth 2025-08-25
bookDepth 2025-08-26
bookDepth 2025-08-31
aggTrades 2025-09-01
bookDepth 2025-08-23
bookDepth 2025-08-28
bookDepth 2025-08-24
bookDepth 2025-08-29
klines 2025-08-15
klines 2025-08-21
klines 2025-08-19
klines 2025-08-16
klines 2025-08-25
klines 2025-08-18
klines 2025-08-17
klines 2025-08-20
klines 2025-08-28
klines 2025-08-26
klines 2025-08-24
klines 2025-08-23
bookDepth 2025-09-01
klines 2025-08-29
klines 2025-08-22
klines 2025-08-31
klines 2025-08-27
klines 2025-08-30
klines 2025-09-01
{
  "rows": 25920,
  "first_minute_close_utc": "2025-08-15T00:01:00+00:00",
  "last_minute_close_utc": "2025-09-02T00:00:00+00:00",
  "quarter_hour_rows": 1728,
  "columns": [
    "close",
    "log_ret_5m",
    "realized_vol_30m",
    "vol_5m",
    "taker_buy_ratio_5m",
    "depth_imbalance_1pct",
    "vpin_50",
    "hawkes_net",
    "oi_change_1h",
    "aggressive_signed_quote_1m",
    "aggressive_total_quote_1m",
    "signed_flow_ratio_1m",
    "ask_depth_1pct_end",
    "bid_depth_1pct_end",
    "ask_depth_change_1m",
    "bid_depth_change_1m",
    "book_snapshot_count",
    "qh_opening_10s_signed_quote",
    "qh_opening_10s_total_quote",
    "qh_opening_10s_trade_count",
    "qh_opening_10s_flow_ratio",
    "qh_opening_10s_return",
    "qh_opening_10s_abs_return",
    "qh_opening_10s_round_share_2",
    "qh_opening_10s_eligible_round_2",
    "qh_rest_50s_signed_quote",
    "qh_rest_50s_total_quote",
    "qh_rest_50s_flow_ratio",
    "qh_rest_50s_return",
    "qh_full_minute_return"
  ],
  "feature_npz_sha256": "a67ad51d9f0ce7dd566b19517785a15073c98f8a5accdcac1305ab27233061ac",
  "feature_npz_size": 4773320,
  "causality": "first-ten-second and remaining-fifty-second statistics are released only at the completed minute close"
}
aggTrades 2025-08-17
aggTrades 2025-08-16
aggTrades 2025-08-21
aggTrades 2025-08-20
aggTrades 2025-08-15
aggTrades 2025-08-19
aggTrades 2025-08-22
aggTrades 2025-08-18
aggTrades 2025-08-26
aggTrades 2025-08-23
aggTrades 2025-08-24
klines 2025-08-15
aggTrades 2025-08-27
aggTrades 2025-08-30
aggTrades 2025-08-28
aggTrades 2025-08-25
aggTrades 2025-08-29
klines 2025-08-18
klines 2025-08-19
aggTrades 2025-08-31
klines 2025-08-16
klines 2025-08-21
klines 2025-08-20
klines 2025-08-17
klines 2025-08-27
klines 2025-08-24
klines 2025-08-23
klines 2025-08-30
klines 2025-08-22
klines 2025-08-29
klines 2025-08-26
klines 2025-09-01
aggTrades 2025-09-01
klines 2025-08-25
klines 2025-08-31
klines 2025-08-28
{
  "rows": 25920,
  "first_minute_close_utc": "2025-08-15T00:01:00+00:00",
  "last_minute_close_utc": "2025-09-02T00:00:00+00:00",
  "quarter_hour_rows": 1728,
  "columns": [
    "close",
    "log_ret_5m",
    "realized_vol_30m",
    "vol_5m",
    "taker_buy_ratio_5m",
    "depth_imbalance_1pct",
    "vpin_50",
    "hawkes_net",
    "oi_change_1h",
    "aggressive_signed_quote_1m",
    "aggressive_total_quote_1m",
    "signed_flow_ratio_1m",
    "ask_depth_1pct_end",
    "bid_depth_1pct_end",
    "ask_depth_change_1m",
    "bid_depth_change_1m",
    "book_snapshot_count",
    "qh_opening_10s_signed_quote",
    "qh_opening_10s_total_quote",
    "qh_opening_10s_trade_count",
    "qh_opening_10s_flow_ratio",
    "qh_opening_10s_return",
    "qh_opening_10s_abs_return",
    "qh_opening_10s_round_share_2",
    "qh_opening_10s_eligible_round_2",
    "qh_rest_50s_signed_quote",
    "qh_rest_50s_total_quote",
    "qh_rest_50s_flow_ratio",
    "qh_rest_50s_return",
    "qh_full_minute_return",
    "spot_open",
    "spot_high",
    "spot_low",
    "spot_close",
    "spot_volume",
    "spot_aggressive_total_quote_1m",
    "spot_aggressive_signed_quote_1m",
    "spot_trade_count_1m",
    "spot_qh_opening_10s_total_quote",
    "spot_qh_opening_10s_signed_quote",
    "spot_qh_opening_10s_flow_ratio",
    "spot_qh_opening_10s_return",
    "spot_qh_rest_50s_total_quote",
    "spot_qh_rest_50s_signed_quote",
    "spot_qh_rest_50s_flow_ratio",
    "spot_qh_rest_50s_return",
    "spot_signed_flow_ratio_1m",
    "spot_qh_full_minute_return",
    "perp_spot_log_basis",
    "perp_spot_basis_change_1m"
  ],
  "feature_npz_sha256": "78e08165a6fe8fc4041b0312ff5eaf7c0067d3f457a9b3f4832319292334149a",
  "feature_npz_size": 8007536,
  "causality": "spot and perpetual observations are released only at each completed minute close; all future columns are excluded"
}
{
  "candidate": "candidate-02-v105-auction-state-continuation-reversal",
  "custom_backtest_engine": false,
  "data_integrity": {
    "columns_path": "/__w/SMC_ICT_4_LIVE/SMC_ICT_4_LIVE/inputs/v105-first-week/candidate-02-v48-first-week/columns.json",
    "feature_first_open_utc": "2025-08-15T00:01:00+00:00",
    "feature_last_open_utc": "2025-09-02T00:00:00+00:00",
    "feature_rows": 25920,
    "forward_feature_columns_used": false,
    "npz_path": "/__w/SMC_ICT_4_LIVE/SMC_ICT_4_LIVE/inputs/v105-first-week/candidate-02-v48-first-week/v48_features.npz",
    "raw_directory": "/__w/SMC_ICT_4_LIVE/SMC_ICT_4_LIVE/inputs/v105-first-week/.cache/candidate-02/v105-first-week/binance_1m",
    "raw_first_close_utc": "2025-08-15T00:01:00+00:00",
    "raw_last_close_utc": "2025-09-01T04:00:00+00:00",
    "raw_rows": 24720
  },
  "decision": "REJECT_OR_REDESIGN",
  "effective_commissions_usdt": 3320.16930067,
  "engine": "NautilusTrader 1.230.0",
  "engine_result": {
    "iterations": 24720,
    "stats_general": {},
    "stats_pnls": {
      "USDT": {
        "Avg Loser": -3101.736744,
        "Avg Winner": 1189.8724433300001,
        "Expectancy": -955.9321503349998,
        "Max Loser": -3101.736744,
        "Max Winner": 1189.8724433300001,
        "Min Loser": -3101.736744,
        "Min Winner": 1189.8724433300001,
        "PnL (total)": -1911.86430067,
        "PnL% (total)": -1.9118643006700002,
        "Win Rate": 0.5
      }
    },
    "stats_returns": {
      "Average (Return)": -0.0011711101232423082,
      "Average Loss (Return)": -0.031017367440000054,
      "Average Win (Return)": 0.012279605468123123,
      "Profit Factor": 0.3958945094833329,
      "Returns Volatility (252 days)": 0.13537904719180105,
      "Risk Return Ratio": -0.13732403388448447,
      "Sharpe Ratio (252 days)": -2.179951456143318,
      "Sortino Ratio (252 days)": -2.3974693403336844
    },
    "summary": {
      "account.BINANCE.balance.USDT.free": "98088.13569933 USDT",
      "account.BINANCE.balance.USDT.locked": "0.00000000 USDT",
      "account.BINANCE.balance.USDT.total": "98088.13569933 USDT",
      "account.BINANCE.base_currency": "USDT",
      "account.BINANCE.event_count": "13",
      "account.BINANCE.id": "BINANCE-001",
      "account.BINANCE.type": "MARGIN",
      "iterations": "24720",
      "orders.closed": "7",
      "orders.emulated": "0",
      "orders.inflight": "0",
      "orders.open": "0",
      "orders.total": "7",
      "positions.closed": "1",
      "positions.open": "0",
      "positions.snapshots": "1",
      "positions.total": "1",
      "positions.total_with_snapshots": "2",
      "total_events": "19",
      "venues.total": "1"
    },
    "total_events": 19,
    "total_orders": 7,
    "total_positions": 2
  },
  "evaluation_days": 7.0,
  "evaluation_end_utc": "2025-09-01T00:00:00+00:00",
  "evaluation_start_utc": "2025-08-25T00:00:00+00:00",
  "execution_model": {
    "account_source_of_truth": true,
    "bar_adaptive_high_low_ordering": true,
    "bar_execution": true,
    "bracket_orders": true,
    "effective_maker_commission_rate": "0.00030",
    "effective_taker_commission_rate": "0.00085",
    "liquidation_enabled": false,
    "liquidation_requested": true
  },
  "fills": 5,
  "final_nav_usdt": 98088.13569933,
  "flat_at_end": true,
  "geometric_daily_growth_after_cost": -0.002753882178114564,
  "gross_loss_after_cost_usdt": -3101.736744000009,
  "gross_profit_after_cost_usdt": 1189.8724433300085,
  "losses": 1,
  "maximum_effective_notional_multiple": 10.1750091,
  "maximum_mark_to_market_drawdown": -0.05109638094210012,
  "maximum_planned_loss_to_budget": 0.999972703999969,
  "nav_factor": 0.9808813569933,
  "orders": 7,
  "pass_checks": {
    "flat_at_end": true,
    "maximum_drawdown": true,
    "minimum_geometric_daily_growth": false,
    "minimum_profit_factor": false,
    "minimum_trades_per_day": false,
    "minimum_win_rate": true,
    "planned_loss_budget": true
  },
  "positions_rows": 2,
  "profit_factor_after_cost": 0.3836149040152084,
  "risk_fraction": 0.03,
  "runtime_diagnostics": {
    "entry_pending": false,
    "position_flat": true,
    "runtime": {
      "ENTRY_BRACKET_SUBMITTED": 2,
      "FORCED_EXIT_MAX_HOLD": 1,
      "POSITION_CLOSED": 2,
      "POSITION_OPENED": 2
    },
    "scheduled_signals": 2,
    "selected_signal": null
  },
  "scheduled_signals": 2,
  "stage": "first_random_btc_week_nautilustrader",
  "starting_nav_usdt": 100000.0,
  "submitted_signals": 2,
  "target_met": false,
  "trades": 2,
  "trades_per_day": 0.2857142857142857,
  "win_rate": 0.5,
  "wins": 1
}
{
  "baseline": {
    "metrics": {
      "candidate": "candidate-02-v105-auction-state-continuation-reversal",
      "custom_backtest_engine": false,
      "data_integrity": {
        "columns_path": "/__w/SMC_ICT_4_LIVE/SMC_ICT_4_LIVE/inputs/v105-first-week/candidate-02-v48-first-week/columns.json",
        "feature_first_open_utc": "2025-08-15T00:01:00+00:00",
        "feature_last_open_utc": "2025-09-02T00:00:00+00:00",
        "feature_rows": 25920,
        "forward_feature_columns_used": false,
        "npz_path": "/__w/SMC_ICT_4_LIVE/SMC_ICT_4_LIVE/inputs/v105-first-week/candidate-02-v48-first-week/v48_features.npz",
        "raw_directory": "/__w/SMC_ICT_4_LIVE/SMC_ICT_4_LIVE/inputs/v105-first-week/.cache/candidate-02/v105-first-week/binance_1m",
        "raw_first_close_utc": "2025-08-15T00:01:00+00:00",
        "raw_last_close_utc": "2025-09-01T04:00:00+00:00",
        "raw_rows": 24720
      },
      "decision": "REJECT_OR_REDESIGN",
      "effective_commissions_usdt": 3320.16930067,
      "engine": "NautilusTrader 1.230.0",
      "engine_result": {
        "iterations": 24720,
        "stats_general": {},
        "stats_pnls": {
          "USDT": {
            "Avg Loser": -3101.736744,
            "Avg Winner": 1189.8724433300001,
            "Expectancy": -955.9321503349998,
            "Max Loser": -3101.736744,
            "Max Winner": 1189.8724433300001,
            "Min Loser": -3101.736744,
            "Min Winner": 1189.8724433300001,
            "PnL (total)": -1911.86430067,
            "PnL% (total)": -1.9118643006700002,
            "Win Rate": 0.5
          }
        },
        "stats_returns": {
          "Average (Return)": -0.0011711101232423082,
          "Average Loss (Return)": -0.031017367440000054,
          "Average Win (Return)": 0.012279605468123123,
          "Profit Factor": 0.3958945094833329,
          "Returns Volatility (252 days)": 0.13537904719180105,
          "Risk Return Ratio": -0.13732403388448447,
          "Sharpe Ratio (252 days)": -2.179951456143318,
          "Sortino Ratio (252 days)": -2.3974693403336844
        },
        "summary": {
          "account.BINANCE.balance.USDT.free": "98088.13569933 USDT",
          "account.BINANCE.balance.USDT.locked": "0.00000000 USDT",
          "account.BINANCE.balance.USDT.total": "98088.13569933 USDT",
          "account.BINANCE.base_currency": "USDT",
          "account.BINANCE.event_count": "13",
          "account.BINANCE.id": "BINANCE-001",
          "account.BINANCE.type": "MARGIN",
          "iterations": "24720",
          "orders.closed": "7",
          "orders.emulated": "0",
          "orders.inflight": "0",
          "orders.open": "0",
          "orders.total": "7",
          "positions.closed": "1",
          "positions.open": "0",
          "positions.snapshots": "1",
          "positions.total": "1",
          "positions.total_with_snapshots": "2",
          "total_events": "19",
          "venues.total": "1"
        },
        "total_events": 19,
        "total_orders": 7,
        "total_positions": 2
      },
      "evaluation_days": 7.0,
      "evaluation_end_utc": "2025-09-01T00:00:00+00:00",
      "evaluation_start_utc": "2025-08-25T00:00:00+00:00",
      "execution_model": {
        "account_source_of_truth": true,
        "bar_adaptive_high_low_ordering": true,
        "bar_execution": true,
        "bracket_orders": true,
        "effective_maker_commission_rate": "0.00030",
        "effective_taker_commission_rate": "0.00085",
        "liquidation_enabled": false,
        "liquidation_requested": true
      },
      "fills": 5,
      "final_nav_usdt": 98088.13569933,
      "flat_at_end": true,
      "geometric_daily_growth_after_cost": -0.002753882178114564,
      "gross_loss_after_cost_usdt": -3101.736744000009,
      "gross_profit_after_cost_usdt": 1189.8724433300085,
      "losses": 1,
      "maximum_effective_notional_multiple": 10.1750091,
      "maximum_mark_to_market_drawdown": -0.05109638094210012,
      "maximum_planned_loss_to_budget": 0.999972703999969,
      "nav_factor": 0.9808813569933,
      "orders": 7,
      "pass_checks": {
        "flat_at_end": true,
        "maximum_drawdown": true,
        "minimum_geometric_daily_growth": false,
        "minimum_profit_factor": false,
        "minimum_trades_per_day": false,
        "minimum_win_rate": true,
        "planned_loss_budget": true
      },
      "positions_rows": 2,
      "profit_factor_after_cost": 0.3836149040152084,
      "risk_fraction": 0.03,
      "runtime_diagnostics": {
        "entry_pending": false,
        "position_flat": true,
        "runtime": {
          "ENTRY_BRACKET_SUBMITTED": 2,
          "FORCED_EXIT_MAX_HOLD": 1,
          "POSITION_CLOSED": 2,
          "POSITION_OPENED": 2
        },
        "scheduled_signals": 2,
        "selected_signal": null
      },
      "scheduled_signals": 2,
      "stage": "first_random_btc_week_nautilustrader",
      "starting_nav_usdt": 100000.0,
      "submitted_signals": 2,
      "target_met": false,
      "trades": 2,
      "trades_per_day": 0.2857142857142857,
      "win_rate": 0.5,
      "wins": 1
    },
    "passes_all_first_week_gates": false
  },
  "candidate_family": "candidate-02-v105-auction-state-continuation-reversal",
  "custom_backtest_engine": false,
  "long_evaluation_allowed": false,
  "next_week_allowed": false,
  "performance_engine": "NautilusTrader 1.230.0",
  "project_target_met": false,
  "risk_fraction": 0.03,
  "single_precommitted_ablation": null,
  "status": "FIRST_WEEK_REJECT"
}
