{
  "policy": "CAUSAL_LIQUIDITY_ROUTE:PAIRED_LIVE_LIQUIDITY_THEN_MUTUALLY_EXCLUSIVE_FAILED_OR_ACCEPTED_AUCTION_THEN_EVENT_VOLUME_CONFIRMATION_THEN_FIRST_DEFENDED_RETURN_THEN_STRUCTURAL_STOP_AND_NEAREST_LIVE_OPPOSING_TARGET",
  "role": "dev",
  "start": "2025-08-18",
  "end": "2025-08-20",
  "symbols": [
    "BTCUSDT",
    "ETHUSDT",
    "SOLUSDT",
    "XRPUSDT"
  ],
  "risk_fraction": 0.03,
  "candidate_plans": 57,
  "diagnosed_source_events": 215,
  "no_trade_reasons": {
    "NO_FIRST_DEFENDED_RETURN": 139,
    "TRADE_PLAN": 57,
    "NEAREST_OPPOSING_LIQUIDITY_RR_BELOW_ONE": 17,
    "NO_MUTUALLY_EXCLUSIVE_AUCTION_DECISION": 2
  },
  "account": {
    "trades": 23,
    "wins": 8,
    "losses": 15,
    "win_rate": 0.34782608695652173,
    "average_net_r": -0.07792377310153148,
    "average_win_r": 1.6509691523330972,
    "average_loss_r": -1.0,
    "payoff_ratio": 1.6509691523330972,
    "profit_factor": 0.8805168812443185,
    "nav_final": 0.9307434472562948,
    "max_drawdown": -0.2441909159911505,
    "median_holding_minutes": 33.0,
    "mean_gross_rr": 3.0436201889535535,
    "calendar_days": 2,
    "trades_per_calendar_day": 11.5,
    "independent_completed_trades": 23
  },
  "by_symbol": {
    "BTCUSDT": {
      "trades": 3,
      "win_rate": 0.6666666666666666,
      "average_net_r": 0.5629844926514328,
      "sum_net_r": 1.6889534779542985,
      "mean_gross_rr": 2.1562139409024828
    },
    "ETHUSDT": {
      "trades": 7,
      "win_rate": 0.2857142857142857,
      "average_net_r": -0.4300058024228619,
      "sum_net_r": -3.0100406169600333,
      "mean_gross_rr": 2.818903692548812
    },
    "SOLUSDT": {
      "trades": 8,
      "win_rate": 0.5,
      "average_net_r": 0.5661050447088138,
      "sum_net_r": 4.528840357670511,
      "mean_gross_rr": 2.9119279127293183
    },
    "XRPUSDT": {
      "trades": 5,
      "win_rate": 0.0,
      "average_net_r": -1.0,
      "sum_net_r": -5.0,
      "mean_gross_rr": 4.101374674709606
    }
  },
  "by_family": {
    "ACCEPTED_AUCTION_CONTINUATION": {
      "trades": 12,
      "win_rate": 0.4166666666666667,
      "average_net_r": 0.0091737785905907,
      "sum_net_r": 0.1100853430870884,
      "mean_gross_rr": 2.481054140353127
    },
    "FAILED_AUCTION_REVERSAL": {
      "trades": 11,
      "win_rate": 0.2727272727272727,
      "average_net_r": -0.17293928403839195,
      "sum_net_r": -1.9023321244223115,
      "mean_gross_rr": 3.6573286056085625
    }
  },
  "source_counts": {
    "BTCUSDT": {
      "horizontal_sources": 157,
      "diagonal_sources": 14,
      "deduplicated_sources": 156,
      "plans": 12
    },
    "ETHUSDT": {
      "horizontal_sources": 160,
      "diagonal_sources": 13,
      "deduplicated_sources": 172,
      "plans": 17
    },
    "SOLUSDT": {
      "horizontal_sources": 149,
      "diagonal_sources": 12,
      "deduplicated_sources": 151,
      "plans": 18
    },
    "XRPUSDT": {
      "horizontal_sources": 140,
      "diagonal_sources": 12,
      "deduplicated_sources": 143,
      "plans": 10
    }
  },
  "future_information_in_decision": false,
  "filled_position_exit_contract": "PREDECLARED_TARGET_OR_STRUCTURAL_STOP_ONLY",
  "global_account_constraint": "ONE_POSITION_ACROSS_BTC_ETH_SOL_XRP",
  "split_entry_or_exit": false
}
