[1m2026-08-07T04:11:00.536736069Z[0m [36m[INFO] TRADER-001.BacktestEngine: =================================================================[0m
[1m2026-08-07T04:11:00.536750265Z[0m [36m[INFO] TRADER-001.BacktestEngine:  NAUTILUS TRADER - Automated Algorithmic Trading Platform[0m
[1m2026-08-07T04:11:00.536750846Z[0m [36m[INFO] TRADER-001.BacktestEngine:  by Nautech Systems Pty Ltd.[0m
[1m2026-08-07T04:11:00.536751167Z[0m [36m[INFO] TRADER-001.BacktestEngine:  Copyright (C) 2015-2026. All rights reserved.[0m
[1m2026-08-07T04:11:00.536751428Z[0m [36m[INFO] TRADER-001.BacktestEngine: =================================================================[0m
[1m2026-08-07T04:11:00.536751708Z[0m [INFO] TRADER-001.BacktestEngine: [0m
[1m2026-08-07T04:11:00.536752019Z[0m [INFO] TRADER-001.BacktestEngine: ⠀⠀⠀⠀⠀⠀⠀⠀⠀⠀⠀⠀⠀⣠⣴⣶⡟⠀⠀⠀⠀⠀⠀⠀⠀⠀⠀⠀⠀⠀⠀[0m
[1m2026-08-07T04:11:00.536752249Z[0m [INFO] TRADER-001.BacktestEngine: ⠀⠀⠀⠀⠀⠀⠀⠀⠀⠀⠀⣰⣾⣿⣿⣿⠀⢸⣿⣿⣿⣿⣶⣶⣤⣀⠀⠀⠀⠀⠀[0m
[1m2026-08-07T04:11:00.536752550Z[0m [INFO] TRADER-001.BacktestEngine: ⠀⠀⠀⠀⠀⠀⢀⣴⡇⢀⣾⣿⣿⣿⣿⣿⠀⣾⣿⣿⣿⣿⣿⣿⣿⠿⠓⠀⠀⠀⠀[0m
[1m2026-08-07T04:11:00.536752830Z[0m [INFO] TRADER-001.BacktestEngine: ⠀⠀⠀⠀⠀⣰⣿⣿⡀⢸⣿⣿⣿⣿⣿⣿⠀⣿⣿⣿⣿⣿⣿⠟⠁⣠⣄⠀⠀⠀⠀[0m
[1m2026-08-07T04:11:00.536753091Z[0m [INFO] TRADER-001.BacktestEngine: ⠀⠀⠀⠀⢠⣿⣿⣿⣇⠀⢿⣿⣿⣿⣿⣿⠀⢻⣿⣿⣿⡿⢃⣠⣾⣿⣿⣧⡀⠀⠀[0m
[1m2026-08-07T04:11:00.536753682Z[0m [INFO] TRADER-001.BacktestEngine: ⠀⠀⠀⠠⣾⣿⣿⣿⣿⣿⣧⠈⠋⢀⣴⣧⠀⣿⡏⢠⡀⢸⣿⣿⣿⣿⣿⣿⣿⡇⠀[0m
[1m2026-08-07T04:11:00.536754032Z[0m [INFO] TRADER-001.BacktestEngine: ⠀⠀⠀⣀⠙⢿⣿⣿⣿⣿⣿⠇⢠⣿⣿⣿⡄⠹⠃⠼⠃⠈⠉⠛⠛⠛⠛⠛⠻⠇⠀[0m
[1m2026-08-07T04:11:00.536754353Z[0m [INFO] TRADER-001.BacktestEngine: ⠀⠀⢸⡟⢠⣤⠉⠛⠿⢿⣿⠀⢸⣿⡿⠋⣠⣤⣄⠀⣾⣿⣿⣶⣶⣶⣦⡄⠀⠀⠀[0m
[1m2026-08-07T04:11:00.536755575Z[0m [INFO] TRADER-001.BacktestEngine: ⠀⠀⠸⠀⣾⠏⣸⣷⠂⣠⣤⠀⠘⢁⣴⣾⣿⣿⣿⡆⠘⣿⣿⣿⣿⣿⣿⠀⠀⠀⠀[0m
[1m2026-08-07T04:11:00.536755796Z[0m [INFO] TRADER-001.BacktestEngine: ⠀⠀⠀⠀⠛⠀⣿⡟⠀⢻⣿⡄⠸⣿⣿⣿⣿⣿⣿⣿⡀⠘⣿⣿⣿⣿⠟⠀⠀⠀⠀[0m
[1m2026-08-07T04:11:00.536755996Z[0m [INFO] TRADER-001.BacktestEngine: ⠀⠀⠀⠀⠀⠀⣿⠇⠀⠀⢻⡿⠀⠈⠻⣿⣿⣿⣿⣿⡇⠀⢹⣿⠿⠋⠀⠀⠀⠀⠀[0m
[1m2026-08-07T04:11:00.536756187Z[0m [INFO] TRADER-001.BacktestEngine: ⠀⠀⠀⠀⠀⠀⠋⠀⠀⠀⡘⠁⠀⠀⠀⠀⠀⠀⠀⠀⠀⠀⠈⠁⠀⠀⠀⠀⠀⠀⠀[0m
[1m2026-08-07T04:11:00.536756377Z[0m [INFO] TRADER-001.BacktestEngine: [0m
[1m2026-08-07T04:11:00.536756567Z[0m [36m[INFO] TRADER-001.BacktestEngine: =================================================================[0m
[1m2026-08-07T04:11:00.536756888Z[0m [36m[INFO] TRADER-001.BacktestEngine:  SYSTEM SPECIFICATION[0m
[1m2026-08-07T04:11:00.536757138Z[0m [36m[INFO] TRADER-001.BacktestEngine: =================================================================[0m
[1m2026-08-07T04:11:00.536758832Z[0m [INFO] TRADER-001.BacktestEngine: CPU architecture: AMD EPYC 7763 64-Core Processor[0m
[1m2026-08-07T04:11:00.536759643Z[0m [INFO] TRADER-001.BacktestEngine: CPU(s): 4 @ 2445 MHz[0m
[1m2026-08-07T04:11:00.536760925Z[0m [INFO] TRADER-001.BacktestEngine: OS: kernel-6.17.0-1020-azure Linux (Debian GNU/Linux 12)[0m
[1m2026-08-07T04:11:00.536832650Z[0m [36m[INFO] TRADER-001.BacktestEngine: =================================================================[0m
[1m2026-08-07T04:11:00.536838000Z[0m [36m[INFO] TRADER-001.BacktestEngine:  MEMORY USAGE[0m
[1m2026-08-07T04:11:00.536838370Z[0m [36m[INFO] TRADER-001.BacktestEngine: =================================================================[0m
[1m2026-08-07T04:11:00.536840765Z[0m [INFO] TRADER-001.BacktestEngine: RAM-Total: 15.62 GiB[0m
[1m2026-08-07T04:11:00.536841576Z[0m [INFO] TRADER-001.BacktestEngine: RAM-Used: 1.40 GiB (8.96%)[0m
[1m2026-08-07T04:11:00.536842208Z[0m [INFO] TRADER-001.BacktestEngine: RAM-Avail: 14.22 GiB (91.04%)[0m
[1m2026-08-07T04:11:00.536843210Z[0m [INFO] TRADER-001.BacktestEngine: Swap-Total: 3.00 GiB[0m
[1m2026-08-07T04:11:00.536843781Z[0m [INFO] TRADER-001.BacktestEngine: Swap-Used: 0.00 GiB (0.00%)[0m
[1m2026-08-07T04:11:00.536846115Z[0m [INFO] TRADER-001.BacktestEngine: Swap-Avail: 3.00 GiB (100.00%)[0m
[1m2026-08-07T04:11:00.536846866Z[0m [36m[INFO] TRADER-001.BacktestEngine: =================================================================[0m
[1m2026-08-07T04:11:00.536847147Z[0m [36m[INFO] TRADER-001.BacktestEngine:  IDENTIFIERS[0m
[1m2026-08-07T04:11:00.536847398Z[0m [36m[INFO] TRADER-001.BacktestEngine: =================================================================[0m
[1m2026-08-07T04:11:00.536847868Z[0m [INFO] TRADER-001.BacktestEngine: trader_id: TRADER-001[0m
[1m2026-08-07T04:11:00.536849070Z[0m [INFO] TRADER-001.BacktestEngine: machine_id: fb8e63da6eac[0m
[1m2026-08-07T04:11:00.536850553Z[0m [INFO] TRADER-001.BacktestEngine: instance_id: 54922b9a-3815-4d54-aa1b-5221598428ad[0m
[1m2026-08-07T04:11:00.536851014Z[0m [INFO] TRADER-001.BacktestEngine: PID: 258[0m
[1m2026-08-07T04:11:00.536851255Z[0m [36m[INFO] TRADER-001.BacktestEngine: =================================================================[0m
[1m2026-08-07T04:11:00.536851475Z[0m [36m[INFO] TRADER-001.BacktestEngine:  VERSIONING[0m
[1m2026-08-07T04:11:00.536851686Z[0m [36m[INFO] TRADER-001.BacktestEngine: =================================================================[0m
[1m2026-08-07T04:11:00.536863788Z[0m [INFO] TRADER-001.BacktestEngine: nautilus_trader: 1.230.0[0m
[1m2026-08-07T04:11:00.536869809Z[0m [INFO] TRADER-001.BacktestEngine: python: 3.13.5[0m
[1m2026-08-07T04:11:00.536873877Z[0m [INFO] TRADER-001.BacktestEngine: numpy: 2.5.1[0m
[1m2026-08-07T04:11:00.536879047Z[0m [INFO] TRADER-001.BacktestEngine: pandas: 3.0.5[0m
[1m2026-08-07T04:11:00.536887292Z[0m [INFO] TRADER-001.BacktestEngine: msgspec: 0.21.1[0m
[1m2026-08-07T04:11:00.536891610Z[0m [INFO] TRADER-001.BacktestEngine: pyarrow: 25.0.0[0m
[1m2026-08-07T04:11:00.536894927Z[0m [INFO] TRADER-001.BacktestEngine: pytz: 2026.3.post1[0m
[1m2026-08-07T04:11:00.536899174Z[0m [INFO] TRADER-001.BacktestEngine: uvloop: 0.22.1[0m
[1m2026-08-07T04:11:00.536902971Z[0m [36m[INFO] TRADER-001.BacktestEngine: =================================================================[0m
[1m2026-08-07T04:11:00.536905376Z[0m [INFO] TRADER-001.nautilus_system::kernel: Building system kernel[0m
[1m2026-08-07T04:11:00.537192404Z[0m [INFO] TRADER-001.nautilus_backtest::engine: Adding exchange BINANCE to engine[0m
[1m2026-08-07T04:11:00.537243159Z[0m [INFO] TRADER-001.nautilus_backtest::exchange: Added instrument BTCUSDT-PERP.BINANCE and created matching engine[0m
[1m2026-08-07T04:11:00.537291109Z[0m [INFO] TRADER-001.nautilus_backtest::engine: Added instrument BTCUSDT-PERP.BINANCE to exchange BINANCE[0m
[1m2026-08-07T04:11:00.549879404Z[0m [INFO] TRADER-001.nautilus_backtest::engine: Added 62136 data elements to BacktestEngine (62136 total)[0m
[1m2026-08-07T04:11:00.552215098Z[0m [INFO] TRADER-001.nautilus_backtest::engine: Added 10356 data elements to BacktestEngine (72492 total)[0m
[1m2026-08-07T04:11:00.552243942Z[0m [INFO] TRADER-001.nautilus_backtest::engine: Added 22 data elements to BacktestEngine (72514 total)[0m
[1m2026-08-07T04:11:00.552248510Z[0m [INFO] TRADER-001.nautilus_backtest::engine: Data sort requested (iterator merges streams by replay timestamp)[0m
[1m2026-08-07T04:11:00.552293986Z[0m [INFO] TRADER-001.DataActor-140735318287112: Ready[0m
[1m2026-08-07T04:11:00.552339320Z[0m [INFO] TRADER-001.nautilus_backtest::python::engine: Registered Python strategy DataActor-140735318287112[0m
[1m2026-08-07T04:11:00.552379195Z[0m [INFO] TRADER-001.nautilus_portfolio::portfolio: Updated AccountState(account_id=BINANCE-001, account_type=MARGIN, base_currency=USDT, is_reported=true, balances=[AccountBalance(total=100000.00000000 USDT, locked=0.00000000 USDT, free=100000.00000000 USDT)], margins=[], event_id=fe23de79-6ec7-4fa3-b51f-288a89bb9bd4)[0m
[1m2024-04-07T23:25:10.000000000Z[0m [INFO] TRADER-001.nautilus_system::kernel: Starting[0m
[1m2024-04-07T23:25:10.000000000Z[0m [INFO] TRADER-001.nautilus_backtest::execution_client: Backtest execution client started[0m
[1m2024-04-07T23:25:10.000000000Z[0m [INFO] TRADER-001.nautilus_execution::engine: Started[0m
[1m2024-04-07T23:25:10.000000000Z[0m [INFO] TRADER-001.nautilus_risk::engine: Started[0m
[1m2024-04-07T23:25:10.000000000Z[0m [INFO] TRADER-001.nautilus_system::kernel: Initializing trader[0m
[1m2024-04-07T23:25:10.000000000Z[0m [INFO] TRADER-001.nautilus_system::kernel: Started[0m
[1m2024-04-07T23:25:10.000000000Z[0m [INFO] TRADER-001.nautilus_system::kernel: Starting trader...[0m
[1m2024-04-07T23:25:10.000000000Z[0m [INFO] TRADER-001.nautilus_execution::order_emulator::emulator: Started[0m
[1m2024-04-07T23:25:10.000000000Z[0m [INFO] TRADER-001.nautilus_system::trader: Starting[0m
[1m2024-04-07T23:25:10.000000000Z[0m [INFO] TRADER-001.DataActor-140735318287112: Starting[0m
[1m2024-04-07T23:25:10.000000000Z[0m [INFO] TRADER-001.nautilus_trading::strategy: Starting DataActor-140735318287112[0m
[1m2024-04-07T23:25:10.000000000Z[0m [INFO] TRADER-001.nautilus_common::actor::data_actor: [CMD]--> Subscribe(Bars(SubscribeBars { bar_type: Standard { instrument_id: "BTCUSDT-PERP.BINANCE", spec: BarSpecification { step: 10, aggregation: Second, price_type: Last }, aggregation_source: External }, client_id: None, venue: Some("BINANCE"), command_id: UUID4(faf98b3f-f739-4d8e-8593-88821b27a8b5), ts_init: UnixNanos(1712532310000000000), correlation_id: None, params: None }))[0m
[1m2024-04-07T23:25:10.000000000Z[0m [INFO] TRADER-001.DataActor-140735318287112: Running[0m
[1m2024-04-07T23:25:10.000000000Z[0m [INFO] TRADER-001.nautilus_system::trader: Running[0m
[1m2024-04-07T23:25:10.000000000Z[0m [INFO] TRADER-001.nautilus_system::kernel: Trader started[0m
[1m2024-04-07T23:25:10.000000000Z[0m [36m[INFO] TRADER-001.nautilus_backtest::engine: =================================================================[0m
[1m2024-04-07T23:25:10.000000000Z[0m [36m[INFO] TRADER-001.nautilus_backtest::engine:  BACKTEST PRE-RUN[0m
[1m2024-04-07T23:25:10.000000000Z[0m [36m[INFO] TRADER-001.nautilus_backtest::engine: =================================================================[0m
[1m2024-04-07T23:25:10.000000000Z[0m [36m[INFO] TRADER-001.nautilus_backtest::engine: =================================================================[0m
[1m2024-04-07T23:25:10.000000000Z[0m [INFO] TRADER-001.nautilus_backtest::engine:  SimulatedVenue BINANCE (MARGIN)[0m
[1m2024-04-07T23:25:10.000000000Z[0m [36m[INFO] TRADER-001.nautilus_backtest::engine: -----------------------------------------------------------------[0m
[1m2024-04-07T23:25:10.000000000Z[0m [INFO] TRADER-001.nautilus_backtest::engine: Balances starting:[0m
[1m2024-04-07T23:25:10.000000000Z[0m [INFO] TRADER-001.nautilus_backtest::engine:   100000.00000000 USDT[0m
[1m2024-04-07T23:25:10.000000000Z[0m [36m[INFO] TRADER-001.nautilus_backtest::engine: -----------------------------------------------------------------[0m
[1m2024-04-07T23:25:10.000000000Z[0m [36m[INFO] TRADER-001.nautilus_backtest::engine: =================================================================[0m
[1m2024-04-07T23:25:10.000000000Z[0m [36m[INFO] TRADER-001.nautilus_backtest::engine:  BACKTEST RUN[0m
[1m2024-04-07T23:25:10.000000000Z[0m [36m[INFO] TRADER-001.nautilus_backtest::engine: =================================================================[0m
[1m2024-04-07T23:25:10.000000000Z[0m [INFO] TRADER-001.nautilus_backtest::engine: Run config ID:  None[0m
[1m2024-04-07T23:25:10.000000000Z[0m [INFO] TRADER-001.nautilus_backtest::engine: Run ID:         4ee118c7-dd4d-4e63-b259-06508283b667[0m
[1m2024-04-07T23:25:10.000000000Z[0m [INFO] TRADER-001.nautilus_backtest::engine: Backtest start: 2024-04-07T23:25:10.000000000Z[0m
[1m2024-04-07T23:25:10.000000000Z[0m [INFO] TRADER-001.nautilus_backtest::engine: Data elements:  72514[0m
[1m2024-04-07T23:25:10.000000000Z[0m [36m[INFO] TRADER-001.nautilus_backtest::engine: -----------------------------------------------------------------[0m
[1m2024-04-07T23:25:10.000000000Z[0m [94m[INFO] TRADER-001.nautilus_data::client: Subscribed BTCUSDT-PERP.BINANCE-10-SECOND-LAST-EXTERNAL bars[0m
[1m2024-04-09T07:36:10.000000000Z[0m [INFO] TRADER-001.nautilus_trading::strategy: DataActor-140735318287112 <--[EVT] OrderInitialized(instrument_id=BTCUSDT-PERP.BINANCE, client_order_id=O-20240409-073610-001-140735318287112-1, side=SELL, type=MARKET, quantity=4.704, time_in_force=GTC, post_only=false, reduce_only=false, quote_quantity=false, price=None, emulation_trigger=None, trigger_instrument_id=None, contingency_type=OTO, order_list_id=OL-20240409-073610-001-140735318287112-1, linked_order_ids=[O-20240409-073610-001-140735318287112-2, O-20240409-073610-001-140735318287112-3], parent_order_id=None, exec_algorithm_id=None, exec_algorithm_params=None, exec_spawn_id=None, tags=delayed-reaccept-btcusdt-000009, BREAKOUT_ACCEPTANCE_CONTINUATION, SHORT, TEN_SECOND_MARKET_ENTRY)[0m
[1m2024-04-09T07:36:10.000000000Z[0m [INFO] TRADER-001.nautilus_trading::strategy: DataActor-140735318287112 <--[EVT] OrderInitialized(instrument_id=BTCUSDT-PERP.BINANCE, client_order_id=O-20240409-073610-001-140735318287112-2, side=BUY, type=STOP_MARKET, quantity=4.704, time_in_force=GTC, post_only=false, reduce_only=true, quote_quantity=false, price=None, emulation_trigger=None, trigger_instrument_id=None, contingency_type=OUO, order_list_id=OL-20240409-073610-001-140735318287112-1, linked_order_ids=[O-20240409-073610-001-140735318287112-3], parent_order_id=O-20240409-073610-001-140735318287112-1, exec_algorithm_id=None, exec_algorithm_params=None, exec_spawn_id=None, tags=delayed-reaccept-btcusdt-000009, OBSERVED_RETEST_INVALIDATION)[0m
[1m2024-04-09T07:36:10.000000000Z[0m [INFO] TRADER-001.nautilus_trading::strategy: DataActor-140735318287112 <--[EVT] OrderInitialized(instrument_id=BTCUSDT-PERP.BINANCE, client_order_id=O-20240409-073610-001-140735318287112-3, side=BUY, type=LIMIT, quantity=4.704, time_in_force=GTC, post_only=false, reduce_only=true, quote_quantity=false, price=69296.6, emulation_trigger=None, trigger_instrument_id=None, contingency_type=OUO, order_list_id=OL-20240409-073610-001-140735318287112-1, linked_order_ids=[O-20240409-073610-001-140735318287112-2], parent_order_id=O-20240409-073610-001-140735318287112-1, exec_algorithm_id=None, exec_algorithm_params=None, exec_spawn_id=None, tags=delayed-reaccept-btcusdt-000009, ACTIVE_COMPLETED_EXTERNAL_TARGET)[0m
[1m2024-04-09T07:36:10.000000000Z[0m [INFO] TRADER-001.nautilus_trading::strategy: DataActor-140735318287112 [CMD]--> SubmitOrderList[0m
[1m2024-04-09T07:36:10.000000000Z[0m [94m[INFO] TRADER-001.nautilus_execution::engine: Submit OrderList(id=OL-20240409-073610-001-140735318287112-1, instrument_id=BTCUSDT-PERP.BINANCE, strategy_id=DataActor-140735318287112, client_order_ids=["O-20240409-073610-001-140735318287112-1", "O-20240409-073610-001-140735318287112-2", "O-20240409-073610-001-140735318287112-3"], ts_init=1712648170000000000)[0m
[1m2024-04-09T07:36:10.000000000Z[0m [INFO] TRADER-001.nautilus_trading::strategy: DataActor-140735318287112 <--[EVT] OrderSubmitted(instrument_id=BTCUSDT-PERP.BINANCE, client_order_id=O-20240409-073610-001-140735318287112-1, account_id=BINANCE-001, ts_event=1712648170000000000)[0m
[1m2024-04-09T07:36:10.000000000Z[0m [INFO] TRADER-001.nautilus_trading::strategy: DataActor-140735318287112 <--[EVT] OrderSubmitted(instrument_id=BTCUSDT-PERP.BINANCE, client_order_id=O-20240409-073610-001-140735318287112-2, account_id=BINANCE-001, ts_event=1712648170000000000)[0m
[1m2024-04-09T07:36:10.000000000Z[0m [INFO] TRADER-001.nautilus_trading::strategy: DataActor-140735318287112 <--[EVT] OrderSubmitted(instrument_id=BTCUSDT-PERP.BINANCE, client_order_id=O-20240409-073610-001-140735318287112-3, account_id=BINANCE-001, ts_event=1712648170000000000)[0m
[1m2024-04-09T07:36:10.000000000Z[0m [INFO] TRADER-001.nautilus_portfolio::manager: BTCUSDT-PERP.BINANCE margin_init=0.00000000 USDT[0m
[1m2024-04-09T07:36:10.000000000Z[0m [INFO] TRADER-001.nautilus_trading::strategy: DataActor-140735318287112 <--[EVT] OrderFilled(instrument_id=BTCUSDT-PERP.BINANCE, client_order_id=O-20240409-073610-001-140735318287112-1, venue_order_id=BINANCE-1-1, account_id=BINANCE-001, trade_id=T-a4b99fb7036ccf26-32316, position_id=P-20240409-073610-001-140735318287112-1, order_side=SELL, order_type=MARKET, last_qty=4.704, last_px=70_534.8 USDT, commission=199.07741952 USDT, liquidity_side=TAKER, ts_event=1712648170000000000)[0m
[1m2024-04-09T07:36:10.000000000Z[0m [INFO] TRADER-001.nautilus_trading::strategy: Canceling 2 inflight BTCUSDT-PERP.BINANCE orders[0m
[1m2024-04-09T07:36:10.000000000Z[0m [INFO] TRADER-001.nautilus_trading::strategy: DataActor-140735318287112 [CMD]--> CancelAllOrders[0m
[1m2024-04-09T07:36:10.000000000Z[0m [INFO] TRADER-001.nautilus_trading::strategy: Canceling 2 inflight BTCUSDT-PERP.BINANCE orders[0m
[1m2024-04-09T07:36:10.000000000Z[0m [INFO] TRADER-001.nautilus_trading::strategy: DataActor-140735318287112 [CMD]--> CancelAllOrders[0m
[1m2024-04-09T07:36:10.000000000Z[0m [INFO] TRADER-001.nautilus_trading::strategy: Closing 1 open position[0m
[1m2024-04-09T07:36:10.000000000Z[0m [INFO] TRADER-001.nautilus_trading::strategy: DataActor-140735318287112 <--[EVT] OrderInitialized(instrument_id=BTCUSDT-PERP.BINANCE, client_order_id=O-20240409-073610-001-140735318287112-4, side=BUY, type=MARKET, quantity=4.704, time_in_force=GTC, post_only=false, reduce_only=true, quote_quantity=false, price=None, emulation_trigger=None, trigger_instrument_id=None, contingency_type=NO_CONTINGENCY, order_list_id=None, linked_order_ids=[None], parent_order_id=None, exec_algorithm_id=None, exec_algorithm_params=None, exec_spawn_id=None, tags=None)[0m
[1m2024-04-09T07:36:10.000000000Z[0m [INFO] TRADER-001.nautilus_trading::strategy: DataActor-140735318287112 [CMD]--> SubmitOrder[0m
[1m2024-04-09T07:36:10.000000000Z[0m [INFO] TRADER-001.nautilus_portfolio::portfolio: BTCUSDT-PERP.BINANCE net_position=-4.704[0m
[1m2024-04-09T07:36:10.000000000Z[0m [INFO] TRADER-001.nautilus_portfolio::manager: BTCUSDT-PERP.BINANCE margin_maint=1327.18279680 USDT[0m
[1m2024-04-09T07:36:10.000000000Z[0m [INFO] TRADER-001.nautilus_portfolio::portfolio: Updated AccountState(account_id=BINANCE-001, account_type=MARGIN, base_currency=USDT, is_reported=false, balances=[AccountBalance(total=99800.92258048 USDT, locked=1327.18279680 USDT, free=98473.73978368 USDT)], margins=[MarginBalance(initial=0.00000000 USDT, maintenance=1327.18279680 USDT, instrument_id=BTCUSDT-PERP.BINANCE)], event_id=eb2f9e3e-170f-4d1e-a47a-fc1a8ee81287)[0m
[1m2024-04-09T07:36:10.000000000Z[0m [INFO] TRADER-001.nautilus_trading::strategy: DataActor-140735318287112 <--[EVT] PositionOpened(PositionOpened { trader_id: "TRADER-001", strategy_id: "DataActor-140735318287112", instrument_id: "BTCUSDT-PERP.BINANCE", position_id: "P-20240409-073610-001-140735318287112-1", account_id: "BINANCE-001", opening_order_id: "O-20240409-073610-001-140735318287112-1", entry: Sell, side: Short, signed_qty: -4.704, quantity: Quantity(4.704), last_qty: Quantity(4.704), last_px: Price(70534.8), currency: Currency(code='USDT', precision=8, iso4217=0, name='Tether', currency_type=CRYPTO), avg_px_open: 70534.8, event_id: UUID4(6ecb8d35-8820-47a2-8061-f355fd1722dd), ts_event: UnixNanos(1712648170000000000), ts_init: UnixNanos(1712648170000000000) })[0m
[1m2024-04-09T07:36:10.000000000Z[0m [INFO] TRADER-001.nautilus_portfolio::manager: BTCUSDT-PERP.BINANCE margin_init=0.00000000 USDT[0m
[1m2024-04-09T07:36:10.000000000Z[0m [INFO] TRADER-001.nautilus_portfolio::portfolio: Updated AccountState(account_id=BINANCE-001, account_type=MARGIN, base_currency=USDT, is_reported=false, balances=[AccountBalance(total=99800.92258048 USDT, locked=1327.18279680 USDT, free=98473.73978368 USDT)], margins=[MarginBalance(initial=0.00000000 USDT, maintenance=1327.18279680 USDT, instrument_id=BTCUSDT-PERP.BINANCE)], event_id=4a13005e-b621-4249-bbd9-752c6967c1b7)[0m
[1m2024-04-09T07:36:10.000000000Z[0m [INFO] TRADER-001.nautilus_trading::strategy: DataActor-140735318287112 <--[EVT] OrderAccepted(instrument_id=BTCUSDT-PERP.BINANCE, client_order_id=O-20240409-073610-001-140735318287112-2, venue_order_id=BINANCE-1-2, account_id=BINANCE-001, ts_event=1712648170000000000)[0m
[1m2024-04-09T07:36:10.000000000Z[0m [INFO] TRADER-001.nautilus_portfolio::manager: BTCUSDT-PERP.BINANCE margin_init=0.00000000 USDT[0m
[1m2024-04-09T07:36:10.000000000Z[0m [INFO] TRADER-001.nautilus_portfolio::portfolio: Updated AccountState(account_id=BINANCE-001, account_type=MARGIN, base_currency=USDT, is_reported=false, balances=[AccountBalance(total=99800.92258048 USDT, locked=1327.18279680 USDT, free=98473.73978368 USDT)], margins=[MarginBalance(initial=0.00000000 USDT, maintenance=1327.18279680 USDT, instrument_id=BTCUSDT-PERP.BINANCE)], event_id=0a4cce2d-2ae7-42bf-80b5-a3824e6ce9c3)[0m
[1m2024-04-09T07:36:10.000000000Z[0m [INFO] TRADER-001.nautilus_trading::strategy: DataActor-140735318287112 <--[EVT] OrderAccepted(instrument_id=BTCUSDT-PERP.BINANCE, client_order_id=O-20240409-073610-001-140735318287112-3, venue_order_id=BINANCE-1-3, account_id=BINANCE-001, ts_event=1712648170000000000)[0m
[1m2024-04-09T07:36:10.000000000Z[0m [94m[INFO] TRADER-001.nautilus_execution::engine: Cancel all orders[0m
[1m2024-04-09T07:36:10.000000000Z[0m [94m[INFO] TRADER-001.nautilus_execution::engine: Cancel all orders[0m
[1m2024-04-09T07:36:10.000000000Z[0m [94m[INFO] TRADER-001.nautilus_execution::engine: Submit MarketOrder(BUY 4.704 BTCUSDT-PERP.BINANCE @ MARKET GTC, status=INITIALIZED, client_order_id=O-20240409-073610-001-140735318287112-4, venue_order_id=None, position_id=None, exec_algorithm_id=None, exec_spawn_id=None, tags=None)[0m
[1m2024-04-09T07:36:10.000000000Z[0m [INFO] TRADER-001.nautilus_trading::strategy: DataActor-140735318287112 <--[EVT] OrderSubmitted(instrument_id=BTCUSDT-PERP.BINANCE, client_order_id=O-20240409-073610-001-140735318287112-4, account_id=BINANCE-001, ts_event=1712648170000000000)[0m
[1m2024-04-09T07:36:10.000000000Z[0m [INFO] TRADER-001.nautilus_portfolio::manager: BTCUSDT-PERP.BINANCE margin_init=0.00000000 USDT[0m
[1m2024-04-09T07:36:10.000000000Z[0m [INFO] TRADER-001.nautilus_portfolio::portfolio: Updated AccountState(account_id=BINANCE-001, account_type=MARGIN, base_currency=USDT, is_reported=false, balances=[AccountBalance(total=99800.92258048 USDT, locked=1327.18279680 USDT, free=98473.73978368 USDT)], margins=[MarginBalance(initial=0.00000000 USDT, maintenance=1327.18279680 USDT, instrument_id=BTCUSDT-PERP.BINANCE)], event_id=6f0de4af-08b8-41c9-b8a5-7569d0d338a7)[0m
[1m2024-04-09T07:36:10.000000000Z[0m [INFO] TRADER-001.nautilus_trading::strategy: DataActor-140735318287112 <--[EVT] OrderCanceled(instrument_id=BTCUSDT-PERP.BINANCE, client_order_id=O-20240409-073610-001-140735318287112-2, venue_order_id=BINANCE-1-2, account_id=BINANCE-001, ts_event=1712648170000000000)[0m
[1m2024-04-09T07:36:10.000000000Z[0m [INFO] TRADER-001.nautilus_portfolio::manager: BTCUSDT-PERP.BINANCE margin_init=0.00000000 USDT[0m
[1m2024-04-09T07:36:10.000000000Z[0m [INFO] TRADER-001.nautilus_portfolio::portfolio: Updated AccountState(account_id=BINANCE-001, account_type=MARGIN, base_currency=USDT, is_reported=false, balances=[AccountBalance(total=99800.92258048 USDT, locked=1327.18279680 USDT, free=98473.73978368 USDT)], margins=[MarginBalance(initial=0.00000000 USDT, maintenance=1327.18279680 USDT, instrument_id=BTCUSDT-PERP.BINANCE)], event_id=b52ac8a3-c104-47a6-b4fa-eeef3fa64332)[0m
[1m2024-04-09T07:36:10.000000000Z[0m [INFO] TRADER-001.nautilus_trading::strategy: DataActor-140735318287112 <--[EVT] OrderCanceled(instrument_id=BTCUSDT-PERP.BINANCE, client_order_id=O-20240409-073610-001-140735318287112-3, venue_order_id=BINANCE-1-3, account_id=BINANCE-001, ts_event=1712648170000000000)[0m
[1m2024-04-09T07:36:10.000000000Z[0m [INFO] TRADER-001.nautilus_portfolio::manager: BTCUSDT-PERP.BINANCE margin_init=0.00000000 USDT[0m
[1m2024-04-09T07:36:10.000000000Z[0m [INFO] TRADER-001.nautilus_trading::strategy: DataActor-140735318287112 <--[EVT] OrderFilled(instrument_id=BTCUSDT-PERP.BINANCE, client_order_id=O-20240409-073610-001-140735318287112-4, venue_order_id=BINANCE-1-4, account_id=BINANCE-001, trade_id=T-a4b99fb7036ccf26-32317, position_id=P-20240409-073610-001-140735318287112-1, order_side=BUY, order_type=MARKET, last_qty=4.704, last_px=70_535.2 USDT, commission=199.07854848 USDT, liquidity_side=TAKER, ts_event=1712648170000000000)[0m
[1m2024-04-09T07:36:10.000000000Z[0m [INFO] TRADER-001.nautilus_portfolio::portfolio: BTCUSDT-PERP.BINANCE net_position=0[0m
[1m2024-04-09T07:36:10.000000000Z[0m [INFO] TRADER-001.nautilus_portfolio::manager: BTCUSDT-PERP.BINANCE margin_maint=0.00000000 USDT[0m
[1m2024-04-09T07:36:10.000000000Z[0m [INFO] TRADER-001.nautilus_portfolio::portfolio: Updated AccountState(account_id=BINANCE-001, account_type=MARGIN, base_currency=USDT, is_reported=false, balances=[AccountBalance(total=99599.96243200 USDT, locked=0.00000000 USDT, free=99599.96243200 USDT)], margins=[], event_id=bd2f1126-1961-4967-b852-02f2cc46390f)[0m
[1m2024-04-09T07:36:10.000000000Z[0m [INFO] TRADER-001.nautilus_trading::strategy: DataActor-140735318287112 <--[EVT] PositionClosed(PositionClosed { trader_id: "TRADER-001", strategy_id: "DataActor-140735318287112", instrument_id: "BTCUSDT-PERP.BINANCE", position_id: "P-20240409-073610-001-140735318287112-1", account_id: "BINANCE-001", opening_order_id: "O-20240409-073610-001-140735318287112-1", closing_order_id: Some("O-20240409-073610-001-140735318287112-4"), entry: Sell, side: Flat, signed_qty: 0.0, quantity: Quantity(0.000), peak_quantity: Quantity(4.704), last_qty: Quantity(4.704), last_px: Price(70535.2), currency: Currency(code='USDT', precision=8, iso4217=0, name='Tether', currency_type=CRYPTO), avg_px_open: 70534.8, avg_px_close: Some(70535.2), realized_return: -5.670959582988528e-6, realized_pnl: Some(Money(-400.03756800, USDT)), unrealized_pnl: Money(0.00000000, USDT), duration: 0, event_id: UUID4(82e747b6-d041-48c2-bd13-22e8f823f0f0), ts_opened: UnixNanos(1712648170000000000), ts_closed: Some(UnixNanos(1712648170000000000)), ts_event: UnixNanos(1712648170000000000), ts_init: UnixNanos(1712648170000000000) })[0m
[1m2024-04-10T02:02:20.000000000Z[0m [INFO] TRADER-001.nautilus_trading::strategy: DataActor-140735318287112 <--[EVT] OrderInitialized(instrument_id=BTCUSDT-PERP.BINANCE, client_order_id=O-20240410-020220-001-140735318287112-5, side=BUY, type=MARKET, quantity=2.770, time_in_force=GTC, post_only=false, reduce_only=false, quote_quantity=false, price=None, emulation_trigger=None, trigger_instrument_id=None, contingency_type=OTO, order_list_id=OL-20240410-020220-001-140735318287112-2, linked_order_ids=[O-20240410-020220-001-140735318287112-6, O-20240410-020220-001-140735318287112-7], parent_order_id=None, exec_algorithm_id=None, exec_algorithm_params=None, exec_spawn_id=None, tags=delayed-reaccept-btcusdt-000014, BREAKOUT_ACCEPTANCE_CONTINUATION, LONG, TEN_SECOND_MARKET_ENTRY)[0m
[1m2024-04-10T02:02:20.000000000Z[0m [INFO] TRADER-001.nautilus_trading::strategy: DataActor-140735318287112 <--[EVT] OrderInitialized(instrument_id=BTCUSDT-PERP.BINANCE, client_order_id=O-20240410-020220-001-140735318287112-6, side=SELL, type=STOP_MARKET, quantity=2.770, time_in_force=GTC, post_only=false, reduce_only=true, quote_quantity=false, price=None, emulation_trigger=None, trigger_instrument_id=None, contingency_type=OUO, order_list_id=OL-20240410-020220-001-140735318287112-2, linked_order_ids=[O-20240410-020220-001-140735318287112-7], parent_order_id=O-20240410-020220-001-140735318287112-5, exec_algorithm_id=None, exec_algorithm_params=None, exec_spawn_id=None, tags=delayed-reaccept-btcusdt-000014, OBSERVED_RETEST_INVALIDATION)[0m
[1m2024-04-10T02:02:20.000000000Z[0m [INFO] TRADER-001.nautilus_trading::strategy: DataActor-140735318287112 <--[EVT] OrderInitialized(instrument_id=BTCUSDT-PERP.BINANCE, client_order_id=O-20240410-020220-001-140735318287112-7, side=SELL, type=LIMIT, quantity=2.770, time_in_force=GTC, post_only=false, reduce_only=true, quote_quantity=false, price=71048.3, emulation_trigger=None, trigger_instrument_id=None, contingency_type=OUO, order_list_id=OL-20240410-020220-001-140735318287112-2, linked_order_ids=[O-20240410-020220-001-140735318287112-6], parent_order_id=O-20240410-020220-001-140735318287112-5, exec_algorithm_id=None, exec_algorithm_params=None, exec_spawn_id=None, tags=delayed-reaccept-btcusdt-000014, ACTIVE_COMPLETED_EXTERNAL_TARGET)[0m
[1m2024-04-10T02:02:20.000000000Z[0m [INFO] TRADER-001.nautilus_trading::strategy: DataActor-140735318287112 [CMD]--> SubmitOrderList[0m
[1m2024-04-10T02:02:20.000000000Z[0m [94m[INFO] TRADER-001.nautilus_execution::engine: Submit OrderList(id=OL-20240410-020220-001-140735318287112-2, instrument_id=BTCUSDT-PERP.BINANCE, strategy_id=DataActor-140735318287112, client_order_ids=["O-20240410-020220-001-140735318287112-5", "O-20240410-020220-001-140735318287112-6", "O-20240410-020220-001-140735318287112-7"], ts_init=1712714540000000000)[0m
[1m2024-04-10T02:02:20.000000000Z[0m [INFO] TRADER-001.nautilus_trading::strategy: DataActor-140735318287112 <--[EVT] OrderSubmitted(instrument_id=BTCUSDT-PERP.BINANCE, client_order_id=O-20240410-020220-001-140735318287112-5, account_id=BINANCE-001, ts_event=1712714540000000000)[0m
[1m2024-04-10T02:02:20.000000000Z[0m [INFO] TRADER-001.nautilus_trading::strategy: DataActor-140735318287112 <--[EVT] OrderSubmitted(instrument_id=BTCUSDT-PERP.BINANCE, client_order_id=O-20240410-020220-001-140735318287112-6, account_id=BINANCE-001, ts_event=1712714540000000000)[0m
[1m2024-04-10T02:02:20.000000000Z[0m [INFO] TRADER-001.nautilus_trading::strategy: DataActor-140735318287112 <--[EVT] OrderSubmitted(instrument_id=BTCUSDT-PERP.BINANCE, client_order_id=O-20240410-020220-001-140735318287112-7, account_id=BINANCE-001, ts_event=1712714540000000000)[0m
[1m2024-04-10T02:02:20.000000000Z[0m [INFO] TRADER-001.nautilus_portfolio::manager: BTCUSDT-PERP.BINANCE margin_init=0.00000000 USDT[0m
[1m2024-04-10T02:02:20.000000000Z[0m [INFO] TRADER-001.nautilus_trading::strategy: DataActor-140735318287112 <--[EVT] OrderFilled(instrument_id=BTCUSDT-PERP.BINANCE, client_order_id=O-20240410-020220-001-140735318287112-5, venue_order_id=BINANCE-1-5, account_id=BINANCE-001, trade_id=T-8db9894947ac5fc7-51275, position_id=P-20240410-020220-001-140735318287112-2, order_side=BUY, order_type=MARKET, last_qty=2.770, last_px=69_558.2 USDT, commission=115.60572840 USDT, liquidity_side=TAKER, ts_event=1712714540000000000)[0m
[1m2024-04-10T02:02:20.000000000Z[0m [INFO] TRADER-001.nautilus_trading::strategy: Canceling 2 inflight BTCUSDT-PERP.BINANCE orders[0m
[1m2024-04-10T02:02:20.000000000Z[0m [INFO] TRADER-001.nautilus_trading::strategy: DataActor-140735318287112 [CMD]--> CancelAllOrders[0m
[1m2024-04-10T02:02:20.000000000Z[0m [INFO] TRADER-001.nautilus_trading::strategy: Canceling 2 inflight BTCUSDT-PERP.BINANCE orders[0m
[1m2024-04-10T02:02:20.000000000Z[0m [INFO] TRADER-001.nautilus_trading::strategy: DataActor-140735318287112 [CMD]--> CancelAllOrders[0m
[1m2024-04-10T02:02:20.000000000Z[0m [INFO] TRADER-001.nautilus_trading::strategy: Closing 1 open position[0m
[1m2024-04-10T02:02:20.000000000Z[0m [INFO] TRADER-001.nautilus_trading::strategy: DataActor-140735318287112 <--[EVT] OrderInitialized(instrument_id=BTCUSDT-PERP.BINANCE, client_order_id=O-20240410-020220-001-140735318287112-8, side=SELL, type=MARKET, quantity=2.770, time_in_force=GTC, post_only=false, reduce_only=true, quote_quantity=false, price=None, emulation_trigger=None, trigger_instrument_id=None, contingency_type=NO_CONTINGENCY, order_list_id=None, linked_order_ids=[None], parent_order_id=None, exec_algorithm_id=None, exec_algorithm_params=None, exec_spawn_id=None, tags=None)[0m
[1m2024-04-10T02:02:20.000000000Z[0m [INFO] TRADER-001.nautilus_trading::strategy: DataActor-140735318287112 [CMD]--> SubmitOrder[0m
[1m2024-04-10T02:02:20.000000000Z[0m [INFO] TRADER-001.nautilus_portfolio::portfolio: BTCUSDT-PERP.BINANCE net_position=2.77[0m
[1m2024-04-10T02:02:20.000000000Z[0m [INFO] TRADER-001.nautilus_portfolio::manager: BTCUSDT-PERP.BINANCE margin_maint=770.70485600 USDT[0m
[1m2024-04-10T02:02:20.000000000Z[0m [INFO] TRADER-001.nautilus_portfolio::portfolio: Updated AccountState(account_id=BINANCE-001, account_type=MARGIN, base_currency=USDT, is_reported=false, balances=[AccountBalance(total=99484.35670360 USDT, locked=770.70485600 USDT, free=98713.65184760 USDT)], margins=[MarginBalance(initial=0.00000000 USDT, maintenance=770.70485600 USDT, instrument_id=BTCUSDT-PERP.BINANCE)], event_id=6ea3095b-1007-4662-ac5b-3a179a0d6684)[0m
[1m2024-04-10T02:02:20.000000000Z[0m [INFO] TRADER-001.nautilus_trading::strategy: DataActor-140735318287112 <--[EVT] PositionOpened(PositionOpened { trader_id: "TRADER-001", strategy_id: "DataActor-140735318287112", instrument_id: "BTCUSDT-PERP.BINANCE", position_id: "P-20240410-020220-001-140735318287112-2", account_id: "BINANCE-001", opening_order_id: "O-20240410-020220-001-140735318287112-5", entry: Buy, side: Long, signed_qty: 2.77, quantity: Quantity(2.770), last_qty: Quantity(2.770), last_px: Price(69558.2), currency: Currency(code='USDT', precision=8, iso4217=0, name='Tether', currency_type=CRYPTO), avg_px_open: 69558.20000000001, event_id: UUID4(6897c88b-e900-4c40-bf77-cec053903ae6), ts_event: UnixNanos(1712714540000000000), ts_init: UnixNanos(1712714540000000000) })[0m
[1m2024-04-10T02:02:20.000000000Z[0m [INFO] TRADER-001.nautilus_portfolio::manager: BTCUSDT-PERP.BINANCE margin_init=0.00000000 USDT[0m
[1m2024-04-10T02:02:20.000000000Z[0m [INFO] TRADER-001.nautilus_portfolio::portfolio: Updated AccountState(account_id=BINANCE-001, account_type=MARGIN, base_currency=USDT, is_reported=false, balances=[AccountBalance(total=99484.35670360 USDT, locked=770.70485600 USDT, free=98713.65184760 USDT)], margins=[MarginBalance(initial=0.00000000 USDT, maintenance=770.70485600 USDT, instrument_id=BTCUSDT-PERP.BINANCE)], event_id=3a1a89ce-6785-4e6c-b9c2-ae70147ad199)[0m
[1m2024-04-10T02:02:20.000000000Z[0m [INFO] TRADER-001.nautilus_trading::strategy: DataActor-140735318287112 <--[EVT] OrderAccepted(instrument_id=BTCUSDT-PERP.BINANCE, client_order_id=O-20240410-020220-001-140735318287112-6, venue_order_id=BINANCE-1-6, account_id=BINANCE-001, ts_event=1712714540000000000)[0m
[1m2024-04-10T02:02:20.000000000Z[0m [INFO] TRADER-001.nautilus_portfolio::manager: BTCUSDT-PERP.BINANCE margin_init=0.00000000 USDT[0m
[1m2024-04-10T02:02:20.000000000Z[0m [INFO] TRADER-001.nautilus_portfolio::portfolio: Updated AccountState(account_id=BINANCE-001, account_type=MARGIN, base_currency=USDT, is_reported=false, balances=[AccountBalance(total=99484.35670360 USDT, locked=770.70485600 USDT, free=98713.65184760 USDT)], margins=[MarginBalance(initial=0.00000000 USDT, maintenance=770.70485600 USDT, instrument_id=BTCUSDT-PERP.BINANCE)], event_id=850b6270-3278-41f3-9c09-65bd669ca347)[0m
[1m2024-04-10T02:02:20.000000000Z[0m [INFO] TRADER-001.nautilus_trading::strategy: DataActor-140735318287112 <--[EVT] OrderAccepted(instrument_id=BTCUSDT-PERP.BINANCE, client_order_id=O-20240410-020220-001-140735318287112-7, venue_order_id=BINANCE-1-7, account_id=BINANCE-001, ts_event=1712714540000000000)[0m
[1m2024-04-10T02:02:20.000000000Z[0m [94m[INFO] TRADER-001.nautilus_execution::engine: Cancel all orders[0m
[1m2024-04-10T02:02:20.000000000Z[0m [94m[INFO] TRADER-001.nautilus_execution::engine: Cancel all orders[0m
[1m2024-04-10T02:02:20.000000000Z[0m [94m[INFO] TRADER-001.nautilus_execution::engine: Submit MarketOrder(SELL 2.770 BTCUSDT-PERP.BINANCE @ MARKET GTC, status=INITIALIZED, client_order_id=O-20240410-020220-001-140735318287112-8, venue_order_id=None, position_id=None, exec_algorithm_id=None, exec_spawn_id=None, tags=None)[0m
[1m2024-04-10T02:02:20.000000000Z[0m [INFO] TRADER-001.nautilus_trading::strategy: DataActor-140735318287112 <--[EVT] OrderSubmitted(instrument_id=BTCUSDT-PERP.BINANCE, client_order_id=O-20240410-020220-001-140735318287112-8, account_id=BINANCE-001, ts_event=1712714540000000000)[0m
[1m2024-04-10T02:02:20.000000000Z[0m [INFO] TRADER-001.nautilus_portfolio::manager: BTCUSDT-PERP.BINANCE margin_init=0.00000000 USDT[0m
[1m2024-04-10T02:02:20.000000000Z[0m [INFO] TRADER-001.nautilus_portfolio::portfolio: Updated AccountState(account_id=BINANCE-001, account_type=MARGIN, base_currency=USDT, is_reported=false, balances=[AccountBalance(total=99484.35670360 USDT, locked=770.70485600 USDT, free=98713.65184760 USDT)], margins=[MarginBalance(initial=0.00000000 USDT, maintenance=770.70485600 USDT, instrument_id=BTCUSDT-PERP.BINANCE)], event_id=b380a12a-5ffd-4146-af1d-3b2753c364cc)[0m
[1m2024-04-10T02:02:20.000000000Z[0m [INFO] TRADER-001.nautilus_trading::strategy: DataActor-140735318287112 <--[EVT] OrderCanceled(instrument_id=BTCUSDT-PERP.BINANCE, client_order_id=O-20240410-020220-001-140735318287112-6, venue_order_id=BINANCE-1-6, account_id=BINANCE-001, ts_event=1712714540000000000)[0m
[1m2024-04-10T02:02:20.000000000Z[0m [INFO] TRADER-001.nautilus_portfolio::manager: BTCUSDT-PERP.BINANCE margin_init=0.00000000 USDT[0m
[1m2024-04-10T02:02:20.000000000Z[0m [INFO] TRADER-001.nautilus_portfolio::portfolio: Updated AccountState(account_id=BINANCE-001, account_type=MARGIN, base_currency=USDT, is_reported=false, balances=[AccountBalance(total=99484.35670360 USDT, locked=770.70485600 USDT, free=98713.65184760 USDT)], margins=[MarginBalance(initial=0.00000000 USDT, maintenance=770.70485600 USDT, instrument_id=BTCUSDT-PERP.BINANCE)], event_id=1f046b5c-9381-457a-8406-c4b87a0478e9)[0m
[1m2024-04-10T02:02:20.000000000Z[0m [INFO] TRADER-001.nautilus_trading::strategy: DataActor-140735318287112 <--[EVT] OrderCanceled(instrument_id=BTCUSDT-PERP.BINANCE, client_order_id=O-20240410-020220-001-140735318287112-7, venue_order_id=BINANCE-1-7, account_id=BINANCE-001, ts_event=1712714540000000000)[0m
[1m2024-04-10T02:02:20.000000000Z[0m [INFO] TRADER-001.nautilus_portfolio::manager: BTCUSDT-PERP.BINANCE margin_init=0.00000000 USDT[0m
[1m2024-04-10T02:02:20.000000000Z[0m [INFO] TRADER-001.nautilus_trading::strategy: DataActor-140735318287112 <--[EVT] OrderFilled(instrument_id=BTCUSDT-PERP.BINANCE, client_order_id=O-20240410-020220-001-140735318287112-8, venue_order_id=BINANCE-1-8, account_id=BINANCE-001, trade_id=T-8db9894947ac5fc7-51276, position_id=P-20240410-020220-001-140735318287112-2, order_side=SELL, order_type=MARKET, last_qty=2.770, last_px=69_557.8 USDT, commission=115.60506360 USDT, liquidity_side=TAKER, ts_event=1712714540000000000)[0m
[1m2024-04-10T02:02:20.000000000Z[0m [INFO] TRADER-001.nautilus_portfolio::portfolio: BTCUSDT-PERP.BINANCE net_position=0[0m
[1m2024-04-10T02:02:20.000000000Z[0m [INFO] TRADER-001.nautilus_portfolio::manager: BTCUSDT-PERP.BINANCE margin_maint=0.00000000 USDT[0m
[1m2024-04-10T02:02:20.000000000Z[0m [INFO] TRADER-001.nautilus_portfolio::portfolio: Updated AccountState(account_id=BINANCE-001, account_type=MARGIN, base_currency=USDT, is_reported=false, balances=[AccountBalance(total=99367.64364000 USDT, locked=0.00000000 USDT, free=99367.64364000 USDT)], margins=[], event_id=685e42f2-39a7-4282-8666-ac02690dd0e3)[0m
[1m2024-04-10T02:02:20.000000000Z[0m [INFO] TRADER-001.nautilus_trading::strategy: DataActor-140735318287112 <--[EVT] PositionClosed(PositionClosed { trader_id: "TRADER-001", strategy_id: "DataActor-140735318287112", instrument_id: "BTCUSDT-PERP.BINANCE", position_id: "P-20240410-020220-001-140735318287112-2", account_id: "BINANCE-001", opening_order_id: "O-20240410-020220-001-140735318287112-5", closing_order_id: Some("O-20240410-020220-001-140735318287112-8"), entry: Buy, side: Flat, signed_qty: 0.0, quantity: Quantity(0.000), peak_quantity: Quantity(2.770), last_qty: Quantity(2.770), last_px: Price(69557.8), currency: Currency(code='USDT', precision=8, iso4217=0, name='Tether', currency_type=CRYPTO), avg_px_open: 69558.20000000001, avg_px_close: Some(69557.79999999999), realized_return: -5.750580090101282e-6, realized_pnl: Some(Money(-232.31879200, USDT)), unrealized_pnl: Money(0.00000000, USDT), duration: 0, event_id: UUID4(d2065fb0-6ec4-4e92-881e-28e4a784773a), ts_opened: UnixNanos(1712714540000000000), ts_closed: Some(UnixNanos(1712714540000000000)), ts_event: UnixNanos(1712714540000000000), ts_init: UnixNanos(1712714540000000000) })[0m
[1m2024-04-13T01:34:00.000000000Z[0m [INFO] TRADER-001.nautilus_trading::strategy: DataActor-140735318287112 <--[EVT] OrderInitialized(instrument_id=BTCUSDT-PERP.BINANCE, client_order_id=O-20240413-013400-001-140735318287112-9, side=SELL, type=MARKET, quantity=4.245, time_in_force=GTC, post_only=false, reduce_only=false, quote_quantity=false, price=None, emulation_trigger=None, trigger_instrument_id=None, contingency_type=OTO, order_list_id=OL-20240413-013400-001-140735318287112-3, linked_order_ids=[O-20240413-013400-001-140735318287112-10, O-20240413-013400-001-140735318287112-11], parent_order_id=None, exec_algorithm_id=None, exec_algorithm_params=None, exec_spawn_id=None, tags=delayed-reaccept-btcusdt-000034, BREAKOUT_ACCEPTANCE_CONTINUATION, SHORT, TEN_SECOND_MARKET_ENTRY)[0m
[1m2024-04-13T01:34:00.000000000Z[0m [INFO] TRADER-001.nautilus_trading::strategy: DataActor-140735318287112 <--[EVT] OrderInitialized(instrument_id=BTCUSDT-PERP.BINANCE, client_order_id=O-20240413-013400-001-140735318287112-10, side=BUY, type=STOP_MARKET, quantity=4.245, time_in_force=GTC, post_only=false, reduce_only=true, quote_quantity=false, price=None, emulation_trigger=None, trigger_instrument_id=None, contingency_type=OUO, order_list_id=OL-20240413-013400-001-140735318287112-3, linked_order_ids=[O-20240413-013400-001-140735318287112-11], parent_order_id=O-20240413-013400-001-140735318287112-9, exec_algorithm_id=None, exec_algorithm_params=None, exec_spawn_id=None, tags=delayed-reaccept-btcusdt-000034, OBSERVED_RETEST_INVALIDATION)[0m
[1m2024-04-13T01:34:00.000000000Z[0m [INFO] TRADER-001.nautilus_trading::strategy: DataActor-140735318287112 <--[EVT] OrderInitialized(instrument_id=BTCUSDT-PERP.BINANCE, client_order_id=O-20240413-013400-001-140735318287112-11, side=BUY, type=LIMIT, quantity=4.245, time_in_force=GTC, post_only=false, reduce_only=true, quote_quantity=false, price=65102.0, emulation_trigger=None, trigger_instrument_id=None, contingency_type=OUO, order_list_id=OL-20240413-013400-001-140735318287112-3, linked_order_ids=[O-20240413-013400-001-140735318287112-10], parent_order_id=O-20240413-013400-001-140735318287112-9, exec_algorithm_id=None, exec_algorithm_params=None, exec_spawn_id=None, tags=delayed-reaccept-btcusdt-000034, ACTIVE_COMPLETED_EXTERNAL_TARGET)[0m
[1m2024-04-13T01:34:00.000000000Z[0m [INFO] TRADER-001.nautilus_trading::strategy: DataActor-140735318287112 [CMD]--> SubmitOrderList[0m
[1m2024-04-13T01:34:00.000000000Z[0m [94m[INFO] TRADER-001.nautilus_execution::engine: Submit OrderList(id=OL-20240413-013400-001-140735318287112-3, instrument_id=BTCUSDT-PERP.BINANCE, strategy_id=DataActor-140735318287112, client_order_ids=["O-20240413-013400-001-140735318287112-9", "O-20240413-013400-001-140735318287112-10", "O-20240413-013400-001-140735318287112-11"], ts_init=1712972040000000000)[0m
[1m2024-04-13T01:34:00.000000000Z[0m [INFO] TRADER-001.nautilus_trading::strategy: DataActor-140735318287112 <--[EVT] OrderSubmitted(instrument_id=BTCUSDT-PERP.BINANCE, client_order_id=O-20240413-013400-001-140735318287112-9, account_id=BINANCE-001, ts_event=1712972040000000000)[0m
[1m2024-04-13T01:34:00.000000000Z[0m [INFO] TRADER-001.nautilus_trading::strategy: DataActor-140735318287112 <--[EVT] OrderSubmitted(instrument_id=BTCUSDT-PERP.BINANCE, client_order_id=O-20240413-013400-001-140735318287112-10, account_id=BINANCE-001, ts_event=1712972040000000000)[0m
[1m2024-04-13T01:34:00.000000000Z[0m [INFO] TRADER-001.nautilus_trading::strategy: DataActor-140735318287112 <--[EVT] OrderSubmitted(instrument_id=BTCUSDT-PERP.BINANCE, client_order_id=O-20240413-013400-001-140735318287112-11, account_id=BINANCE-001, ts_event=1712972040000000000)[0m
[1m2024-04-13T01:34:00.000000000Z[0m [INFO] TRADER-001.nautilus_portfolio::manager: BTCUSDT-PERP.BINANCE margin_init=0.00000000 USDT[0m
[1m2024-04-13T01:34:00.000000000Z[0m [INFO] TRADER-001.nautilus_trading::strategy: DataActor-140735318287112 <--[EVT] OrderFilled(instrument_id=BTCUSDT-PERP.BINANCE, client_order_id=O-20240413-013400-001-140735318287112-9, venue_order_id=BINANCE-1-9, account_id=BINANCE-001, trade_id=T-1a23543394d12626-123322, position_id=P-20240413-013400-001-140735318287112-3, order_side=SELL, order_type=MARKET, last_qty=4.245, last_px=66_169.1 USDT, commission=168.53269770 USDT, liquidity_side=TAKER, ts_event=1712972040000000000)[0m
[1m2024-04-13T01:34:00.000000000Z[0m [INFO] TRADER-001.nautilus_trading::strategy: Canceling 2 inflight BTCUSDT-PERP.BINANCE orders[0m
[1m2024-04-13T01:34:00.000000000Z[0m [INFO] TRADER-001.nautilus_trading::strategy: DataActor-140735318287112 [CMD]--> CancelAllOrders[0m
[1m2024-04-13T01:34:00.000000000Z[0m [INFO] TRADER-001.nautilus_trading::strategy: Canceling 2 inflight BTCUSDT-PERP.BINANCE orders[0m
[1m2024-04-13T01:34:00.000000000Z[0m [INFO] TRADER-001.nautilus_trading::strategy: DataActor-140735318287112 [CMD]--> CancelAllOrders[0m
[1m2024-04-13T01:34:00.000000000Z[0m [INFO] TRADER-001.nautilus_trading::strategy: Closing 1 open position[0m
[1m2024-04-13T01:34:00.000000000Z[0m [INFO] TRADER-001.nautilus_trading::strategy: DataActor-140735318287112 <--[EVT] OrderInitialized(instrument_id=BTCUSDT-PERP.BINANCE, client_order_id=O-20240413-013400-001-140735318287112-12, side=BUY, type=MARKET, quantity=4.245, time_in_force=GTC, post_only=false, reduce_only=true, quote_quantity=false, price=None, emulation_trigger=None, trigger_instrument_id=None, contingency_type=NO_CONTINGENCY, order_list_id=None, linked_order_ids=[None], parent_order_id=None, exec_algorithm_id=None, exec_algorithm_params=None, exec_spawn_id=None, tags=None)[0m
[1m2024-04-13T01:34:00.000000000Z[0m [INFO] TRADER-001.nautilus_trading::strategy: DataActor-140735318287112 [CMD]--> SubmitOrder[0m
[1m2024-04-13T01:34:00.000000000Z[0m [INFO] TRADER-001.nautilus_portfolio::portfolio: BTCUSDT-PERP.BINANCE net_position=-4.245[0m
[1m2024-04-13T01:34:00.000000000Z[0m [INFO] TRADER-001.nautilus_portfolio::manager: BTCUSDT-PERP.BINANCE margin_maint=1123.55131800 USDT[0m
[1m2024-04-13T01:34:00.000000000Z[0m [INFO] TRADER-001.nautilus_portfolio::portfolio: Updated AccountState(account_id=BINANCE-001, account_type=MARGIN, base_currency=USDT, is_reported=false, balances=[AccountBalance(total=99199.11094230 USDT, locked=1123.55131800 USDT, free=98075.55962430 USDT)], margins=[MarginBalance(initial=0.00000000 USDT, maintenance=1123.55131800 USDT, instrument_id=BTCUSDT-PERP.BINANCE)], event_id=4c92d0ef-8135-433b-ab65-ed1c39573e97)[0m
[1m2024-04-13T01:34:00.000000000Z[0m [INFO] TRADER-001.nautilus_trading::strategy: DataActor-140735318287112 <--[EVT] PositionOpened(PositionOpened { trader_id: "TRADER-001", strategy_id: "DataActor-140735318287112", instrument_id: "BTCUSDT-PERP.BINANCE", position_id: "P-20240413-013400-001-140735318287112-3", account_id: "BINANCE-001", opening_order_id: "O-20240413-013400-001-140735318287112-9", entry: Sell, side: Short, signed_qty: -4.245, quantity: Quantity(4.245), last_qty: Quantity(4.245), last_px: Price(66169.1), currency: Currency(code='USDT', precision=8, iso4217=0, name='Tether', currency_type=CRYPTO), avg_px_open: 66169.1, event_id: UUID4(ae746aca-9097-4a55-a565-eaddc25a0299), ts_event: UnixNanos(1712972040000000000), ts_init: UnixNanos(1712972040000000000) })[0m
[1m2024-04-13T01:34:00.000000000Z[0m [INFO] TRADER-001.nautilus_portfolio::manager: BTCUSDT-PERP.BINANCE margin_init=0.00000000 USDT[0m
[1m2024-04-13T01:34:00.000000000Z[0m [INFO] TRADER-001.nautilus_portfolio::portfolio: Updated AccountState(account_id=BINANCE-001, account_type=MARGIN, base_currency=USDT, is_reported=false, balances=[AccountBalance(total=99199.11094230 USDT, locked=1123.55131800 USDT, free=98075.55962430 USDT)], margins=[MarginBalance(initial=0.00000000 USDT, maintenance=1123.55131800 USDT, instrument_id=BTCUSDT-PERP.BINANCE)], event_id=86fa9fa9-eeee-4d85-a154-30160883accd)[0m
[1m2024-04-13T01:34:00.000000000Z[0m [INFO] TRADER-001.nautilus_trading::strategy: DataActor-140735318287112 <--[EVT] OrderAccepted(instrument_id=BTCUSDT-PERP.BINANCE, client_order_id=O-20240413-013400-001-140735318287112-10, venue_order_id=BINANCE-1-10, account_id=BINANCE-001, ts_event=1712972040000000000)[0m
[1m2024-04-13T01:34:00.000000000Z[0m [INFO] TRADER-001.nautilus_portfolio::manager: BTCUSDT-PERP.BINANCE margin_init=0.00000000 USDT[0m
[1m2024-04-13T01:34:00.000000000Z[0m [INFO] TRADER-001.nautilus_portfolio::portfolio: Updated AccountState(account_id=BINANCE-001, account_type=MARGIN, base_currency=USDT, is_reported=false, balances=[AccountBalance(total=99199.11094230 USDT, locked=1123.55131800 USDT, free=98075.55962430 USDT)], margins=[MarginBalance(initial=0.00000000 USDT, maintenance=1123.55131800 USDT, instrument_id=BTCUSDT-PERP.BINANCE)], event_id=868f8516-bb73-491e-b8dc-1fa195f76e78)[0m
[1m2024-04-13T01:34:00.000000000Z[0m [INFO] TRADER-001.nautilus_trading::strategy: DataActor-140735318287112 <--[EVT] OrderAccepted(instrument_id=BTCUSDT-PERP.BINANCE, client_order_id=O-20240413-013400-001-140735318287112-11, venue_order_id=BINANCE-1-11, account_id=BINANCE-001, ts_event=1712972040000000000)[0m
[1m2024-04-13T01:34:00.000000000Z[0m [94m[INFO] TRADER-001.nautilus_execution::engine: Cancel all orders[0m
[1m2024-04-13T01:34:00.000000000Z[0m [94m[INFO] TRADER-001.nautilus_execution::engine: Cancel all orders[0m
[1m2024-04-13T01:34:00.000000000Z[0m [94m[INFO] TRADER-001.nautilus_execution::engine: Submit MarketOrder(BUY 4.245 BTCUSDT-PERP.BINANCE @ MARKET GTC, status=INITIALIZED, client_order_id=O-20240413-013400-001-140735318287112-12, venue_order_id=None, position_id=None, exec_algorithm_id=None, exec_spawn_id=None, tags=None)[0m
[1m2024-04-13T01:34:00.000000000Z[0m [INFO] TRADER-001.nautilus_trading::strategy: DataActor-140735318287112 <--[EVT] OrderSubmitted(instrument_id=BTCUSDT-PERP.BINANCE, client_order_id=O-20240413-013400-001-140735318287112-12, account_id=BINANCE-001, ts_event=1712972040000000000)[0m
[1m2024-04-13T01:34:00.000000000Z[0m [INFO] TRADER-001.nautilus_portfolio::manager: BTCUSDT-PERP.BINANCE margin_init=0.00000000 USDT[0m
[1m2024-04-13T01:34:00.000000000Z[0m [INFO] TRADER-001.nautilus_portfolio::portfolio: Updated AccountState(account_id=BINANCE-001, account_type=MARGIN, base_currency=USDT, is_reported=false, balances=[AccountBalance(total=99199.11094230 USDT, locked=1123.55131800 USDT, free=98075.55962430 USDT)], margins=[MarginBalance(initial=0.00000000 USDT, maintenance=1123.55131800 USDT, instrument_id=BTCUSDT-PERP.BINANCE)], event_id=2cf64219-e08c-4467-8ac6-b38cd7462ca3)[0m
[1m2024-04-13T01:34:00.000000000Z[0m [INFO] TRADER-001.nautilus_trading::strategy: DataActor-140735318287112 <--[EVT] OrderCanceled(instrument_id=BTCUSDT-PERP.BINANCE, client_order_id=O-20240413-013400-001-140735318287112-10, venue_order_id=BINANCE-1-10, account_id=BINANCE-001, ts_event=1712972040000000000)[0m
[1m2024-04-13T01:34:00.000000000Z[0m [INFO] TRADER-001.nautilus_portfolio::manager: BTCUSDT-PERP.BINANCE margin_init=0.00000000 USDT[0m
[1m2024-04-13T01:34:00.000000000Z[0m [INFO] TRADER-001.nautilus_portfolio::portfolio: Updated AccountState(account_id=BINANCE-001, account_type=MARGIN, base_currency=USDT, is_reported=false, balances=[AccountBalance(total=99199.11094230 USDT, locked=1123.55131800 USDT, free=98075.55962430 USDT)], margins=[MarginBalance(initial=0.00000000 USDT, maintenance=1123.55131800 USDT, instrument_id=BTCUSDT-PERP.BINANCE)], event_id=8434165d-6870-4b75-8655-d6ddec74c1d8)[0m
[1m2024-04-13T01:34:00.000000000Z[0m [INFO] TRADER-001.nautilus_trading::strategy: DataActor-140735318287112 <--[EVT] OrderCanceled(instrument_id=BTCUSDT-PERP.BINANCE, client_order_id=O-20240413-013400-001-140735318287112-11, venue_order_id=BINANCE-1-11, account_id=BINANCE-001, ts_event=1712972040000000000)[0m
[1m2024-04-13T01:34:00.000000000Z[0m [INFO] TRADER-001.nautilus_portfolio::manager: BTCUSDT-PERP.BINANCE margin_init=0.00000000 USDT[0m
[1m2024-04-13T01:34:00.000000000Z[0m [INFO] TRADER-001.nautilus_trading::strategy: DataActor-140735318287112 <--[EVT] OrderFilled(instrument_id=BTCUSDT-PERP.BINANCE, client_order_id=O-20240413-013400-001-140735318287112-12, venue_order_id=BINANCE-1-12, account_id=BINANCE-001, trade_id=T-1a23543394d12626-123323, position_id=P-20240413-013400-001-140735318287112-3, order_side=BUY, order_type=MARKET, last_qty=4.245, last_px=66_169.5 USDT, commission=168.53371650 USDT, liquidity_side=TAKER, ts_event=1712972040000000000)[0m
[1m2024-04-13T01:34:00.000000000Z[0m [INFO] TRADER-001.nautilus_portfolio::portfolio: BTCUSDT-PERP.BINANCE net_position=0[0m
[1m2024-04-13T01:34:00.000000000Z[0m [INFO] TRADER-001.nautilus_portfolio::manager: BTCUSDT-PERP.BINANCE margin_maint=0.00000000 USDT[0m
[1m2024-04-13T01:34:00.000000000Z[0m [INFO] TRADER-001.nautilus_portfolio::portfolio: Updated AccountState(account_id=BINANCE-001, account_type=MARGIN, base_currency=USDT, is_reported=false, balances=[AccountBalance(total=99028.87922580 USDT, locked=0.00000000 USDT, free=99028.87922580 USDT)], margins=[], event_id=bf88df89-acb5-42db-9d62-37494667d1df)[0m
[1m2024-04-13T01:34:00.000000000Z[0m [INFO] TRADER-001.nautilus_trading::strategy: DataActor-140735318287112 <--[EVT] PositionClosed(PositionClosed { trader_id: "TRADER-001", strategy_id: "DataActor-140735318287112", instrument_id: "BTCUSDT-PERP.BINANCE", position_id: "P-20240413-013400-001-140735318287112-3", account_id: "BINANCE-001", opening_order_id: "O-20240413-013400-001-140735318287112-9", closing_order_id: Some("O-20240413-013400-001-140735318287112-12"), entry: Sell, side: Flat, signed_qty: 0.0, quantity: Quantity(0.000), peak_quantity: Quantity(4.245), last_qty: Quantity(4.245), last_px: Price(66169.5), currency: Currency(code='USDT', precision=8, iso4217=0, name='Tether', currency_type=CRYPTO), avg_px_open: 66169.1, avg_px_close: Some(66169.5), realized_return: -6.045117736136342e-6, realized_pnl: Some(Money(-338.76441420, USDT)), unrealized_pnl: Money(0.00000000, USDT), duration: 0, event_id: UUID4(93307c0b-e847-4e65-84da-2be82b5dd706), ts_opened: UnixNanos(1712972040000000000), ts_closed: Some(UnixNanos(1712972040000000000)), ts_event: UnixNanos(1712972040000000000), ts_init: UnixNanos(1712972040000000000) })[0m
[1m2024-04-14T05:36:40.000000000Z[0m [INFO] TRADER-001.nautilus_trading::strategy: DataActor-140735318287112 <--[EVT] OrderInitialized(instrument_id=BTCUSDT-PERP.BINANCE, client_order_id=O-20240414-053640-001-140735318287112-13, side=BUY, type=MARKET, quantity=5.055, time_in_force=GTC, post_only=false, reduce_only=false, quote_quantity=false, price=None, emulation_trigger=None, trigger_instrument_id=None, contingency_type=OTO, order_list_id=OL-20240414-053640-001-140735318287112-4, linked_order_ids=[O-20240414-053640-001-140735318287112-14, O-20240414-053640-001-140735318287112-15], parent_order_id=None, exec_algorithm_id=None, exec_algorithm_params=None, exec_spawn_id=None, tags=delayed-reaccept-btcusdt-000041, BREAKOUT_ACCEPTANCE_CONTINUATION, LONG, TEN_SECOND_MARKET_ENTRY)[0m
[1m2024-04-14T05:36:40.000000000Z[0m [INFO] TRADER-001.nautilus_trading::strategy: DataActor-140735318287112 <--[EVT] OrderInitialized(instrument_id=BTCUSDT-PERP.BINANCE, client_order_id=O-20240414-053640-001-140735318287112-14, side=SELL, type=STOP_MARKET, quantity=5.055, time_in_force=GTC, post_only=false, reduce_only=true, quote_quantity=false, price=None, emulation_trigger=None, trigger_instrument_id=None, contingency_type=OUO, order_list_id=OL-20240414-053640-001-140735318287112-4, linked_order_ids=[O-20240414-053640-001-140735318287112-15], parent_order_id=O-20240414-053640-001-140735318287112-13, exec_algorithm_id=None, exec_algorithm_params=None, exec_spawn_id=None, tags=delayed-reaccept-btcusdt-000041, OBSERVED_RETEST_INVALIDATION)[0m
[1m2024-04-14T05:36:40.000000000Z[0m [INFO] TRADER-001.nautilus_trading::strategy: DataActor-140735318287112 <--[EVT] OrderInitialized(instrument_id=BTCUSDT-PERP.BINANCE, client_order_id=O-20240414-053640-001-140735318287112-15, side=SELL, type=LIMIT, quantity=5.055, time_in_force=GTC, post_only=false, reduce_only=true, quote_quantity=false, price=65667.7, emulation_trigger=None, trigger_instrument_id=None, contingency_type=OUO, order_list_id=OL-20240414-053640-001-140735318287112-4, linked_order_ids=[O-20240414-053640-001-140735318287112-14], parent_order_id=O-20240414-053640-001-140735318287112-13, exec_algorithm_id=None, exec_algorithm_params=None, exec_spawn_id=None, tags=delayed-reaccept-btcusdt-000041, ACTIVE_COMPLETED_EXTERNAL_TARGET)[0m
[1m2024-04-14T05:36:40.000000000Z[0m [INFO] TRADER-001.nautilus_trading::strategy: DataActor-140735318287112 [CMD]--> SubmitOrderList[0m
[1m2024-04-14T05:36:40.000000000Z[0m [94m[INFO] TRADER-001.nautilus_execution::engine: Submit OrderList(id=OL-20240414-053640-001-140735318287112-4, instrument_id=BTCUSDT-PERP.BINANCE, strategy_id=DataActor-140735318287112, client_order_ids=["O-20240414-053640-001-140735318287112-13", "O-20240414-053640-001-140735318287112-14", "O-20240414-053640-001-140735318287112-15"], ts_init=1713073000000000000)[0m
[1m2024-04-14T05:36:40.000000000Z[0m [INFO] TRADER-001.nautilus_trading::strategy: DataActor-140735318287112 <--[EVT] OrderSubmitted(instrument_id=BTCUSDT-PERP.BINANCE, client_order_id=O-20240414-053640-001-140735318287112-13, account_id=BINANCE-001, ts_event=1713073000000000000)[0m
[1m2024-04-14T05:36:40.000000000Z[0m [INFO] TRADER-001.nautilus_trading::strategy: DataActor-140735318287112 <--[EVT] OrderSubmitted(instrument_id=BTCUSDT-PERP.BINANCE, client_order_id=O-20240414-053640-001-140735318287112-14, account_id=BINANCE-001, ts_event=1713073000000000000)[0m
[1m2024-04-14T05:36:40.000000000Z[0m [INFO] TRADER-001.nautilus_trading::strategy: DataActor-140735318287112 <--[EVT] OrderSubmitted(instrument_id=BTCUSDT-PERP.BINANCE, client_order_id=O-20240414-053640-001-140735318287112-15, account_id=BINANCE-001, ts_event=1713073000000000000)[0m
[1m2024-04-14T05:36:40.000000000Z[0m [INFO] TRADER-001.nautilus_portfolio::manager: BTCUSDT-PERP.BINANCE margin_init=0.00000000 USDT[0m
[1m2024-04-14T05:36:40.000000000Z[0m [INFO] TRADER-001.nautilus_trading::strategy: DataActor-140735318287112 <--[EVT] OrderFilled(instrument_id=BTCUSDT-PERP.BINANCE, client_order_id=O-20240414-053640-001-140735318287112-13, venue_order_id=BINANCE-1-13, account_id=BINANCE-001, trade_id=T-355381d9e580a031-153650, position_id=P-20240414-053640-001-140735318287112-4, order_side=BUY, order_type=MARKET, last_qty=5.055, last_px=64_430.2 USDT, commission=195.41679660 USDT, liquidity_side=TAKER, ts_event=1713073000000000000)[0m
[1m2024-04-14T05:36:40.000000000Z[0m [INFO] TRADER-001.nautilus_trading::strategy: Canceling 2 inflight BTCUSDT-PERP.BINANCE orders[0m
[1m2024-04-14T05:36:40.000000000Z[0m [INFO] TRADER-001.nautilus_trading::strategy: DataActor-140735318287112 [CMD]--> CancelAllOrders[0m
[1m2024-04-14T05:36:40.000000000Z[0m [INFO] TRADER-001.nautilus_trading::strategy: Canceling 2 inflight BTCUSDT-PERP.BINANCE orders[0m
[1m2024-04-14T05:36:40.000000000Z[0m [INFO] TRADER-001.nautilus_trading::strategy: DataActor-140735318287112 [CMD]--> CancelAllOrders[0m
[1m2024-04-14T05:36:40.000000000Z[0m [INFO] TRADER-001.nautilus_trading::strategy: Closing 1 open position[0m
[1m2024-04-14T05:36:40.000000000Z[0m [INFO] TRADER-001.nautilus_trading::strategy: DataActor-140735318287112 <--[EVT] OrderInitialized(instrument_id=BTCUSDT-PERP.BINANCE, client_order_id=O-20240414-053640-001-140735318287112-16, side=SELL, type=MARKET, quantity=5.055, time_in_force=GTC, post_only=false, reduce_only=true, quote_quantity=false, price=None, emulation_trigger=None, trigger_instrument_id=None, contingency_type=NO_CONTINGENCY, order_list_id=None, linked_order_ids=[None], parent_order_id=None, exec_algorithm_id=None, exec_algorithm_params=None, exec_spawn_id=None, tags=None)[0m
[1m2024-04-14T05:36:40.000000000Z[0m [INFO] TRADER-001.nautilus_trading::strategy: DataActor-140735318287112 [CMD]--> SubmitOrder[0m
[1m2024-04-14T05:36:40.000000000Z[0m [INFO] TRADER-001.nautilus_portfolio::portfolio: BTCUSDT-PERP.BINANCE net_position=5.055[0m
[1m2024-04-14T05:36:40.000000000Z[0m [INFO] TRADER-001.nautilus_portfolio::manager: BTCUSDT-PERP.BINANCE margin_maint=1302.77864400 USDT[0m
[1m2024-04-14T05:36:40.000000000Z[0m [INFO] TRADER-001.nautilus_portfolio::portfolio: Updated AccountState(account_id=BINANCE-001, account_type=MARGIN, base_currency=USDT, is_reported=false, balances=[AccountBalance(total=98833.46242920 USDT, locked=1302.77864400 USDT, free=97530.68378520 USDT)], margins=[MarginBalance(initial=0.00000000 USDT, maintenance=1302.77864400 USDT, instrument_id=BTCUSDT-PERP.BINANCE)], event_id=e73f2565-d3a8-45d1-b421-18a248785f6e)[0m
[1m2024-04-14T05:36:40.000000000Z[0m [INFO] TRADER-001.nautilus_trading::strategy: DataActor-140735318287112 <--[EVT] PositionOpened(PositionOpened { trader_id: "TRADER-001", strategy_id: "DataActor-140735318287112", instrument_id: "BTCUSDT-PERP.BINANCE", position_id: "P-20240414-053640-001-140735318287112-4", account_id: "BINANCE-001", opening_order_id: "O-20240414-053640-001-140735318287112-13", entry: Buy, side: Long, signed_qty: 5.055, quantity: Quantity(5.055), last_qty: Quantity(5.055), last_px: Price(64430.2), currency: Currency(code='USDT', precision=8, iso4217=0, name='Tether', currency_type=CRYPTO), avg_px_open: 64430.200000000004, event_id: UUID4(07a5cc90-6631-4568-8c06-314440d7e153), ts_event: UnixNanos(1713073000000000000), ts_init: UnixNanos(1713073000000000000) })[0m
[1m2024-04-14T05:36:40.000000000Z[0m [INFO] TRADER-001.nautilus_portfolio::manager: BTCUSDT-PERP.BINANCE margin_init=0.00000000 USDT[0m
[1m2024-04-14T05:36:40.000000000Z[0m [INFO] TRADER-001.nautilus_portfolio::portfolio: Updated AccountState(account_id=BINANCE-001, account_type=MARGIN, base_currency=USDT, is_reported=false, balances=[AccountBalance(total=98833.46242920 USDT, locked=1302.77864400 USDT, free=97530.68378520 USDT)], margins=[MarginBalance(initial=0.00000000 USDT, maintenance=1302.77864400 USDT, instrument_id=BTCUSDT-PERP.BINANCE)], event_id=7bffab00-41a1-4dbe-89f5-6cda46b0a1dd)[0m
[1m2024-04-14T05:36:40.000000000Z[0m [INFO] TRADER-001.nautilus_trading::strategy: DataActor-140735318287112 <--[EVT] OrderAccepted(instrument_id=BTCUSDT-PERP.BINANCE, client_order_id=O-20240414-053640-001-140735318287112-14, venue_order_id=BINANCE-1-14, account_id=BINANCE-001, ts_event=1713073000000000000)[0m
[1m2024-04-14T05:36:40.000000000Z[0m [INFO] TRADER-001.nautilus_portfolio::manager: BTCUSDT-PERP.BINANCE margin_init=0.00000000 USDT[0m
[1m2024-04-14T05:36:40.000000000Z[0m [INFO] TRADER-001.nautilus_portfolio::portfolio: Updated AccountState(account_id=BINANCE-001, account_type=MARGIN, base_currency=USDT, is_reported=false, balances=[AccountBalance(total=98833.46242920 USDT, locked=1302.77864400 USDT, free=97530.68378520 USDT)], margins=[MarginBalance(initial=0.00000000 USDT, maintenance=1302.77864400 USDT, instrument_id=BTCUSDT-PERP.BINANCE)], event_id=78ffc79f-24e8-4923-8717-ebe1012269f3)[0m
[1m2024-04-14T05:36:40.000000000Z[0m [INFO] TRADER-001.nautilus_trading::strategy: DataActor-140735318287112 <--[EVT] OrderAccepted(instrument_id=BTCUSDT-PERP.BINANCE, client_order_id=O-20240414-053640-001-140735318287112-15, venue_order_id=BINANCE-1-15, account_id=BINANCE-001, ts_event=1713073000000000000)[0m
[1m2024-04-14T05:36:40.000000000Z[0m [94m[INFO] TRADER-001.nautilus_execution::engine: Cancel all orders[0m
[1m2024-04-14T05:36:40.000000000Z[0m [94m[INFO] TRADER-001.nautilus_execution::engine: Cancel all orders[0m
[1m2024-04-14T05:36:40.000000000Z[0m [94m[INFO] TRADER-001.nautilus_execution::engine: Submit MarketOrder(SELL 5.055 BTCUSDT-PERP.BINANCE @ MARKET GTC, status=INITIALIZED, client_order_id=O-20240414-053640-001-140735318287112-16, venue_order_id=None, position_id=None, exec_algorithm_id=None, exec_spawn_id=None, tags=None)[0m
[1m2024-04-14T05:36:40.000000000Z[0m [INFO] TRADER-001.nautilus_trading::strategy: DataActor-140735318287112 <--[EVT] OrderSubmitted(instrument_id=BTCUSDT-PERP.BINANCE, client_order_id=O-20240414-053640-001-140735318287112-16, account_id=BINANCE-001, ts_event=1713073000000000000)[0m
[1m2024-04-14T05:36:40.000000000Z[0m [INFO] TRADER-001.nautilus_portfolio::manager: BTCUSDT-PERP.BINANCE margin_init=0.00000000 USDT[0m
[1m2024-04-14T05:36:40.000000000Z[0m [INFO] TRADER-001.nautilus_portfolio::portfolio: Updated AccountState(account_id=BINANCE-001, account_type=MARGIN, base_currency=USDT, is_reported=false, balances=[AccountBalance(total=98833.46242920 USDT, locked=1302.77864400 USDT, free=97530.68378520 USDT)], margins=[MarginBalance(initial=0.00000000 USDT, maintenance=1302.77864400 USDT, instrument_id=BTCUSDT-PERP.BINANCE)], event_id=152fa449-1ce3-46a0-9666-22e9e58fad12)[0m
[1m2024-04-14T05:36:40.000000000Z[0m [INFO] TRADER-001.nautilus_trading::strategy: DataActor-140735318287112 <--[EVT] OrderCanceled(instrument_id=BTCUSDT-PERP.BINANCE, client_order_id=O-20240414-053640-001-140735318287112-14, venue_order_id=BINANCE-1-14, account_id=BINANCE-001, ts_event=1713073000000000000)[0m
[1m2024-04-14T05:36:40.000000000Z[0m [INFO] TRADER-001.nautilus_portfolio::manager: BTCUSDT-PERP.BINANCE margin_init=0.00000000 USDT[0m
[1m2024-04-14T05:36:40.000000000Z[0m [INFO] TRADER-001.nautilus_portfolio::portfolio: Updated AccountState(account_id=BINANCE-001, account_type=MARGIN, base_currency=USDT, is_reported=false, balances=[AccountBalance(total=98833.46242920 USDT, locked=1302.77864400 USDT, free=97530.68378520 USDT)], margins=[MarginBalance(initial=0.00000000 USDT, maintenance=1302.77864400 USDT, instrument_id=BTCUSDT-PERP.BINANCE)], event_id=d8d1410d-6868-4748-9215-972ab1ad0877)[0m
[1m2024-04-14T05:36:40.000000000Z[0m [INFO] TRADER-001.nautilus_trading::strategy: DataActor-140735318287112 <--[EVT] OrderCanceled(instrument_id=BTCUSDT-PERP.BINANCE, client_order_id=O-20240414-053640-001-140735318287112-15, venue_order_id=BINANCE-1-15, account_id=BINANCE-001, ts_event=1713073000000000000)[0m
[1m2024-04-14T05:36:40.000000000Z[0m [INFO] TRADER-001.nautilus_portfolio::manager: BTCUSDT-PERP.BINANCE margin_init=0.00000000 USDT[0m
[1m2024-04-14T05:36:40.000000000Z[0m [INFO] TRADER-001.nautilus_trading::strategy: DataActor-140735318287112 <--[EVT] OrderFilled(instrument_id=BTCUSDT-PERP.BINANCE, client_order_id=O-20240414-053640-001-140735318287112-16, venue_order_id=BINANCE-1-16, account_id=BINANCE-001, trade_id=T-355381d9e580a031-153651, position_id=P-20240414-053640-001-140735318287112-4, order_side=SELL, order_type=MARKET, last_qty=5.055, last_px=64_429.8 USDT, commission=195.41558340 USDT, liquidity_side=TAKER, ts_event=1713073000000000000)[0m
[1m2024-04-14T05:36:40.000000000Z[0m [INFO] TRADER-001.nautilus_portfolio::portfolio: BTCUSDT-PERP.BINANCE net_position=0[0m
[1m2024-04-14T05:36:40.000000000Z[0m [INFO] TRADER-001.nautilus_portfolio::manager: BTCUSDT-PERP.BINANCE margin_maint=0.00000000 USDT[0m
[1m2024-04-14T05:36:40.000000000Z[0m [INFO] TRADER-001.nautilus_portfolio::portfolio: Updated AccountState(account_id=BINANCE-001, account_type=MARGIN, base_currency=USDT, is_reported=false, balances=[AccountBalance(total=98636.02484580 USDT, locked=0.00000000 USDT, free=98636.02484580 USDT)], margins=[], event_id=daf2c94b-78a0-41c9-b2c4-2aea616b3ad4)[0m
[1m2024-04-14T05:36:40.000000000Z[0m [INFO] TRADER-001.nautilus_trading::strategy: DataActor-140735318287112 <--[EVT] PositionClosed(PositionClosed { trader_id: "TRADER-001", strategy_id: "DataActor-140735318287112", instrument_id: "BTCUSDT-PERP.BINANCE", position_id: "P-20240414-053640-001-140735318287112-4", account_id: "BINANCE-001", opening_order_id: "O-20240414-053640-001-140735318287112-13", closing_order_id: Some("O-20240414-053640-001-140735318287112-16"), entry: Buy, side: Flat, signed_qty: 0.0, quantity: Quantity(0.000), peak_quantity: Quantity(5.055), last_qty: Quantity(5.055), last_px: Price(64429.8), currency: Currency(code='USDT', precision=8, iso4217=0, name='Tether', currency_type=CRYPTO), avg_px_open: 64430.200000000004, avg_px_close: Some(64429.799999999996), realized_return: -6.208268793341183e-6, realized_pnl: Some(Money(-392.85438000, USDT)), unrealized_pnl: Money(0.00000000, USDT), duration: 0, event_id: UUID4(2d09eb85-f67c-483c-adb7-86c26a2cabe7), ts_opened: UnixNanos(1713073000000000000), ts_closed: Some(UnixNanos(1713073000000000000)), ts_event: UnixNanos(1713073000000000000), ts_init: UnixNanos(1713073000000000000) })[0m
[1m2024-04-14T17:20:30.000000000Z[0m [INFO] TRADER-001.nautilus_trading::strategy: DataActor-140735318287112 <--[EVT] OrderInitialized(instrument_id=BTCUSDT-PERP.BINANCE, client_order_id=O-20240414-172030-001-140735318287112-17, side=SELL, type=MARKET, quantity=5.008, time_in_force=GTC, post_only=false, reduce_only=false, quote_quantity=false, price=None, emulation_trigger=None, trigger_instrument_id=None, contingency_type=OTO, order_list_id=OL-20240414-172030-001-140735318287112-5, linked_order_ids=[O-20240414-172030-001-140735318287112-18, O-20240414-172030-001-140735318287112-19], parent_order_id=None, exec_algorithm_id=None, exec_algorithm_params=None, exec_spawn_id=None, tags=delayed-reaccept-btcusdt-000044, BREAKOUT_ACCEPTANCE_CONTINUATION, SHORT, TEN_SECOND_MARKET_ENTRY)[0m
[1m2024-04-14T17:20:30.000000000Z[0m [INFO] TRADER-001.nautilus_trading::strategy: DataActor-140735318287112 <--[EVT] OrderInitialized(instrument_id=BTCUSDT-PERP.BINANCE, client_order_id=O-20240414-172030-001-140735318287112-18, side=BUY, type=STOP_MARKET, quantity=5.008, time_in_force=GTC, post_only=false, reduce_only=true, quote_quantity=false, price=None, emulation_trigger=None, trigger_instrument_id=None, contingency_type=OUO, order_list_id=OL-20240414-172030-001-140735318287112-5, linked_order_ids=[O-20240414-172030-001-140735318287112-19], parent_order_id=O-20240414-172030-001-140735318287112-17, exec_algorithm_id=None, exec_algorithm_params=None, exec_spawn_id=None, tags=delayed-reaccept-btcusdt-000044, OBSERVED_RETEST_INVALIDATION)[0m
[1m2024-04-14T17:20:30.000000000Z[0m [INFO] TRADER-001.nautilus_trading::strategy: DataActor-140735318287112 <--[EVT] OrderInitialized(instrument_id=BTCUSDT-PERP.BINANCE, client_order_id=O-20240414-172030-001-140735318287112-19, side=BUY, type=LIMIT, quantity=5.008, time_in_force=GTC, post_only=false, reduce_only=true, quote_quantity=false, price=62139.3, emulation_trigger=None, trigger_instrument_id=None, contingency_type=OUO, order_list_id=OL-20240414-172030-001-140735318287112-5, linked_order_ids=[O-20240414-172030-001-140735318287112-18], parent_order_id=O-20240414-172030-001-140735318287112-17, exec_algorithm_id=None, exec_algorithm_params=None, exec_spawn_id=None, tags=delayed-reaccept-btcusdt-000044, ACTIVE_COMPLETED_EXTERNAL_TARGET)[0m
[1m2024-04-14T17:20:30.000000000Z[0m [INFO] TRADER-001.nautilus_trading::strategy: DataActor-140735318287112 [CMD]--> SubmitOrderList[0m
[1m2024-04-14T17:20:30.000000000Z[0m [94m[INFO] TRADER-001.nautilus_execution::engine: Submit OrderList(id=OL-20240414-172030-001-140735318287112-5, instrument_id=BTCUSDT-PERP.BINANCE, strategy_id=DataActor-140735318287112, client_order_ids=["O-20240414-172030-001-140735318287112-17", "O-20240414-172030-001-140735318287112-18", "O-20240414-172030-001-140735318287112-19"], ts_init=1713115230000000000)[0m
[1m2024-04-14T17:20:30.000000000Z[0m [INFO] TRADER-001.nautilus_trading::strategy: DataActor-140735318287112 <--[EVT] OrderSubmitted(instrument_id=BTCUSDT-PERP.BINANCE, client_order_id=O-20240414-172030-001-140735318287112-17, account_id=BINANCE-001, ts_event=1713115230000000000)[0m
[1m2024-04-14T17:20:30.000000000Z[0m [INFO] TRADER-001.nautilus_trading::strategy: DataActor-140735318287112 <--[EVT] OrderSubmitted(instrument_id=BTCUSDT-PERP.BINANCE, client_order_id=O-20240414-172030-001-140735318287112-18, account_id=BINANCE-001, ts_event=1713115230000000000)[0m
[1m2024-04-14T17:20:30.000000000Z[0m [INFO] TRADER-001.nautilus_trading::strategy: DataActor-140735318287112 <--[EVT] OrderSubmitted(instrument_id=BTCUSDT-PERP.BINANCE, client_order_id=O-20240414-172030-001-140735318287112-19, account_id=BINANCE-001, ts_event=1713115230000000000)[0m
[1m2024-04-14T17:20:30.000000000Z[0m [INFO] TRADER-001.nautilus_portfolio::manager: BTCUSDT-PERP.BINANCE margin_init=0.00000000 USDT[0m
[1m2024-04-14T17:20:30.000000000Z[0m [INFO] TRADER-001.nautilus_trading::strategy: DataActor-140735318287112 <--[EVT] OrderFilled(instrument_id=BTCUSDT-PERP.BINANCE, client_order_id=O-20240414-172030-001-140735318287112-17, venue_order_id=BINANCE-1-17, account_id=BINANCE-001, trade_id=T-c4a2a35cc0b36432-166331, position_id=P-20240414-172030-001-140735318287112-5, order_side=SELL, order_type=MARKET, last_qty=5.008, last_px=63_269.9 USDT, commission=190.11339552 USDT, liquidity_side=TAKER, ts_event=1713115230000000000)[0m
[1m2024-04-14T17:20:30.000000000Z[0m [INFO] TRADER-001.nautilus_trading::strategy: Canceling 2 inflight BTCUSDT-PERP.BINANCE orders[0m
[1m2024-04-14T17:20:30.000000000Z[0m [INFO] TRADER-001.nautilus_trading::strategy: DataActor-140735318287112 [CMD]--> CancelAllOrders[0m
[1m2024-04-14T17:20:30.000000000Z[0m [INFO] TRADER-001.nautilus_trading::strategy: Canceling 2 inflight BTCUSDT-PERP.BINANCE orders[0m
[1m2024-04-14T17:20:30.000000000Z[0m [INFO] TRADER-001.nautilus_trading::strategy: DataActor-140735318287112 [CMD]--> CancelAllOrders[0m
[1m2024-04-14T17:20:30.000000000Z[0m [INFO] TRADER-001.nautilus_trading::strategy: Closing 1 open position[0m
[1m2024-04-14T17:20:30.000000000Z[0m [INFO] TRADER-001.nautilus_trading::strategy: DataActor-140735318287112 <--[EVT] OrderInitialized(instrument_id=BTCUSDT-PERP.BINANCE, client_order_id=O-20240414-172030-001-140735318287112-20, side=BUY, type=MARKET, quantity=5.008, time_in_force=GTC, post_only=false, reduce_only=true, quote_quantity=false, price=None, emulation_trigger=None, trigger_instrument_id=None, contingency_type=NO_CONTINGENCY, order_list_id=None, linked_order_ids=[None], parent_order_id=None, exec_algorithm_id=None, exec_algorithm_params=None, exec_spawn_id=None, tags=None)[0m
[1m2024-04-14T17:20:30.000000000Z[0m [INFO] TRADER-001.nautilus_trading::strategy: DataActor-140735318287112 [CMD]--> SubmitOrder[0m
[1m2024-04-14T17:20:30.000000000Z[0m [INFO] TRADER-001.nautilus_portfolio::portfolio: BTCUSDT-PERP.BINANCE net_position=-5.008[0m
[1m2024-04-14T17:20:30.000000000Z[0m [INFO] TRADER-001.nautilus_portfolio::manager: BTCUSDT-PERP.BINANCE margin_maint=1267.42263680 USDT[0m
[1m2024-04-14T17:20:30.000000000Z[0m [INFO] TRADER-001.nautilus_portfolio::portfolio: Updated AccountState(account_id=BINANCE-001, account_type=MARGIN, base_currency=USDT, is_reported=false, balances=[AccountBalance(total=98445.91145028 USDT, locked=1267.42263680 USDT, free=97178.48881348 USDT)], margins=[MarginBalance(initial=0.00000000 USDT, maintenance=1267.42263680 USDT, instrument_id=BTCUSDT-PERP.BINANCE)], event_id=5e2f513d-260f-46b8-a3f4-c98f9dc2899f)[0m
[1m2024-04-14T17:20:30.000000000Z[0m [INFO] TRADER-001.nautilus_trading::strategy: DataActor-140735318287112 <--[EVT] PositionOpened(PositionOpened { trader_id: "TRADER-001", strategy_id: "DataActor-140735318287112", instrument_id: "BTCUSDT-PERP.BINANCE", position_id: "P-20240414-172030-001-140735318287112-5", account_id: "BINANCE-001", opening_order_id: "O-20240414-172030-001-140735318287112-17", entry: Sell, side: Short, signed_qty: -5.008, quantity: Quantity(5.008), last_qty: Quantity(5.008), last_px: Price(63269.9), currency: Currency(code='USDT', precision=8, iso4217=0, name='Tether', currency_type=CRYPTO), avg_px_open: 63269.9, event_id: UUID4(9ae0eb53-c181-4a9c-b37e-af448a20af15), ts_event: UnixNanos(1713115230000000000), ts_init: UnixNanos(1713115230000000000) })[0m
[1m2024-04-14T17:20:30.000000000Z[0m [INFO] TRADER-001.nautilus_portfolio::manager: BTCUSDT-PERP.BINANCE margin_init=0.00000000 USDT[0m
[1m2024-04-14T17:20:30.000000000Z[0m [INFO] TRADER-001.nautilus_portfolio::portfolio: Updated AccountState(account_id=BINANCE-001, account_type=MARGIN, base_currency=USDT, is_reported=false, balances=[AccountBalance(total=98445.91145028 USDT, locked=1267.42263680 USDT, free=97178.48881348 USDT)], margins=[MarginBalance(initial=0.00000000 USDT, maintenance=1267.42263680 USDT, instrument_id=BTCUSDT-PERP.BINANCE)], event_id=0b42dd1a-2afe-4974-afa2-03396c0cd552)[0m
[1m2024-04-14T17:20:30.000000000Z[0m [INFO] TRADER-001.nautilus_trading::strategy: DataActor-140735318287112 <--[EVT] OrderAccepted(instrument_id=BTCUSDT-PERP.BINANCE, client_order_id=O-20240414-172030-001-140735318287112-18, venue_order_id=BINANCE-1-18, account_id=BINANCE-001, ts_event=1713115230000000000)[0m
[1m2024-04-14T17:20:30.000000000Z[0m [INFO] TRADER-001.nautilus_portfolio::manager: BTCUSDT-PERP.BINANCE margin_init=0.00000000 USDT[0m
[1m2024-04-14T17:20:30.000000000Z[0m [INFO] TRADER-001.nautilus_portfolio::portfolio: Updated AccountState(account_id=BINANCE-001, account_type=MARGIN, base_currency=USDT, is_reported=false, balances=[AccountBalance(total=98445.91145028 USDT, locked=1267.42263680 USDT, free=97178.48881348 USDT)], margins=[MarginBalance(initial=0.00000000 USDT, maintenance=1267.42263680 USDT, instrument_id=BTCUSDT-PERP.BINANCE)], event_id=4df11ba8-5c43-4f2e-b387-788a55e785b6)[0m
[1m2024-04-14T17:20:30.000000000Z[0m [INFO] TRADER-001.nautilus_trading::strategy: DataActor-140735318287112 <--[EVT] OrderAccepted(instrument_id=BTCUSDT-PERP.BINANCE, client_order_id=O-20240414-172030-001-140735318287112-19, venue_order_id=BINANCE-1-19, account_id=BINANCE-001, ts_event=1713115230000000000)[0m
[1m2024-04-14T17:20:30.000000000Z[0m [94m[INFO] TRADER-001.nautilus_execution::engine: Cancel all orders[0m
[1m2024-04-14T17:20:30.000000000Z[0m [94m[INFO] TRADER-001.nautilus_execution::engine: Cancel all orders[0m
[1m2024-04-14T17:20:30.000000000Z[0m [94m[INFO] TRADER-001.nautilus_execution::engine: Submit MarketOrder(BUY 5.008 BTCUSDT-PERP.BINANCE @ MARKET GTC, status=INITIALIZED, client_order_id=O-20240414-172030-001-140735318287112-20, venue_order_id=None, position_id=None, exec_algorithm_id=None, exec_spawn_id=None, tags=None)[0m
[1m2024-04-14T17:20:30.000000000Z[0m [INFO] TRADER-001.nautilus_trading::strategy: DataActor-140735318287112 <--[EVT] OrderSubmitted(instrument_id=BTCUSDT-PERP.BINANCE, client_order_id=O-20240414-172030-001-140735318287112-20, account_id=BINANCE-001, ts_event=1713115230000000000)[0m
[1m2024-04-14T17:20:30.000000000Z[0m [INFO] TRADER-001.nautilus_portfolio::manager: BTCUSDT-PERP.BINANCE margin_init=0.00000000 USDT[0m
[1m2024-04-14T17:20:30.000000000Z[0m [INFO] TRADER-001.nautilus_portfolio::portfolio: Updated AccountState(account_id=BINANCE-001, account_type=MARGIN, base_currency=USDT, is_reported=false, balances=[AccountBalance(total=98445.91145028 USDT, locked=1267.42263680 USDT, free=97178.48881348 USDT)], margins=[MarginBalance(initial=0.00000000 USDT, maintenance=1267.42263680 USDT, instrument_id=BTCUSDT-PERP.BINANCE)], event_id=54a75f91-c71c-4d58-8d64-39f2c456217d)[0m
[1m2024-04-14T17:20:30.000000000Z[0m [INFO] TRADER-001.nautilus_trading::strategy: DataActor-140735318287112 <--[EVT] OrderCanceled(instrument_id=BTCUSDT-PERP.BINANCE, client_order_id=O-20240414-172030-001-140735318287112-18, venue_order_id=BINANCE-1-18, account_id=BINANCE-001, ts_event=1713115230000000000)[0m
[1m2024-04-14T17:20:30.000000000Z[0m [INFO] TRADER-001.nautilus_portfolio::manager: BTCUSDT-PERP.BINANCE margin_init=0.00000000 USDT[0m
[1m2024-04-14T17:20:30.000000000Z[0m [INFO] TRADER-001.nautilus_portfolio::portfolio: Updated AccountState(account_id=BINANCE-001, account_type=MARGIN, base_currency=USDT, is_reported=false, balances=[AccountBalance(total=98445.91145028 USDT, locked=1267.42263680 USDT, free=97178.48881348 USDT)], margins=[MarginBalance(initial=0.00000000 USDT, maintenance=1267.42263680 USDT, instrument_id=BTCUSDT-PERP.BINANCE)], event_id=ae0d0767-ef77-4218-ad8f-1d2395cbf3c1)[0m
[1m2024-04-14T17:20:30.000000000Z[0m [INFO] TRADER-001.nautilus_trading::strategy: DataActor-140735318287112 <--[EVT] OrderCanceled(instrument_id=BTCUSDT-PERP.BINANCE, client_order_id=O-20240414-172030-001-140735318287112-19, venue_order_id=BINANCE-1-19, account_id=BINANCE-001, ts_event=1713115230000000000)[0m
[1m2024-04-14T17:20:30.000000000Z[0m [INFO] TRADER-001.nautilus_portfolio::manager: BTCUSDT-PERP.BINANCE margin_init=0.00000000 USDT[0m
[1m2024-04-14T17:20:30.000000000Z[0m [INFO] TRADER-001.nautilus_trading::strategy: DataActor-140735318287112 <--[EVT] OrderFilled(instrument_id=BTCUSDT-PERP.BINANCE, client_order_id=O-20240414-172030-001-140735318287112-20, venue_order_id=BINANCE-1-20, account_id=BINANCE-001, trade_id=T-c4a2a35cc0b36432-166332, position_id=P-20240414-172030-001-140735318287112-5, order_side=BUY, order_type=MARKET, last_qty=5.008, last_px=63_270.3 USDT, commission=190.11459744 USDT, liquidity_side=TAKER, ts_event=1713115230000000000)[0m
[1m2024-04-14T17:20:30.000000000Z[0m [INFO] TRADER-001.nautilus_portfolio::portfolio: BTCUSDT-PERP.BINANCE net_position=0[0m
[1m2024-04-14T17:20:30.000000000Z[0m [INFO] TRADER-001.nautilus_portfolio::manager: BTCUSDT-PERP.BINANCE margin_maint=0.00000000 USDT[0m
[1m2024-04-14T17:20:30.000000000Z[0m [INFO] TRADER-001.nautilus_portfolio::portfolio: Updated AccountState(account_id=BINANCE-001, account_type=MARGIN, base_currency=USDT, is_reported=false, balances=[AccountBalance(total=98253.79365284 USDT, locked=0.00000000 USDT, free=98253.79365284 USDT)], margins=[], event_id=f0da45a2-5d81-4754-931a-3c7574eb3adb)[0m
[1m2024-04-14T17:20:30.000000000Z[0m [INFO] TRADER-001.nautilus_trading::strategy: DataActor-140735318287112 <--[EVT] PositionClosed(PositionClosed { trader_id: "TRADER-001", strategy_id: "DataActor-140735318287112", instrument_id: "BTCUSDT-PERP.BINANCE", position_id: "P-20240414-172030-001-140735318287112-5", account_id: "BINANCE-001", opening_order_id: "O-20240414-172030-001-140735318287112-17", closing_order_id: Some("O-20240414-172030-001-140735318287112-20"), entry: Sell, side: Flat, signed_qty: 0.0, quantity: Quantity(0.000), peak_quantity: Quantity(5.008), last_qty: Quantity(5.008), last_px: Price(63270.3), currency: Currency(code='USDT', precision=8, iso4217=0, name='Tether', currency_type=CRYPTO), avg_px_open: 63269.9, avg_px_close: Some(63270.3), realized_return: -6.322121577581997e-6, realized_pnl: Some(Money(-382.23119296, USDT)), unrealized_pnl: Money(0.00000000, USDT), duration: 0, event_id: UUID4(67969fc8-7770-4c43-8593-75ae34ec995b), ts_opened: UnixNanos(1713115230000000000), ts_closed: Some(UnixNanos(1713115230000000000)), ts_event: UnixNanos(1713115230000000000), ts_init: UnixNanos(1713115230000000000) })[0m
[1m2024-04-15T04:01:00.000000000Z[0m [INFO] TRADER-001.nautilus_system::kernel: Stopping trader...[0m
[1m2024-04-15T04:01:00.000000000Z[0m [INFO] TRADER-001.nautilus_system::trader: Stopping[0m
[1m2024-04-15T04:01:00.000000000Z[0m [INFO] TRADER-001.DataActor-140735318287112: Stopping[0m
[1m2024-04-15T04:01:00.000000000Z[0m [INFO] TRADER-001.nautilus_trading::strategy: No BTCUSDT-PERP.BINANCE open, emulated, or inflight orders to cancel[0m
[1m2024-04-15T04:01:00.000000000Z[0m [INFO] TRADER-001.DataActor-140735318287112: Stopped[0m
[1m2024-04-15T04:01:00.000000000Z[0m [INFO] TRADER-001.nautilus_system::trader: Stopped[0m
[1m2024-04-15T04:01:00.000000000Z[0m [INFO] TRADER-001.nautilus_risk::engine: Stopped[0m
[1m2024-04-15T04:01:00.000000000Z[0m [INFO] TRADER-001.nautilus_backtest::execution_client: Backtest execution client stopped[0m
[1m2024-04-15T04:01:00.000000000Z[0m [INFO] TRADER-001.nautilus_execution::engine: Stopped[0m
[1m2026-08-07T04:11:00.994724745Z[0m [36m[INFO] TRADER-001.nautilus_backtest::engine: =================================================================[0m
[1m2026-08-07T04:11:00.994728752Z[0m [36m[INFO] TRADER-001.nautilus_backtest::engine:  BACKTEST POST-RUN[0m
[1m2026-08-07T04:11:00.994729043Z[0m [36m[INFO] TRADER-001.nautilus_backtest::engine: =================================================================[0m
[1m2026-08-07T04:11:00.994729293Z[0m [INFO] TRADER-001.nautilus_backtest::engine: Run config ID:  None[0m
[1m2026-08-07T04:11:00.994729814Z[0m [INFO] TRADER-001.nautilus_backtest::engine: Run ID:         4ee118c7-dd4d-4e63-b259-06508283b667[0m
[1m2026-08-07T04:11:00.994730275Z[0m [INFO] TRADER-001.nautilus_backtest::engine: Run started:    2026-08-07T04:11:00.552353417Z[0m
[1m2026-08-07T04:11:00.994730766Z[0m [INFO] TRADER-001.nautilus_backtest::engine: Run finished:   2026-08-07T04:11:00.994701281Z[0m
[1m2026-08-07T04:11:00.994731267Z[0m [INFO] TRADER-001.nautilus_backtest::engine: Elapsed time:   0 days 00:00:00.442347[0m
[1m2026-08-07T04:11:00.994731578Z[0m [INFO] TRADER-001.nautilus_backtest::engine: Backtest start: 2024-04-07T23:25:10.000000000Z[0m
[1m2026-08-07T04:11:00.994731818Z[0m [INFO] TRADER-001.nautilus_backtest::engine: Backtest end:   2024-04-15T04:01:00.000000000Z[0m
[1m2026-08-07T04:11:00.994732179Z[0m [INFO] TRADER-001.nautilus_backtest::engine: Backtest range: 7 days 04:35:50.000000[0m
[1m2026-08-07T04:11:00.994732509Z[0m [INFO] TRADER-001.nautilus_backtest::engine: Iterations: 72_514[0m
[1m2026-08-07T04:11:00.994732920Z[0m [INFO] TRADER-001.nautilus_backtest::engine: Total events: 50[0m
[1m2026-08-07T04:11:00.994733161Z[0m [INFO] TRADER-001.nautilus_backtest::engine: Total orders: 20[0m
[1m2026-08-07T04:11:00.994733651Z[0m [INFO] TRADER-001.nautilus_backtest::engine: Total positions: 5[0m
[1m2026-08-07T04:11:00.994760742Z[0m [36m[INFO] TRADER-001.nautilus_backtest::engine: =================================================================[0m
[1m2026-08-07T04:11:00.994761103Z[0m [36m[INFO] TRADER-001.nautilus_backtest::engine:  PORTFOLIO PERFORMANCE[0m
[1m2026-08-07T04:11:00.994761454Z[0m [36m[INFO] TRADER-001.nautilus_backtest::engine: =================================================================[0m
[1m2026-08-07T04:11:00.994761884Z[0m [INFO] TRADER-001.nautilus_backtest::engine:  PnL Statistics (USDT)[0m
[1m2026-08-07T04:11:00.994762405Z[0m [36m[INFO] TRADER-001.nautilus_backtest::engine: -----------------------------------------------------------------[0m
[1m2026-08-07T04:11:00.994820434Z[0m [INFO] TRADER-001.nautilus_backtest::engine: Avg Loser:                      -349.24[0m
[1m2026-08-07T04:11:00.994826605Z[0m [INFO] TRADER-001.nautilus_backtest::engine: Avg Winner:                     NaN[0m
[1m2026-08-07T04:11:00.994826866Z[0m [INFO] TRADER-001.nautilus_backtest::engine: Expectancy:                     -349.24[0m
[1m2026-08-07T04:11:00.994827056Z[0m [INFO] TRADER-001.nautilus_backtest::engine: Max Loser:                      -400.04[0m
[1m2026-08-07T04:11:00.994827237Z[0m [INFO] TRADER-001.nautilus_backtest::engine: Max Winner:                     NaN[0m
[1m2026-08-07T04:11:00.994827387Z[0m [INFO] TRADER-001.nautilus_backtest::engine: Min Loser:                      -232.32[0m
[1m2026-08-07T04:11:00.994827527Z[0m [INFO] TRADER-001.nautilus_backtest::engine: Min Winner:                     NaN[0m
[1m2026-08-07T04:11:00.994827687Z[0m [INFO] TRADER-001.nautilus_backtest::engine: PnL (total):                    -1746.21[0m
[1m2026-08-07T04:11:00.994827918Z[0m [INFO] TRADER-001.nautilus_backtest::engine: PnL% (total):                   -1.75[0m
[1m2026-08-07T04:11:00.994828159Z[0m [INFO] TRADER-001.nautilus_backtest::engine: Win Rate:                       0.00[0m
[1m2026-08-07T04:11:00.994828700Z[0m [36m[INFO] TRADER-001.nautilus_backtest::engine: -----------------------------------------------------------------[0m
[1m2026-08-07T04:11:00.994829000Z[0m [INFO] TRADER-001.nautilus_backtest::engine:  Returns Statistics[0m
[1m2026-08-07T04:11:00.994829170Z[0m [36m[INFO] TRADER-001.nautilus_backtest::engine: -----------------------------------------------------------------[0m
[1m2026-08-07T04:11:00.994840281Z[0m [INFO] TRADER-001.nautilus_backtest::engine: Average (Return):               -0.00[0m
[1m2026-08-07T04:11:00.994840572Z[0m [INFO] TRADER-001.nautilus_backtest::engine: Average Loss (Return):          -0.00[0m
[1m2026-08-07T04:11:00.994840762Z[0m [INFO] TRADER-001.nautilus_backtest::engine: Average Win (Return):           NaN[0m
[1m2026-08-07T04:11:00.994840922Z[0m [INFO] TRADER-001.nautilus_backtest::engine: Profit Factor:                  0.00[0m
[1m2026-08-07T04:11:00.994841083Z[0m [INFO] TRADER-001.nautilus_backtest::engine: Returns Volatility (252 days):  0.00[0m
[1m2026-08-07T04:11:00.994841233Z[0m [INFO] TRADER-001.nautilus_backtest::engine: Risk Return Ratio:              -2.23[0m
[1m2026-08-07T04:11:00.994841413Z[0m [INFO] TRADER-001.nautilus_backtest::engine: Sharpe Ratio (252 days):        -35.45[0m
[1m2026-08-07T04:11:00.994841573Z[0m [INFO] TRADER-001.nautilus_backtest::engine: Sortino Ratio (252 days):       -14.80[0m
[1m2026-08-07T04:11:00.994841924Z[0m [36m[INFO] TRADER-001.nautilus_backtest::engine: -----------------------------------------------------------------[0m
[1m2026-08-07T04:11:00.994842235Z[0m [INFO] TRADER-001.nautilus_backtest::engine:  General Statistics[0m
[1m2026-08-07T04:11:00.994842415Z[0m [36m[INFO] TRADER-001.nautilus_backtest::engine: -----------------------------------------------------------------[0m
[1m2026-08-07T04:11:00.994845010Z[0m [INFO] TRADER-001.nautilus_backtest::engine: Long Ratio:                     0.4[0m
[1m2026-08-07T04:11:00.994845300Z[0m [36m[INFO] TRADER-001.nautilus_backtest::engine: -----------------------------------------------------------------[0m
[1m2026-08-07T04:11:01.060151976Z[0m [INFO] TRADER-001.nautilus_system::kernel: Disposing[0m
[1m2026-08-07T04:11:01.060168147Z[0m [INFO] TRADER-001.nautilus_system::trader: Disposing[0m
[1m2026-08-07T04:11:01.060171032Z[0m [INFO] TRADER-001.DataActor-140735318287112: Disposing[0m
[1m2026-08-07T04:11:01.060177785Z[0m [INFO] TRADER-001.DataActor-140735318287112: Disposed[0m
[1m2026-08-07T04:11:01.060184437Z[0m [INFO] TRADER-001.nautilus_system::trader: Disposed[0m
[1m2026-08-07T04:11:01.060188254Z[0m [INFO] TRADER-001.nautilus_backtest::execution_client: Backtest execution client stopped[0m
[1m2026-08-07T04:11:01.060190188Z[0m [INFO] TRADER-001.nautilus_execution::engine: Stopped[0m
[1m2026-08-07T04:11:01.060191791Z[0m [INFO] TRADER-001.nautilus_risk::engine: Stopped[0m
[1m2026-08-07T04:11:01.060192713Z[0m [INFO] TRADER-001.nautilus_execution::order_emulator::emulator: Stopped[0m
[1m2026-08-07T04:11:01.060196860Z[0m [INFO] TRADER-001.nautilus_execution::engine: Disposed[0m
[1m2026-08-07T04:11:01.060197261Z[0m [INFO] TRADER-001.nautilus_risk::engine: Disposed[0m
[1m2026-08-07T04:11:01.060198513Z[0m [INFO] TRADER-001.nautilus_execution::order_emulator::emulator: Disposed[0m
[1m2026-08-07T04:11:01.060234320Z[0m [INFO] TRADER-001.nautilus_common::cache: Reset cache[0m
[1m2026-08-07T04:11:01.060248517Z[0m [INFO] TRADER-001.nautilus_system::kernel: Disposed[0m
Traceback (most recent call last):
  File "/__w/SMC_ICT_4_LIVE/SMC_ICT_4_LIVE/research/candidate-08/run_aggtrade_delayed_reacceptance_nautilus.py", line 294, in <module>
    raise SystemExit(execution.runner.base_runner.main())
                     ~~~~~~~~~~~~~~~~~~~~~~~~~~~~~~~~~^^
  File "/__w/SMC_ICT_4_LIVE/SMC_ICT_4_LIVE/research/candidate-08/run_aggtrade_acceptance_nautilus.py", line 1005, in main
    run_suite(
    ~~~~~~~~~^
        config_path=args.config.resolve(),
        ^^^^^^^^^^^^^^^^^^^^^^^^^^^^^^^^^^
    ...<7 lines>...
        ablation=args.ablation,
        ^^^^^^^^^^^^^^^^^^^^^^^
    )
    ^
  File "/__w/SMC_ICT_4_LIVE/SMC_ICT_4_LIVE/research/candidate-08/run_aggtrade_acceptance_nautilus.py", line 926, in run_suite
    result = run_window(
        config=config,
    ...<5 lines>...
        ablation=ablation,
    )
  File "/__w/SMC_ICT_4_LIVE/SMC_ICT_4_LIVE/research/candidate-08/run_aggtrade_flow_response_auction_nautilus.py", line 212, in _flow_response_run_window
    return _original_run_window(*args, **kwargs)
  File "/__w/SMC_ICT_4_LIVE/SMC_ICT_4_LIVE/research/candidate-08/run_aggtrade_delayed_reacceptance_nautilus.py", line 161, in _run_window_with_risk_classification
    return run_window_classifying_realized_slippage(
        _NATIVE_ORIGINAL_RUN_WINDOW,
        *args,
        **kwargs,
    )
  File "/__w/SMC_ICT_4_LIVE/SMC_ICT_4_LIVE/research/candidate-08/aggtrade_acceptance_risk_v2.py", line 124, in run_window_classifying_realized_slippage
    return original_run_window(*args, **kwargs)
  File "/__w/SMC_ICT_4_LIVE/SMC_ICT_4_LIVE/research/candidate-08/run_aggtrade_acceptance_nautilus.py", line 813, in run_window
    event_count = _write_merged_events(
        output_dir / "scenario_events.jsonl",
        signals_by_time_ns=signals_by_time_ns,
        execution_events=strategy.execution_events,
    )
  File "/__w/SMC_ICT_4_LIVE/SMC_ICT_4_LIVE/research/candidate-08/run_aggtrade_delayed_reacceptance_nautilus.py", line 138, in _write_merged_events
    base_runner.write_events(path, [item[0] for item in materialized])
    ~~~~~~~~~~~~~~~~~~~~~~~~^^^^^^^^^^^^^^^^^^^^^^^^^^^^^^^^^^^^^^^^^^
  File "/__w/SMC_ICT_4_LIVE/SMC_ICT_4_LIVE/src/smc_ict_4/event_log.py", line 53, in write_events
    validated = validate_events(events)
  File "/__w/SMC_ICT_4_LIVE/SMC_ICT_4_LIVE/src/smc_ict_4/event_log.py", line 37, in validate_events
    raise EventLogError(
    ...<3 lines>...
    )
smc_ict_4.event_log.EventLogError: scenario 'delayed-reaccept-btcusdt-000009' state chain broke: expected previous_state='ORDER_SUBMITTED', got 'EXIT_REQUESTED'
