{
  "active_days": 0,
  "active_order_rows_at_end": 0,
  "active_order_status_counts": {},
  "calendar_days": 4,
  "candidate": "candidate-35-clock-phase-auction-router",
  "closed_position_rows": 0,
  "daily_returns": {
    "2026-02-15": 0.0,
    "2026-02-16": 0.0,
    "2026-02-17": 0.0,
    "2026-02-18": 0.0
  },
  "ending_nav": 100000.0,
  "engine": "NautilusTrader BacktestNode",
  "evaluation_end": "2026-02-18",
  "evaluation_start": "2026-02-15",
  "expectancy_usdt": 0.0,
  "gate_checks": {
    "closed_position_rows_match_trade_count": true,
    "geometric_daily_growth": false,
    "independent_trades_at_least_calendar_days": false,
    "max_drawdown": true,
    "nautilus_position_report_rows_match": true,
    "no_active_orders_at_end": true,
    "no_global_position_violation": true,
    "no_liquidation": true,
    "no_open_positions_at_end": true,
    "no_order_rejections": true,
    "positive_expectancy": false,
    "positive_nav": true,
    "risk_fraction_exactly_three_percent": true,
    "single_entry_intent": true,
    "single_position": true,
    "win_rate": false
  },
  "gate_pass": false,
  "geometric_daily_growth": 0.0,
  "global_entry_or_position_limit": 1,
  "gross_loss": 0,
  "gross_profit": 0,
  "input_records": {
    "BTCUSDT": {
      "evidence_endpoints": {
        "klines": 4
      },
      "evidence_files": 4,
      "feature_sha256": "32ab2fd9e2b1124f746b0c4c61f8a771ac2e642a459f5fbed6c13ce9e2cb5c04",
      "mode": "direct-checksum-verified-binance",
      "raw_files": 8,
      "rows": 5760
    },
    "ETHUSDT": {
      "evidence_endpoints": {
        "klines": 4
      },
      "evidence_files": 4,
      "feature_sha256": "32ab2fd9e2b1124f746b0c4c61f8a771ac2e642a459f5fbed6c13ce9e2cb5c04",
      "mode": "direct-checksum-verified-binance",
      "raw_files": 8,
      "rows": 5760
    },
    "SOLUSDT": {
      "evidence_endpoints": {
        "klines": 4
      },
      "evidence_files": 4,
      "feature_sha256": "bbf21d62a18e3674a939f904e9bbb585bbd7830ad59b097e4eb282855c03a885",
      "mode": "direct-checksum-verified-binance",
      "raw_files": 8,
      "rows": 5760
    },
    "XRPUSDT": {
      "evidence_endpoints": {
        "klines": 4
      },
      "evidence_files": 4,
      "feature_sha256": "bbf21d62a18e3674a939f904e9bbb585bbd7830ad59b097e4eb282855c03a885",
      "mode": "direct-checksum-verified-binance",
      "raw_files": 8,
      "rows": 5760
    }
  },
  "largest_winner_share": 1.0,
  "losses": 0,
  "max_drawdown": 0.0,
  "min_equity": 100000.0,
  "nautilus_result": {
    "iterations": 23040,
    "run_id": "0cda1c52-f482-435a-b6a7-81df8672bfdd",
    "stats_pnls": {
      "USDT": {
        "Avg Loser": NaN,
        "Avg Winner": NaN,
        "Expectancy": NaN,
        "Max Loser": NaN,
        "Max Winner": NaN,
        "Min Loser": NaN,
        "Min Winner": NaN,
        "PnL (total)": 0.0,
        "PnL% (total)": 0.0,
        "Win Rate": NaN
      }
    },
    "stats_returns": {
      "Average (Return)": NaN,
      "Average Loss (Return)": NaN,
      "Average Win (Return)": NaN,
      "Profit Factor": NaN,
      "Returns Volatility (252 days)": NaN,
      "Risk Return Ratio": NaN,
      "Sharpe Ratio (252 days)": NaN,
      "Sortino Ratio (252 days)": NaN
    },
    "summary": {
      "account.BINANCE.balance.USDT.free": "100000.00000000 USDT",
      "account.BINANCE.balance.USDT.locked": "0.00000000 USDT",
      "account.BINANCE.balance.USDT.total": "100000.00000000 USDT",
      "account.BINANCE.base_currency": "USDT",
      "account.BINANCE.event_count": "1",
      "account.BINANCE.id": "BINANCE-001",
      "account.BINANCE.type": "MARGIN",
      "iterations": "23040",
      "orders.closed": "0",
      "orders.emulated": "0",
      "orders.inflight": "0",
      "orders.open": "0",
      "orders.total": "0",
      "positions.closed": "0",
      "positions.open": "0",
      "positions.snapshots": "0",
      "positions.total": "0",
      "positions.total_with_snapshots": "0",
      "total_events": "0",
      "venues.total": "1"
    },
    "total_events": 0,
    "total_orders": 0,
    "total_positions": 0
  },
  "open_position_rows_at_end": 0,
  "position_counts_by_symbol": {},
  "position_report_rows": 0,
  "profit_factor": 0.0,
  "rolling_windows": {
    "180": {
      "window_days": 180,
      "windows": 0
    },
    "30": {
      "window_days": 30,
      "windows": 0
    },
    "365": {
      "window_days": 365,
      "windows": 0
    },
    "90": {
      "window_days": 90,
      "windows": 0
    }
  },
  "single_continuous_account": true,
  "single_strategy_process": true,
  "starting_nav": 100000.0,
  "strategy_diagnostics": {
    "actionable_family_counts": {},
    "alpha_rule_changed_by_optimization": 0,
    "candidate57_finite_history_optimization_v2": 1,
    "candidate57_ichi5m_private_reconstruction_v1": 1,
    "complete_universe_minutes": 5760,
    "cooldown_rejections": 0,
    "entry_expirations": 0,
    "entry_submissions": 0,
    "exchange_max_quantity_bounds": 0,
    "external_source": "Strategy Ninja private ichi_5m indicator footprint and monthly outcomes",
    "feature_stale_episodes": 0,
    "funding_runway_rejections": 0,
    "global_position_violations": 0,
    "ichi5_chikou_used": 0,
    "ichi5_entry_changed_after_freeze": 0,
    "ichi5_entry_mode": "anchor_cloud",
    "ichi5_final_entry_blackouts": 2,
    "ichi5_hidden_source_available": 0,
    "ichi5_management_changed_after_freeze": 0,
    "ichi5_risk_changed_after_freeze": 0,
    "ichi5_risk_mode": "auction_structure",
    "ichi5_side_mode": "long",
    "ichi5_source_exit_mode": "anchor_or_fan_cross",
    "ichi5_source_signal_exits": 0,
    "ichi5_trigger_mode": "level",
    "incomplete_universe_minutes": 0,
    "indicator_history_max_completed_minutes": 512,
    "max_open_positions_observed": 0,
    "max_simultaneous_entry_intents": 0,
    "order_rejections": 0,
    "picasso_bucket_minutes": 1,
    "picasso_precedence_mode": "corrected_level",
    "picasso_roi_exits": 0,
    "picasso_source_signal_exits": 0,
    "picasso_trailing_activations": 0,
    "picasso_trailing_exits": 0,
    "quarter_hour_decisions": 5694,
    "route_counts": {
      "UNRESOLVED": 22776
    },
    "selected_symbols": {},
    "source_signals_before_execution_filters": 0,
    "unresolved_episodes": 5694,
    "unresolved_reason_counts": {
      "ICHI5_RECON_NO_SIGNAL": 22636,
      "ICHI5_RECON_WARMUP": 140
    },
    "used_episode_rejections": 0
  },
  "total_return": 0.0,
  "trades": 0,
  "universe": [
    "BTCUSDT",
    "ETHUSDT",
    "SOLUSDT",
    "XRPUSDT"
  ],
  "win_rate": 0.0,
  "wins": 0
}
Traceback (most recent call last):
  File "/home/runner/work/SMC_ICT_4_LIVE/SMC_ICT_4_LIVE/research/candidate-57/ichi5m_private_fast_v2_identity.py", line 46, in <module>
    raise SystemExit(main())
                     ~~~~^^
  File "/home/runner/work/SMC_ICT_4_LIVE/SMC_ICT_4_LIVE/research/candidate-57/ichi5m_private_fast_v2_identity.py", line 42, in main
    return 0 if row.get("produced") and BASE.account_ok(row) else 2
                                        ^^^^^^^^^^^^^^^
AttributeError: module 'candidate57_private_ichi_identity_base' has no attribute 'account_ok'
