{
  "candidate": "candidate-02-v145-trend-q75",
  "custom_backtest_engine": false,
  "data_integrity": {
    "columns_path": "inputs/v145-week1/artifacts/candidate-02-v48-first-week/columns.json",
    "feature_first_open_utc": "2024-09-01T00:00:00+00:00",
    "feature_last_open_utc": "2025-03-10T23:55:00+00:00",
    "feature_rows": 55008,
    "forward_feature_columns_used": false,
    "npz_path": "inputs/v145-week1/artifacts/candidate-02-v48-first-week/v48_features.npz",
    "raw_directory": "inputs/v145-week1/.cache/candidate-02/v48-first-week/binance_1m",
    "raw_first_close_utc": "2025-03-01T00:01:00+00:00",
    "raw_last_close_utc": "2025-03-10T01:00:00+00:00",
    "raw_rows": 13020
  },
  "decision": "REJECT_OR_REDESIGN",
  "effective_commissions_usdt": 2252.49072272,
  "engine": "NautilusTrader 1.230.0",
  "engine_result": {
    "iterations": 13020,
    "stats_general": {},
    "stats_pnls": {
      "USDT": {
        "Avg Loser": -3040.7121528800003,
        "Avg Winner": 2252.8288650799996,
        "Expectancy": 488.3151924266663,
        "Max Loser": -3040.7121528800003,
        "Max Winner": 2263.60347505,
        "Min Loser": -3040.7121528800003,
        "Min Winner": 2242.0542551099998,
        "PnL (total)": 1464.94557728,
        "PnL% (total)": 1.4649455772799993,
        "Win Rate": 0.6666666666666666
      }
    },
    "stats_returns": {
      "Average (Return)": 0.0018531315413337773,
      "Average Loss (Return)": -0.007771086778299963,
      "Average Win (Return)": 0.02259613910897018,
      "Profit Factor": 2.9077193130911625,
      "Returns Volatility (252 days)": 0.13987884303849818,
      "Risk Return Ratio": 0.21030736737118616,
      "Sharpe Ratio (252 days)": 3.33852595769315,
      "Sortino Ratio (252 days)": 10.707048089578286
    },
    "summary": {
      "account.BINANCE.balance.USDT.free": "101464.94557728 USDT",
      "account.BINANCE.balance.USDT.locked": "0.00000000 USDT",
      "account.BINANCE.balance.USDT.total": "101464.94557728 USDT",
      "account.BINANCE.base_currency": "USDT",
      "account.BINANCE.event_count": "16",
      "account.BINANCE.id": "BINANCE-001",
      "account.BINANCE.type": "MARGIN",
      "iterations": "13020",
      "orders.closed": "9",
      "orders.emulated": "0",
      "orders.inflight": "0",
      "orders.open": "0",
      "orders.total": "9",
      "positions.closed": "1",
      "positions.open": "0",
      "positions.snapshots": "2",
      "positions.total": "1",
      "positions.total_with_snapshots": "3",
      "total_events": "24",
      "venues.total": "1"
    },
    "total_events": 24,
    "total_orders": 9,
    "total_positions": 3
  },
  "evaluation_days": 7.0,
  "evaluation_end_utc": "2025-03-10T00:00:00+00:00",
  "evaluation_start_utc": "2025-03-03T00:00:00+00:00",
  "execution_model": {
    "account_source_of_truth": true,
    "bar_adaptive_high_low_ordering": true,
    "bar_execution": true,
    "bracket_orders": true,
    "effective_maker_commission_rate": "0.00030",
    "effective_taker_commission_rate": "0.00085",
    "liquidation_enabled": false,
    "liquidation_requested": true
  },
  "fills": 6,
  "final_nav_usdt": 101464.94557728,
  "flat_at_end": true,
  "geometric_daily_growth_after_cost": 0.002079758141801058,
  "gross_loss_after_cost_usdt": -3040.7121528800053,
  "gross_profit_after_cost_usdt": 4505.657730160005,
  "losses": 1,
  "maximum_effective_notional_multiple": 8.525192670040612,
  "maximum_mark_to_market_drawdown": -0.035186455463200095,
  "maximum_planned_loss_to_budget": 0.9999627412808594,
  "nav_factor": 1.0146494557728,
  "orders": 9,
  "pass_checks": {
    "flat_at_end": true,
    "maximum_drawdown": true,
    "minimum_geometric_daily_growth": false,
    "minimum_profit_factor": false,
    "minimum_trades_per_day": false,
    "minimum_win_rate": true,
    "planned_loss_budget": true
  },
  "positions_rows": 3,
  "profit_factor_after_cost": 1.4817771310225727,
  "risk_fraction": 0.03,
  "runtime_diagnostics": {
    "entry_pending": false,
    "position_flat": true,
    "runtime": {
      "ENTRY_BRACKET_SUBMITTED": 3,
      "POSITION_CLOSED": 3,
      "POSITION_OPENED": 3
    },
    "scheduled_signals": 3,
    "selected_signal": null
  },
  "scheduled_signals": 3,
  "stage": "first_random_btc_week_nautilustrader",
  "starting_nav_usdt": 100000.0,
  "submitted_signals": 3,
  "target_met": false,
  "trades": 3,
  "trades_per_day": 0.42857142857142855,
  "win_rate": 0.6666666666666666,
  "wins": 2
}
