{
  "candidate": "candidate-02-v145-trend-q55",
  "custom_backtest_engine": false,
  "data_integrity": {
    "columns_path": "inputs/v145-week1/artifacts/candidate-02-v48-first-week/columns.json",
    "feature_first_open_utc": "2024-09-01T00:00:00+00:00",
    "feature_last_open_utc": "2025-03-10T23:55:00+00:00",
    "feature_rows": 55008,
    "forward_feature_columns_used": false,
    "npz_path": "inputs/v145-week1/artifacts/candidate-02-v48-first-week/v48_features.npz",
    "raw_directory": "inputs/v145-week1/.cache/candidate-02/v48-first-week/binance_1m",
    "raw_first_close_utc": "2025-03-01T00:01:00+00:00",
    "raw_last_close_utc": "2025-03-10T01:00:00+00:00",
    "raw_rows": 13020
  },
  "decision": "REJECT_OR_REDESIGN",
  "effective_commissions_usdt": 1278.74757783,
  "engine": "NautilusTrader 1.230.0",
  "engine_result": {
    "iterations": 13020,
    "stats_general": {},
    "stats_pnls": {
      "USDT": {
        "Avg Loser": -3040.7121528800003,
        "Avg Winner": 2263.60347505,
        "Expectancy": -388.55433891500024,
        "Max Loser": -3040.7121528800003,
        "Max Winner": 2263.60347505,
        "Min Loser": -3040.7121528800003,
        "Min Winner": 2263.60347505,
        "PnL (total)": -777.10867783,
        "PnL% (total)": -0.777108677829994,
        "Win Rate": 0.5
      }
    },
    "stats_returns": {
      "Average (Return)": -0.0012951811297166604,
      "Average Loss (Return)": -0.007771086778299963,
      "Average Win (Return)": NaN,
      "Profit Factor": 0.0,
      "Returns Volatility (252 days)": 0.050362398354987785,
      "Risk Return Ratio": -0.4082482904638631,
      "Sharpe Ratio (252 days)": -6.480740698407861,
      "Sortino Ratio (252 days)": -6.480740698407861
    },
    "summary": {
      "account.BINANCE.balance.USDT.free": "99222.89132217 USDT",
      "account.BINANCE.balance.USDT.locked": "0.00000000 USDT",
      "account.BINANCE.balance.USDT.total": "99222.89132217 USDT",
      "account.BINANCE.base_currency": "USDT",
      "account.BINANCE.event_count": "11",
      "account.BINANCE.id": "BINANCE-001",
      "account.BINANCE.type": "MARGIN",
      "iterations": "13020",
      "orders.closed": "6",
      "orders.emulated": "0",
      "orders.inflight": "0",
      "orders.open": "0",
      "orders.total": "6",
      "positions.closed": "1",
      "positions.open": "0",
      "positions.snapshots": "1",
      "positions.total": "1",
      "positions.total_with_snapshots": "2",
      "total_events": "16",
      "venues.total": "1"
    },
    "total_events": 16,
    "total_orders": 6,
    "total_positions": 2
  },
  "evaluation_days": 7.0,
  "evaluation_end_utc": "2025-03-10T00:00:00+00:00",
  "evaluation_start_utc": "2025-03-03T00:00:00+00:00",
  "execution_model": {
    "account_source_of_truth": true,
    "bar_adaptive_high_low_ordering": true,
    "bar_execution": true,
    "bracket_orders": true,
    "effective_maker_commission_rate": "0.00030",
    "effective_taker_commission_rate": "0.00085",
    "liquidation_enabled": false,
    "liquidation_requested": true
  },
  "fills": 4,
  "final_nav_usdt": 99222.89132217,
  "flat_at_end": true,
  "geometric_daily_growth_after_cost": -0.0011138704740968342,
  "gross_loss_after_cost_usdt": -3040.7121528800053,
  "gross_profit_after_cost_usdt": 2263.603475050011,
  "losses": 1,
  "maximum_effective_notional_multiple": 5.2309073463874975,
  "maximum_mark_to_market_drawdown": -0.035186455463200095,
  "maximum_planned_loss_to_budget": 0.9999197306453333,
  "nav_factor": 0.9922289132217,
  "orders": 6,
  "pass_checks": {
    "flat_at_end": true,
    "maximum_drawdown": true,
    "minimum_geometric_daily_growth": false,
    "minimum_profit_factor": false,
    "minimum_trades_per_day": false,
    "minimum_win_rate": true,
    "planned_loss_budget": true
  },
  "positions_rows": 2,
  "profit_factor_after_cost": 0.7444320150153124,
  "risk_fraction": 0.03,
  "runtime_diagnostics": {
    "entry_pending": false,
    "position_flat": true,
    "runtime": {
      "ENTRY_BRACKET_SUBMITTED": 2,
      "POSITION_CLOSED": 2,
      "POSITION_OPENED": 2
    },
    "scheduled_signals": 2,
    "selected_signal": null
  },
  "scheduled_signals": 2,
  "stage": "first_random_btc_week_nautilustrader",
  "starting_nav_usdt": 100000.0,
  "submitted_signals": 2,
  "target_met": false,
  "trades": 2,
  "trades_per_day": 0.2857142857142857,
  "win_rate": 0.5,
  "wins": 1
}
