{
  "QH_FLOW_LAG_ALIGNMENT": {
    "1.5r_240m": {
      "STOP": 157,
      "TARGET": 114,
      "TIMEOUT": 1
    },
    "2.0r_240m": {
      "STOP": 177,
      "STOP_AMBIGUOUS_FIRST": 1,
      "TARGET": 92,
      "TIMEOUT": 2
    },
    "3.0r_240m": {
      "STOP": 196,
      "TARGET": 74,
      "TIMEOUT": 2
    },
    "events": 272,
    "horizon_120m": {
      "mean_signed_return": -0.000472804558193976,
      "median_mae_r": 4.798237428451771,
      "median_mfe_r": 4.269871025249639,
      "median_signed_return": -0.0003179657619162527,
      "positive_share": 0.4522058823529412
    },
    "horizon_15m": {
      "mean_signed_return": 0.00020765711766502752,
      "median_mae_r": 1.486885915896905,
      "median_mfe_r": 1.532179220848291,
      "median_signed_return": 6.706473057808e-05,
      "positive_share": 0.5294117647058824
    },
    "horizon_240m": {
      "mean_signed_return": -0.00027680675200187103,
      "median_mae_r": 7.0188910432168585,
      "median_mfe_r": 5.579319029222654,
      "median_signed_return": -0.00047703830552545687,
      "positive_share": 0.47794117647058826
    },
    "horizon_30m": {
      "mean_signed_return": 0.00026087612688131204,
      "median_mae_r": 2.020651069520473,
      "median_mfe_r": 2.167965938485403,
      "median_signed_return": 0.0001841759866448326,
      "positive_share": 0.5294117647058824
    },
    "horizon_60m": {
      "mean_signed_return": -0.00013630331043255285,
      "median_mae_r": 3.045295779764567,
      "median_mfe_r": 3.191245823698134,
      "median_signed_return": -0.00016991248468631776,
      "positive_share": 0.4852941176470588
    }
  },
  "QH_FLOW_PRICE_ALIGNMENT": {
    "1.5r_240m": {
      "STOP": 299,
      "STOP_AMBIGUOUS_FIRST": 2,
      "TARGET": 232,
      "TIMEOUT": 2
    },
    "2.0r_240m": {
      "STOP": 344,
      "STOP_AMBIGUOUS_FIRST": 2,
      "TARGET": 186,
      "TIMEOUT": 3
    },
    "3.0r_240m": {
      "STOP": 391,
      "TARGET": 141,
      "TIMEOUT": 3
    },
    "events": 535,
    "horizon_120m": {
      "mean_signed_return": 2.8106486981524928e-05,
      "median_mae_r": 4.3328170497487495,
      "median_mfe_r": 4.165543561505177,
      "median_signed_return": -8.144570505272436e-05,
      "positive_share": 0.491588785046729
    },
    "horizon_15m": {
      "mean_signed_return": 0.00023164386844107783,
      "median_mae_r": 1.4474703349137001,
      "median_mfe_r": 1.519519194325653,
      "median_signed_return": 8.631768745324459e-05,
      "positive_share": 0.5289719626168224
    },
    "horizon_240m": {
      "mean_signed_return": -3.750265578292711e-05,
      "median_mae_r": 6.09894286902752,
      "median_mfe_r": 5.906779371778612,
      "median_signed_return": -0.0003068490348409843,
      "positive_share": 0.4822429906542056
    },
    "horizon_30m": {
      "mean_signed_return": 0.0003677998353194247,
      "median_mae_r": 1.9289032799130998,
      "median_mfe_r": 2.1143796757833186,
      "median_signed_return": 0.00017993565879653348,
      "positive_share": 0.5364485981308411
    },
    "horizon_60m": {
      "mean_signed_return": 0.00018538633402891646,
      "median_mae_r": 3.0002305697897067,
      "median_mfe_r": 3.01898869212746,
      "median_signed_return": -1.3468183520884698e-05,
      "positive_share": 0.49906542056074765
    }
  },
  "SESSION_BREAK_ACCEPTANCE": {
    "1.5r_240m": {
      "STOP": 38,
      "TARGET": 25,
      "TIMEOUT": 1
    },
    "2.0r_240m": {
      "STOP": 43,
      "TARGET": 19,
      "TIMEOUT": 2
    },
    "3.0r_240m": {
      "STOP": 46,
      "TARGET": 16,
      "TIMEOUT": 2
    },
    "events": 64,
    "horizon_120m": {
      "mean_signed_return": 0.000820527870831274,
      "median_mae_r": 5.239218299521188,
      "median_mfe_r": 3.6218816033035846,
      "median_signed_return": -0.00048791526731301353,
      "positive_share": 0.421875
    },
    "horizon_15m": {
      "mean_signed_return": 0.00032519630374286054,
      "median_mae_r": 1.5268674987517585,
      "median_mfe_r": 1.2095213276107448,
      "median_signed_return": -5.569223453703924e-05,
      "positive_share": 0.484375
    },
    "horizon_240m": {
      "mean_signed_return": 0.000179558479684587,
      "median_mae_r": 6.311218049652601,
      "median_mfe_r": 6.400023879946392,
      "median_signed_return": -0.0006480498561935616,
      "positive_share": 0.46875
    },
    "horizon_30m": {
      "mean_signed_return": 0.00048728200238185384,
      "median_mae_r": 2.1055638656505025,
      "median_mfe_r": 1.7595286539412176,
      "median_signed_return": 0.00020295091016735752,
      "positive_share": 0.515625
    },
    "horizon_60m": {
      "mean_signed_return": 7.032521679673203e-05,
      "median_mae_r": 3.30547714271387,
      "median_mfe_r": 2.628153485470951,
      "median_signed_return": -0.0008979421919223505,
      "positive_share": 0.421875
    }
  },
  "SESSION_SWEEP_REJECTION": {
    "1.5r_240m": {
      "STOP": 16,
      "TARGET": 6
    },
    "2.0r_240m": {
      "STOP": 16,
      "TARGET": 6
    },
    "3.0r_240m": {
      "STOP": 17,
      "TARGET": 5
    },
    "events": 22,
    "horizon_120m": {
      "mean_signed_return": -0.004370053673089775,
      "median_mae_r": 5.180094222361917,
      "median_mfe_r": 2.3940060608915466,
      "median_signed_return": -0.0027541176327185277,
      "positive_share": 0.2727272727272727
    },
    "horizon_15m": {
      "mean_signed_return": -0.000634469068046233,
      "median_mae_r": 1.787816468702271,
      "median_mfe_r": 0.5752801781131223,
      "median_signed_return": -0.0007200408184687198,
      "positive_share": 0.45454545454545453
    },
    "horizon_240m": {
      "mean_signed_return": -0.0013033996191923677,
      "median_mae_r": 8.474373042804004,
      "median_mfe_r": 3.0065405619351706,
      "median_signed_return": 0.0007196553734659911,
      "positive_share": 0.5454545454545454
    },
    "horizon_30m": {
      "mean_signed_return": -0.0004906443871299493,
      "median_mae_r": 1.9717150689473821,
      "median_mfe_r": 1.1025858426995083,
      "median_signed_return": -7.99043514297142e-05,
      "positive_share": 0.45454545454545453
    },
    "horizon_60m": {
      "mean_signed_return": -0.0022308738646798325,
      "median_mae_r": 3.0108816468643855,
      "median_mfe_r": 2.3940060608915466,
      "median_signed_return": 0.00011544937921292025,
      "positive_share": 0.5
    }
  },
  "TOP_HOUR_FLOW_LAG": {
    "1.5r_240m": {
      "STOP": 52,
      "TARGET": 37
    },
    "2.0r_240m": {
      "STOP": 55,
      "TARGET": 34
    },
    "3.0r_240m": {
      "STOP": 60,
      "TARGET": 29
    },
    "events": 89,
    "horizon_120m": {
      "mean_signed_return": -0.0007318538145390464,
      "median_mae_r": 4.039402642717985,
      "median_mfe_r": 4.718853838518394,
      "median_signed_return": 9.6262899229006e-06,
      "positive_share": 0.5056179775280899
    },
    "horizon_15m": {
      "mean_signed_return": 0.0007330717759944528,
      "median_mae_r": 1.494059298858209,
      "median_mfe_r": 1.8874997243716574,
      "median_signed_return": 0.0003156937186987016,
      "positive_share": 0.6179775280898876
    },
    "horizon_240m": {
      "mean_signed_return": -0.0007575254274271662,
      "median_mae_r": 6.1145515802978805,
      "median_mfe_r": 5.906779371778612,
      "median_signed_return": -0.000528006215700194,
      "positive_share": 0.48314606741573035
    },
    "horizon_30m": {
      "mean_signed_return": 0.0008258988489569934,
      "median_mae_r": 1.894446122642589,
      "median_mfe_r": 2.7229965908596956,
      "median_signed_return": 0.0005351525954901442,
      "positive_share": 0.550561797752809
    },
    "horizon_60m": {
      "mean_signed_return": 8.552054271488771e-05,
      "median_mae_r": 2.932120263045147,
      "median_mfe_r": 3.5790100188474963,
      "median_signed_return": 0.0002197940502389537,
      "positive_share": 0.550561797752809
    }
  }
}
