[OK] python: 3.13.5 (need 3.13.x)
[OK] nautilus_trader: 1.230.0 (need 1.230.0)
[OK] glibc: 2.36 (need >= 2.35)
test_confirmation_quote_ofi_ablation_changes_only_the_predeclared_gate (__main__.QuoteResiliencySignalContracts.test_confirmation_quote_ofi_ablation_changes_only_the_predeclared_gate) ... ok
test_detector_source_contains_no_execution_or_outcome_logic (__main__.QuoteResiliencySignalContracts.test_detector_source_contains_no_execution_or_outcome_logic) ... ok
test_future_rows_do_not_change_existing_signal (__main__.QuoteResiliencySignalContracts.test_future_rows_do_not_change_existing_signal) ... ok
test_quote_replenished_high_sweep_emits_short_reversal (__main__.QuoteResiliencySignalContracts.test_quote_replenished_high_sweep_emits_short_reversal) ... ok
test_quote_replenished_low_sweep_emits_long_reversal (__main__.QuoteResiliencySignalContracts.test_quote_replenished_low_sweep_emits_long_reversal) ... ok
test_quote_withdrawal_acceptance_emits_long_continuation_after_separate_retest (__main__.QuoteResiliencySignalContracts.test_quote_withdrawal_acceptance_emits_long_continuation_after_separate_retest) ... ok
test_target_crossed_on_confirmation_bucket_is_not_reused (__main__.QuoteResiliencySignalContracts.test_target_crossed_on_confirmation_bucket_is_not_reused) ... ok

----------------------------------------------------------------------
Ran 7 tests in 0.050s

OK
test_rejected_response_bucket_cannot_arm_another_crossed_level (__main__.OneScenarioTransitionPerBucketContract.test_rejected_response_bucket_cannot_arm_another_crossed_level) ... ok

----------------------------------------------------------------------
Ran 1 test in 0.020s

OK
test_direction_must_be_signed (__main__.ExecutableQuoteReferenceContracts.test_direction_must_be_signed) ... ok
test_invalid_or_crossed_completed_quote_fails_closed (__main__.ExecutableQuoteReferenceContracts.test_invalid_or_crossed_completed_quote_fails_closed) ... ok
test_long_uses_completed_best_ask_not_trade_close (__main__.ExecutableQuoteReferenceContracts.test_long_uses_completed_best_ask_not_trade_close) ... ok
test_short_uses_completed_best_bid_not_trade_close (__main__.ExecutableQuoteReferenceContracts.test_short_uses_completed_best_bid_not_trade_close) ... ok
test_fill_adjusted_exit_requires_strictly_later_event_time (__main__.FillAdjustedExitTimingContracts.test_fill_adjusted_exit_requires_strictly_later_event_time) ... ok
test_fill_adjusted_exit_without_position_open_time_fails_closed (__main__.FillAdjustedExitTimingContracts.test_fill_adjusted_exit_without_position_open_time_fails_closed) ... ok
test_non_risk_exit_is_not_changed_by_guard (__main__.FillAdjustedExitTimingContracts.test_non_risk_exit_is_not_changed_by_guard) ... ok

----------------------------------------------------------------------
Ran 7 tests in 0.013s

OK
test_adapter_contains_no_new_backtest_or_sizing_engine (__main__.NativeAdapterContracts.test_adapter_contains_no_new_backtest_or_sizing_engine) ... ok
test_config_and_implementation_revisions_are_bound (__main__.NativeAdapterContracts.test_config_and_implementation_revisions_are_bound) ... ok
test_family_resolution_prefers_immutable_signal_field (__main__.NativeAdapterContracts.test_family_resolution_prefers_immutable_signal_field) ... ok
test_inherited_native_engine_config_contract_is_complete (__main__.NativeAdapterContracts.test_inherited_native_engine_config_contract_is_complete) ... ok
test_only_predeclared_ablation_is_exposed (__main__.NativeAdapterContracts.test_only_predeclared_ablation_is_exposed) ... ok
test_order_and_intent_labels_name_real_quote_scenarios (__main__.NativeAdapterContracts.test_order_and_intent_labels_name_real_quote_scenarios) ... ok
test_verified_runner_boundaries_are_reused (__main__.NativeAdapterContracts.test_verified_runner_boundaries_are_reused) ... ok

----------------------------------------------------------------------
Ran 7 tests in 0.001s

OK
test_clean_negative_base_permits_only_single_ablation (__main__.QuoteResiliencyStageDecisionContracts.test_clean_negative_base_permits_only_single_ablation) ... ok
test_clean_positive_base_advances_to_screen (__main__.QuoteResiliencyStageDecisionContracts.test_clean_positive_base_advances_to_screen) ... ok
test_clean_positive_diagnostic_requires_new_base_and_never_promotes (__main__.QuoteResiliencyStageDecisionContracts.test_clean_positive_diagnostic_requires_new_base_and_never_promotes) ... ok
test_execution_risk_failure_does_not_open_logic_ablation (__main__.QuoteResiliencyStageDecisionContracts.test_execution_risk_failure_does_not_open_logic_ablation) ... ok
test_missing_path_evidence_blocks_ablation (__main__.QuoteResiliencyStageDecisionContracts.test_missing_path_evidence_blocks_ablation) ... ok
test_zero_signal_base_is_opportunity_failure_not_implementation_failure (__main__.QuoteResiliencyStageDecisionContracts.test_zero_signal_base_is_opportunity_failure_not_implementation_failure) ... ok

----------------------------------------------------------------------
Ran 6 tests in 0.009s

OK
