{
  "by_window": {
    "screen-01": {
      "AUCTION_CONFLUENCE": {
        "assets_with_eligible": 0,
        "cost_after_eligible": 0,
        "mean_net_r_proxy": 0.0,
        "median_net_r_proxy": 0.0,
        "outcomes": {},
        "positive_share": 0.0,
        "positive_window_names": [],
        "positive_windows": 0,
        "total_net_r_proxy": 0.0,
        "triggers": 1,
        "windows_with_eligible": 0
      },
      "BASE": {
        "assets_with_eligible": 3,
        "cost_after_eligible": 5,
        "mean_net_r_proxy": 0.35479583788472707,
        "median_net_r_proxy": 0.16174729936859483,
        "outcomes": {
          "STOP": 1,
          "TARGET": 2,
          "TIMEOUT": 2
        },
        "positive_share": 0.8,
        "positive_window_names": [
          "screen-01"
        ],
        "positive_windows": 1,
        "total_net_r_proxy": 1.7739791894236354,
        "triggers": 7,
        "windows_with_eligible": 1
      },
      "BROAD_MARKET_CONFLUENCE": {
        "assets_with_eligible": 0,
        "cost_after_eligible": 0,
        "mean_net_r_proxy": 0.0,
        "median_net_r_proxy": 0.0,
        "outcomes": {},
        "positive_share": 0.0,
        "positive_window_names": [],
        "positive_windows": 0,
        "total_net_r_proxy": 0.0,
        "triggers": 0,
        "windows_with_eligible": 0
      },
      "H4_AND_DAY_POSITION": {
        "assets_with_eligible": 3,
        "cost_after_eligible": 3,
        "mean_net_r_proxy": 0.8707439633516803,
        "median_net_r_proxy": 1.2156471755235048,
        "outcomes": {
          "TARGET": 2,
          "TIMEOUT": 1
        },
        "positive_share": 1.0,
        "positive_window_names": [
          "screen-01"
        ],
        "positive_windows": 1,
        "total_net_r_proxy": 2.6122318900550408,
        "triggers": 5,
        "windows_with_eligible": 1
      },
      "H4_LOW_OVERLAP_EXPANSION": {
        "assets_with_eligible": 0,
        "cost_after_eligible": 0,
        "mean_net_r_proxy": 0.0,
        "median_net_r_proxy": 0.0,
        "outcomes": {},
        "positive_share": 0.0,
        "positive_window_names": [],
        "positive_windows": 0,
        "total_net_r_proxy": 0.0,
        "triggers": 0,
        "windows_with_eligible": 0
      },
      "LATEST_H4_ALIGNED": {
        "assets_with_eligible": 3,
        "cost_after_eligible": 3,
        "mean_net_r_proxy": 0.8707439633516803,
        "median_net_r_proxy": 1.2156471755235048,
        "outcomes": {
          "TARGET": 2,
          "TIMEOUT": 1
        },
        "positive_share": 1.0,
        "positive_window_names": [
          "screen-01"
        ],
        "positive_windows": 1,
        "total_net_r_proxy": 2.6122318900550408,
        "triggers": 5,
        "windows_with_eligible": 1
      },
      "TWO_H4_ALIGNED": {
        "assets_with_eligible": 1,
        "cost_after_eligible": 1,
        "mean_net_r_proxy": 1.2620473772631158,
        "median_net_r_proxy": 1.2620473772631158,
        "outcomes": {
          "TARGET": 1
        },
        "positive_share": 1.0,
        "positive_window_names": [
          "screen-01"
        ],
        "positive_windows": 1,
        "total_net_r_proxy": 1.2620473772631158,
        "triggers": 2,
        "windows_with_eligible": 1
      }
    },
    "screen-02": {
      "AUCTION_CONFLUENCE": {
        "assets_with_eligible": 3,
        "cost_after_eligible": 3,
        "mean_net_r_proxy": -0.2662125608339532,
        "median_net_r_proxy": -1.0,
        "outcomes": {
          "STOP": 2,
          "TARGET": 1
        },
        "positive_share": 0.3333333333333333,
        "positive_window_names": [],
        "positive_windows": 0,
        "total_net_r_proxy": -0.7986376825018597,
        "triggers": 3,
        "windows_with_eligible": 1
      },
      "BASE": {
        "assets_with_eligible": 4,
        "cost_after_eligible": 12,
        "mean_net_r_proxy": -0.7048460166496127,
        "median_net_r_proxy": -1.0,
        "outcomes": {
          "STOP": 10,
          "TARGET": 1,
          "TIMEOUT": 1
        },
        "positive_share": 0.16666666666666666,
        "positive_window_names": [],
        "positive_windows": 0,
        "total_net_r_proxy": -8.458152199795352,
        "triggers": 14,
        "windows_with_eligible": 1
      },
      "BROAD_MARKET_CONFLUENCE": {
        "assets_with_eligible": 1,
        "cost_after_eligible": 1,
        "mean_net_r_proxy": -1.0,
        "median_net_r_proxy": -1.0,
        "outcomes": {
          "STOP": 1
        },
        "positive_share": 0.0,
        "positive_window_names": [],
        "positive_windows": 0,
        "total_net_r_proxy": -1.0,
        "triggers": 1,
        "windows_with_eligible": 1
      },
      "H4_AND_DAY_POSITION": {
        "assets_with_eligible": 4,
        "cost_after_eligible": 7,
        "mean_net_r_proxy": -0.6855196689288371,
        "median_net_r_proxy": -1.0,
        "outcomes": {
          "STOP": 6,
          "TARGET": 1
        },
        "positive_share": 0.14285714285714285,
        "positive_window_names": [],
        "positive_windows": 0,
        "total_net_r_proxy": -4.79863768250186,
        "triggers": 8,
        "windows_with_eligible": 1
      },
      "H4_LOW_OVERLAP_EXPANSION": {
        "assets_with_eligible": 2,
        "cost_after_eligible": 2,
        "mean_net_r_proxy": 0.10068115874907013,
        "median_net_r_proxy": 0.10068115874907013,
        "outcomes": {
          "STOP": 1,
          "TARGET": 1
        },
        "positive_share": 0.5,
        "positive_window_names": [
          "screen-02"
        ],
        "positive_windows": 1,
        "total_net_r_proxy": 0.20136231749814026,
        "triggers": 2,
        "windows_with_eligible": 1
      },
      "LATEST_H4_ALIGNED": {
        "assets_with_eligible": 4,
        "cost_after_eligible": 10,
        "mean_net_r_proxy": -0.779863768250186,
        "median_net_r_proxy": -1.0,
        "outcomes": {
          "STOP": 9,
          "TARGET": 1
        },
        "positive_share": 0.1,
        "positive_window_names": [],
        "positive_windows": 0,
        "total_net_r_proxy": -7.79863768250186,
        "triggers": 11,
        "windows_with_eligible": 1
      },
      "TWO_H4_ALIGNED": {
        "assets_with_eligible": 3,
        "cost_after_eligible": 8,
        "mean_net_r_proxy": -0.7248297103127325,
        "median_net_r_proxy": -1.0,
        "outcomes": {
          "STOP": 7,
          "TARGET": 1
        },
        "positive_share": 0.125,
        "positive_window_names": [],
        "positive_windows": 0,
        "total_net_r_proxy": -5.79863768250186,
        "triggers": 8,
        "windows_with_eligible": 1
      }
    },
    "screen-03": {
      "AUCTION_CONFLUENCE": {
        "assets_with_eligible": 1,
        "cost_after_eligible": 1,
        "mean_net_r_proxy": 1.4642739037327943,
        "median_net_r_proxy": 1.4642739037327943,
        "outcomes": {
          "TIMEOUT": 1
        },
        "positive_share": 1.0,
        "positive_window_names": [
          "screen-03"
        ],
        "positive_windows": 1,
        "total_net_r_proxy": 1.4642739037327943,
        "triggers": 3,
        "windows_with_eligible": 1
      },
      "BASE": {
        "assets_with_eligible": 2,
        "cost_after_eligible": 4,
        "mean_net_r_proxy": 0.09067477870393745,
        "median_net_r_proxy": -0.05078739445852226,
        "outcomes": {
          "STOP": 2,
          "TIMEOUT": 2
        },
        "positive_share": 0.5,
        "positive_window_names": [
          "screen-03"
        ],
        "positive_windows": 1,
        "total_net_r_proxy": 0.3626991148157498,
        "triggers": 8,
        "windows_with_eligible": 1
      },
      "BROAD_MARKET_CONFLUENCE": {
        "assets_with_eligible": 1,
        "cost_after_eligible": 1,
        "mean_net_r_proxy": 1.4642739037327943,
        "median_net_r_proxy": 1.4642739037327943,
        "outcomes": {
          "TIMEOUT": 1
        },
        "positive_share": 1.0,
        "positive_window_names": [
          "screen-03"
        ],
        "positive_windows": 1,
        "total_net_r_proxy": 1.4642739037327943,
        "triggers": 4,
        "windows_with_eligible": 1
      },
      "H4_AND_DAY_POSITION": {
        "assets_with_eligible": 2,
        "cost_after_eligible": 2,
        "mean_net_r_proxy": 0.23213695186639716,
        "median_net_r_proxy": 0.23213695186639716,
        "outcomes": {
          "STOP": 1,
          "TIMEOUT": 1
        },
        "positive_share": 0.5,
        "positive_window_names": [
          "screen-03"
        ],
        "positive_windows": 1,
        "total_net_r_proxy": 0.4642739037327943,
        "triggers": 5,
        "windows_with_eligible": 1
      },
      "H4_LOW_OVERLAP_EXPANSION": {
        "assets_with_eligible": 1,
        "cost_after_eligible": 1,
        "mean_net_r_proxy": 1.4642739037327943,
        "median_net_r_proxy": 1.4642739037327943,
        "outcomes": {
          "TIMEOUT": 1
        },
        "positive_share": 1.0,
        "positive_window_names": [
          "screen-03"
        ],
        "positive_windows": 1,
        "total_net_r_proxy": 1.4642739037327943,
        "triggers": 1,
        "windows_with_eligible": 1
      },
      "LATEST_H4_ALIGNED": {
        "assets_with_eligible": 2,
        "cost_after_eligible": 3,
        "mean_net_r_proxy": 0.45423303827191663,
        "median_net_r_proxy": 0.8984252110829555,
        "outcomes": {
          "STOP": 1,
          "TIMEOUT": 2
        },
        "positive_share": 0.6666666666666666,
        "positive_window_names": [
          "screen-03"
        ],
        "positive_windows": 1,
        "total_net_r_proxy": 1.36269911481575,
        "triggers": 6,
        "windows_with_eligible": 1
      },
      "TWO_H4_ALIGNED": {
        "assets_with_eligible": 2,
        "cost_after_eligible": 3,
        "mean_net_r_proxy": 0.45423303827191663,
        "median_net_r_proxy": 0.8984252110829555,
        "outcomes": {
          "STOP": 1,
          "TIMEOUT": 2
        },
        "positive_share": 0.6666666666666666,
        "positive_window_names": [
          "screen-03"
        ],
        "positive_windows": 1,
        "total_net_r_proxy": 1.36269911481575,
        "triggers": 6,
        "windows_with_eligible": 1
      }
    }
  },
  "summaries": {
    "AUCTION_CONFLUENCE": {
      "assets_with_eligible": 3,
      "cost_after_eligible": 4,
      "mean_net_r_proxy": 0.16640905530773364,
      "median_net_r_proxy": 0.10068115874907013,
      "outcomes": {
        "STOP": 2,
        "TARGET": 1,
        "TIMEOUT": 1
      },
      "positive_share": 0.5,
      "positive_window_names": [
        "screen-03"
      ],
      "positive_windows": 1,
      "total_net_r_proxy": 0.6656362212309346,
      "triggers": 7,
      "windows_with_eligible": 2
    },
    "BASE": {
      "assets_with_eligible": 4,
      "cost_after_eligible": 21,
      "mean_net_r_proxy": -0.301022566455046,
      "median_net_r_proxy": -1.0,
      "outcomes": {
        "STOP": 13,
        "TARGET": 3,
        "TIMEOUT": 5
      },
      "positive_share": 0.38095238095238093,
      "positive_window_names": [
        "screen-01",
        "screen-03"
      ],
      "positive_windows": 2,
      "total_net_r_proxy": -6.321473895555966,
      "triggers": 29,
      "windows_with_eligible": 3
    },
    "BROAD_MARKET_CONFLUENCE": {
      "assets_with_eligible": 2,
      "cost_after_eligible": 2,
      "mean_net_r_proxy": 0.23213695186639716,
      "median_net_r_proxy": 0.23213695186639716,
      "outcomes": {
        "STOP": 1,
        "TIMEOUT": 1
      },
      "positive_share": 0.5,
      "positive_window_names": [
        "screen-03"
      ],
      "positive_windows": 1,
      "total_net_r_proxy": 0.4642739037327943,
      "triggers": 5,
      "windows_with_eligible": 2
    },
    "H4_AND_DAY_POSITION": {
      "assets_with_eligible": 4,
      "cost_after_eligible": 12,
      "mean_net_r_proxy": -0.1435109907261687,
      "median_net_r_proxy": -1.0,
      "outcomes": {
        "STOP": 7,
        "TARGET": 3,
        "TIMEOUT": 2
      },
      "positive_share": 0.4166666666666667,
      "positive_window_names": [
        "screen-01",
        "screen-03"
      ],
      "positive_windows": 2,
      "total_net_r_proxy": -1.7221318887140247,
      "triggers": 18,
      "windows_with_eligible": 3
    },
    "H4_LOW_OVERLAP_EXPANSION": {
      "assets_with_eligible": 2,
      "cost_after_eligible": 3,
      "mean_net_r_proxy": 0.5552120737436449,
      "median_net_r_proxy": 1.2013623174981403,
      "outcomes": {
        "STOP": 1,
        "TARGET": 1,
        "TIMEOUT": 1
      },
      "positive_share": 0.6666666666666666,
      "positive_window_names": [
        "screen-02",
        "screen-03"
      ],
      "positive_windows": 2,
      "total_net_r_proxy": 1.6656362212309346,
      "triggers": 3,
      "windows_with_eligible": 2
    },
    "LATEST_H4_ALIGNED": {
      "assets_with_eligible": 4,
      "cost_after_eligible": 16,
      "mean_net_r_proxy": -0.23898166735194182,
      "median_net_r_proxy": -1.0,
      "outcomes": {
        "STOP": 10,
        "TARGET": 3,
        "TIMEOUT": 3
      },
      "positive_share": 0.375,
      "positive_window_names": [
        "screen-01",
        "screen-03"
      ],
      "positive_windows": 2,
      "total_net_r_proxy": -3.823706677631069,
      "triggers": 22,
      "windows_with_eligible": 3
    },
    "TWO_H4_ALIGNED": {
      "assets_with_eligible": 3,
      "cost_after_eligible": 12,
      "mean_net_r_proxy": -0.26449093253524947,
      "median_net_r_proxy": -1.0,
      "outcomes": {
        "STOP": 8,
        "TARGET": 2,
        "TIMEOUT": 2
      },
      "positive_share": 0.3333333333333333,
      "positive_window_names": [
        "screen-01",
        "screen-03"
      ],
      "positive_windows": 2,
      "total_net_r_proxy": -3.1738911904229936,
      "triggers": 16,
      "windows_with_eligible": 3
    }
  }
}
