[1m2026-08-06T15:22:43.564376084Z[0m [36m[INFO] TRADER-001.BacktestEngine: =================================================================[0m
[1m2026-08-06T15:22:43.564393206Z[0m [36m[INFO] TRADER-001.BacktestEngine:  NAUTILUS TRADER - Automated Algorithmic Trading Platform[0m
[1m2026-08-06T15:22:43.564393765Z[0m [36m[INFO] TRADER-001.BacktestEngine:  by Nautech Systems Pty Ltd.[0m
[1m2026-08-06T15:22:43.564393869Z[0m [36m[INFO] TRADER-001.BacktestEngine:  Copyright (C) 2015-2026. All rights reserved.[0m
[1m2026-08-06T15:22:43.564394146Z[0m [36m[INFO] TRADER-001.BacktestEngine: =================================================================[0m
[1m2026-08-06T15:22:43.564394430Z[0m [INFO] TRADER-001.BacktestEngine: [0m
[1m2026-08-06T15:22:43.564394836Z[0m [INFO] TRADER-001.BacktestEngine: ⠀⠀⠀⠀⠀⠀⠀⠀⠀⠀⠀⠀⠀⣠⣴⣶⡟⠀⠀⠀⠀⠀⠀⠀⠀⠀⠀⠀⠀⠀⠀[0m
[1m2026-08-06T15:22:43.564395330Z[0m [INFO] TRADER-001.BacktestEngine: ⠀⠀⠀⠀⠀⠀⠀⠀⠀⠀⠀⣰⣾⣿⣿⣿⠀⢸⣿⣿⣿⣿⣶⣶⣤⣀⠀⠀⠀⠀⠀[0m
[1m2026-08-06T15:22:43.564395582Z[0m [INFO] TRADER-001.BacktestEngine: ⠀⠀⠀⠀⠀⠀⢀⣴⡇⢀⣾⣿⣿⣿⣿⣿⠀⣾⣿⣿⣿⣿⣿⣿⣿⠿⠓⠀⠀⠀⠀[0m
[1m2026-08-06T15:22:43.564395827Z[0m [INFO] TRADER-001.BacktestEngine: ⠀⠀⠀⠀⠀⣰⣿⣿⡀⢸⣿⣿⣿⣿⣿⣿⠀⣿⣿⣿⣿⣿⣿⠟⠁⣠⣄⠀⠀⠀⠀[0m
[1m2026-08-06T15:22:43.564396060Z[0m [INFO] TRADER-001.BacktestEngine: ⠀⠀⠀⠀⢠⣿⣿⣿⣇⠀⢿⣿⣿⣿⣿⣿⠀⢻⣿⣿⣿⡿⢃⣠⣾⣿⣿⣧⡀⠀⠀[0m
[1m2026-08-06T15:22:43.564396310Z[0m [INFO] TRADER-001.BacktestEngine: ⠀⠀⠀⠠⣾⣿⣿⣿⣿⣿⣧⠈⠋⢀⣴⣧⠀⣿⡏⢠⡀⢸⣿⣿⣿⣿⣿⣿⣿⡇⠀[0m
[1m2026-08-06T15:22:43.564396553Z[0m [INFO] TRADER-001.BacktestEngine: ⠀⠀⠀⣀⠙⢿⣿⣿⣿⣿⣿⠇⢠⣿⣿⣿⡄⠹⠃⠼⠃⠈⠉⠛⠛⠛⠛⠛⠻⠇⠀[0m
[1m2026-08-06T15:22:43.564396814Z[0m [INFO] TRADER-001.BacktestEngine: ⠀⠀⢸⡟⢠⣤⠉⠛⠿⢿⣿⠀⢸⣿⡿⠋⣠⣤⣄⠀⣾⣿⣿⣶⣶⣶⣦⡄⠀⠀⠀[0m
[1m2026-08-06T15:22:43.564398476Z[0m [INFO] TRADER-001.BacktestEngine: ⠀⠀⠸⠀⣾⠏⣸⣷⠂⣠⣤⠀⠘⢁⣴⣾⣿⣿⣿⡆⠘⣿⣿⣿⣿⣿⣿⠀⠀⠀⠀[0m
[1m2026-08-06T15:22:43.564398667Z[0m [INFO] TRADER-001.BacktestEngine: ⠀⠀⠀⠀⠛⠀⣿⡟⠀⢻⣿⡄⠸⣿⣿⣿⣿⣿⣿⣿⡀⠘⣿⣿⣿⣿⠟⠀⠀⠀⠀[0m
[1m2026-08-06T15:22:43.564399063Z[0m [INFO] TRADER-001.BacktestEngine: ⠀⠀⠀⠀⠀⠀⣿⠇⠀⠀⢻⡿⠀⠈⠻⣿⣿⣿⣿⣿⡇⠀⢹⣿⠿⠋⠀⠀⠀⠀⠀[0m
[1m2026-08-06T15:22:43.564399286Z[0m [INFO] TRADER-001.BacktestEngine: ⠀⠀⠀⠀⠀⠀⠋⠀⠀⠀⡘⠁⠀⠀⠀⠀⠀⠀⠀⠀⠀⠀⠈⠁⠀⠀⠀⠀⠀⠀⠀[0m
[1m2026-08-06T15:22:43.564399368Z[0m [INFO] TRADER-001.BacktestEngine: [0m
[1m2026-08-06T15:22:43.564399450Z[0m [36m[INFO] TRADER-001.BacktestEngine: =================================================================[0m
[1m2026-08-06T15:22:43.564399700Z[0m [36m[INFO] TRADER-001.BacktestEngine:  SYSTEM SPECIFICATION[0m
[1m2026-08-06T15:22:43.564399802Z[0m [36m[INFO] TRADER-001.BacktestEngine: =================================================================[0m
[1m2026-08-06T15:22:43.564401690Z[0m [INFO] TRADER-001.BacktestEngine: CPU architecture: Intel(R) Xeon(R) 6973P-C[0m
[1m2026-08-06T15:22:43.564402433Z[0m [INFO] TRADER-001.BacktestEngine: CPU(s): 4 @ 2600 MHz[0m
[1m2026-08-06T15:22:43.564403517Z[0m [INFO] TRADER-001.BacktestEngine: OS: kernel-6.17.0-1020-azure Linux (Debian GNU/Linux 12)[0m
[1m2026-08-06T15:22:43.564427372Z[0m [36m[INFO] TRADER-001.BacktestEngine: =================================================================[0m
[1m2026-08-06T15:22:43.564427632Z[0m [36m[INFO] TRADER-001.BacktestEngine:  MEMORY USAGE[0m
[1m2026-08-06T15:22:43.564427750Z[0m [36m[INFO] TRADER-001.BacktestEngine: =================================================================[0m
[1m2026-08-06T15:22:43.564430376Z[0m [INFO] TRADER-001.BacktestEngine: RAM-Total: 15.61 GiB[0m
[1m2026-08-06T15:22:43.564430938Z[0m [INFO] TRADER-001.BacktestEngine: RAM-Used: 1.53 GiB (9.80%)[0m
[1m2026-08-06T15:22:43.564431249Z[0m [INFO] TRADER-001.BacktestEngine: RAM-Avail: 14.08 GiB (90.20%)[0m
[1m2026-08-06T15:22:43.564431709Z[0m [INFO] TRADER-001.BacktestEngine: Swap-Total: 3.00 GiB[0m
[1m2026-08-06T15:22:43.564432073Z[0m [INFO] TRADER-001.BacktestEngine: Swap-Used: 0.00 GiB (0.00%)[0m
[1m2026-08-06T15:22:43.564434072Z[0m [INFO] TRADER-001.BacktestEngine: Swap-Avail: 3.00 GiB (100.00%)[0m
[1m2026-08-06T15:22:43.564434596Z[0m [36m[INFO] TRADER-001.BacktestEngine: =================================================================[0m
[1m2026-08-06T15:22:43.564434946Z[0m [36m[INFO] TRADER-001.BacktestEngine:  IDENTIFIERS[0m
[1m2026-08-06T15:22:43.564435069Z[0m [36m[INFO] TRADER-001.BacktestEngine: =================================================================[0m
[1m2026-08-06T15:22:43.564435710Z[0m [INFO] TRADER-001.BacktestEngine: trader_id: TRADER-001[0m
[1m2026-08-06T15:22:43.564436364Z[0m [INFO] TRADER-001.BacktestEngine: machine_id: 72a2b38d66b0[0m
[1m2026-08-06T15:22:43.564438266Z[0m [INFO] TRADER-001.BacktestEngine: instance_id: 21528908-a8f7-4e48-9c82-b3b296a2ea23[0m
[1m2026-08-06T15:22:43.564438626Z[0m [INFO] TRADER-001.BacktestEngine: PID: 208[0m
[1m2026-08-06T15:22:43.564439232Z[0m [36m[INFO] TRADER-001.BacktestEngine: =================================================================[0m
[1m2026-08-06T15:22:43.564439330Z[0m [36m[INFO] TRADER-001.BacktestEngine:  VERSIONING[0m
[1m2026-08-06T15:22:43.564439440Z[0m [36m[INFO] TRADER-001.BacktestEngine: =================================================================[0m
[1m2026-08-06T15:22:43.564451935Z[0m [INFO] TRADER-001.BacktestEngine: nautilus_trader: 1.230.0[0m
[1m2026-08-06T15:22:43.564460518Z[0m [INFO] TRADER-001.BacktestEngine: python: 3.13.5[0m
[1m2026-08-06T15:22:43.564465571Z[0m [INFO] TRADER-001.BacktestEngine: numpy: 2.5.1[0m
[1m2026-08-06T15:22:43.564469467Z[0m [INFO] TRADER-001.BacktestEngine: pandas: 3.0.5[0m
[1m2026-08-06T15:22:43.564473014Z[0m [INFO] TRADER-001.BacktestEngine: msgspec: 0.21.1[0m
[1m2026-08-06T15:22:43.564483520Z[0m [INFO] TRADER-001.BacktestEngine: pyarrow: 25.0.0[0m
[1m2026-08-06T15:22:43.564487879Z[0m [INFO] TRADER-001.BacktestEngine: pytz: 2026.3.post1[0m
[1m2026-08-06T15:22:43.564492462Z[0m [INFO] TRADER-001.BacktestEngine: uvloop: 0.22.1[0m
[1m2026-08-06T15:22:43.564496095Z[0m [36m[INFO] TRADER-001.BacktestEngine: =================================================================[0m
[1m2026-08-06T15:22:43.564497530Z[0m [INFO] TRADER-001.nautilus_system::kernel: Building system kernel[0m
[1m2026-08-06T15:22:43.564799942Z[0m [INFO] TRADER-001.nautilus_backtest::engine: Adding exchange BINANCE to engine[0m
[1m2026-08-06T15:22:43.564844625Z[0m [INFO] TRADER-001.nautilus_backtest::exchange: Added instrument BTCUSDT-PERP.BINANCE and created matching engine[0m
[1m2026-08-06T15:22:43.564885644Z[0m [INFO] TRADER-001.nautilus_backtest::engine: Added instrument BTCUSDT-PERP.BINANCE to exchange BINANCE[0m
[1m2026-08-06T15:22:43.564897245Z[0m [INFO] TRADER-001.nautilus_backtest::exchange: Added instrument ETHUSDT-PERP.BINANCE and created matching engine[0m
[1m2026-08-06T15:22:43.564899711Z[0m [INFO] TRADER-001.nautilus_backtest::engine: Added instrument ETHUSDT-PERP.BINANCE to exchange BINANCE[0m
[1m2026-08-06T15:22:43.564909622Z[0m [INFO] TRADER-001.nautilus_backtest::exchange: Added instrument SOLUSDT-PERP.BINANCE and created matching engine[0m
[1m2026-08-06T15:22:43.564913439Z[0m [INFO] TRADER-001.nautilus_backtest::engine: Added instrument SOLUSDT-PERP.BINANCE to exchange BINANCE[0m
[1m2026-08-06T15:22:43.564924952Z[0m [INFO] TRADER-001.nautilus_backtest::exchange: Added instrument XRPUSDT-PERP.BINANCE and created matching engine[0m
[1m2026-08-06T15:22:43.564930690Z[0m [INFO] TRADER-001.nautilus_backtest::engine: Added instrument XRPUSDT-PERP.BINANCE to exchange BINANCE[0m
[1m2026-08-06T15:22:43.615630843Z[0m [INFO] TRADER-001.nautilus_backtest::engine: Added 248532 data elements to BacktestEngine (248532 total)[0m
[1m2026-08-06T15:22:43.622171613Z[0m [INFO] TRADER-001.nautilus_backtest::engine: Added 41424 data elements to BacktestEngine (289956 total)[0m
[1m2026-08-06T15:22:43.622223669Z[0m [INFO] TRADER-001.nautilus_backtest::engine: Added 88 data elements to BacktestEngine (290044 total)[0m
[1m2026-08-06T15:22:43.622230832Z[0m [INFO] TRADER-001.nautilus_backtest::engine: Data sort requested (iterator merges streams by replay timestamp)[0m
[1m2026-08-06T15:22:43.622289169Z[0m [INFO] TRADER-001.DataActor-140728572250568: Ready[0m
[1m2026-08-06T15:22:43.622373035Z[0m [INFO] TRADER-001.nautilus_backtest::python::engine: Registered Python strategy DataActor-140728572250568[0m
[1m2026-08-06T15:22:43.622413091Z[0m [INFO] TRADER-001.nautilus_portfolio::portfolio: Updated AccountState(account_id=BINANCE-001, account_type=MARGIN, base_currency=USDT, is_reported=true, balances=[AccountBalance(total=100000.00000000 USDT, locked=0.00000000 USDT, free=100000.00000000 USDT)], margins=[], event_id=5d033e7b-44a7-4570-88db-9349615d6e54)[0m
[1m2024-04-07T23:25:10.000000000Z[0m [INFO] TRADER-001.nautilus_system::kernel: Starting[0m
[1m2024-04-07T23:25:10.000000000Z[0m [INFO] TRADER-001.nautilus_backtest::execution_client: Backtest execution client started[0m
[1m2024-04-07T23:25:10.000000000Z[0m [INFO] TRADER-001.nautilus_execution::engine: Started[0m
[1m2024-04-07T23:25:10.000000000Z[0m [INFO] TRADER-001.nautilus_risk::engine: Started[0m
[1m2024-04-07T23:25:10.000000000Z[0m [INFO] TRADER-001.nautilus_system::kernel: Initializing trader[0m
[1m2024-04-07T23:25:10.000000000Z[0m [INFO] TRADER-001.nautilus_system::kernel: Started[0m
[1m2024-04-07T23:25:10.000000000Z[0m [INFO] TRADER-001.nautilus_system::kernel: Starting trader...[0m
[1m2024-04-07T23:25:10.000000000Z[0m [INFO] TRADER-001.nautilus_execution::order_emulator::emulator: Started[0m
[1m2024-04-07T23:25:10.000000000Z[0m [INFO] TRADER-001.nautilus_system::trader: Starting[0m
[1m2024-04-07T23:25:10.000000000Z[0m [INFO] TRADER-001.DataActor-140728572250568: Starting[0m
[1m2024-04-07T23:25:10.000000000Z[0m [INFO] TRADER-001.nautilus_trading::strategy: Starting DataActor-140728572250568[0m
[1m2024-04-07T23:25:10.000000000Z[0m [INFO] TRADER-001.nautilus_common::actor::data_actor: [CMD]--> Subscribe(Bars(SubscribeBars { bar_type: Standard { instrument_id: "BTCUSDT-PERP.BINANCE", spec: BarSpecification { step: 10, aggregation: Second, price_type: Last }, aggregation_source: External }, client_id: None, venue: Some("BINANCE"), command_id: UUID4(7e898389-dbd1-4b69-9be5-d47b5d3da665), ts_init: UnixNanos(1712532310000000000), correlation_id: None, params: None }))[0m
[1m2024-04-07T23:25:10.000000000Z[0m [INFO] TRADER-001.nautilus_common::actor::data_actor: [CMD]--> Subscribe(Bars(SubscribeBars { bar_type: Standard { instrument_id: "ETHUSDT-PERP.BINANCE", spec: BarSpecification { step: 10, aggregation: Second, price_type: Last }, aggregation_source: External }, client_id: None, venue: Some("BINANCE"), command_id: UUID4(d7e61a6b-9866-46ca-91fa-284b4bf0806f), ts_init: UnixNanos(1712532310000000000), correlation_id: None, params: None }))[0m
[1m2024-04-07T23:25:10.000000000Z[0m [INFO] TRADER-001.nautilus_common::actor::data_actor: [CMD]--> Subscribe(Bars(SubscribeBars { bar_type: Standard { instrument_id: "SOLUSDT-PERP.BINANCE", spec: BarSpecification { step: 10, aggregation: Second, price_type: Last }, aggregation_source: External }, client_id: None, venue: Some("BINANCE"), command_id: UUID4(2aeb78e3-ba04-4797-b4fe-b51c6b2190f2), ts_init: UnixNanos(1712532310000000000), correlation_id: None, params: None }))[0m
[1m2024-04-07T23:25:10.000000000Z[0m [INFO] TRADER-001.nautilus_common::actor::data_actor: [CMD]--> Subscribe(Bars(SubscribeBars { bar_type: Standard { instrument_id: "XRPUSDT-PERP.BINANCE", spec: BarSpecification { step: 10, aggregation: Second, price_type: Last }, aggregation_source: External }, client_id: None, venue: Some("BINANCE"), command_id: UUID4(02902d8a-2235-4e75-a94e-a23958178575), ts_init: UnixNanos(1712532310000000000), correlation_id: None, params: None }))[0m
[1m2024-04-07T23:25:10.000000000Z[0m [INFO] TRADER-001.DataActor-140728572250568: Running[0m
[1m2024-04-07T23:25:10.000000000Z[0m [INFO] TRADER-001.nautilus_system::trader: Running[0m
[1m2024-04-07T23:25:10.000000000Z[0m [INFO] TRADER-001.nautilus_system::kernel: Trader started[0m
[1m2024-04-07T23:25:10.000000000Z[0m [36m[INFO] TRADER-001.nautilus_backtest::engine: =================================================================[0m
[1m2024-04-07T23:25:10.000000000Z[0m [36m[INFO] TRADER-001.nautilus_backtest::engine:  BACKTEST PRE-RUN[0m
[1m2024-04-07T23:25:10.000000000Z[0m [36m[INFO] TRADER-001.nautilus_backtest::engine: =================================================================[0m
[1m2024-04-07T23:25:10.000000000Z[0m [36m[INFO] TRADER-001.nautilus_backtest::engine: =================================================================[0m
[1m2024-04-07T23:25:10.000000000Z[0m [INFO] TRADER-001.nautilus_backtest::engine:  SimulatedVenue BINANCE (MARGIN)[0m
[1m2024-04-07T23:25:10.000000000Z[0m [36m[INFO] TRADER-001.nautilus_backtest::engine: -----------------------------------------------------------------[0m
[1m2024-04-07T23:25:10.000000000Z[0m [INFO] TRADER-001.nautilus_backtest::engine: Balances starting:[0m
[1m2024-04-07T23:25:10.000000000Z[0m [INFO] TRADER-001.nautilus_backtest::engine:   100000.00000000 USDT[0m
[1m2024-04-07T23:25:10.000000000Z[0m [36m[INFO] TRADER-001.nautilus_backtest::engine: -----------------------------------------------------------------[0m
[1m2024-04-07T23:25:10.000000000Z[0m [36m[INFO] TRADER-001.nautilus_backtest::engine: =================================================================[0m
[1m2024-04-07T23:25:10.000000000Z[0m [36m[INFO] TRADER-001.nautilus_backtest::engine:  BACKTEST RUN[0m
[1m2024-04-07T23:25:10.000000000Z[0m [36m[INFO] TRADER-001.nautilus_backtest::engine: =================================================================[0m
[1m2024-04-07T23:25:10.000000000Z[0m [INFO] TRADER-001.nautilus_backtest::engine: Run config ID:  None[0m
[1m2024-04-07T23:25:10.000000000Z[0m [INFO] TRADER-001.nautilus_backtest::engine: Run ID:         e8959c05-b341-43cd-ba43-f9833e80b663[0m
[1m2024-04-07T23:25:10.000000000Z[0m [INFO] TRADER-001.nautilus_backtest::engine: Backtest start: 2024-04-07T23:25:10.000000000Z[0m
[1m2024-04-07T23:25:10.000000000Z[0m [INFO] TRADER-001.nautilus_backtest::engine: Data elements:  290044[0m
[1m2024-04-07T23:25:10.000000000Z[0m [36m[INFO] TRADER-001.nautilus_backtest::engine: -----------------------------------------------------------------[0m
[1m2024-04-07T23:25:10.000000000Z[0m [94m[INFO] TRADER-001.nautilus_data::client: Subscribed BTCUSDT-PERP.BINANCE-10-SECOND-LAST-EXTERNAL bars[0m
[1m2024-04-07T23:25:10.000000000Z[0m [94m[INFO] TRADER-001.nautilus_data::client: Subscribed ETHUSDT-PERP.BINANCE-10-SECOND-LAST-EXTERNAL bars[0m
[1m2024-04-07T23:25:10.000000000Z[0m [94m[INFO] TRADER-001.nautilus_data::client: Subscribed SOLUSDT-PERP.BINANCE-10-SECOND-LAST-EXTERNAL bars[0m
[1m2024-04-07T23:25:10.000000000Z[0m [94m[INFO] TRADER-001.nautilus_data::client: Subscribed XRPUSDT-PERP.BINANCE-10-SECOND-LAST-EXTERNAL bars[0m
[1m2024-04-10T20:21:10.000000000Z[0m [INFO] TRADER-001.nautilus_trading::strategy: DataActor-140728572250568 <--[EVT] OrderInitialized(instrument_id=BTCUSDT-PERP.BINANCE, client_order_id=O-20240410-202110-001-140728572250568-1, side=BUY, type=MARKET, quantity=12.810, time_in_force=GTC, post_only=false, reduce_only=false, quote_quantity=false, price=None, emulation_trigger=None, trigger_instrument_id=None, contingency_type=OTO, order_list_id=OL-20240410-202110-001-140728572250568-1, linked_order_ids=[O-20240410-202110-001-140728572250568-2, O-20240410-202110-001-140728572250568-3], parent_order_id=None, exec_algorithm_id=None, exec_algorithm_params=None, exec_spawn_id=None, tags=agg-acceptance-btcusdt-000014, BREAKOUT_ACCEPTANCE_CONTINUATION, LONG, TEN_SECOND_MARKET_ENTRY)[0m
[1m2024-04-10T20:21:10.000000000Z[0m [INFO] TRADER-001.nautilus_trading::strategy: DataActor-140728572250568 <--[EVT] OrderInitialized(instrument_id=BTCUSDT-PERP.BINANCE, client_order_id=O-20240410-202110-001-140728572250568-2, side=SELL, type=STOP_MARKET, quantity=12.810, time_in_force=GTC, post_only=false, reduce_only=true, quote_quantity=false, price=None, emulation_trigger=None, trigger_instrument_id=None, contingency_type=OUO, order_list_id=OL-20240410-202110-001-140728572250568-1, linked_order_ids=[O-20240410-202110-001-140728572250568-3], parent_order_id=O-20240410-202110-001-140728572250568-1, exec_algorithm_id=None, exec_algorithm_params=None, exec_spawn_id=None, tags=agg-acceptance-btcusdt-000014, OBSERVED_RETEST_INVALIDATION)[0m
[1m2024-04-10T20:21:10.000000000Z[0m [INFO] TRADER-001.nautilus_trading::strategy: DataActor-140728572250568 <--[EVT] OrderInitialized(instrument_id=BTCUSDT-PERP.BINANCE, client_order_id=O-20240410-202110-001-140728572250568-3, side=SELL, type=LIMIT, quantity=12.810, time_in_force=GTC, post_only=false, reduce_only=true, quote_quantity=false, price=71048.3, emulation_trigger=None, trigger_instrument_id=None, contingency_type=OUO, order_list_id=OL-20240410-202110-001-140728572250568-1, linked_order_ids=[O-20240410-202110-001-140728572250568-2], parent_order_id=O-20240410-202110-001-140728572250568-1, exec_algorithm_id=None, exec_algorithm_params=None, exec_spawn_id=None, tags=agg-acceptance-btcusdt-000014, ACTIVE_COMPLETED_EXTERNAL_TARGET)[0m
[1m2024-04-10T20:21:10.000000000Z[0m [INFO] TRADER-001.nautilus_trading::strategy: DataActor-140728572250568 [CMD]--> SubmitOrderList[0m
[1m2024-04-10T20:21:10.000000000Z[0m [94m[INFO] TRADER-001.nautilus_execution::engine: Submit OrderList(id=OL-20240410-202110-001-140728572250568-1, instrument_id=BTCUSDT-PERP.BINANCE, strategy_id=DataActor-140728572250568, client_order_ids=["O-20240410-202110-001-140728572250568-1", "O-20240410-202110-001-140728572250568-2", "O-20240410-202110-001-140728572250568-3"], ts_init=1712780470000000000)[0m
[1m2024-04-10T20:21:10.000000000Z[0m [INFO] TRADER-001.nautilus_trading::strategy: DataActor-140728572250568 <--[EVT] OrderSubmitted(instrument_id=BTCUSDT-PERP.BINANCE, client_order_id=O-20240410-202110-001-140728572250568-1, account_id=BINANCE-001, ts_event=1712780470000000000)[0m
[1m2024-04-10T20:21:10.000000000Z[0m [INFO] TRADER-001.nautilus_trading::strategy: DataActor-140728572250568 <--[EVT] OrderSubmitted(instrument_id=BTCUSDT-PERP.BINANCE, client_order_id=O-20240410-202110-001-140728572250568-2, account_id=BINANCE-001, ts_event=1712780470000000000)[0m
[1m2024-04-10T20:21:10.000000000Z[0m [INFO] TRADER-001.nautilus_trading::strategy: DataActor-140728572250568 <--[EVT] OrderSubmitted(instrument_id=BTCUSDT-PERP.BINANCE, client_order_id=O-20240410-202110-001-140728572250568-3, account_id=BINANCE-001, ts_event=1712780470000000000)[0m
[1m2024-04-10T20:21:10.000000000Z[0m [INFO] TRADER-001.nautilus_portfolio::manager: BTCUSDT-PERP.BINANCE margin_init=0.00000000 USDT[0m
[1m2024-04-10T20:21:10.000000000Z[0m [INFO] TRADER-001.nautilus_trading::strategy: DataActor-140728572250568 <--[EVT] OrderFilled(instrument_id=BTCUSDT-PERP.BINANCE, client_order_id=O-20240410-202110-001-140728572250568-1, venue_order_id=BINANCE-1-1, account_id=BINANCE-001, trade_id=T-857fec82e020bf28-70296, position_id=P-20240410-202110-001-140728572250568-1, order_side=BUY, order_type=MARKET, last_qty=12.810, last_px=70_173.8 USDT, commission=539.35582680 USDT, liquidity_side=TAKER, ts_event=1712780470000000000)[0m
[1m2024-04-10T20:21:10.000000000Z[0m [INFO] TRADER-001.nautilus_portfolio::portfolio: BTCUSDT-PERP.BINANCE net_position=12.81[0m
[1m2024-04-10T20:21:10.000000000Z[0m [INFO] TRADER-001.nautilus_portfolio::manager: BTCUSDT-PERP.BINANCE margin_maint=3595.70551200 USDT[0m
[1m2024-04-10T20:21:10.000000000Z[0m [INFO] TRADER-001.nautilus_portfolio::portfolio: Updated AccountState(account_id=BINANCE-001, account_type=MARGIN, base_currency=USDT, is_reported=false, balances=[AccountBalance(total=99460.64417320 USDT, locked=3595.70551200 USDT, free=95864.93866120 USDT)], margins=[MarginBalance(initial=0.00000000 USDT, maintenance=3595.70551200 USDT, instrument_id=BTCUSDT-PERP.BINANCE)], event_id=1b55a8da-c0ee-4a39-9a80-05b8162ac318)[0m
[1m2024-04-10T20:21:10.000000000Z[0m [INFO] TRADER-001.nautilus_trading::strategy: DataActor-140728572250568 <--[EVT] PositionOpened(PositionOpened { trader_id: "TRADER-001", strategy_id: "DataActor-140728572250568", instrument_id: "BTCUSDT-PERP.BINANCE", position_id: "P-20240410-202110-001-140728572250568-1", account_id: "BINANCE-001", opening_order_id: "O-20240410-202110-001-140728572250568-1", entry: Buy, side: Long, signed_qty: 12.81, quantity: Quantity(12.810), last_qty: Quantity(12.810), last_px: Price(70173.8), currency: Currency(code='USDT', precision=8, iso4217=0, name='Tether', currency_type=CRYPTO), avg_px_open: 70173.79999999999, event_id: UUID4(feb8f9dd-e07a-4006-9a8c-3e30cfa94751), ts_event: UnixNanos(1712780470000000000), ts_init: UnixNanos(1712780470000000000) })[0m
[1m2024-04-10T20:21:10.000000000Z[0m [INFO] TRADER-001.nautilus_portfolio::manager: BTCUSDT-PERP.BINANCE margin_init=0.00000000 USDT[0m
[1m2024-04-10T20:21:10.000000000Z[0m [INFO] TRADER-001.nautilus_portfolio::portfolio: Updated AccountState(account_id=BINANCE-001, account_type=MARGIN, base_currency=USDT, is_reported=false, balances=[AccountBalance(total=99460.64417320 USDT, locked=3595.70551200 USDT, free=95864.93866120 USDT)], margins=[MarginBalance(initial=0.00000000 USDT, maintenance=3595.70551200 USDT, instrument_id=BTCUSDT-PERP.BINANCE)], event_id=0b803b9b-247e-437b-b07b-2d7b1c13b462)[0m
[1m2024-04-10T20:21:10.000000000Z[0m [INFO] TRADER-001.nautilus_trading::strategy: DataActor-140728572250568 <--[EVT] OrderAccepted(instrument_id=BTCUSDT-PERP.BINANCE, client_order_id=O-20240410-202110-001-140728572250568-2, venue_order_id=BINANCE-1-2, account_id=BINANCE-001, ts_event=1712780470000000000)[0m
[1m2024-04-10T20:21:10.000000000Z[0m [INFO] TRADER-001.nautilus_portfolio::manager: BTCUSDT-PERP.BINANCE margin_init=0.00000000 USDT[0m
[1m2024-04-10T20:21:10.000000000Z[0m [INFO] TRADER-001.nautilus_portfolio::portfolio: Updated AccountState(account_id=BINANCE-001, account_type=MARGIN, base_currency=USDT, is_reported=false, balances=[AccountBalance(total=99460.64417320 USDT, locked=3595.70551200 USDT, free=95864.93866120 USDT)], margins=[MarginBalance(initial=0.00000000 USDT, maintenance=3595.70551200 USDT, instrument_id=BTCUSDT-PERP.BINANCE)], event_id=e1069432-b12a-4808-bd2e-72b467c17129)[0m
[1m2024-04-10T20:21:10.000000000Z[0m [INFO] TRADER-001.nautilus_trading::strategy: DataActor-140728572250568 <--[EVT] OrderAccepted(instrument_id=BTCUSDT-PERP.BINANCE, client_order_id=O-20240410-202110-001-140728572250568-3, venue_order_id=BINANCE-1-3, account_id=BINANCE-001, ts_event=1712780470000000000)[0m
[1m2024-04-10T20:21:10.000000000Z[0m [1;33m[WARN] TRADER-001.nautilus_common::cache: Cannot calculate unrealized PnL for P-20240410-202110-001-140728572250568-1, no quotes for BTCUSDT-PERP.BINANCE[0m
[1m2024-04-10T20:21:20.000000000Z[0m [1;33m[WARN] TRADER-001.nautilus_common::cache: Cannot calculate unrealized PnL for P-20240410-202110-001-140728572250568-1, no quotes for BTCUSDT-PERP.BINANCE[0m
[1m2024-04-10T20:21:30.000000000Z[0m [1;33m[WARN] TRADER-001.nautilus_common::cache: Cannot calculate unrealized PnL for P-20240410-202110-001-140728572250568-1, no quotes for BTCUSDT-PERP.BINANCE[0m
[1m2024-04-10T20:21:40.000000000Z[0m [1;33m[WARN] TRADER-001.nautilus_common::cache: Cannot calculate unrealized PnL for P-20240410-202110-001-140728572250568-1, no quotes for BTCUSDT-PERP.BINANCE[0m
[1m2024-04-10T20:21:50.000000000Z[0m [1;33m[WARN] TRADER-001.nautilus_common::cache: Cannot calculate unrealized PnL for P-20240410-202110-001-140728572250568-1, no quotes for BTCUSDT-PERP.BINANCE[0m
[1m2024-04-10T20:21:59.999000000Z[0m [1;33m[WARN] TRADER-001.nautilus_common::cache: Cannot calculate unrealized PnL for P-20240410-202110-001-140728572250568-1, no quotes for BTCUSDT-PERP.BINANCE[0m
[1m2024-04-10T20:22:00.000000000Z[0m [1;33m[WARN] TRADER-001.nautilus_common::cache: Cannot calculate unrealized PnL for P-20240410-202110-001-140728572250568-1, no quotes for BTCUSDT-PERP.BINANCE[0m
[1m2024-04-10T20:22:10.000000000Z[0m [1;33m[WARN] TRADER-001.nautilus_common::cache: Cannot calculate unrealized PnL for P-20240410-202110-001-140728572250568-1, no quotes for BTCUSDT-PERP.BINANCE[0m
[1m2024-04-10T20:22:20.000000000Z[0m [1;33m[WARN] TRADER-001.nautilus_common::cache: Cannot calculate unrealized PnL for P-20240410-202110-001-140728572250568-1, no quotes for BTCUSDT-PERP.BINANCE[0m
[1m2024-04-10T20:22:30.000000000Z[0m [1;33m[WARN] TRADER-001.nautilus_common::cache: Cannot calculate unrealized PnL for P-20240410-202110-001-140728572250568-1, no quotes for BTCUSDT-PERP.BINANCE[0m
[1m2024-04-10T20:22:40.000000000Z[0m [INFO] TRADER-001.nautilus_portfolio::manager: BTCUSDT-PERP.BINANCE margin_init=0.00000000 USDT[0m
[1m2024-04-10T20:22:40.000000000Z[0m [INFO] TRADER-001.nautilus_trading::strategy: DataActor-140728572250568 <--[EVT] OrderFilled(instrument_id=BTCUSDT-PERP.BINANCE, client_order_id=O-20240410-202110-001-140728572250568-2, venue_order_id=BINANCE-1-2, account_id=BINANCE-001, trade_id=T-20b165e6c2ee683a-70324, position_id=P-20240410-202110-001-140728572250568-1, order_side=SELL, order_type=STOP_MARKET, last_qty=12.810, last_px=70_094.9 USDT, commission=538.74940140 USDT, liquidity_side=TAKER, ts_event=1712780560000000000)[0m
[1m2024-04-10T20:22:40.000000000Z[0m [INFO] TRADER-001.nautilus_portfolio::portfolio: BTCUSDT-PERP.BINANCE net_position=0[0m
[1m2024-04-10T20:22:40.000000000Z[0m [INFO] TRADER-001.nautilus_portfolio::manager: BTCUSDT-PERP.BINANCE margin_maint=0.00000000 USDT[0m
[1m2024-04-10T20:22:40.000000000Z[0m [INFO] TRADER-001.nautilus_portfolio::portfolio: Updated AccountState(account_id=BINANCE-001, account_type=MARGIN, base_currency=USDT, is_reported=false, balances=[AccountBalance(total=97911.18577180 USDT, locked=0.00000000 USDT, free=97911.18577180 USDT)], margins=[], event_id=19c6051f-6f3c-45f8-b8ba-8943941db36f)[0m
[1m2024-04-10T20:22:40.000000000Z[0m [INFO] TRADER-001.nautilus_trading::strategy: DataActor-140728572250568 <--[EVT] PositionClosed(PositionClosed { trader_id: "TRADER-001", strategy_id: "DataActor-140728572250568", instrument_id: "BTCUSDT-PERP.BINANCE", position_id: "P-20240410-202110-001-140728572250568-1", account_id: "BINANCE-001", opening_order_id: "O-20240410-202110-001-140728572250568-1", closing_order_id: Some("O-20240410-202110-001-140728572250568-2"), entry: Buy, side: Flat, signed_qty: 0.0, quantity: Quantity(0.000), peak_quantity: Quantity(12.810), last_qty: Quantity(12.810), last_px: Price(70094.9), currency: Currency(code='USDT', precision=8, iso4217=0, name='Tether', currency_type=CRYPTO), avg_px_open: 70173.79999999999, avg_px_close: Some(70094.9), realized_return: -0.001124351253601689, realized_pnl: Some(Money(-2088.81422820, USDT)), unrealized_pnl: Money(0.00000000, USDT), duration: 90000000000, event_id: UUID4(eeb01c47-e157-47f7-ac77-6b4917d91eff), ts_opened: UnixNanos(1712780470000000000), ts_closed: Some(UnixNanos(1712780560000000000)), ts_event: UnixNanos(1712780560000000000), ts_init: UnixNanos(1712780560000000000) })[0m
[1m2024-04-10T20:22:40.000000000Z[0m [INFO] TRADER-001.nautilus_portfolio::manager: BTCUSDT-PERP.BINANCE margin_init=0.00000000 USDT[0m
[1m2024-04-10T20:22:40.000000000Z[0m [INFO] TRADER-001.nautilus_portfolio::portfolio: Updated AccountState(account_id=BINANCE-001, account_type=MARGIN, base_currency=USDT, is_reported=false, balances=[AccountBalance(total=97911.18577180 USDT, locked=0.00000000 USDT, free=97911.18577180 USDT)], margins=[], event_id=f702ed47-304a-4946-adfd-65c47a358ce2)[0m
[1m2024-04-10T20:22:40.000000000Z[0m [INFO] TRADER-001.nautilus_trading::strategy: DataActor-140728572250568 <--[EVT] OrderCanceled(instrument_id=BTCUSDT-PERP.BINANCE, client_order_id=O-20240410-202110-001-140728572250568-3, venue_order_id=BINANCE-1-3, account_id=BINANCE-001, ts_event=1712780560000000000)[0m
[1m2024-04-13T08:45:20.000000000Z[0m [INFO] TRADER-001.nautilus_trading::strategy: DataActor-140728572250568 <--[EVT] OrderInitialized(instrument_id=SOLUSDT-PERP.BINANCE, client_order_id=O-20240413-084520-001-140728572250568-4, side=SELL, type=MARKET, quantity=4928.2, time_in_force=GTC, post_only=false, reduce_only=false, quote_quantity=false, price=None, emulation_trigger=None, trigger_instrument_id=None, contingency_type=OTO, order_list_id=OL-20240413-084520-001-140728572250568-2, linked_order_ids=[O-20240413-084520-001-140728572250568-5, O-20240413-084520-001-140728572250568-6], parent_order_id=None, exec_algorithm_id=None, exec_algorithm_params=None, exec_spawn_id=None, tags=agg-acceptance-solusdt-000021, BREAKOUT_ACCEPTANCE_CONTINUATION, SHORT, TEN_SECOND_MARKET_ENTRY)[0m
[1m2024-04-13T08:45:20.000000000Z[0m [INFO] TRADER-001.nautilus_trading::strategy: DataActor-140728572250568 <--[EVT] OrderInitialized(instrument_id=SOLUSDT-PERP.BINANCE, client_order_id=O-20240413-084520-001-140728572250568-5, side=BUY, type=STOP_MARKET, quantity=4928.2, time_in_force=GTC, post_only=false, reduce_only=true, quote_quantity=false, price=None, emulation_trigger=None, trigger_instrument_id=None, contingency_type=OUO, order_list_id=OL-20240413-084520-001-140728572250568-2, linked_order_ids=[O-20240413-084520-001-140728572250568-6], parent_order_id=O-20240413-084520-001-140728572250568-4, exec_algorithm_id=None, exec_algorithm_params=None, exec_spawn_id=None, tags=agg-acceptance-solusdt-000021, OBSERVED_RETEST_INVALIDATION)[0m
[1m2024-04-13T08:45:20.000000000Z[0m [INFO] TRADER-001.nautilus_trading::strategy: DataActor-140728572250568 <--[EVT] OrderInitialized(instrument_id=SOLUSDT-PERP.BINANCE, client_order_id=O-20240413-084520-001-140728572250568-6, side=BUY, type=LIMIT, quantity=4928.2, time_in_force=GTC, post_only=false, reduce_only=true, quote_quantity=false, price=145.480, emulation_trigger=None, trigger_instrument_id=None, contingency_type=OUO, order_list_id=OL-20240413-084520-001-140728572250568-2, linked_order_ids=[O-20240413-084520-001-140728572250568-5], parent_order_id=O-20240413-084520-001-140728572250568-4, exec_algorithm_id=None, exec_algorithm_params=None, exec_spawn_id=None, tags=agg-acceptance-solusdt-000021, ACTIVE_COMPLETED_EXTERNAL_TARGET)[0m
[1m2024-04-13T08:45:20.000000000Z[0m [INFO] TRADER-001.nautilus_trading::strategy: DataActor-140728572250568 [CMD]--> SubmitOrderList[0m
[1m2024-04-13T08:45:20.000000000Z[0m [94m[INFO] TRADER-001.nautilus_execution::engine: Submit OrderList(id=OL-20240413-084520-001-140728572250568-2, instrument_id=SOLUSDT-PERP.BINANCE, strategy_id=DataActor-140728572250568, client_order_ids=["O-20240413-084520-001-140728572250568-4", "O-20240413-084520-001-140728572250568-5", "O-20240413-084520-001-140728572250568-6"], ts_init=1712997920000000000)[0m
[1m2024-04-13T08:45:20.000000000Z[0m [INFO] TRADER-001.nautilus_trading::strategy: DataActor-140728572250568 <--[EVT] OrderSubmitted(instrument_id=SOLUSDT-PERP.BINANCE, client_order_id=O-20240413-084520-001-140728572250568-4, account_id=BINANCE-001, ts_event=1712997920000000000)[0m
[1m2024-04-13T08:45:20.000000000Z[0m [INFO] TRADER-001.nautilus_trading::strategy: DataActor-140728572250568 <--[EVT] OrderSubmitted(instrument_id=SOLUSDT-PERP.BINANCE, client_order_id=O-20240413-084520-001-140728572250568-5, account_id=BINANCE-001, ts_event=1712997920000000000)[0m
[1m2024-04-13T08:45:20.000000000Z[0m [INFO] TRADER-001.nautilus_trading::strategy: DataActor-140728572250568 <--[EVT] OrderSubmitted(instrument_id=SOLUSDT-PERP.BINANCE, client_order_id=O-20240413-084520-001-140728572250568-6, account_id=BINANCE-001, ts_event=1712997920000000000)[0m
[1m2024-04-13T08:45:20.000000000Z[0m [INFO] TRADER-001.nautilus_portfolio::manager: SOLUSDT-PERP.BINANCE margin_init=0.00000000 USDT[0m
[1m2024-04-13T08:45:20.000000000Z[0m [INFO] TRADER-001.nautilus_trading::strategy: DataActor-140728572250568 <--[EVT] OrderFilled(instrument_id=SOLUSDT-PERP.BINANCE, client_order_id=O-20240413-084520-001-140728572250568-4, venue_order_id=BINANCE-3-1, account_id=BINANCE-001, trade_id=T-bafa0bf4bf7b5ceb-138190, position_id=P-20240413-084520-001-140728572250568-2, order_side=SELL, order_type=MARKET, last_qty=4_928.2, last_px=150.436 USDT, commission=444.82721712 USDT, liquidity_side=TAKER, ts_event=1712997920000000000)[0m
[1m2024-04-13T08:45:20.000000000Z[0m [INFO] TRADER-001.nautilus_portfolio::portfolio: SOLUSDT-PERP.BINANCE net_position=-4928.2[0m
[1m2024-04-13T08:45:20.000000000Z[0m [INFO] TRADER-001.nautilus_portfolio::manager: SOLUSDT-PERP.BINANCE margin_maint=2965.51478080 USDT[0m
[1m2024-04-13T08:45:20.000000000Z[0m [INFO] TRADER-001.nautilus_portfolio::portfolio: Updated AccountState(account_id=BINANCE-001, account_type=MARGIN, base_currency=USDT, is_reported=false, balances=[AccountBalance(total=97466.35855468 USDT, locked=2965.51478080 USDT, free=94500.84377388 USDT)], margins=[MarginBalance(initial=0.00000000 USDT, maintenance=2965.51478080 USDT, instrument_id=SOLUSDT-PERP.BINANCE)], event_id=940ee4cb-7d7f-4c0e-b827-a42d7f3ee63f)[0m
[1m2024-04-13T08:45:20.000000000Z[0m [INFO] TRADER-001.nautilus_trading::strategy: DataActor-140728572250568 <--[EVT] PositionOpened(PositionOpened { trader_id: "TRADER-001", strategy_id: "DataActor-140728572250568", instrument_id: "SOLUSDT-PERP.BINANCE", position_id: "P-20240413-084520-001-140728572250568-2", account_id: "BINANCE-001", opening_order_id: "O-20240413-084520-001-140728572250568-4", entry: Sell, side: Short, signed_qty: -4928.2, quantity: Quantity(4928.2), last_qty: Quantity(4928.2), last_px: Price(150.436), currency: Currency(code='USDT', precision=8, iso4217=0, name='Tether', currency_type=CRYPTO), avg_px_open: 150.436, event_id: UUID4(6d694c07-3316-426e-88c0-de761182ee4d), ts_event: UnixNanos(1712997920000000000), ts_init: UnixNanos(1712997920000000000) })[0m
[1m2024-04-13T08:45:20.000000000Z[0m [INFO] TRADER-001.nautilus_portfolio::manager: SOLUSDT-PERP.BINANCE margin_init=0.00000000 USDT[0m
[1m2024-04-13T08:45:20.000000000Z[0m [INFO] TRADER-001.nautilus_portfolio::portfolio: Updated AccountState(account_id=BINANCE-001, account_type=MARGIN, base_currency=USDT, is_reported=false, balances=[AccountBalance(total=97466.35855468 USDT, locked=2965.51478080 USDT, free=94500.84377388 USDT)], margins=[MarginBalance(initial=0.00000000 USDT, maintenance=2965.51478080 USDT, instrument_id=SOLUSDT-PERP.BINANCE)], event_id=84be9683-741e-483a-8457-e842b1f862d1)[0m
[1m2024-04-13T08:45:20.000000000Z[0m [INFO] TRADER-001.nautilus_trading::strategy: DataActor-140728572250568 <--[EVT] OrderAccepted(instrument_id=SOLUSDT-PERP.BINANCE, client_order_id=O-20240413-084520-001-140728572250568-5, venue_order_id=BINANCE-3-2, account_id=BINANCE-001, ts_event=1712997920000000000)[0m
[1m2024-04-13T08:45:20.000000000Z[0m [INFO] TRADER-001.nautilus_portfolio::manager: SOLUSDT-PERP.BINANCE margin_init=0.00000000 USDT[0m
[1m2024-04-13T08:45:20.000000000Z[0m [INFO] TRADER-001.nautilus_portfolio::portfolio: Updated AccountState(account_id=BINANCE-001, account_type=MARGIN, base_currency=USDT, is_reported=false, balances=[AccountBalance(total=97466.35855468 USDT, locked=2965.51478080 USDT, free=94500.84377388 USDT)], margins=[MarginBalance(initial=0.00000000 USDT, maintenance=2965.51478080 USDT, instrument_id=SOLUSDT-PERP.BINANCE)], event_id=e616d9f0-675f-4ffd-ade8-4e61d82ea392)[0m
[1m2024-04-13T08:45:20.000000000Z[0m [INFO] TRADER-001.nautilus_trading::strategy: DataActor-140728572250568 <--[EVT] OrderAccepted(instrument_id=SOLUSDT-PERP.BINANCE, client_order_id=O-20240413-084520-001-140728572250568-6, venue_order_id=BINANCE-3-3, account_id=BINANCE-001, ts_event=1712997920000000000)[0m
[1m2024-04-13T08:45:20.000000000Z[0m [1;33m[WARN] TRADER-001.nautilus_common::cache: Cannot calculate unrealized PnL for P-20240413-084520-001-140728572250568-2, no quotes for SOLUSDT-PERP.BINANCE[0m
[1m2024-04-13T08:45:30.000000000Z[0m [1;33m[WARN] TRADER-001.nautilus_common::cache: Cannot calculate unrealized PnL for P-20240413-084520-001-140728572250568-2, no quotes for SOLUSDT-PERP.BINANCE[0m
[1m2024-04-13T08:45:40.000000000Z[0m [1;33m[WARN] TRADER-001.nautilus_common::cache: Cannot calculate unrealized PnL for P-20240413-084520-001-140728572250568-2, no quotes for SOLUSDT-PERP.BINANCE[0m
[1m2024-04-13T08:45:50.000000000Z[0m [1;33m[WARN] TRADER-001.nautilus_common::cache: Cannot calculate unrealized PnL for P-20240413-084520-001-140728572250568-2, no quotes for SOLUSDT-PERP.BINANCE[0m
[1m2024-04-13T08:45:59.999000000Z[0m [1;33m[WARN] TRADER-001.nautilus_common::cache: Cannot calculate unrealized PnL for P-20240413-084520-001-140728572250568-2, no quotes for SOLUSDT-PERP.BINANCE[0m
[1m2024-04-13T08:46:00.000000000Z[0m [1;33m[WARN] TRADER-001.nautilus_common::cache: Cannot calculate unrealized PnL for P-20240413-084520-001-140728572250568-2, no quotes for SOLUSDT-PERP.BINANCE[0m
[1m2024-04-13T08:46:10.000000000Z[0m [1;33m[WARN] TRADER-001.nautilus_common::cache: Cannot calculate unrealized PnL for P-20240413-084520-001-140728572250568-2, no quotes for SOLUSDT-PERP.BINANCE[0m
[1m2024-04-13T08:46:20.000000000Z[0m [1;33m[WARN] TRADER-001.nautilus_common::cache: Cannot calculate unrealized PnL for P-20240413-084520-001-140728572250568-2, no quotes for SOLUSDT-PERP.BINANCE[0m
[1m2024-04-13T08:46:30.000000000Z[0m [1;33m[WARN] TRADER-001.nautilus_common::cache: Cannot calculate unrealized PnL for P-20240413-084520-001-140728572250568-2, no quotes for SOLUSDT-PERP.BINANCE[0m
[1m2024-04-13T08:46:40.000000000Z[0m [1;33m[WARN] TRADER-001.nautilus_common::cache: Cannot calculate unrealized PnL for P-20240413-084520-001-140728572250568-2, no quotes for SOLUSDT-PERP.BINANCE[0m
[1m2024-04-13T08:46:50.000000000Z[0m [1;33m[WARN] TRADER-001.nautilus_common::cache: Cannot calculate unrealized PnL for P-20240413-084520-001-140728572250568-2, no quotes for SOLUSDT-PERP.BINANCE[0m
[1m2024-04-13T08:46:59.999000000Z[0m [1;33m[WARN] TRADER-001.nautilus_common::cache: Cannot calculate unrealized PnL for P-20240413-084520-001-140728572250568-2, no quotes for SOLUSDT-PERP.BINANCE[0m
[1m2024-04-13T08:47:00.000000000Z[0m [1;33m[WARN] TRADER-001.nautilus_common::cache: Cannot calculate unrealized PnL for P-20240413-084520-001-140728572250568-2, no quotes for SOLUSDT-PERP.BINANCE[0m
[1m2024-04-13T08:47:10.000000000Z[0m [1;33m[WARN] TRADER-001.nautilus_common::cache: Cannot calculate unrealized PnL for P-20240413-084520-001-140728572250568-2, no quotes for SOLUSDT-PERP.BINANCE[0m
[1m2024-04-13T08:47:20.000000000Z[0m [1;33m[WARN] TRADER-001.nautilus_common::cache: Cannot calculate unrealized PnL for P-20240413-084520-001-140728572250568-2, no quotes for SOLUSDT-PERP.BINANCE[0m
[1m2024-04-13T08:47:30.000000000Z[0m [1;33m[WARN] TRADER-001.nautilus_common::cache: Cannot calculate unrealized PnL for P-20240413-084520-001-140728572250568-2, no quotes for SOLUSDT-PERP.BINANCE[0m
[1m2024-04-13T08:47:40.000000000Z[0m [1;33m[WARN] TRADER-001.nautilus_common::cache: Cannot calculate unrealized PnL for P-20240413-084520-001-140728572250568-2, no quotes for SOLUSDT-PERP.BINANCE[0m
[1m2024-04-13T08:47:50.000000000Z[0m [1;33m[WARN] TRADER-001.nautilus_common::cache: Cannot calculate unrealized PnL for P-20240413-084520-001-140728572250568-2, no quotes for SOLUSDT-PERP.BINANCE[0m
[1m2024-04-13T08:47:59.999000000Z[0m [1;33m[WARN] TRADER-001.nautilus_common::cache: Cannot calculate unrealized PnL for P-20240413-084520-001-140728572250568-2, no quotes for SOLUSDT-PERP.BINANCE[0m
[1m2024-04-13T08:48:00.000000000Z[0m [1;33m[WARN] TRADER-001.nautilus_common::cache: Cannot calculate unrealized PnL for P-20240413-084520-001-140728572250568-2, no quotes for SOLUSDT-PERP.BINANCE[0m
[1m2024-04-13T08:48:10.000000000Z[0m [1;33m[WARN] TRADER-001.nautilus_common::cache: Cannot calculate unrealized PnL for P-20240413-084520-001-140728572250568-2, no quotes for SOLUSDT-PERP.BINANCE[0m
[1m2024-04-13T08:48:20.000000000Z[0m [1;33m[WARN] TRADER-001.nautilus_common::cache: Cannot calculate unrealized PnL for P-20240413-084520-001-140728572250568-2, no quotes for SOLUSDT-PERP.BINANCE[0m
[1m2024-04-13T08:48:30.000000000Z[0m [1;33m[WARN] TRADER-001.nautilus_common::cache: Cannot calculate unrealized PnL for P-20240413-084520-001-140728572250568-2, no quotes for SOLUSDT-PERP.BINANCE[0m
[1m2024-04-13T08:48:40.000000000Z[0m [1;33m[WARN] TRADER-001.nautilus_common::cache: Cannot calculate unrealized PnL for P-20240413-084520-001-140728572250568-2, no quotes for SOLUSDT-PERP.BINANCE[0m
[1m2024-04-13T08:48:50.000000000Z[0m [1;33m[WARN] TRADER-001.nautilus_common::cache: Cannot calculate unrealized PnL for P-20240413-084520-001-140728572250568-2, no quotes for SOLUSDT-PERP.BINANCE[0m
[1m2024-04-13T08:48:59.999000000Z[0m [1;33m[WARN] TRADER-001.nautilus_common::cache: Cannot calculate unrealized PnL for P-20240413-084520-001-140728572250568-2, no quotes for SOLUSDT-PERP.BINANCE[0m
[1m2024-04-13T08:49:00.000000000Z[0m [1;33m[WARN] TRADER-001.nautilus_common::cache: Cannot calculate unrealized PnL for P-20240413-084520-001-140728572250568-2, no quotes for SOLUSDT-PERP.BINANCE[0m
[1m2024-04-13T08:49:10.000000000Z[0m [1;33m[WARN] TRADER-001.nautilus_common::cache: Cannot calculate unrealized PnL for P-20240413-084520-001-140728572250568-2, no quotes for SOLUSDT-PERP.BINANCE[0m
[1m2024-04-13T08:49:20.000000000Z[0m [1;33m[WARN] TRADER-001.nautilus_common::cache: Cannot calculate unrealized PnL for P-20240413-084520-001-140728572250568-2, no quotes for SOLUSDT-PERP.BINANCE[0m
[1m2024-04-13T08:49:30.000000000Z[0m [1;33m[WARN] TRADER-001.nautilus_common::cache: Cannot calculate unrealized PnL for P-20240413-084520-001-140728572250568-2, no quotes for SOLUSDT-PERP.BINANCE[0m
[1m2024-04-13T08:49:40.000000000Z[0m [1;33m[WARN] TRADER-001.nautilus_common::cache: Cannot calculate unrealized PnL for P-20240413-084520-001-140728572250568-2, no quotes for SOLUSDT-PERP.BINANCE[0m
[1m2024-04-13T08:49:50.000000000Z[0m [1;33m[WARN] TRADER-001.nautilus_common::cache: Cannot calculate unrealized PnL for P-20240413-084520-001-140728572250568-2, no quotes for SOLUSDT-PERP.BINANCE[0m
[1m2024-04-13T08:49:59.999000000Z[0m [1;33m[WARN] TRADER-001.nautilus_common::cache: Cannot calculate unrealized PnL for P-20240413-084520-001-140728572250568-2, no quotes for SOLUSDT-PERP.BINANCE[0m
[1m2024-04-13T08:50:00.000000000Z[0m [1;33m[WARN] TRADER-001.nautilus_common::cache: Cannot calculate unrealized PnL for P-20240413-084520-001-140728572250568-2, no quotes for SOLUSDT-PERP.BINANCE[0m
[1m2024-04-13T08:50:10.000000000Z[0m [1;33m[WARN] TRADER-001.nautilus_common::cache: Cannot calculate unrealized PnL for P-20240413-084520-001-140728572250568-2, no quotes for SOLUSDT-PERP.BINANCE[0m
[1m2024-04-13T08:50:20.000000000Z[0m [1;33m[WARN] TRADER-001.nautilus_common::cache: Cannot calculate unrealized PnL for P-20240413-084520-001-140728572250568-2, no quotes for SOLUSDT-PERP.BINANCE[0m
[1m2024-04-13T08:50:30.000000000Z[0m [1;33m[WARN] TRADER-001.nautilus_common::cache: Cannot calculate unrealized PnL for P-20240413-084520-001-140728572250568-2, no quotes for SOLUSDT-PERP.BINANCE[0m
[1m2024-04-13T08:50:40.000000000Z[0m [1;33m[WARN] TRADER-001.nautilus_common::cache: Cannot calculate unrealized PnL for P-20240413-084520-001-140728572250568-2, no quotes for SOLUSDT-PERP.BINANCE[0m
[1m2024-04-13T08:50:50.000000000Z[0m [1;33m[WARN] TRADER-001.nautilus_common::cache: Cannot calculate unrealized PnL for P-20240413-084520-001-140728572250568-2, no quotes for SOLUSDT-PERP.BINANCE[0m
[1m2024-04-13T08:50:59.999000000Z[0m [1;33m[WARN] TRADER-001.nautilus_common::cache: Cannot calculate unrealized PnL for P-20240413-084520-001-140728572250568-2, no quotes for SOLUSDT-PERP.BINANCE[0m
[1m2024-04-13T08:51:00.000000000Z[0m [1;33m[WARN] TRADER-001.nautilus_common::cache: Cannot calculate unrealized PnL for P-20240413-084520-001-140728572250568-2, no quotes for SOLUSDT-PERP.BINANCE[0m
[1m2024-04-13T08:51:10.000000000Z[0m [1;33m[WARN] TRADER-001.nautilus_common::cache: Cannot calculate unrealized PnL for P-20240413-084520-001-140728572250568-2, no quotes for SOLUSDT-PERP.BINANCE[0m
[1m2024-04-13T08:51:20.000000000Z[0m [1;33m[WARN] TRADER-001.nautilus_common::cache: Cannot calculate unrealized PnL for P-20240413-084520-001-140728572250568-2, no quotes for SOLUSDT-PERP.BINANCE[0m
[1m2024-04-13T08:51:30.000000000Z[0m [1;33m[WARN] TRADER-001.nautilus_common::cache: Cannot calculate unrealized PnL for P-20240413-084520-001-140728572250568-2, no quotes for SOLUSDT-PERP.BINANCE[0m
[1m2024-04-13T08:51:40.000000000Z[0m [1;33m[WARN] TRADER-001.nautilus_common::cache: Cannot calculate unrealized PnL for P-20240413-084520-001-140728572250568-2, no quotes for SOLUSDT-PERP.BINANCE[0m
[1m2024-04-13T08:51:50.000000000Z[0m [1;33m[WARN] TRADER-001.nautilus_common::cache: Cannot calculate unrealized PnL for P-20240413-084520-001-140728572250568-2, no quotes for SOLUSDT-PERP.BINANCE[0m
[1m2024-04-13T08:51:59.999000000Z[0m [1;33m[WARN] TRADER-001.nautilus_common::cache: Cannot calculate unrealized PnL for P-20240413-084520-001-140728572250568-2, no quotes for SOLUSDT-PERP.BINANCE[0m
[1m2024-04-13T08:52:00.000000000Z[0m [1;33m[WARN] TRADER-001.nautilus_common::cache: Cannot calculate unrealized PnL for P-20240413-084520-001-140728572250568-2, no quotes for SOLUSDT-PERP.BINANCE[0m
[1m2024-04-13T08:52:10.000000000Z[0m [1;33m[WARN] TRADER-001.nautilus_common::cache: Cannot calculate unrealized PnL for P-20240413-084520-001-140728572250568-2, no quotes for SOLUSDT-PERP.BINANCE[0m
[1m2024-04-13T08:52:20.000000000Z[0m [1;33m[WARN] TRADER-001.nautilus_common::cache: Cannot calculate unrealized PnL for P-20240413-084520-001-140728572250568-2, no quotes for SOLUSDT-PERP.BINANCE[0m
[1m2024-04-13T08:52:30.000000000Z[0m [1;33m[WARN] TRADER-001.nautilus_common::cache: Cannot calculate unrealized PnL for P-20240413-084520-001-140728572250568-2, no quotes for SOLUSDT-PERP.BINANCE[0m
[1m2024-04-13T08:52:40.000000000Z[0m [1;33m[WARN] TRADER-001.nautilus_common::cache: Cannot calculate unrealized PnL for P-20240413-084520-001-140728572250568-2, no quotes for SOLUSDT-PERP.BINANCE[0m
[1m2024-04-13T08:52:50.000000000Z[0m [1;33m[WARN] TRADER-001.nautilus_common::cache: Cannot calculate unrealized PnL for P-20240413-084520-001-140728572250568-2, no quotes for SOLUSDT-PERP.BINANCE[0m
[1m2024-04-13T08:52:59.999000000Z[0m [1;33m[WARN] TRADER-001.nautilus_common::cache: Cannot calculate unrealized PnL for P-20240413-084520-001-140728572250568-2, no quotes for SOLUSDT-PERP.BINANCE[0m
[1m2024-04-13T08:53:00.000000000Z[0m [1;33m[WARN] TRADER-001.nautilus_common::cache: Cannot calculate unrealized PnL for P-20240413-084520-001-140728572250568-2, no quotes for SOLUSDT-PERP.BINANCE[0m
[1m2024-04-13T08:53:10.000000000Z[0m [1;33m[WARN] TRADER-001.nautilus_common::cache: Cannot calculate unrealized PnL for P-20240413-084520-001-140728572250568-2, no quotes for SOLUSDT-PERP.BINANCE[0m
[1m2024-04-13T08:53:20.000000000Z[0m [1;33m[WARN] TRADER-001.nautilus_common::cache: Cannot calculate unrealized PnL for P-20240413-084520-001-140728572250568-2, no quotes for SOLUSDT-PERP.BINANCE[0m
[1m2024-04-13T08:53:30.000000000Z[0m [1;33m[WARN] TRADER-001.nautilus_common::cache: Cannot calculate unrealized PnL for P-20240413-084520-001-140728572250568-2, no quotes for SOLUSDT-PERP.BINANCE[0m
[1m2024-04-13T08:53:40.000000000Z[0m [1;33m[WARN] TRADER-001.nautilus_common::cache: Cannot calculate unrealized PnL for P-20240413-084520-001-140728572250568-2, no quotes for SOLUSDT-PERP.BINANCE[0m
[1m2024-04-13T08:53:50.000000000Z[0m [1;33m[WARN] TRADER-001.nautilus_common::cache: Cannot calculate unrealized PnL for P-20240413-084520-001-140728572250568-2, no quotes for SOLUSDT-PERP.BINANCE[0m
[1m2024-04-13T08:53:59.999000000Z[0m [1;33m[WARN] TRADER-001.nautilus_common::cache: Cannot calculate unrealized PnL for P-20240413-084520-001-140728572250568-2, no quotes for SOLUSDT-PERP.BINANCE[0m
[1m2024-04-13T08:54:00.000000000Z[0m [1;33m[WARN] TRADER-001.nautilus_common::cache: Cannot calculate unrealized PnL for P-20240413-084520-001-140728572250568-2, no quotes for SOLUSDT-PERP.BINANCE[0m
[1m2024-04-13T08:54:10.000000000Z[0m [1;33m[WARN] TRADER-001.nautilus_common::cache: Cannot calculate unrealized PnL for P-20240413-084520-001-140728572250568-2, no quotes for SOLUSDT-PERP.BINANCE[0m
[1m2024-04-13T08:54:20.000000000Z[0m [1;33m[WARN] TRADER-001.nautilus_common::cache: Cannot calculate unrealized PnL for P-20240413-084520-001-140728572250568-2, no quotes for SOLUSDT-PERP.BINANCE[0m
[1m2024-04-13T08:54:30.000000000Z[0m [1;33m[WARN] TRADER-001.nautilus_common::cache: Cannot calculate unrealized PnL for P-20240413-084520-001-140728572250568-2, no quotes for SOLUSDT-PERP.BINANCE[0m
[1m2024-04-13T08:54:40.000000000Z[0m [1;33m[WARN] TRADER-001.nautilus_common::cache: Cannot calculate unrealized PnL for P-20240413-084520-001-140728572250568-2, no quotes for SOLUSDT-PERP.BINANCE[0m
[1m2024-04-13T08:54:50.000000000Z[0m [1;33m[WARN] TRADER-001.nautilus_common::cache: Cannot calculate unrealized PnL for P-20240413-084520-001-140728572250568-2, no quotes for SOLUSDT-PERP.BINANCE[0m
[1m2024-04-13T08:54:59.999000000Z[0m [1;33m[WARN] TRADER-001.nautilus_common::cache: Cannot calculate unrealized PnL for P-20240413-084520-001-140728572250568-2, no quotes for SOLUSDT-PERP.BINANCE[0m
[1m2024-04-13T08:55:00.000000000Z[0m [1;33m[WARN] TRADER-001.nautilus_common::cache: Cannot calculate unrealized PnL for P-20240413-084520-001-140728572250568-2, no quotes for SOLUSDT-PERP.BINANCE[0m
[1m2024-04-13T08:55:10.000000000Z[0m [1;33m[WARN] TRADER-001.nautilus_common::cache: Cannot calculate unrealized PnL for P-20240413-084520-001-140728572250568-2, no quotes for SOLUSDT-PERP.BINANCE[0m
[1m2024-04-13T08:55:20.000000000Z[0m [1;33m[WARN] TRADER-001.nautilus_common::cache: Cannot calculate unrealized PnL for P-20240413-084520-001-140728572250568-2, no quotes for SOLUSDT-PERP.BINANCE[0m
[1m2024-04-13T08:55:30.000000000Z[0m [1;33m[WARN] TRADER-001.nautilus_common::cache: Cannot calculate unrealized PnL for P-20240413-084520-001-140728572250568-2, no quotes for SOLUSDT-PERP.BINANCE[0m
[1m2024-04-13T08:55:40.000000000Z[0m [1;33m[WARN] TRADER-001.nautilus_common::cache: Cannot calculate unrealized PnL for P-20240413-084520-001-140728572250568-2, no quotes for SOLUSDT-PERP.BINANCE[0m
[1m2024-04-13T08:55:50.000000000Z[0m [1;33m[WARN] TRADER-001.nautilus_common::cache: Cannot calculate unrealized PnL for P-20240413-084520-001-140728572250568-2, no quotes for SOLUSDT-PERP.BINANCE[0m
[1m2024-04-13T08:55:59.999000000Z[0m [1;33m[WARN] TRADER-001.nautilus_common::cache: Cannot calculate unrealized PnL for P-20240413-084520-001-140728572250568-2, no quotes for SOLUSDT-PERP.BINANCE[0m
[1m2024-04-13T08:56:00.000000000Z[0m [1;33m[WARN] TRADER-001.nautilus_common::cache: Cannot calculate unrealized PnL for P-20240413-084520-001-140728572250568-2, no quotes for SOLUSDT-PERP.BINANCE[0m
[1m2024-04-13T08:56:10.000000000Z[0m [1;33m[WARN] TRADER-001.nautilus_common::cache: Cannot calculate unrealized PnL for P-20240413-084520-001-140728572250568-2, no quotes for SOLUSDT-PERP.BINANCE[0m
[1m2024-04-13T08:56:20.000000000Z[0m [1;33m[WARN] TRADER-001.nautilus_common::cache: Cannot calculate unrealized PnL for P-20240413-084520-001-140728572250568-2, no quotes for SOLUSDT-PERP.BINANCE[0m
[1m2024-04-13T08:56:30.000000000Z[0m [1;33m[WARN] TRADER-001.nautilus_common::cache: Cannot calculate unrealized PnL for P-20240413-084520-001-140728572250568-2, no quotes for SOLUSDT-PERP.BINANCE[0m
[1m2024-04-13T08:56:40.000000000Z[0m [1;33m[WARN] TRADER-001.nautilus_common::cache: Cannot calculate unrealized PnL for P-20240413-084520-001-140728572250568-2, no quotes for SOLUSDT-PERP.BINANCE[0m
[1m2024-04-13T08:56:50.000000000Z[0m [1;33m[WARN] TRADER-001.nautilus_common::cache: Cannot calculate unrealized PnL for P-20240413-084520-001-140728572250568-2, no quotes for SOLUSDT-PERP.BINANCE[0m
[1m2024-04-13T08:56:59.999000000Z[0m [1;33m[WARN] TRADER-001.nautilus_common::cache: Cannot calculate unrealized PnL for P-20240413-084520-001-140728572250568-2, no quotes for SOLUSDT-PERP.BINANCE[0m
[1m2024-04-13T08:57:00.000000000Z[0m [1;33m[WARN] TRADER-001.nautilus_common::cache: Cannot calculate unrealized PnL for P-20240413-084520-001-140728572250568-2, no quotes for SOLUSDT-PERP.BINANCE[0m
[1m2024-04-13T08:57:10.000000000Z[0m [1;33m[WARN] TRADER-001.nautilus_common::cache: Cannot calculate unrealized PnL for P-20240413-084520-001-140728572250568-2, no quotes for SOLUSDT-PERP.BINANCE[0m
[1m2024-04-13T08:57:20.000000000Z[0m [1;33m[WARN] TRADER-001.nautilus_common::cache: Cannot calculate unrealized PnL for P-20240413-084520-001-140728572250568-2, no quotes for SOLUSDT-PERP.BINANCE[0m
[1m2024-04-13T08:57:30.000000000Z[0m [1;33m[WARN] TRADER-001.nautilus_common::cache: Cannot calculate unrealized PnL for P-20240413-084520-001-140728572250568-2, no quotes for SOLUSDT-PERP.BINANCE[0m
[1m2024-04-13T08:57:40.000000000Z[0m [1;33m[WARN] TRADER-001.nautilus_common::cache: Cannot calculate unrealized PnL for P-20240413-084520-001-140728572250568-2, no quotes for SOLUSDT-PERP.BINANCE[0m
[1m2024-04-13T08:57:50.000000000Z[0m [1;33m[WARN] TRADER-001.nautilus_common::cache: Cannot calculate unrealized PnL for P-20240413-084520-001-140728572250568-2, no quotes for SOLUSDT-PERP.BINANCE[0m
[1m2024-04-13T08:57:59.999000000Z[0m [1;33m[WARN] TRADER-001.nautilus_common::cache: Cannot calculate unrealized PnL for P-20240413-084520-001-140728572250568-2, no quotes for SOLUSDT-PERP.BINANCE[0m
[1m2024-04-13T08:58:00.000000000Z[0m [1;33m[WARN] TRADER-001.nautilus_common::cache: Cannot calculate unrealized PnL for P-20240413-084520-001-140728572250568-2, no quotes for SOLUSDT-PERP.BINANCE[0m
[1m2024-04-13T08:58:10.000000000Z[0m [1;33m[WARN] TRADER-001.nautilus_common::cache: Cannot calculate unrealized PnL for P-20240413-084520-001-140728572250568-2, no quotes for SOLUSDT-PERP.BINANCE[0m
[1m2024-04-13T08:58:20.000000000Z[0m [1;33m[WARN] TRADER-001.nautilus_common::cache: Cannot calculate unrealized PnL for P-20240413-084520-001-140728572250568-2, no quotes for SOLUSDT-PERP.BINANCE[0m
[1m2024-04-13T08:58:30.000000000Z[0m [1;33m[WARN] TRADER-001.nautilus_common::cache: Cannot calculate unrealized PnL for P-20240413-084520-001-140728572250568-2, no quotes for SOLUSDT-PERP.BINANCE[0m
[1m2024-04-13T08:58:40.000000000Z[0m [1;33m[WARN] TRADER-001.nautilus_common::cache: Cannot calculate unrealized PnL for P-20240413-084520-001-140728572250568-2, no quotes for SOLUSDT-PERP.BINANCE[0m
[1m2024-04-13T08:58:50.000000000Z[0m [1;33m[WARN] TRADER-001.nautilus_common::cache: Cannot calculate unrealized PnL for P-20240413-084520-001-140728572250568-2, no quotes for SOLUSDT-PERP.BINANCE[0m
[1m2024-04-13T08:58:59.999000000Z[0m [1;33m[WARN] TRADER-001.nautilus_common::cache: Cannot calculate unrealized PnL for P-20240413-084520-001-140728572250568-2, no quotes for SOLUSDT-PERP.BINANCE[0m
[1m2024-04-13T08:59:00.000000000Z[0m [1;33m[WARN] TRADER-001.nautilus_common::cache: Cannot calculate unrealized PnL for P-20240413-084520-001-140728572250568-2, no quotes for SOLUSDT-PERP.BINANCE[0m
[1m2024-04-13T08:59:10.000000000Z[0m [1;33m[WARN] TRADER-001.nautilus_common::cache: Cannot calculate unrealized PnL for P-20240413-084520-001-140728572250568-2, no quotes for SOLUSDT-PERP.BINANCE[0m
[1m2024-04-13T08:59:20.000000000Z[0m [1;33m[WARN] TRADER-001.nautilus_common::cache: Cannot calculate unrealized PnL for P-20240413-084520-001-140728572250568-2, no quotes for SOLUSDT-PERP.BINANCE[0m
[1m2024-04-13T08:59:30.000000000Z[0m [1;33m[WARN] TRADER-001.nautilus_common::cache: Cannot calculate unrealized PnL for P-20240413-084520-001-140728572250568-2, no quotes for SOLUSDT-PERP.BINANCE[0m
[1m2024-04-13T08:59:40.000000000Z[0m [1;33m[WARN] TRADER-001.nautilus_common::cache: Cannot calculate unrealized PnL for P-20240413-084520-001-140728572250568-2, no quotes for SOLUSDT-PERP.BINANCE[0m
[1m2024-04-13T08:59:50.000000000Z[0m [1;33m[WARN] TRADER-001.nautilus_common::cache: Cannot calculate unrealized PnL for P-20240413-084520-001-140728572250568-2, no quotes for SOLUSDT-PERP.BINANCE[0m
[1m2024-04-13T08:59:59.999000000Z[0m [1;33m[WARN] TRADER-001.nautilus_common::cache: Cannot calculate unrealized PnL for P-20240413-084520-001-140728572250568-2, no quotes for SOLUSDT-PERP.BINANCE[0m
[1m2024-04-13T09:00:00.000000000Z[0m [1;33m[WARN] TRADER-001.nautilus_common::cache: Cannot calculate unrealized PnL for P-20240413-084520-001-140728572250568-2, no quotes for SOLUSDT-PERP.BINANCE[0m
[1m2024-04-13T09:00:10.000000000Z[0m [1;33m[WARN] TRADER-001.nautilus_common::cache: Cannot calculate unrealized PnL for P-20240413-084520-001-140728572250568-2, no quotes for SOLUSDT-PERP.BINANCE[0m
[1m2024-04-13T09:00:20.000000000Z[0m [1;33m[WARN] TRADER-001.nautilus_common::cache: Cannot calculate unrealized PnL for P-20240413-084520-001-140728572250568-2, no quotes for SOLUSDT-PERP.BINANCE[0m
[1m2024-04-13T09:00:30.000000000Z[0m [1;33m[WARN] TRADER-001.nautilus_common::cache: Cannot calculate unrealized PnL for P-20240413-084520-001-140728572250568-2, no quotes for SOLUSDT-PERP.BINANCE[0m
[1m2024-04-13T09:00:40.000000000Z[0m [1;33m[WARN] TRADER-001.nautilus_common::cache: Cannot calculate unrealized PnL for P-20240413-084520-001-140728572250568-2, no quotes for SOLUSDT-PERP.BINANCE[0m
[1m2024-04-13T09:00:50.000000000Z[0m [1;33m[WARN] TRADER-001.nautilus_common::cache: Cannot calculate unrealized PnL for P-20240413-084520-001-140728572250568-2, no quotes for SOLUSDT-PERP.BINANCE[0m
[1m2024-04-13T09:00:59.999000000Z[0m [1;33m[WARN] TRADER-001.nautilus_common::cache: Cannot calculate unrealized PnL for P-20240413-084520-001-140728572250568-2, no quotes for SOLUSDT-PERP.BINANCE[0m
[1m2024-04-13T09:01:00.000000000Z[0m [1;33m[WARN] TRADER-001.nautilus_common::cache: Cannot calculate unrealized PnL for P-20240413-084520-001-140728572250568-2, no quotes for SOLUSDT-PERP.BINANCE[0m
[1m2024-04-13T09:01:10.000000000Z[0m [1;33m[WARN] TRADER-001.nautilus_common::cache: Cannot calculate unrealized PnL for P-20240413-084520-001-140728572250568-2, no quotes for SOLUSDT-PERP.BINANCE[0m
[1m2024-04-13T09:01:20.000000000Z[0m [1;33m[WARN] TRADER-001.nautilus_common::cache: Cannot calculate unrealized PnL for P-20240413-084520-001-140728572250568-2, no quotes for SOLUSDT-PERP.BINANCE[0m
[1m2024-04-13T09:01:30.000000000Z[0m [1;33m[WARN] TRADER-001.nautilus_common::cache: Cannot calculate unrealized PnL for P-20240413-084520-001-140728572250568-2, no quotes for SOLUSDT-PERP.BINANCE[0m
[1m2024-04-13T09:01:40.000000000Z[0m [1;33m[WARN] TRADER-001.nautilus_common::cache: Cannot calculate unrealized PnL for P-20240413-084520-001-140728572250568-2, no quotes for SOLUSDT-PERP.BINANCE[0m
[1m2024-04-13T09:01:50.000000000Z[0m [1;33m[WARN] TRADER-001.nautilus_common::cache: Cannot calculate unrealized PnL for P-20240413-084520-001-140728572250568-2, no quotes for SOLUSDT-PERP.BINANCE[0m
[1m2024-04-13T09:01:59.999000000Z[0m [1;33m[WARN] TRADER-001.nautilus_common::cache: Cannot calculate unrealized PnL for P-20240413-084520-001-140728572250568-2, no quotes for SOLUSDT-PERP.BINANCE[0m
[1m2024-04-13T09:02:00.000000000Z[0m [1;33m[WARN] TRADER-001.nautilus_common::cache: Cannot calculate unrealized PnL for P-20240413-084520-001-140728572250568-2, no quotes for SOLUSDT-PERP.BINANCE[0m
[1m2024-04-13T09:02:10.000000000Z[0m [1;33m[WARN] TRADER-001.nautilus_common::cache: Cannot calculate unrealized PnL for P-20240413-084520-001-140728572250568-2, no quotes for SOLUSDT-PERP.BINANCE[0m
[1m2024-04-13T09:02:20.000000000Z[0m [1;33m[WARN] TRADER-001.nautilus_common::cache: Cannot calculate unrealized PnL for P-20240413-084520-001-140728572250568-2, no quotes for SOLUSDT-PERP.BINANCE[0m
[1m2024-04-13T09:02:30.000000000Z[0m [1;33m[WARN] TRADER-001.nautilus_common::cache: Cannot calculate unrealized PnL for P-20240413-084520-001-140728572250568-2, no quotes for SOLUSDT-PERP.BINANCE[0m
[1m2024-04-13T09:02:40.000000000Z[0m [1;33m[WARN] TRADER-001.nautilus_common::cache: Cannot calculate unrealized PnL for P-20240413-084520-001-140728572250568-2, no quotes for SOLUSDT-PERP.BINANCE[0m
[1m2024-04-13T09:02:50.000000000Z[0m [1;33m[WARN] TRADER-001.nautilus_common::cache: Cannot calculate unrealized PnL for P-20240413-084520-001-140728572250568-2, no quotes for SOLUSDT-PERP.BINANCE[0m
[1m2024-04-13T09:02:59.999000000Z[0m [1;33m[WARN] TRADER-001.nautilus_common::cache: Cannot calculate unrealized PnL for P-20240413-084520-001-140728572250568-2, no quotes for SOLUSDT-PERP.BINANCE[0m
[1m2024-04-13T09:03:00.000000000Z[0m [1;33m[WARN] TRADER-001.nautilus_common::cache: Cannot calculate unrealized PnL for P-20240413-084520-001-140728572250568-2, no quotes for SOLUSDT-PERP.BINANCE[0m
[1m2024-04-13T09:03:10.000000000Z[0m [1;33m[WARN] TRADER-001.nautilus_common::cache: Cannot calculate unrealized PnL for P-20240413-084520-001-140728572250568-2, no quotes for SOLUSDT-PERP.BINANCE[0m
[1m2024-04-13T09:03:20.000000000Z[0m [1;33m[WARN] TRADER-001.nautilus_common::cache: Cannot calculate unrealized PnL for P-20240413-084520-001-140728572250568-2, no quotes for SOLUSDT-PERP.BINANCE[0m
[1m2024-04-13T09:03:30.000000000Z[0m [1;33m[WARN] TRADER-001.nautilus_common::cache: Cannot calculate unrealized PnL for P-20240413-084520-001-140728572250568-2, no quotes for SOLUSDT-PERP.BINANCE[0m
[1m2024-04-13T09:03:40.000000000Z[0m [1;33m[WARN] TRADER-001.nautilus_common::cache: Cannot calculate unrealized PnL for P-20240413-084520-001-140728572250568-2, no quotes for SOLUSDT-PERP.BINANCE[0m
[1m2024-04-13T09:03:50.000000000Z[0m [1;33m[WARN] TRADER-001.nautilus_common::cache: Cannot calculate unrealized PnL for P-20240413-084520-001-140728572250568-2, no quotes for SOLUSDT-PERP.BINANCE[0m
[1m2024-04-13T09:03:59.999000000Z[0m [1;33m[WARN] TRADER-001.nautilus_common::cache: Cannot calculate unrealized PnL for P-20240413-084520-001-140728572250568-2, no quotes for SOLUSDT-PERP.BINANCE[0m
[1m2024-04-13T09:04:00.000000000Z[0m [1;33m[WARN] TRADER-001.nautilus_common::cache: Cannot calculate unrealized PnL for P-20240413-084520-001-140728572250568-2, no quotes for SOLUSDT-PERP.BINANCE[0m
[1m2024-04-13T09:04:10.000000000Z[0m [1;33m[WARN] TRADER-001.nautilus_common::cache: Cannot calculate unrealized PnL for P-20240413-084520-001-140728572250568-2, no quotes for SOLUSDT-PERP.BINANCE[0m
[1m2024-04-13T09:04:20.000000000Z[0m [1;33m[WARN] TRADER-001.nautilus_common::cache: Cannot calculate unrealized PnL for P-20240413-084520-001-140728572250568-2, no quotes for SOLUSDT-PERP.BINANCE[0m
[1m2024-04-13T09:04:30.000000000Z[0m [1;33m[WARN] TRADER-001.nautilus_common::cache: Cannot calculate unrealized PnL for P-20240413-084520-001-140728572250568-2, no quotes for SOLUSDT-PERP.BINANCE[0m
[1m2024-04-13T09:04:40.000000000Z[0m [INFO] TRADER-001.nautilus_portfolio::manager: SOLUSDT-PERP.BINANCE margin_init=0.00000000 USDT[0m
[1m2024-04-13T09:04:40.000000000Z[0m [INFO] TRADER-001.nautilus_trading::strategy: DataActor-140728572250568 <--[EVT] OrderFilled(instrument_id=SOLUSDT-PERP.BINANCE, client_order_id=O-20240413-084520-001-140728572250568-5, venue_order_id=BINANCE-3-2, account_id=BINANCE-001, trade_id=T-4e4fac4297ff5d04-138561, position_id=P-20240413-084520-001-140728572250568-2, order_side=BUY, order_type=STOP_MARKET, last_qty=4_928.2, last_px=150.700 USDT, commission=445.60784400 USDT, liquidity_side=TAKER, ts_event=1712999080000000000)[0m
[1m2024-04-13T09:04:40.000000000Z[0m [INFO] TRADER-001.nautilus_portfolio::portfolio: SOLUSDT-PERP.BINANCE net_position=0[0m
[1m2024-04-13T09:04:40.000000000Z[0m [INFO] TRADER-001.nautilus_portfolio::manager: SOLUSDT-PERP.BINANCE margin_maint=0.00000000 USDT[0m
[1m2024-04-13T09:04:40.000000000Z[0m [INFO] TRADER-001.nautilus_portfolio::portfolio: Updated AccountState(account_id=BINANCE-001, account_type=MARGIN, base_currency=USDT, is_reported=false, balances=[AccountBalance(total=95719.70591068 USDT, locked=0.00000000 USDT, free=95719.70591068 USDT)], margins=[], event_id=a918830c-12aa-40e3-8fda-d32bc9b67c95)[0m
[1m2024-04-13T09:04:40.000000000Z[0m [INFO] TRADER-001.nautilus_trading::strategy: DataActor-140728572250568 <--[EVT] PositionClosed(PositionClosed { trader_id: "TRADER-001", strategy_id: "DataActor-140728572250568", instrument_id: "SOLUSDT-PERP.BINANCE", position_id: "P-20240413-084520-001-140728572250568-2", account_id: "BINANCE-001", opening_order_id: "O-20240413-084520-001-140728572250568-4", closing_order_id: Some("O-20240413-084520-001-140728572250568-5"), entry: Sell, side: Flat, signed_qty: 0.0, quantity: Quantity(0.0), peak_quantity: Quantity(4928.2), last_qty: Quantity(4928.2), last_px: Price(150.700), currency: Currency(code='USDT', precision=8, iso4217=0, name='Tether', currency_type=CRYPTO), avg_px_open: 150.436, avg_px_close: Some(150.7), realized_return: -0.0017548990933020127, realized_pnl: Some(Money(-2191.47986112, USDT)), unrealized_pnl: Money(0.00000000, USDT), duration: 1160000000000, event_id: UUID4(a808d488-b5ff-48eb-bf40-2a8ef8e725c3), ts_opened: UnixNanos(1712997920000000000), ts_closed: Some(UnixNanos(1712999080000000000)), ts_event: UnixNanos(1712999080000000000), ts_init: UnixNanos(1712999080000000000) })[0m
[1m2024-04-13T09:04:40.000000000Z[0m [INFO] TRADER-001.nautilus_portfolio::manager: SOLUSDT-PERP.BINANCE margin_init=0.00000000 USDT[0m
[1m2024-04-13T09:04:40.000000000Z[0m [INFO] TRADER-001.nautilus_portfolio::portfolio: Updated AccountState(account_id=BINANCE-001, account_type=MARGIN, base_currency=USDT, is_reported=false, balances=[AccountBalance(total=95719.70591068 USDT, locked=0.00000000 USDT, free=95719.70591068 USDT)], margins=[], event_id=2d095e93-5488-4c43-99df-2664d411c54d)[0m
[1m2024-04-13T09:04:40.000000000Z[0m [INFO] TRADER-001.nautilus_trading::strategy: DataActor-140728572250568 <--[EVT] OrderCanceled(instrument_id=SOLUSDT-PERP.BINANCE, client_order_id=O-20240413-084520-001-140728572250568-6, venue_order_id=BINANCE-3-3, account_id=BINANCE-001, ts_event=1712999080000000000)[0m
[1m2024-04-14T05:11:50.000000000Z[0m [INFO] TRADER-001.nautilus_trading::strategy: DataActor-140728572250568 <--[EVT] OrderInitialized(instrument_id=BTCUSDT-PERP.BINANCE, client_order_id=O-20240414-051150-001-140728572250568-7, side=BUY, type=MARKET, quantity=11.992, time_in_force=GTC, post_only=false, reduce_only=false, quote_quantity=false, price=None, emulation_trigger=None, trigger_instrument_id=None, contingency_type=OTO, order_list_id=OL-20240414-051150-001-140728572250568-3, linked_order_ids=[O-20240414-051150-001-140728572250568-8, O-20240414-051150-001-140728572250568-9], parent_order_id=None, exec_algorithm_id=None, exec_algorithm_params=None, exec_spawn_id=None, tags=agg-acceptance-btcusdt-000024, BREAKOUT_ACCEPTANCE_CONTINUATION, LONG, TEN_SECOND_MARKET_ENTRY)[0m
[1m2024-04-14T05:11:50.000000000Z[0m [INFO] TRADER-001.nautilus_trading::strategy: DataActor-140728572250568 <--[EVT] OrderInitialized(instrument_id=BTCUSDT-PERP.BINANCE, client_order_id=O-20240414-051150-001-140728572250568-8, side=SELL, type=STOP_MARKET, quantity=11.992, time_in_force=GTC, post_only=false, reduce_only=true, quote_quantity=false, price=None, emulation_trigger=None, trigger_instrument_id=None, contingency_type=OUO, order_list_id=OL-20240414-051150-001-140728572250568-3, linked_order_ids=[O-20240414-051150-001-140728572250568-9], parent_order_id=O-20240414-051150-001-140728572250568-7, exec_algorithm_id=None, exec_algorithm_params=None, exec_spawn_id=None, tags=agg-acceptance-btcusdt-000024, OBSERVED_RETEST_INVALIDATION)[0m
[1m2024-04-14T05:11:50.000000000Z[0m [INFO] TRADER-001.nautilus_trading::strategy: DataActor-140728572250568 <--[EVT] OrderInitialized(instrument_id=BTCUSDT-PERP.BINANCE, client_order_id=O-20240414-051150-001-140728572250568-9, side=SELL, type=LIMIT, quantity=11.992, time_in_force=GTC, post_only=false, reduce_only=true, quote_quantity=false, price=65667.7, emulation_trigger=None, trigger_instrument_id=None, contingency_type=OUO, order_list_id=OL-20240414-051150-001-140728572250568-3, linked_order_ids=[O-20240414-051150-001-140728572250568-8], parent_order_id=O-20240414-051150-001-140728572250568-7, exec_algorithm_id=None, exec_algorithm_params=None, exec_spawn_id=None, tags=agg-acceptance-btcusdt-000024, ACTIVE_COMPLETED_EXTERNAL_TARGET)[0m
[1m2024-04-14T05:11:50.000000000Z[0m [INFO] TRADER-001.nautilus_trading::strategy: DataActor-140728572250568 [CMD]--> SubmitOrderList[0m
[1m2024-04-14T05:11:50.000000000Z[0m [94m[INFO] TRADER-001.nautilus_execution::engine: Submit OrderList(id=OL-20240414-051150-001-140728572250568-3, instrument_id=BTCUSDT-PERP.BINANCE, strategy_id=DataActor-140728572250568, client_order_ids=["O-20240414-051150-001-140728572250568-7", "O-20240414-051150-001-140728572250568-8", "O-20240414-051150-001-140728572250568-9"], ts_init=1713071510000000000)[0m
[1m2024-04-14T05:11:50.000000000Z[0m [INFO] TRADER-001.nautilus_trading::strategy: DataActor-140728572250568 <--[EVT] OrderSubmitted(instrument_id=BTCUSDT-PERP.BINANCE, client_order_id=O-20240414-051150-001-140728572250568-7, account_id=BINANCE-001, ts_event=1713071510000000000)[0m
[1m2024-04-14T05:11:50.000000000Z[0m [INFO] TRADER-001.nautilus_trading::strategy: DataActor-140728572250568 <--[EVT] OrderSubmitted(instrument_id=BTCUSDT-PERP.BINANCE, client_order_id=O-20240414-051150-001-140728572250568-8, account_id=BINANCE-001, ts_event=1713071510000000000)[0m
[1m2024-04-14T05:11:50.000000000Z[0m [INFO] TRADER-001.nautilus_trading::strategy: DataActor-140728572250568 <--[EVT] OrderSubmitted(instrument_id=BTCUSDT-PERP.BINANCE, client_order_id=O-20240414-051150-001-140728572250568-9, account_id=BINANCE-001, ts_event=1713071510000000000)[0m
[1m2024-04-14T05:11:50.000000000Z[0m [INFO] TRADER-001.nautilus_portfolio::manager: BTCUSDT-PERP.BINANCE margin_init=0.00000000 USDT[0m
[1m2024-04-14T05:11:50.000000000Z[0m [INFO] TRADER-001.nautilus_trading::strategy: DataActor-140728572250568 <--[EVT] OrderFilled(instrument_id=BTCUSDT-PERP.BINANCE, client_order_id=O-20240414-051150-001-140728572250568-7, venue_order_id=BINANCE-1-4, account_id=BINANCE-001, trade_id=T-849c14e001716aaa-153186, position_id=P-20240414-051150-001-140728572250568-3, order_side=BUY, order_type=MARKET, last_qty=11.992, last_px=64_354.8 USDT, commission=463.04565696 USDT, liquidity_side=TAKER, ts_event=1713071510000000000)[0m
[1m2024-04-14T05:11:50.000000000Z[0m [INFO] TRADER-001.nautilus_portfolio::portfolio: BTCUSDT-PERP.BINANCE net_position=11.992[0m
[1m2024-04-14T05:11:50.000000000Z[0m [INFO] TRADER-001.nautilus_portfolio::manager: BTCUSDT-PERP.BINANCE margin_maint=3086.97104640 USDT[0m
[1m2024-04-14T05:11:50.000000000Z[0m [INFO] TRADER-001.nautilus_portfolio::portfolio: Updated AccountState(account_id=BINANCE-001, account_type=MARGIN, base_currency=USDT, is_reported=false, balances=[AccountBalance(total=95256.66025372 USDT, locked=3086.97104640 USDT, free=92169.68920732 USDT)], margins=[MarginBalance(initial=0.00000000 USDT, maintenance=3086.97104640 USDT, instrument_id=BTCUSDT-PERP.BINANCE)], event_id=042f2971-505e-4663-a257-35872cad5caa)[0m
[1m2024-04-14T05:11:50.000000000Z[0m [INFO] TRADER-001.nautilus_trading::strategy: DataActor-140728572250568 <--[EVT] PositionOpened(PositionOpened { trader_id: "TRADER-001", strategy_id: "DataActor-140728572250568", instrument_id: "BTCUSDT-PERP.BINANCE", position_id: "P-20240414-051150-001-140728572250568-3", account_id: "BINANCE-001", opening_order_id: "O-20240414-051150-001-140728572250568-7", entry: Buy, side: Long, signed_qty: 11.992, quantity: Quantity(11.992), last_qty: Quantity(11.992), last_px: Price(64354.8), currency: Currency(code='USDT', precision=8, iso4217=0, name='Tether', currency_type=CRYPTO), avg_px_open: 64354.8, event_id: UUID4(5103ffa9-205a-45eb-a666-e995a2ba8d94), ts_event: UnixNanos(1713071510000000000), ts_init: UnixNanos(1713071510000000000) })[0m
[1m2024-04-14T05:11:50.000000000Z[0m [INFO] TRADER-001.nautilus_portfolio::manager: BTCUSDT-PERP.BINANCE margin_init=0.00000000 USDT[0m
[1m2024-04-14T05:11:50.000000000Z[0m [INFO] TRADER-001.nautilus_portfolio::portfolio: Updated AccountState(account_id=BINANCE-001, account_type=MARGIN, base_currency=USDT, is_reported=false, balances=[AccountBalance(total=95256.66025372 USDT, locked=3086.97104640 USDT, free=92169.68920732 USDT)], margins=[MarginBalance(initial=0.00000000 USDT, maintenance=3086.97104640 USDT, instrument_id=BTCUSDT-PERP.BINANCE)], event_id=5f1a5574-4c71-415f-9dcf-ea78e6aef246)[0m
[1m2024-04-14T05:11:50.000000000Z[0m [INFO] TRADER-001.nautilus_trading::strategy: DataActor-140728572250568 <--[EVT] OrderAccepted(instrument_id=BTCUSDT-PERP.BINANCE, client_order_id=O-20240414-051150-001-140728572250568-8, venue_order_id=BINANCE-1-5, account_id=BINANCE-001, ts_event=1713071510000000000)[0m
[1m2024-04-14T05:11:50.000000000Z[0m [INFO] TRADER-001.nautilus_portfolio::manager: BTCUSDT-PERP.BINANCE margin_init=0.00000000 USDT[0m
[1m2024-04-14T05:11:50.000000000Z[0m [INFO] TRADER-001.nautilus_portfolio::portfolio: Updated AccountState(account_id=BINANCE-001, account_type=MARGIN, base_currency=USDT, is_reported=false, balances=[AccountBalance(total=95256.66025372 USDT, locked=3086.97104640 USDT, free=92169.68920732 USDT)], margins=[MarginBalance(initial=0.00000000 USDT, maintenance=3086.97104640 USDT, instrument_id=BTCUSDT-PERP.BINANCE)], event_id=2c6fb0a3-0675-4ba9-96fd-b3b1d1a1e9c8)[0m
[1m2024-04-14T05:11:50.000000000Z[0m [INFO] TRADER-001.nautilus_trading::strategy: DataActor-140728572250568 <--[EVT] OrderAccepted(instrument_id=BTCUSDT-PERP.BINANCE, client_order_id=O-20240414-051150-001-140728572250568-9, venue_order_id=BINANCE-1-6, account_id=BINANCE-001, ts_event=1713071510000000000)[0m
[1m2024-04-14T05:11:50.000000000Z[0m [1;33m[WARN] TRADER-001.nautilus_common::cache: Cannot calculate unrealized PnL for P-20240414-051150-001-140728572250568-3, no quotes for BTCUSDT-PERP.BINANCE[0m
[1m2024-04-14T05:11:59.999000000Z[0m [1;33m[WARN] TRADER-001.nautilus_common::cache: Cannot calculate unrealized PnL for P-20240414-051150-001-140728572250568-3, no quotes for BTCUSDT-PERP.BINANCE[0m
[1m2024-04-14T05:12:00.000000000Z[0m [1;33m[WARN] TRADER-001.nautilus_common::cache: Cannot calculate unrealized PnL for P-20240414-051150-001-140728572250568-3, no quotes for BTCUSDT-PERP.BINANCE[0m
[1m2024-04-14T05:12:10.000000000Z[0m [1;33m[WARN] TRADER-001.nautilus_common::cache: Cannot calculate unrealized PnL for P-20240414-051150-001-140728572250568-3, no quotes for BTCUSDT-PERP.BINANCE[0m
[1m2024-04-14T05:12:20.000000000Z[0m [1;33m[WARN] TRADER-001.nautilus_common::cache: Cannot calculate unrealized PnL for P-20240414-051150-001-140728572250568-3, no quotes for BTCUSDT-PERP.BINANCE[0m
[1m2024-04-14T05:12:30.000000000Z[0m [1;33m[WARN] TRADER-001.nautilus_common::cache: Cannot calculate unrealized PnL for P-20240414-051150-001-140728572250568-3, no quotes for BTCUSDT-PERP.BINANCE[0m
[1m2024-04-14T05:12:40.000000000Z[0m [INFO] TRADER-001.nautilus_portfolio::manager: BTCUSDT-PERP.BINANCE margin_init=0.00000000 USDT[0m
[1m2024-04-14T05:12:40.000000000Z[0m [INFO] TRADER-001.nautilus_trading::strategy: DataActor-140728572250568 <--[EVT] OrderFilled(instrument_id=BTCUSDT-PERP.BINANCE, client_order_id=O-20240414-051150-001-140728572250568-8, venue_order_id=BINANCE-1-5, account_id=BINANCE-001, trade_id=T-2966b7783924419e-153202, position_id=P-20240414-051150-001-140728572250568-3, order_side=SELL, order_type=STOP_MARKET, last_qty=11.992, last_px=64_284.4 USDT, commission=462.53911488 USDT, liquidity_side=TAKER, ts_event=1713071560000000000)[0m
[1m2024-04-14T05:12:40.000000000Z[0m [INFO] TRADER-001.nautilus_portfolio::portfolio: BTCUSDT-PERP.BINANCE net_position=0[0m
[1m2024-04-14T05:12:40.000000000Z[0m [INFO] TRADER-001.nautilus_portfolio::manager: BTCUSDT-PERP.BINANCE margin_maint=0.00000000 USDT[0m
[1m2024-04-14T05:12:40.000000000Z[0m [INFO] TRADER-001.nautilus_portfolio::portfolio: Updated AccountState(account_id=BINANCE-001, account_type=MARGIN, base_currency=USDT, is_reported=false, balances=[AccountBalance(total=93949.88433884 USDT, locked=0.00000000 USDT, free=93949.88433884 USDT)], margins=[], event_id=a9e15c26-6fec-4034-ba25-d1a1c647b747)[0m
[1m2024-04-14T05:12:40.000000000Z[0m [INFO] TRADER-001.nautilus_trading::strategy: DataActor-140728572250568 <--[EVT] PositionClosed(PositionClosed { trader_id: "TRADER-001", strategy_id: "DataActor-140728572250568", instrument_id: "BTCUSDT-PERP.BINANCE", position_id: "P-20240414-051150-001-140728572250568-3", account_id: "BINANCE-001", opening_order_id: "O-20240414-051150-001-140728572250568-7", closing_order_id: Some("O-20240414-051150-001-140728572250568-8"), entry: Buy, side: Flat, signed_qty: 0.0, quantity: Quantity(0.000), peak_quantity: Quantity(11.992), last_qty: Quantity(11.992), last_px: Price(64284.4), currency: Currency(code='USDT', precision=8, iso4217=0, name='Tether', currency_type=CRYPTO), avg_px_open: 64354.8, avg_px_close: Some(64284.4), realized_return: -0.0010939354950990673, realized_pnl: Some(Money(-1769.82157184, USDT)), unrealized_pnl: Money(0.00000000, USDT), duration: 50000000000, event_id: UUID4(0b75a2ce-0b3f-4429-8bae-0be7b0729d78), ts_opened: UnixNanos(1713071510000000000), ts_closed: Some(UnixNanos(1713071560000000000)), ts_event: UnixNanos(1713071560000000000), ts_init: UnixNanos(1713071560000000000) })[0m
[1m2024-04-14T05:12:40.000000000Z[0m [INFO] TRADER-001.nautilus_portfolio::manager: BTCUSDT-PERP.BINANCE margin_init=0.00000000 USDT[0m
[1m2024-04-14T05:12:40.000000000Z[0m [INFO] TRADER-001.nautilus_portfolio::portfolio: Updated AccountState(account_id=BINANCE-001, account_type=MARGIN, base_currency=USDT, is_reported=false, balances=[AccountBalance(total=93949.88433884 USDT, locked=0.00000000 USDT, free=93949.88433884 USDT)], margins=[], event_id=47aeb24d-4ab2-4ca1-9560-778c9db07e7f)[0m
[1m2024-04-14T05:12:40.000000000Z[0m [INFO] TRADER-001.nautilus_trading::strategy: DataActor-140728572250568 <--[EVT] OrderCanceled(instrument_id=BTCUSDT-PERP.BINANCE, client_order_id=O-20240414-051150-001-140728572250568-9, venue_order_id=BINANCE-1-6, account_id=BINANCE-001, ts_event=1713071560000000000)[0m
[1m2024-04-15T04:01:00.000000000Z[0m [INFO] TRADER-001.nautilus_system::kernel: Stopping trader...[0m
[1m2024-04-15T04:01:00.000000000Z[0m [INFO] TRADER-001.nautilus_system::trader: Stopping[0m
[1m2024-04-15T04:01:00.000000000Z[0m [INFO] TRADER-001.DataActor-140728572250568: Stopping[0m
[1m2024-04-15T04:01:00.000000000Z[0m [INFO] TRADER-001.nautilus_trading::strategy: No BTCUSDT-PERP.BINANCE open, emulated, or inflight orders to cancel[0m
[1m2024-04-15T04:01:00.000000000Z[0m [INFO] TRADER-001.nautilus_trading::strategy: No ETHUSDT-PERP.BINANCE open, emulated, or inflight orders to cancel[0m
[1m2024-04-15T04:01:00.000000000Z[0m [INFO] TRADER-001.nautilus_trading::strategy: No SOLUSDT-PERP.BINANCE open, emulated, or inflight orders to cancel[0m
[1m2024-04-15T04:01:00.000000000Z[0m [INFO] TRADER-001.nautilus_trading::strategy: No XRPUSDT-PERP.BINANCE open, emulated, or inflight orders to cancel[0m
[1m2024-04-15T04:01:00.000000000Z[0m [INFO] TRADER-001.DataActor-140728572250568: Stopped[0m
[1m2024-04-15T04:01:00.000000000Z[0m [INFO] TRADER-001.nautilus_system::trader: Stopped[0m
[1m2024-04-15T04:01:00.000000000Z[0m [INFO] TRADER-001.nautilus_risk::engine: Stopped[0m
[1m2024-04-15T04:01:00.000000000Z[0m [INFO] TRADER-001.nautilus_backtest::execution_client: Backtest execution client stopped[0m
[1m2024-04-15T04:01:00.000000000Z[0m [INFO] TRADER-001.nautilus_execution::engine: Stopped[0m
[1m2026-08-06T15:22:44.419850505Z[0m [36m[INFO] TRADER-001.nautilus_backtest::engine: =================================================================[0m
[1m2026-08-06T15:22:44.419858530Z[0m [36m[INFO] TRADER-001.nautilus_backtest::engine:  BACKTEST POST-RUN[0m
[1m2026-08-06T15:22:44.419859691Z[0m [36m[INFO] TRADER-001.nautilus_backtest::engine: =================================================================[0m
[1m2026-08-06T15:22:44.419862482Z[0m [INFO] TRADER-001.nautilus_backtest::engine: Run config ID:  None[0m
[1m2026-08-06T15:22:44.419863673Z[0m [INFO] TRADER-001.nautilus_backtest::engine: Run ID:         e8959c05-b341-43cd-ba43-f9833e80b663[0m
[1m2026-08-06T15:22:44.419864340Z[0m [INFO] TRADER-001.nautilus_backtest::engine: Run started:    2026-08-06T15:22:43.622386819Z[0m
[1m2026-08-06T15:22:44.419865480Z[0m [INFO] TRADER-001.nautilus_backtest::engine: Run finished:   2026-08-06T15:22:44.419827970Z[0m
[1m2026-08-06T15:22:44.419866448Z[0m [INFO] TRADER-001.nautilus_backtest::engine: Elapsed time:   0 days 00:00:00.797441[0m
[1m2026-08-06T15:22:44.419866792Z[0m [INFO] TRADER-001.nautilus_backtest::engine: Backtest start: 2024-04-07T23:25:10.000000000Z[0m
[1m2026-08-06T15:22:44.419867002Z[0m [INFO] TRADER-001.nautilus_backtest::engine: Backtest end:   2024-04-15T04:01:00.000000000Z[0m
[1m2026-08-06T15:22:44.419867616Z[0m [INFO] TRADER-001.nautilus_backtest::engine: Backtest range: 7 days 04:35:50.000000[0m
[1m2026-08-06T15:22:44.419868220Z[0m [INFO] TRADER-001.nautilus_backtest::engine: Iterations: 290_044[0m
[1m2026-08-06T15:22:44.419868846Z[0m [INFO] TRADER-001.nautilus_backtest::engine: Total events: 24[0m
[1m2026-08-06T15:22:44.419869972Z[0m [INFO] TRADER-001.nautilus_backtest::engine: Total orders: 9[0m
[1m2026-08-06T15:22:44.419870829Z[0m [INFO] TRADER-001.nautilus_backtest::engine: Total positions: 3[0m
[1m2026-08-06T15:22:44.419906638Z[0m [36m[INFO] TRADER-001.nautilus_backtest::engine: =================================================================[0m
[1m2026-08-06T15:22:44.419907168Z[0m [36m[INFO] TRADER-001.nautilus_backtest::engine:  PORTFOLIO PERFORMANCE[0m
[1m2026-08-06T15:22:44.419907345Z[0m [36m[INFO] TRADER-001.nautilus_backtest::engine: =================================================================[0m
[1m2026-08-06T15:22:44.419907922Z[0m [INFO] TRADER-001.nautilus_backtest::engine:  PnL Statistics (USDT)[0m
[1m2026-08-06T15:22:44.419908887Z[0m [36m[INFO] TRADER-001.nautilus_backtest::engine: -----------------------------------------------------------------[0m
[1m2026-08-06T15:22:44.419959837Z[0m [INFO] TRADER-001.nautilus_backtest::engine: Avg Loser:                      -2016.71[0m
[1m2026-08-06T15:22:44.419962845Z[0m [INFO] TRADER-001.nautilus_backtest::engine: Avg Winner:                     NaN[0m
[1m2026-08-06T15:22:44.419963220Z[0m [INFO] TRADER-001.nautilus_backtest::engine: Expectancy:                     -2016.71[0m
[1m2026-08-06T15:22:44.419963351Z[0m [INFO] TRADER-001.nautilus_backtest::engine: Max Loser:                      -2191.48[0m
[1m2026-08-06T15:22:44.419965283Z[0m [INFO] TRADER-001.nautilus_backtest::engine: Max Winner:                     NaN[0m
[1m2026-08-06T15:22:44.419965485Z[0m [INFO] TRADER-001.nautilus_backtest::engine: Min Loser:                      -1769.82[0m
[1m2026-08-06T15:22:44.419965750Z[0m [INFO] TRADER-001.nautilus_backtest::engine: Min Winner:                     NaN[0m
[1m2026-08-06T15:22:44.419965865Z[0m [INFO] TRADER-001.nautilus_backtest::engine: PnL (total):                    -6050.12[0m
[1m2026-08-06T15:22:44.419966061Z[0m [INFO] TRADER-001.nautilus_backtest::engine: PnL% (total):                   -6.05[0m
[1m2026-08-06T15:22:44.419966189Z[0m [INFO] TRADER-001.nautilus_backtest::engine: Win Rate:                       0.00[0m
[1m2026-08-06T15:22:44.419966612Z[0m [36m[INFO] TRADER-001.nautilus_backtest::engine: -----------------------------------------------------------------[0m
[1m2026-08-06T15:22:44.419966878Z[0m [INFO] TRADER-001.nautilus_backtest::engine:  Returns Statistics[0m
[1m2026-08-06T15:22:44.419967011Z[0m [36m[INFO] TRADER-001.nautilus_backtest::engine: -----------------------------------------------------------------[0m
[1m2026-08-06T15:22:44.419981526Z[0m [INFO] TRADER-001.nautilus_backtest::engine: Average (Return):               -0.00[0m
[1m2026-08-06T15:22:44.419984502Z[0m [INFO] TRADER-001.nautilus_backtest::engine: Average Loss (Return):          -0.00[0m
[1m2026-08-06T15:22:44.419984842Z[0m [INFO] TRADER-001.nautilus_backtest::engine: Average Win (Return):           NaN[0m
[1m2026-08-06T15:22:44.419984960Z[0m [INFO] TRADER-001.nautilus_backtest::engine: Profit Factor:                  0.00[0m
[1m2026-08-06T15:22:44.419985082Z[0m [INFO] TRADER-001.nautilus_backtest::engine: Returns Volatility (252 days):  0.01[0m
[1m2026-08-06T15:22:44.419985195Z[0m [INFO] TRADER-001.nautilus_backtest::engine: Risk Return Ratio:              -3.55[0m
[1m2026-08-06T15:22:44.419985294Z[0m [INFO] TRADER-001.nautilus_backtest::engine: Sharpe Ratio (252 days):        -56.34[0m
[1m2026-08-06T15:22:44.419985397Z[0m [INFO] TRADER-001.nautilus_backtest::engine: Sortino Ratio (252 days):       -15.47[0m
[1m2026-08-06T15:22:44.419985911Z[0m [36m[INFO] TRADER-001.nautilus_backtest::engine: -----------------------------------------------------------------[0m
[1m2026-08-06T15:22:44.419986296Z[0m [INFO] TRADER-001.nautilus_backtest::engine:  General Statistics[0m
[1m2026-08-06T15:22:44.419986423Z[0m [36m[INFO] TRADER-001.nautilus_backtest::engine: -----------------------------------------------------------------[0m
[1m2026-08-06T15:22:44.419990447Z[0m [INFO] TRADER-001.nautilus_backtest::engine: Long Ratio:                     0.67[0m
[1m2026-08-06T15:22:44.419990649Z[0m [36m[INFO] TRADER-001.nautilus_backtest::engine: -----------------------------------------------------------------[0m
[1m2026-08-06T15:22:44.471091193Z[0m [INFO] TRADER-001.nautilus_system::kernel: Disposing[0m
[1m2026-08-06T15:22:44.471114840Z[0m [INFO] TRADER-001.nautilus_system::trader: Disposing[0m
[1m2026-08-06T15:22:44.471133692Z[0m [INFO] TRADER-001.DataActor-140728572250568: Disposing[0m
[1m2026-08-06T15:22:44.471144053Z[0m [INFO] TRADER-001.DataActor-140728572250568: Disposed[0m
[1m2026-08-06T15:22:44.471153810Z[0m [INFO] TRADER-001.nautilus_system::trader: Disposed[0m
[1m2026-08-06T15:22:44.471159851Z[0m [INFO] TRADER-001.nautilus_backtest::execution_client: Backtest execution client stopped[0m
[1m2026-08-06T15:22:44.471162911Z[0m [INFO] TRADER-001.nautilus_execution::engine: Stopped[0m
[1m2026-08-06T15:22:44.471164208Z[0m [INFO] TRADER-001.nautilus_risk::engine: Stopped[0m
[1m2026-08-06T15:22:44.471165721Z[0m [INFO] TRADER-001.nautilus_execution::order_emulator::emulator: Stopped[0m
[1m2026-08-06T15:22:44.471171277Z[0m [INFO] TRADER-001.nautilus_execution::engine: Disposed[0m
[1m2026-08-06T15:22:44.471171755Z[0m [INFO] TRADER-001.nautilus_risk::engine: Disposed[0m
[1m2026-08-06T15:22:44.471174724Z[0m [INFO] TRADER-001.nautilus_execution::order_emulator::emulator: Disposed[0m
[1m2026-08-06T15:22:44.471216480Z[0m [INFO] TRADER-001.nautilus_common::cache: Reset cache[0m
[1m2026-08-06T15:22:44.471235827Z[0m [INFO] TRADER-001.nautilus_system::kernel: Disposed[0m
{"closed_trades": 3, "daily_geometric_growth": -0.00887590185184628, "final_nav_usdt": 93949.88433884, "first_window_gate_passed": false, "signals": 3, "window": "screen-01", "wins": 0}
{
  "ablation_modes": [
    "none"
  ],
  "candidate": "candidate-08-aggtrade-acceptance-nautilus",
  "close_reasons": {
    "STRUCTURAL_STOP": 3
  },
  "closed_trades": 3,
  "combined_calendar_days": 7.0,
  "combined_daily_geometric_growth": -0.00887590185184628,
  "goal_daily_geometric_growth": 0.01,
  "goal_met": false,
  "positive_trade_share": 0.0,
  "promotable": true,
  "realized_pnl_by_symbol": {
    "BTCUSDT": -3858.6358000399996,
    "SOLUSDT": -2191.47986112
  },
  "single_asset_positive_pnl_share": 0.0,
  "single_trade_positive_pnl_share": 0.0,
  "suite": "first",
  "suite_gate_checks": {
    "all_signal_times_processed": true,
    "all_submitted_entries_observed": true,
    "base_contract_not_ablated": true,
    "closed_trades_matched_to_intents": true,
    "cost_after_total_return_positive": false,
    "entry_causality": true,
    "fill_adjusted_risk_budget_respected": true,
    "funding_cost_state_is_causal_and_complete": true,
    "minimum_closed_trades": true,
    "no_execution_failures": true,
    "no_residual_exposure": true,
    "no_unexpected_or_liquidation_closes": true,
    "planned_risk_budget_respected": true,
    "position_exit_causality": true,
    "realized_loss_budget_respected": true
  },
  "suite_gate_passed": false,
  "symbols_with_closed_trades": [
    "BTCUSDT",
    "SOLUSDT"
  ],
  "window_results": [
    {
      "closed_trades": 3,
      "daily_geometric_growth": -0.00887590185184628,
      "final_nav_usdt": 93949.88433884,
      "first_window_gate_passed": false,
      "maximum_realized_equity_drawdown": 0.06050115661160005,
      "name": "screen-01",
      "total_return": -0.06050115661160005,
      "win_rate": 0.0,
      "wins": 0
    }
  ],
  "windows": [
    {
      "end": "2024-04-15T00:00:00Z",
      "name": "screen-01",
      "start": "2024-04-08T00:00:00Z"
    }
  ],
  "wins": 0
}
