{
  "audit_classification": "LOGIC_OR_FREQUENCY_FAILURE",
  "candidate": "candidate-02-v153-qh-initiative-completed-auction-leg",
  "closed_trade_max_drawdown": 0.21885332074557717,
  "closed_trades": 10,
  "daily_geometric_growth": -0.028266965251422926,
  "end_exclusive": "2024-07-22",
  "engine_errors": [],
  "final_nav": "81814.21540796",
  "interval": "E05",
  "losses": 9,
  "module_counts": {
    "QH_INITIATIVE_COMPLETED_AUCTION_LEG": 13,
    "SCDAM_CORE": 4
  },
  "payoff_ratio": 2.6870507797696956,
  "role": "exposed-frequency-development",
  "safety_audit_passed": true,
  "scenario_counts": {
    "AAC": 13,
    "FAR": 4
  },
  "skip_reasons": {
    "AMBIGUOUS_EXTERNAL_DRAW": 1,
    "CONTINUATION_TARGET_NO_LONGER_LIVE": 5,
    "FRAMED_TARGET_REACHED_BEFORE_CONFIRMATION": 11,
    "INSUFFICIENT_COSTED_STRUCTURAL_R": 27,
    "LOWER_GLOBAL_PRIORITY": 1,
    "NON_CAUSAL_PRICE_ORDER": 2,
    "NO_AGGRESSOR_FLOW_AT_SWEEP": 22,
    "OUTSIDE_EVALUATION_WINDOW": 5,
    "QH_AUCTION_EPISODE_EXPIRED": 131,
    "QH_AUCTION_INSUFFICIENT_COSTED_STRUCTURAL_R": 35,
    "QH_AUCTION_OBJECTIVE_ALREADY_CONSUMED": 10,
    "QH_COMMON_FLOW_BREADTH_BELOW_THREE": 487,
    "QH_CONTEXT_ACTIVE_NO_COMPLETED_NEW_LEG_YET": 10111,
    "QH_FRESH_LEG_NOT_EXECUTABLE": 45,
    "QH_INITIATIVE_ORIGIN_INVALIDATED": 399,
    "QH_OVERLAPPING_FOLLOWER_EPISODE_REJECTED": 342,
    "QH_POST_INITIATIVE_FVG_RETRACE_FAILED": 161,
    "QH_WARMUP_OR_INCOMPLETE_WINDOW": 2,
    "REVERSAL_TARGET_NO_LONGER_LIVE": 4,
    "SEMANTIC_AAC_REQUIRES_UNANIMOUS_PEER_ACCEPTANCE": 1,
    "SEMANTIC_FAR_EXHAUSTION_REQUIRES_PEER_QUORUM": 2,
    "SEMANTIC_FAR_NOT_COUNTERTREND": 1,
    "SEMANTIC_FAR_UNRESOLVED_ADVERSE_AUCTION": 3,
    "SEMANTIC_FAR_WITHOUT_LOCAL_RECLAIM": 2,
    "SESSION_DECISION_WINDOW_EXPIRED": 106,
    "SWEEP_ACTIVITY_OR_PENETRATION": 24
  },
  "start": "2024-07-15",
  "submitted_plans": 17,
  "success_claim": false,
  "symbol_counts": {
    "BTCUSDT": 6,
    "ETHUSDT": 3,
    "SOLUSDT": 6,
    "XRPUSDT": 2
  },
  "win_rate": 0.1,
  "wins": 1
}
