{
  "audit_classification": "IMPLEMENTATION_OR_EVIDENCE_FAILURE",
  "candidate": "candidate-02-v153-qh-initiative-completed-auction-leg",
  "closed_trade_max_drawdown": 0.406558116824,
  "closed_trades": 12,
  "daily_geometric_growth": -0.07183442586183877,
  "end_exclusive": "2022-08-01",
  "engine_errors": [
    {
      "event": "OrderRejected(instrument_id=XRPUSDT-PERP.BINANCE, client_order_id=O-20220731-130000-001-000-45, account_id=BINANCE-001, reason='Contingent order O-20220731-130000-001-000-44 already closed', due_post_only=False, ts_event=1659272640000000000)",
      "type": "ORDER_REJECTED"
    }
  ],
  "final_nav": "59344.18831760",
  "interval": "E03",
  "losses": 8,
  "module_counts": {
    "QH_INITIATIVE_COMPLETED_AUCTION_LEG": 12,
    "SCDAM_CORE": 3
  },
  "payoff_ratio": 0.5490000188189558,
  "role": "exposed-frequency-development",
  "safety_audit_passed": false,
  "scenario_counts": {
    "AAC": 12,
    "FAR": 3
  },
  "skip_reasons": {
    "AAC_REQUIRES_INDEPENDENT_EXTERNAL_DRAW": 1,
    "CONTINUATION_TARGET_NO_LONGER_LIVE": 1,
    "FRAMED_TARGET_REACHED_BEFORE_CONFIRMATION": 17,
    "INSUFFICIENT_COSTED_STRUCTURAL_R": 20,
    "LIMIT_NOT_PASSIVE_AT_CONFIRMATION": 2,
    "NON_CAUSAL_PRICE_ORDER": 2,
    "NO_AGGRESSOR_FLOW_AT_SWEEP": 33,
    "NO_CAUSAL_INTERNAL_STRUCTURE": 5,
    "OUTSIDE_EVALUATION_WINDOW": 1,
    "PAIRED_TARGET_WRONG_SIDE": 5,
    "QH_AUCTION_EPISODE_EXPIRED": 179,
    "QH_AUCTION_INSUFFICIENT_COSTED_STRUCTURAL_R": 23,
    "QH_AUCTION_OBJECTIVE_ALREADY_CONSUMED": 3,
    "QH_COMMON_FLOW_BREADTH_BELOW_THREE": 458,
    "QH_CONTEXT_ACTIVE_NO_COMPLETED_NEW_LEG_YET": 10546,
    "QH_FRESH_LEG_NOT_EXECUTABLE": 26,
    "QH_INITIATIVE_ORIGIN_INVALIDATED": 455,
    "QH_OVERLAPPING_FOLLOWER_EPISODE_REJECTED": 392,
    "QH_POST_INITIATIVE_FVG_RETRACE_FAILED": 153,
    "QH_WARMUP_OR_INCOMPLETE_WINDOW": 2,
    "REVERSAL_TARGET_NO_LONGER_LIVE": 1,
    "SEMANTIC_AAC_EVENT_LAGGARD": 1,
    "SEMANTIC_AAC_REQUIRES_ALIGNED_TRAILING_AUCTION": 1,
    "SEMANTIC_FAR_EXHAUSTION_REQUIRES_PEER_QUORUM": 2,
    "SEMANTIC_FAR_EXHAUSTION_WEAK_LOCAL_DISPLACEMENT": 2,
    "SEMANTIC_FAR_NOT_COUNTERTREND": 4,
    "SEMANTIC_FAR_UNRESOLVED_ADVERSE_AUCTION": 1,
    "SEMANTIC_FAR_WITHOUT_LOCAL_RECLAIM": 2,
    "SESSION_DECISION_WINDOW_EXPIRED": 95,
    "SWEEP_ACTIVITY_OR_PENETRATION": 28
  },
  "start": "2022-07-25",
  "submitted_plans": 15,
  "success_claim": false,
  "symbol_counts": {
    "BTCUSDT": 6,
    "ETHUSDT": 3,
    "SOLUSDT": 3,
    "XRPUSDT": 3
  },
  "win_rate": 0.3333333333333333,
  "wins": 4
}
