[OK] python: 3.13.5 (need 3.13.x)
[OK] nautilus_trader: 1.230.0 (need 1.230.0)
[OK] glibc: 2.36 (need >= 2.35)
test_header_aliases_normalize_without_guessing_missing_fields (__main__.BookTickerDataContractTests.test_header_aliases_normalize_without_guessing_missing_fields) ... ok
test_headerless_archive_uses_documented_canonical_order (__main__.BookTickerDataContractTests.test_headerless_archive_uses_documented_canonical_order) ... ok
test_noncanonical_header_order_persists_across_multiple_chunks (__main__.BookTickerDataContractTests.test_noncanonical_header_order_persists_across_multiple_chunks) ... ok
test_probe_source_contains_no_strategy_or_backtest (__main__.BookTickerDataContractTests.test_probe_source_contains_no_strategy_or_backtest) ... ok
test_source_path_and_revision_are_predeclared (__main__.BookTickerDataContractTests.test_source_path_and_revision_are_predeclared) ... ok
test_weighted_quantiles_are_exact_for_discrete_spreads (__main__.BookTickerDataContractTests.test_weighted_quantiles_are_exact_for_discrete_spreads) ... FAIL

======================================================================
FAIL: test_weighted_quantiles_are_exact_for_discrete_spreads (__main__.BookTickerDataContractTests.test_weighted_quantiles_are_exact_for_discrete_spreads)
----------------------------------------------------------------------
Traceback (most recent call last):
  File "/__w/SMC_ICT_4_LIVE/SMC_ICT_4_LIVE/research/candidate-08/test_bookticker_data_probe_v2.py", line 94, in test_weighted_quantiles_are_exact_for_discrete_spreads
    self.assertEqual(base._weighted_quantile(counts, 0.50), 0.1)
    ~~~~~~~~~~~~~~~~^^^^^^^^^^^^^^^^^^^^^^^^^^^^^^^^^^^^^^^^^^^^
AssertionError: 0.2 != 0.1

----------------------------------------------------------------------
Ran 6 tests in 0.032s

FAILED (failures=1)
