{
  "candidate": "candidate-02-v111-range-60",
  "custom_backtest_engine": false,
  "data_integrity": {
    "columns_path": "inputs/v111-week1/artifacts/candidate-02-v48-first-week/columns.json",
    "feature_first_open_utc": "2024-09-01T00:00:00+00:00",
    "feature_last_open_utc": "2025-03-10T23:55:00+00:00",
    "feature_rows": 55008,
    "forward_feature_columns_used": false,
    "npz_path": "inputs/v111-week1/artifacts/candidate-02-v48-first-week/v48_features.npz",
    "raw_directory": "inputs/v111-week1/.cache/candidate-02/v48-first-week/binance_1m",
    "raw_first_close_utc": "2025-03-01T00:01:00+00:00",
    "raw_last_close_utc": "2025-03-10T01:00:00+00:00",
    "raw_rows": 13020
  },
  "decision": "REJECT_OR_REDESIGN",
  "effective_commissions_usdt": 0.0,
  "engine": "NautilusTrader 1.230.0",
  "engine_result": {
    "iterations": 13020,
    "stats_general": {},
    "stats_pnls": {
      "USDT": {
        "Avg Loser": NaN,
        "Avg Winner": NaN,
        "Expectancy": NaN,
        "Max Loser": NaN,
        "Max Winner": NaN,
        "Min Loser": NaN,
        "Min Winner": NaN,
        "PnL (total)": 0.0,
        "PnL% (total)": 0.0,
        "Win Rate": NaN
      }
    },
    "stats_returns": {
      "Average (Return)": NaN,
      "Average Loss (Return)": NaN,
      "Average Win (Return)": NaN,
      "Profit Factor": NaN,
      "Returns Volatility (252 days)": NaN,
      "Risk Return Ratio": NaN,
      "Sharpe Ratio (252 days)": NaN,
      "Sortino Ratio (252 days)": NaN
    },
    "summary": {
      "account.BINANCE.balance.USDT.free": "100000.00000000 USDT",
      "account.BINANCE.balance.USDT.locked": "0.00000000 USDT",
      "account.BINANCE.balance.USDT.total": "100000.00000000 USDT",
      "account.BINANCE.base_currency": "USDT",
      "account.BINANCE.event_count": "1",
      "account.BINANCE.id": "BINANCE-001",
      "account.BINANCE.type": "MARGIN",
      "iterations": "13020",
      "orders.closed": "0",
      "orders.emulated": "0",
      "orders.inflight": "0",
      "orders.open": "0",
      "orders.total": "0",
      "positions.closed": "0",
      "positions.open": "0",
      "positions.snapshots": "0",
      "positions.total": "0",
      "positions.total_with_snapshots": "0",
      "total_events": "0",
      "venues.total": "1"
    },
    "total_events": 0,
    "total_orders": 0,
    "total_positions": 0
  },
  "evaluation_days": 7.0,
  "evaluation_end_utc": "2025-03-10T00:00:00+00:00",
  "evaluation_start_utc": "2025-03-03T00:00:00+00:00",
  "execution_model": {
    "account_source_of_truth": true,
    "bar_adaptive_high_low_ordering": true,
    "bar_execution": true,
    "bracket_orders": true,
    "effective_maker_commission_rate": "0.00030",
    "effective_taker_commission_rate": "0.00085",
    "liquidation_enabled": false,
    "liquidation_requested": true
  },
  "fills": 0,
  "final_nav_usdt": 100000.0,
  "flat_at_end": true,
  "geometric_daily_growth_after_cost": 0.0,
  "gross_loss_after_cost_usdt": 0,
  "gross_profit_after_cost_usdt": 0,
  "losses": 0,
  "maximum_effective_notional_multiple": 0.0,
  "maximum_mark_to_market_drawdown": 0.0,
  "maximum_planned_loss_to_budget": 0.0,
  "nav_factor": 1.0,
  "orders": 0,
  "pass_checks": {
    "flat_at_end": true,
    "maximum_drawdown": true,
    "minimum_geometric_daily_growth": false,
    "minimum_profit_factor": false,
    "minimum_trades_per_day": false,
    "minimum_win_rate": false,
    "planned_loss_budget": true
  },
  "positions_rows": 0,
  "profit_factor_after_cost": 0.0,
  "risk_fraction": 0.03,
  "runtime_diagnostics": {
    "entry_pending": false,
    "position_flat": true,
    "runtime": {},
    "scheduled_signals": 0,
    "selected_signal": null
  },
  "scheduled_signals": 0,
  "smc_ict_scenario_diagnostics": {
    "candidate": "candidate-02-v111-liquidity-sweep-state-machine",
    "counts": {
      "COST_AFTER_RR_REJECTED": 3,
      "COST_AFTER_RR_REJECTED:ASIA": 1,
      "COST_AFTER_RR_REJECTED:BUY": 2,
      "COST_AFTER_RR_REJECTED:LONDON": 1,
      "COST_AFTER_RR_REJECTED:NEW_YORK": 1,
      "COST_AFTER_RR_REJECTED:SELL": 1,
      "DISPLACEMENT_CHOCH_FVG_CONFIRMED": 14,
      "DISPLACEMENT_CHOCH_FVG_CONFIRMED:ASIA": 5,
      "DISPLACEMENT_CHOCH_FVG_CONFIRMED:BUY": 9,
      "DISPLACEMENT_CHOCH_FVG_CONFIRMED:LONDON": 2,
      "DISPLACEMENT_CHOCH_FVG_CONFIRMED:NEW_YORK": 7,
      "DISPLACEMENT_CHOCH_FVG_CONFIRMED:SELL": 5,
      "EXTERNAL_LIQUIDITY_SWEPT": 345,
      "EXTERNAL_LIQUIDITY_SWEPT:ASIA": 84,
      "EXTERNAL_LIQUIDITY_SWEPT:BUY": 190,
      "EXTERNAL_LIQUIDITY_SWEPT:LONDON": 98,
      "EXTERNAL_LIQUIDITY_SWEPT:NEW_YORK": 132,
      "EXTERNAL_LIQUIDITY_SWEPT:OFF_HOURS": 31,
      "EXTERNAL_LIQUIDITY_SWEPT:SELL": 155,
      "INVALIDATED_BEFORE_FVG": 244,
      "INVALIDATED_BEFORE_FVG:ASIA": 64,
      "INVALIDATED_BEFORE_FVG:BUY": 138,
      "INVALIDATED_BEFORE_FVG:LONDON": 71,
      "INVALIDATED_BEFORE_FVG:NEW_YORK": 87,
      "INVALIDATED_BEFORE_FVG:OFF_HOURS": 22,
      "INVALIDATED_BEFORE_FVG:SELL": 106,
      "INVALIDATED_BEFORE_RETRACE": 5,
      "INVALIDATED_BEFORE_RETRACE:ASIA": 2,
      "INVALIDATED_BEFORE_RETRACE:BUY": 3,
      "INVALIDATED_BEFORE_RETRACE:NEW_YORK": 3,
      "INVALIDATED_BEFORE_RETRACE:SELL": 2,
      "NO_DISPLACEMENT_CHOCH_FVG": 87,
      "NO_DISPLACEMENT_CHOCH_FVG:ASIA": 15,
      "NO_DISPLACEMENT_CHOCH_FVG:BUY": 43,
      "NO_DISPLACEMENT_CHOCH_FVG:LONDON": 25,
      "NO_DISPLACEMENT_CHOCH_FVG:NEW_YORK": 38,
      "NO_DISPLACEMENT_CHOCH_FVG:OFF_HOURS": 9,
      "NO_DISPLACEMENT_CHOCH_FVG:SELL": 44,
      "NO_FVG_RETRACE": 6,
      "NO_FVG_RETRACE:ASIA": 2,
      "NO_FVG_RETRACE:BUY": 4,
      "NO_FVG_RETRACE:LONDON": 1,
      "NO_FVG_RETRACE:NEW_YORK": 3,
      "NO_FVG_RETRACE:SELL": 2
    },
    "event_detector": "prior external dealing-range liquidity sweep",
    "future_information_used": false,
    "records": 704,
    "scenario_state_machine": "RANGE_DEFINED -> EXTERNAL_LIQUIDITY_SWEPT -> DISPLACEMENT_AND_CHOCH -> FVG_FORMED -> FVG_RETRACE_REJECTED -> ENTRY_ARMED",
    "signals_emitted": 0
  },
  "stage": "first_random_btc_week_nautilustrader",
  "starting_nav_usdt": 100000.0,
  "submitted_signals": 0,
  "target_met": false,
  "trades": 0,
  "trades_per_day": 0.0,
  "win_rate": 0.0,
  "wins": 0
}
