Traceback (most recent call last):
  File "/__w/SMC_ICT_4_LIVE/SMC_ICT_4_LIVE/research/candidate-08/run_aggtrade_acceptance_nautilus.py", line 933, in <module>
    raise SystemExit(main())
                     ~~~~^^
  File "/__w/SMC_ICT_4_LIVE/SMC_ICT_4_LIVE/research/candidate-08/run_aggtrade_acceptance_nautilus.py", line 918, in main
    run_suite(
    ~~~~~~~~~^
        config_path=args.config.resolve(),
        ^^^^^^^^^^^^^^^^^^^^^^^^^^^^^^^^^^
    ...<7 lines>...
        ablation=args.ablation,
        ^^^^^^^^^^^^^^^^^^^^^^^
    )
    ^
  File "/__w/SMC_ICT_4_LIVE/SMC_ICT_4_LIVE/research/candidate-08/run_aggtrade_acceptance_nautilus.py", line 839, in run_suite
    result = run_window(
        config=config,
    ...<5 lines>...
        ablation=ablation,
    )
  File "/__w/SMC_ICT_4_LIVE/SMC_ICT_4_LIVE/research/candidate-08/run_aggtrade_acceptance_nautilus.py", line 435, in run_window
    funding = load_official_funding_rates(
        symbol=symbol,
    ...<2 lines>...
        cache_dir=data_cache / "fundingRate",
    )
  File "/__w/SMC_ICT_4_LIVE/SMC_ICT_4_LIVE/research/candidate-08/aggtrade_acceptance_funding.py", line 277, in load_official_funding_rates
    normalized, quality = _normalize_funding_frame(
                          ~~~~~~~~~~~~~~~~~~~~~~~~^
        pd.concat(frames, ignore_index=True),
        ^^^^^^^^^^^^^^^^^^^^^^^^^^^^^^^^^^^^^
        start=start,
        ^^^^^^^^^^^^
        end=end,
        ^^^^^^^^
    )
    ^
  File "/__w/SMC_ICT_4_LIVE/SMC_ICT_4_LIVE/research/candidate-08/aggtrade_acceptance_funding.py", line 235, in _normalize_funding_frame
    raise FundingDataError(f"funding archive contains {gap_count} internal settlement gaps")
aggtrade_acceptance_funding.FundingDataError: funding archive contains 6 internal settlement gaps
