[OK] python: 3.13.5 (need 3.13.x)
[OK] nautilus_trader: 1.230.0 (need 1.230.0)
[OK] glibc: 2.36 (need >= 2.35)
test_first_boundary_retest_contract (__main__.SessionLiquidityTransferTests.test_first_boundary_retest_contract) ... ok
test_full_builder_emits_only_after_completed_five_minute_retest (__main__.SessionLiquidityTransferTests.test_full_builder_emits_only_after_completed_five_minute_retest) ... ok
test_future_suffix_does_not_change_existing_signal (__main__.SessionLiquidityTransferTests.test_future_suffix_does_not_change_existing_signal) ... ok
test_non_directional_first_touch_is_terminal (__main__.SessionLiquidityTransferTests.test_non_directional_first_touch_is_terminal) ... ok
test_target_is_nearest_source_or_frozen_htf_liquidity (__main__.SessionLiquidityTransferTests.test_target_is_nearest_source_or_frozen_htf_liquidity) ... ok

----------------------------------------------------------------------
Ran 5 tests in 0.037s

OK
[1m2026-08-07T19:16:00.568335249Z[0m [36m[INFO] TRADER-001.BacktestEngine: =================================================================[0m
[1m2026-08-07T19:16:00.568350377Z[0m [36m[INFO] TRADER-001.BacktestEngine:  NAUTILUS TRADER - Automated Algorithmic Trading Platform[0m
[1m2026-08-07T19:16:00.568350818Z[0m [36m[INFO] TRADER-001.BacktestEngine:  by Nautech Systems Pty Ltd.[0m
[1m2026-08-07T19:16:00.568351009Z[0m [36m[INFO] TRADER-001.BacktestEngine:  Copyright (C) 2015-2026. All rights reserved.[0m
[1m2026-08-07T19:16:00.568351199Z[0m [36m[INFO] TRADER-001.BacktestEngine: =================================================================[0m
[1m2026-08-07T19:16:00.568351370Z[0m [INFO] TRADER-001.BacktestEngine: [0m
[1m2026-08-07T19:16:00.568351540Z[0m [INFO] TRADER-001.BacktestEngine: ⠀⠀⠀⠀⠀⠀⠀⠀⠀⠀⠀⠀⠀⣠⣴⣶⡟⠀⠀⠀⠀⠀⠀⠀⠀⠀⠀⠀⠀⠀⠀[0m
[1m2026-08-07T19:16:00.568351810Z[0m [INFO] TRADER-001.BacktestEngine: ⠀⠀⠀⠀⠀⠀⠀⠀⠀⠀⠀⣰⣾⣿⣿⣿⠀⢸⣿⣿⣿⣿⣶⣶⣤⣀⠀⠀⠀⠀⠀[0m
[1m2026-08-07T19:16:00.568352061Z[0m [INFO] TRADER-001.BacktestEngine: ⠀⠀⠀⠀⠀⠀⢀⣴⡇⢀⣾⣿⣿⣿⣿⣿⠀⣾⣿⣿⣿⣿⣿⣿⣿⠿⠓⠀⠀⠀⠀[0m
[1m2026-08-07T19:16:00.568352281Z[0m [INFO] TRADER-001.BacktestEngine: ⠀⠀⠀⠀⠀⣰⣿⣿⡀⢸⣿⣿⣿⣿⣿⣿⠀⣿⣿⣿⣿⣿⣿⠟⠁⣠⣄⠀⠀⠀⠀[0m
[1m2026-08-07T19:16:00.568352562Z[0m [INFO] TRADER-001.BacktestEngine: ⠀⠀⠀⠀⢠⣿⣿⣿⣇⠀⢿⣿⣿⣿⣿⣿⠀⢻⣿⣿⣿⡿⢃⣠⣾⣿⣿⣧⡀⠀⠀[0m
[1m2026-08-07T19:16:00.568352782Z[0m [INFO] TRADER-001.BacktestEngine: ⠀⠀⠀⠠⣾⣿⣿⣿⣿⣿⣧⠈⠋⢀⣴⣧⠀⣿⡏⢠⡀⢸⣿⣿⣿⣿⣿⣿⣿⡇⠀[0m
[1m2026-08-07T19:16:00.568353002Z[0m [INFO] TRADER-001.BacktestEngine: ⠀⠀⠀⣀⠙⢿⣿⣿⣿⣿⣿⠇⢠⣿⣿⣿⡄⠹⠃⠼⠃⠈⠉⠛⠛⠛⠛⠛⠻⠇⠀[0m
[1m2026-08-07T19:16:00.568353243Z[0m [INFO] TRADER-001.BacktestEngine: ⠀⠀⢸⡟⢠⣤⠉⠛⠿⢿⣿⠀⢸⣿⡿⠋⣠⣤⣄⠀⣾⣿⣿⣶⣶⣶⣦⡄⠀⠀⠀[0m
[1m2026-08-07T19:16:00.568354205Z[0m [INFO] TRADER-001.BacktestEngine: ⠀⠀⠸⠀⣾⠏⣸⣷⠂⣠⣤⠀⠘⢁⣴⣾⣿⣿⣿⡆⠘⣿⣿⣿⣿⣿⣿⠀⠀⠀⠀[0m
[1m2026-08-07T19:16:00.568354345Z[0m [INFO] TRADER-001.BacktestEngine: ⠀⠀⠀⠀⠛⠀⣿⡟⠀⢻⣿⡄⠸⣿⣿⣿⣿⣿⣿⣿⡀⠘⣿⣿⣿⣿⠟⠀⠀⠀⠀[0m
[1m2026-08-07T19:16:00.568354485Z[0m [INFO] TRADER-001.BacktestEngine: ⠀⠀⠀⠀⠀⠀⣿⠇⠀⠀⢻⡿⠀⠈⠻⣿⣿⣿⣿⣿⡇⠀⢹⣿⠿⠋⠀⠀⠀⠀⠀[0m
[1m2026-08-07T19:16:00.568354616Z[0m [INFO] TRADER-001.BacktestEngine: ⠀⠀⠀⠀⠀⠀⠋⠀⠀⠀⡘⠁⠀⠀⠀⠀⠀⠀⠀⠀⠀⠀⠈⠁⠀⠀⠀⠀⠀⠀⠀[0m
[1m2026-08-07T19:16:00.568354756Z[0m [INFO] TRADER-001.BacktestEngine: [0m
[1m2026-08-07T19:16:00.568354876Z[0m [36m[INFO] TRADER-001.BacktestEngine: =================================================================[0m
[1m2026-08-07T19:16:00.568355247Z[0m [36m[INFO] TRADER-001.BacktestEngine:  SYSTEM SPECIFICATION[0m
[1m2026-08-07T19:16:00.568355397Z[0m [36m[INFO] TRADER-001.BacktestEngine: =================================================================[0m
[1m2026-08-07T19:16:00.568357481Z[0m [INFO] TRADER-001.BacktestEngine: CPU architecture: AMD EPYC 7763 64-Core Processor[0m
[1m2026-08-07T19:16:00.568358252Z[0m [INFO] TRADER-001.BacktestEngine: CPU(s): 4 @ 3243 MHz[0m
[1m2026-08-07T19:16:00.568359204Z[0m [INFO] TRADER-001.BacktestEngine: OS: kernel-6.17.0-1020-azure Linux (Debian GNU/Linux 12)[0m
[1m2026-08-07T19:16:00.568414518Z[0m [36m[INFO] TRADER-001.BacktestEngine: =================================================================[0m
[1m2026-08-07T19:16:00.568414879Z[0m [36m[INFO] TRADER-001.BacktestEngine:  MEMORY USAGE[0m
[1m2026-08-07T19:16:00.568415059Z[0m [36m[INFO] TRADER-001.BacktestEngine: =================================================================[0m
[1m2026-08-07T19:16:00.568417824Z[0m [INFO] TRADER-001.BacktestEngine: RAM-Total: 15.61 GiB[0m
[1m2026-08-07T19:16:00.568418476Z[0m [INFO] TRADER-001.BacktestEngine: RAM-Used: 1.35 GiB (8.67%)[0m
[1m2026-08-07T19:16:00.568418957Z[0m [INFO] TRADER-001.BacktestEngine: RAM-Avail: 14.26 GiB (91.33%)[0m
[1m2026-08-07T19:16:00.568419938Z[0m [INFO] TRADER-001.BacktestEngine: Swap-Total: 3.00 GiB[0m
[1m2026-08-07T19:16:00.568420359Z[0m [INFO] TRADER-001.BacktestEngine: Swap-Used: 0.00 GiB (0.00%)[0m
[1m2026-08-07T19:16:00.568421141Z[0m [INFO] TRADER-001.BacktestEngine: Swap-Avail: 3.00 GiB (100.00%)[0m
[1m2026-08-07T19:16:00.568421662Z[0m [36m[INFO] TRADER-001.BacktestEngine: =================================================================[0m
[1m2026-08-07T19:16:00.568421912Z[0m [36m[INFO] TRADER-001.BacktestEngine:  IDENTIFIERS[0m
[1m2026-08-07T19:16:00.568422203Z[0m [36m[INFO] TRADER-001.BacktestEngine: =================================================================[0m
[1m2026-08-07T19:16:00.568422583Z[0m [INFO] TRADER-001.BacktestEngine: trader_id: TRADER-001[0m
[1m2026-08-07T19:16:00.568424186Z[0m [INFO] TRADER-001.BacktestEngine: machine_id: 917437238f79[0m
[1m2026-08-07T19:16:00.568425509Z[0m [INFO] TRADER-001.BacktestEngine: instance_id: 8e755105-d98e-4a11-b366-1cae75194d4b[0m
[1m2026-08-07T19:16:00.568425839Z[0m [INFO] TRADER-001.BacktestEngine: PID: 182[0m
[1m2026-08-07T19:16:00.568426000Z[0m [36m[INFO] TRADER-001.BacktestEngine: =================================================================[0m
[1m2026-08-07T19:16:00.568426180Z[0m [36m[INFO] TRADER-001.BacktestEngine:  VERSIONING[0m
[1m2026-08-07T19:16:00.568426331Z[0m [36m[INFO] TRADER-001.BacktestEngine: =================================================================[0m
[1m2026-08-07T19:16:00.568442591Z[0m [INFO] TRADER-001.BacktestEngine: nautilus_trader: 1.230.0[0m
[1m2026-08-07T19:16:00.568449153Z[0m [INFO] TRADER-001.BacktestEngine: python: 3.13.5[0m
[1m2026-08-07T19:16:00.568453021Z[0m [INFO] TRADER-001.BacktestEngine: numpy: 2.5.1[0m
[1m2026-08-07T19:16:00.568457169Z[0m [INFO] TRADER-001.BacktestEngine: pandas: 3.0.5[0m
[1m2026-08-07T19:16:00.568460825Z[0m [INFO] TRADER-001.BacktestEngine: msgspec: 0.21.1[0m
[1m2026-08-07T19:16:00.568471445Z[0m [INFO] TRADER-001.BacktestEngine: pyarrow: 25.0.0[0m
[1m2026-08-07T19:16:00.568475283Z[0m [INFO] TRADER-001.BacktestEngine: pytz: 2026.3.post1[0m
[1m2026-08-07T19:16:00.568478799Z[0m [INFO] TRADER-001.BacktestEngine: uvloop: 0.22.1[0m
[1m2026-08-07T19:16:00.568479240Z[0m [36m[INFO] TRADER-001.BacktestEngine: =================================================================[0m
[1m2026-08-07T19:16:00.568480472Z[0m [INFO] TRADER-001.nautilus_system::kernel: Building system kernel[0m
[1m2026-08-07T19:16:00.568947701Z[0m [INFO] TRADER-001.nautilus_backtest::engine: Adding exchange BINANCE to engine[0m
[1m2026-08-07T19:16:00.568982136Z[0m [INFO] TRADER-001.nautilus_backtest::exchange: Added instrument BTCUSDT-PERP.BINANCE and created matching engine[0m
[1m2026-08-07T19:16:00.569051135Z[0m [INFO] TRADER-001.nautilus_backtest::engine: Added instrument BTCUSDT-PERP.BINANCE to exchange BINANCE[0m
[1m2026-08-07T19:16:00.582431922Z[0m [INFO] TRADER-001.nautilus_backtest::engine: Added 62856 data elements to BacktestEngine (62856 total)[0m
[1m2026-08-07T19:16:00.584768345Z[0m [INFO] TRADER-001.nautilus_backtest::engine: Added 10476 data elements to BacktestEngine (73332 total)[0m
[1m2026-08-07T19:16:00.584800886Z[0m [INFO] TRADER-001.nautilus_backtest::engine: Added 22 data elements to BacktestEngine (73354 total)[0m
[1m2026-08-07T19:16:00.584805936Z[0m [INFO] TRADER-001.nautilus_backtest::engine: Data sort requested (iterator merges streams by replay timestamp)[0m
[1m2026-08-07T19:16:00.584860449Z[0m [INFO] TRADER-001.DataActor-140720853276440: Ready[0m
[1m2026-08-07T19:16:00.584974954Z[0m [INFO] TRADER-001.nautilus_backtest::python::engine: Registered Python strategy DataActor-140720853276440[0m
[1m2026-08-07T19:16:00.585020269Z[0m [INFO] TRADER-001.nautilus_portfolio::portfolio: Updated AccountState(account_id=BINANCE-001, account_type=MARGIN, base_currency=USDT, is_reported=true, balances=[AccountBalance(total=100000.00000000 USDT, locked=0.00000000 USDT, free=100000.00000000 USDT)], margins=[], event_id=127c1722-cc70-486d-aa7a-e1c410c75318)[0m
[1m2024-04-07T23:25:10.000000000Z[0m [INFO] TRADER-001.nautilus_system::kernel: Starting[0m
[1m2024-04-07T23:25:10.000000000Z[0m [INFO] TRADER-001.nautilus_backtest::execution_client: Backtest execution client started[0m
[1m2024-04-07T23:25:10.000000000Z[0m [INFO] TRADER-001.nautilus_execution::engine: Started[0m
[1m2024-04-07T23:25:10.000000000Z[0m [INFO] TRADER-001.nautilus_risk::engine: Started[0m
[1m2024-04-07T23:25:10.000000000Z[0m [INFO] TRADER-001.nautilus_system::kernel: Initializing trader[0m
[1m2024-04-07T23:25:10.000000000Z[0m [INFO] TRADER-001.nautilus_system::kernel: Started[0m
[1m2024-04-07T23:25:10.000000000Z[0m [INFO] TRADER-001.nautilus_system::kernel: Starting trader...[0m
[1m2024-04-07T23:25:10.000000000Z[0m [INFO] TRADER-001.nautilus_execution::order_emulator::emulator: Started[0m
[1m2024-04-07T23:25:10.000000000Z[0m [INFO] TRADER-001.nautilus_system::trader: Starting[0m
[1m2024-04-07T23:25:10.000000000Z[0m [INFO] TRADER-001.DataActor-140720853276440: Starting[0m
[1m2024-04-07T23:25:10.000000000Z[0m [INFO] TRADER-001.nautilus_trading::strategy: Starting DataActor-140720853276440[0m
[1m2024-04-07T23:25:10.000000000Z[0m [INFO] TRADER-001.nautilus_common::actor::data_actor: [CMD]--> Subscribe(Bars(SubscribeBars { bar_type: Standard { instrument_id: "BTCUSDT-PERP.BINANCE", spec: BarSpecification { step: 10, aggregation: Second, price_type: Last }, aggregation_source: External }, client_id: None, venue: Some("BINANCE"), command_id: UUID4(847a6452-03e2-4636-a038-b41775d4e490), ts_init: UnixNanos(1712532310000000000), correlation_id: None, params: None }))[0m
[1m2024-04-07T23:25:10.000000000Z[0m [INFO] TRADER-001.DataActor-140720853276440: Running[0m
[1m2024-04-07T23:25:10.000000000Z[0m [INFO] TRADER-001.nautilus_system::trader: Running[0m
[1m2024-04-07T23:25:10.000000000Z[0m [INFO] TRADER-001.nautilus_system::kernel: Trader started[0m
[1m2024-04-07T23:25:10.000000000Z[0m [36m[INFO] TRADER-001.nautilus_backtest::engine: =================================================================[0m
[1m2024-04-07T23:25:10.000000000Z[0m [36m[INFO] TRADER-001.nautilus_backtest::engine:  BACKTEST PRE-RUN[0m
[1m2024-04-07T23:25:10.000000000Z[0m [36m[INFO] TRADER-001.nautilus_backtest::engine: =================================================================[0m
[1m2024-04-07T23:25:10.000000000Z[0m [36m[INFO] TRADER-001.nautilus_backtest::engine: =================================================================[0m
[1m2024-04-07T23:25:10.000000000Z[0m [INFO] TRADER-001.nautilus_backtest::engine:  SimulatedVenue BINANCE (MARGIN)[0m
[1m2024-04-07T23:25:10.000000000Z[0m [36m[INFO] TRADER-001.nautilus_backtest::engine: -----------------------------------------------------------------[0m
[1m2024-04-07T23:25:10.000000000Z[0m [INFO] TRADER-001.nautilus_backtest::engine: Balances starting:[0m
[1m2024-04-07T23:25:10.000000000Z[0m [INFO] TRADER-001.nautilus_backtest::engine:   100000.00000000 USDT[0m
[1m2024-04-07T23:25:10.000000000Z[0m [36m[INFO] TRADER-001.nautilus_backtest::engine: -----------------------------------------------------------------[0m
[1m2024-04-07T23:25:10.000000000Z[0m [36m[INFO] TRADER-001.nautilus_backtest::engine: =================================================================[0m
[1m2024-04-07T23:25:10.000000000Z[0m [36m[INFO] TRADER-001.nautilus_backtest::engine:  BACKTEST RUN[0m
[1m2024-04-07T23:25:10.000000000Z[0m [36m[INFO] TRADER-001.nautilus_backtest::engine: =================================================================[0m
[1m2024-04-07T23:25:10.000000000Z[0m [INFO] TRADER-001.nautilus_backtest::engine: Run config ID:  None[0m
[1m2024-04-07T23:25:10.000000000Z[0m [INFO] TRADER-001.nautilus_backtest::engine: Run ID:         2275ae8f-7450-452f-9b32-6a4432d743fd[0m
[1m2024-04-07T23:25:10.000000000Z[0m [INFO] TRADER-001.nautilus_backtest::engine: Backtest start: 2024-04-07T23:25:10.000000000Z[0m
[1m2024-04-07T23:25:10.000000000Z[0m [INFO] TRADER-001.nautilus_backtest::engine: Data elements:  73354[0m
[1m2024-04-07T23:25:10.000000000Z[0m [36m[INFO] TRADER-001.nautilus_backtest::engine: -----------------------------------------------------------------[0m
[1m2024-04-07T23:25:10.000000000Z[0m [94m[INFO] TRADER-001.nautilus_data::client: Subscribed BTCUSDT-PERP.BINANCE-10-SECOND-LAST-EXTERNAL bars[0m
[1m2024-04-15T06:01:00.000000000Z[0m [INFO] TRADER-001.nautilus_system::kernel: Stopping trader...[0m
[1m2024-04-15T06:01:00.000000000Z[0m [INFO] TRADER-001.nautilus_system::trader: Stopping[0m
[1m2024-04-15T06:01:00.000000000Z[0m [INFO] TRADER-001.DataActor-140720853276440: Stopping[0m
[1m2024-04-15T06:01:00.000000000Z[0m [INFO] TRADER-001.nautilus_trading::strategy: No BTCUSDT-PERP.BINANCE open, emulated, or inflight orders to cancel[0m
[1m2024-04-15T06:01:00.000000000Z[0m [INFO] TRADER-001.DataActor-140720853276440: Stopped[0m
[1m2024-04-15T06:01:00.000000000Z[0m [INFO] TRADER-001.nautilus_system::trader: Stopped[0m
[1m2024-04-15T06:01:00.000000000Z[0m [INFO] TRADER-001.nautilus_risk::engine: Stopped[0m
[1m2024-04-15T06:01:00.000000000Z[0m [INFO] TRADER-001.nautilus_backtest::execution_client: Backtest execution client stopped[0m
[1m2024-04-15T06:01:00.000000000Z[0m [INFO] TRADER-001.nautilus_execution::engine: Stopped[0m
[1m2026-08-07T19:16:00.971262657Z[0m [36m[INFO] TRADER-001.nautilus_backtest::engine: =================================================================[0m
[1m2026-08-07T19:16:00.971263348Z[0m [36m[INFO] TRADER-001.nautilus_backtest::engine:  BACKTEST POST-RUN[0m
[1m2026-08-07T19:16:00.971263609Z[0m [36m[INFO] TRADER-001.nautilus_backtest::engine: =================================================================[0m
[1m2026-08-07T19:16:00.971263819Z[0m [INFO] TRADER-001.nautilus_backtest::engine: Run config ID:  None[0m
[1m2026-08-07T19:16:00.971264691Z[0m [INFO] TRADER-001.nautilus_backtest::engine: Run ID:         2275ae8f-7450-452f-9b32-6a4432d743fd[0m
[1m2026-08-07T19:16:00.971265162Z[0m [INFO] TRADER-001.nautilus_backtest::engine: Run started:    2026-08-07T19:16:00.584996745Z[0m
[1m2026-08-07T19:16:00.971265562Z[0m [INFO] TRADER-001.nautilus_backtest::engine: Run finished:   2026-08-07T19:16:00.971250815Z[0m
[1m2026-08-07T19:16:00.971266384Z[0m [INFO] TRADER-001.nautilus_backtest::engine: Elapsed time:   0 days 00:00:00.386254[0m
[1m2026-08-07T19:16:00.971266695Z[0m [INFO] TRADER-001.nautilus_backtest::engine: Backtest start: 2024-04-07T23:25:10.000000000Z[0m
[1m2026-08-07T19:16:00.971267085Z[0m [INFO] TRADER-001.nautilus_backtest::engine: Backtest end:   2024-04-15T06:01:00.000000000Z[0m
[1m2026-08-07T19:16:00.971267456Z[0m [INFO] TRADER-001.nautilus_backtest::engine: Backtest range: 7 days 06:35:50.000000[0m
[1m2026-08-07T19:16:00.971267837Z[0m [INFO] TRADER-001.nautilus_backtest::engine: Iterations: 73_354[0m
[1m2026-08-07T19:16:00.971268298Z[0m [INFO] TRADER-001.nautilus_backtest::engine: Total events: 0[0m
[1m2026-08-07T19:16:00.971268568Z[0m [INFO] TRADER-001.nautilus_backtest::engine: Total orders: 0[0m
[1m2026-08-07T19:16:00.971269139Z[0m [INFO] TRADER-001.nautilus_backtest::engine: Total positions: 0[0m
[1m2026-08-07T19:16:00.971285299Z[0m [36m[INFO] TRADER-001.nautilus_backtest::engine: =================================================================[0m
[1m2026-08-07T19:16:00.971285640Z[0m [36m[INFO] TRADER-001.nautilus_backtest::engine:  PORTFOLIO PERFORMANCE[0m
[1m2026-08-07T19:16:00.971285921Z[0m [36m[INFO] TRADER-001.nautilus_backtest::engine: =================================================================[0m
[1m2026-08-07T19:16:00.971286752Z[0m [INFO] TRADER-001.nautilus_backtest::engine:  PnL Statistics (USDT)[0m
[1m2026-08-07T19:16:00.971287163Z[0m [36m[INFO] TRADER-001.nautilus_backtest::engine: -----------------------------------------------------------------[0m
[1m2026-08-07T19:16:00.971292673Z[0m [INFO] TRADER-001.nautilus_backtest::engine: PnL (total):                    0.00[0m
[1m2026-08-07T19:16:00.971293054Z[0m [INFO] TRADER-001.nautilus_backtest::engine: PnL% (total):                   0.00[0m
[1m2026-08-07T19:16:00.971293265Z[0m [36m[INFO] TRADER-001.nautilus_backtest::engine: -----------------------------------------------------------------[0m
[1m2026-08-07T19:16:00.971293535Z[0m [INFO] TRADER-001.nautilus_backtest::engine:  Returns Statistics[0m
[1m2026-08-07T19:16:00.971293685Z[0m [36m[INFO] TRADER-001.nautilus_backtest::engine: -----------------------------------------------------------------[0m
[1m2026-08-07T19:16:00.971299536Z[0m [INFO] TRADER-001.nautilus_backtest::engine: Average (Return):               NaN[0m
[1m2026-08-07T19:16:00.971299767Z[0m [INFO] TRADER-001.nautilus_backtest::engine: Average Loss (Return):          NaN[0m
[1m2026-08-07T19:16:00.971299947Z[0m [INFO] TRADER-001.nautilus_backtest::engine: Average Win (Return):           NaN[0m
[1m2026-08-07T19:16:00.971300087Z[0m [INFO] TRADER-001.nautilus_backtest::engine: Profit Factor:                  NaN[0m
[1m2026-08-07T19:16:00.971300218Z[0m [INFO] TRADER-001.nautilus_backtest::engine: Returns Volatility (252 days):  NaN[0m
[1m2026-08-07T19:16:00.971300358Z[0m [INFO] TRADER-001.nautilus_backtest::engine: Risk Return Ratio:              NaN[0m
[1m2026-08-07T19:16:00.971300488Z[0m [INFO] TRADER-001.nautilus_backtest::engine: Sharpe Ratio (252 days):        NaN[0m
[1m2026-08-07T19:16:00.971300618Z[0m [INFO] TRADER-001.nautilus_backtest::engine: Sortino Ratio (252 days):       NaN[0m
[1m2026-08-07T19:16:00.971300869Z[0m [36m[INFO] TRADER-001.nautilus_backtest::engine: -----------------------------------------------------------------[0m
[1m2026-08-07T19:16:00.971301019Z[0m [INFO] TRADER-001.nautilus_backtest::engine:  General Statistics[0m
[1m2026-08-07T19:16:00.971301169Z[0m [36m[INFO] TRADER-001.nautilus_backtest::engine: -----------------------------------------------------------------[0m
[1m2026-08-07T19:16:00.971302031Z[0m [36m[INFO] TRADER-001.nautilus_backtest::engine: -----------------------------------------------------------------[0m
[1m2026-08-07T19:16:01.044844949Z[0m [INFO] TRADER-001.nautilus_system::kernel: Disposing[0m
[1m2026-08-07T19:16:01.044861941Z[0m [INFO] TRADER-001.nautilus_system::trader: Disposing[0m
[1m2026-08-07T19:16:01.044866580Z[0m [INFO] TRADER-001.DataActor-140720853276440: Disposing[0m
[1m2026-08-07T19:16:01.044873954Z[0m [INFO] TRADER-001.DataActor-140720853276440: Disposed[0m
[1m2026-08-07T19:16:01.044880867Z[0m [INFO] TRADER-001.nautilus_system::trader: Disposed[0m
[1m2026-08-07T19:16:01.044886497Z[0m [INFO] TRADER-001.nautilus_backtest::execution_client: Backtest execution client stopped[0m
[1m2026-08-07T19:16:01.044889453Z[0m [INFO] TRADER-001.nautilus_execution::engine: Stopped[0m
[1m2026-08-07T19:16:01.044891647Z[0m [INFO] TRADER-001.nautilus_risk::engine: Stopped[0m
[1m2026-08-07T19:16:01.044893039Z[0m [INFO] TRADER-001.nautilus_execution::order_emulator::emulator: Stopped[0m
[1m2026-08-07T19:16:01.044905022Z[0m [INFO] TRADER-001.nautilus_execution::engine: Disposed[0m
[1m2026-08-07T19:16:01.044905633Z[0m [INFO] TRADER-001.nautilus_risk::engine: Disposed[0m
[1m2026-08-07T19:16:01.044907466Z[0m [INFO] TRADER-001.nautilus_execution::order_emulator::emulator: Disposed[0m
[1m2026-08-07T19:16:01.044919559Z[0m [INFO] TRADER-001.nautilus_common::cache: Reset cache[0m
[1m2026-08-07T19:16:01.044936822Z[0m [INFO] TRADER-001.nautilus_system::kernel: Disposed[0m
{"closed_trades": 0, "daily_geometric_growth": 0.0, "final_nav_usdt": 100000.0, "first_window_gate_passed": false, "signals": 0, "window": "screen-01", "wins": 0}
{
  "ablation_modes": [
    "none"
  ],
  "by_scenario_family": {},
  "candidate": "candidate-08-session-liquidity-transfer-btc-nautilus-v1",
  "candidate_time_horizon": "INTRADAY_TENS_OF_MINUTES_TO_SIX_HOURS",
  "close_reasons": {},
  "closed_trades": 0,
  "combined_calendar_days": 7.0,
  "combined_daily_geometric_growth": 0.0,
  "execution_adapter_revision": "SESSION_LIQUIDITY_TRANSFER_EXECUTION_LABELS_V1",
  "goal_daily_geometric_growth": 0.01,
  "goal_met": false,
  "positive_trade_share": 0.0,
  "promotable": true,
  "realized_pnl_by_symbol": {},
  "scalping_alpha_inputs": false,
  "signal_implementation_revision": "SESSION_LIQUIDITY_TRANSFER_SIGNALS_V1",
  "single_asset_positive_pnl_share": 0.0,
  "single_trade_positive_pnl_share": 0.0,
  "suite": "first",
  "suite_gate_checks": {
    "all_signal_times_processed": true,
    "all_submitted_entries_observed": true,
    "base_contract_not_ablated": true,
    "closed_trades_matched_to_intents": true,
    "cost_after_total_return_positive": false,
    "entry_causality": true,
    "fill_adjusted_risk_budget_respected": true,
    "funding_cost_state_is_causal_and_complete": true,
    "minimum_closed_trades": false,
    "no_execution_failures": true,
    "no_residual_exposure": true,
    "no_unexpected_or_liquidation_closes": true,
    "planned_risk_budget_respected": true,
    "position_exit_causality": true,
    "realized_loss_budget_respected": true
  },
  "suite_gate_passed": false,
  "symbols_with_closed_trades": [],
  "window_results": [
    {
      "closed_trades": 0,
      "daily_geometric_growth": 0.0,
      "final_nav_usdt": 100000.0,
      "first_window_gate_passed": false,
      "maximum_realized_equity_drawdown": 0.0,
      "name": "screen-01",
      "total_return": 0.0,
      "win_rate": 0.0,
      "wins": 0
    }
  ],
  "windows": [
    {
      "end": "2024-04-15T00:00:00Z",
      "name": "screen-01",
      "start": "2024-04-08T00:00:00Z"
    }
  ],
  "wins": 0
}
{
  "first_window_gate_passed": false
}
{
  "candidate": "candidate-08-session-liquidity-transfer-btc-nautilus-v1",
  "classification": "CLEAN_LOGIC_FAILURE_NO_TRADEABLE_SESSION_TRANSFER",
  "detector_diagnostics": {
    "ACCEPTANCE_ROUTES_EXCLUDED_FROM_V1": 2,
    "ACCEPTANCE_ROUTE_ENDED_WITHOUT_RETEST": 2,
    "ACTIVE_H4_DRAW_BARS": 3987,
    "ALL_ROUTE_CANDIDATES": 14,
    "DRAW_ALIGNED_ACCEPTANCE_RECLAIMED": 1,
    "DRAW_ALIGNED_ACCEPTANCE_RETEST_HELD": 2,
    "DRAW_ALIGNED_SOURCE_SESSION_ACCEPTANCE": 6,
    "DRAW_ALIGNED_SOURCE_SESSION_RAID_RECLAIM": 12,
    "ENTRY_OUTSIDE_REQUIRED_SOURCE_SESSION_HALF": 2,
    "FIFTEEN_MINUTE_BARS": 2128,
    "FIRST_SOURCE_BOUNDARY_RETEST_CONFIRMED": 2,
    "FIRST_SOURCE_BOUNDARY_RETEST_INVALIDATED": 2,
    "MISSING_COMPLETE_SOURCE_SESSION": 1,
    "NO_ACTIVE_HTF_DRAW_IN_ROUTE": 300,
    "NO_ACTIVE_HTF_EXTERNAL_TARGET": 54,
    "NO_SOURCE_BOUNDARY_RETEST_BEFORE_ROUTE_END": 6,
    "RAID_TRANSFER_CANDIDATES": 12,
    "ROUTE_CANDIDATES": 14,
    "SIGNAL_TIMES": 0,
    "SOURCE_OPPOSITE_LIQUIDITY_CONSUMED_BEFORE_ENTRY": 2,
    "TARGET_CONSUMED_BEFORE_ACCEPTANCE_RETEST": 1,
    "UNCONSUMED_SOURCE_OPPOSITE_LIQUIDITY": 12
  },
  "first_window": {
    "closed_trades": 0,
    "daily_geometric_growth": 0.0,
    "gate_passed": false,
    "maximum_drawdown": 0.0,
    "signals": 0,
    "total_return": 0.0,
    "win_rate": 0.0,
    "wins": 0
  },
  "next_action": "ONE_PREREGISTERED_DIRECTIONAL_RETEST_CLOSE_ABLATION_ONLY_IF_DOMINANT",
  "scalping_alpha_inputs": false,
  "screen_summary": null,
  "top_rejection_reasons": {
    "ACCEPTANCE_ROUTE_ENDED_WITHOUT_RETEST": 2,
    "ENTRY_OUTSIDE_REQUIRED_SOURCE_SESSION_HALF": 2,
    "FIRST_SOURCE_BOUNDARY_RETEST_INVALIDATED": 2,
    "NO_SOURCE_BOUNDARY_RETEST_BEFORE_ROUTE_END": 6,
    "SOURCE_OPPOSITE_LIQUIDITY_CONSUMED_BEFORE_ENTRY": 2
  }
}
