/__w/SMC_ICT_4_LIVE/SMC_ICT_4_LIVE/research/candidate-09/run.py:248: Pandas4Warning: Timestamp.utcnow is deprecated and will be removed in a future version. Use Timestamp.now('UTC') instead.
  engine.run()
/__w/SMC_ICT_4_LIVE/SMC_ICT_4_LIVE/research/candidate-09/run.py:248: Pandas4Warning: Timestamp.utcnow is deprecated and will be removed in a future version. Use Timestamp.now('UTC') instead.
  engine.run()
/__w/SMC_ICT_4_LIVE/SMC_ICT_4_LIVE/research/candidate-09/run.py:248: Pandas4Warning: Timestamp.utcnow is deprecated and will be removed in a future version. Use Timestamp.now('UTC') instead.
  engine.run()
/__w/SMC_ICT_4_LIVE/SMC_ICT_4_LIVE/research/candidate-09/run.py:248: Pandas4Warning: Timestamp.utcnow is deprecated and will be removed in a future version. Use Timestamp.now('UTC') instead.
  engine.run()
/__w/SMC_ICT_4_LIVE/SMC_ICT_4_LIVE/research/candidate-09/run.py:248: Pandas4Warning: Timestamp.utcnow is deprecated and will be removed in a future version. Use Timestamp.now('UTC') instead.
  engine.run()
/__w/SMC_ICT_4_LIVE/SMC_ICT_4_LIVE/research/candidate-09/run.py:248: Pandas4Warning: Timestamp.utcnow is deprecated and will be removed in a future version. Use Timestamp.now('UTC') instead.
  engine.run()
/__w/SMC_ICT_4_LIVE/SMC_ICT_4_LIVE/research/candidate-09/run.py:248: Pandas4Warning: Timestamp.utcnow is deprecated and will be removed in a future version. Use Timestamp.now('UTC') instead.
  engine.run()
/__w/SMC_ICT_4_LIVE/SMC_ICT_4_LIVE/research/candidate-09/run.py:248: Pandas4Warning: Timestamp.utcnow is deprecated and will be removed in a future version. Use Timestamp.now('UTC') instead.
  engine.run()
/__w/SMC_ICT_4_LIVE/SMC_ICT_4_LIVE/research/candidate-09/run.py:248: Pandas4Warning: Timestamp.utcnow is deprecated and will be removed in a future version. Use Timestamp.now('UTC') instead.
  engine.run()
/__w/SMC_ICT_4_LIVE/SMC_ICT_4_LIVE/research/candidate-09/run.py:248: Pandas4Warning: Timestamp.utcnow is deprecated and will be removed in a future version. Use Timestamp.now('UTC') instead.
  engine.run()
/__w/SMC_ICT_4_LIVE/SMC_ICT_4_LIVE/research/candidate-09/run.py:248: Pandas4Warning: Timestamp.utcnow is deprecated and will be removed in a future version. Use Timestamp.now('UTC') instead.
  engine.run()
/__w/SMC_ICT_4_LIVE/SMC_ICT_4_LIVE/research/candidate-09/run.py:248: Pandas4Warning: Timestamp.utcnow is deprecated and will be removed in a future version. Use Timestamp.now('UTC') instead.
  engine.run()
/__w/SMC_ICT_4_LIVE/SMC_ICT_4_LIVE/research/candidate-09/run.py:248: Pandas4Warning: Timestamp.utcnow is deprecated and will be removed in a future version. Use Timestamp.now('UTC') instead.
  engine.run()
/__w/SMC_ICT_4_LIVE/SMC_ICT_4_LIVE/research/candidate-09/run.py:248: Pandas4Warning: Timestamp.utcnow is deprecated and will be removed in a future version. Use Timestamp.now('UTC') instead.
  engine.run()
/__w/SMC_ICT_4_LIVE/SMC_ICT_4_LIVE/research/candidate-09/run.py:248: Pandas4Warning: Timestamp.utcnow is deprecated and will be removed in a future version. Use Timestamp.now('UTC') instead.
  engine.run()
/__w/SMC_ICT_4_LIVE/SMC_ICT_4_LIVE/research/candidate-09/run.py:248: Pandas4Warning: Timestamp.utcnow is deprecated and will be removed in a future version. Use Timestamp.now('UTC') instead.
  engine.run()
/__w/SMC_ICT_4_LIVE/SMC_ICT_4_LIVE/research/candidate-09/run.py:248: Pandas4Warning: Timestamp.utcnow is deprecated and will be removed in a future version. Use Timestamp.now('UTC') instead.
  engine.run()
/__w/SMC_ICT_4_LIVE/SMC_ICT_4_LIVE/research/candidate-09/run.py:248: Pandas4Warning: Timestamp.utcnow is deprecated and will be removed in a future version. Use Timestamp.now('UTC') instead.
  engine.run()
/__w/SMC_ICT_4_LIVE/SMC_ICT_4_LIVE/research/candidate-09/run.py:248: Pandas4Warning: Timestamp.utcnow is deprecated and will be removed in a future version. Use Timestamp.now('UTC') instead.
  engine.run()
/__w/SMC_ICT_4_LIVE/SMC_ICT_4_LIVE/research/candidate-09/run.py:248: Pandas4Warning: Timestamp.utcnow is deprecated and will be removed in a future version. Use Timestamp.now('UTC') instead.
  engine.run()
/__w/SMC_ICT_4_LIVE/SMC_ICT_4_LIVE/research/candidate-09/run.py:248: Pandas4Warning: Timestamp.utcnow is deprecated and will be removed in a future version. Use Timestamp.now('UTC') instead.
  engine.run()
/__w/SMC_ICT_4_LIVE/SMC_ICT_4_LIVE/research/candidate-09/run.py:248: Pandas4Warning: Timestamp.utcnow is deprecated and will be removed in a future version. Use Timestamp.now('UTC') instead.
  engine.run()
{
  "ablations": {
    "failure-retest": {
      "all_segments_positive": false,
      "calendar_days": 21.0,
      "daily_geometric_return": -0.00294156596370454,
      "implementation_ok": true,
      "maximum_segment_drawdown": 0.029997232886250003,
      "maximum_single_trade_profit_share": 0.0,
      "nav_multiple": 0.9400107963457629,
      "trades": 3,
      "trades_per_day": 0.14285714285714285
    },
    "midpoint-target": {
      "all_segments_positive": false,
      "calendar_days": 21.0,
      "daily_geometric_return": -0.0014492702237501875,
      "implementation_ok": true,
      "maximum_segment_drawdown": 0.029997616298999885,
      "maximum_single_trade_profit_share": 0.0,
      "nav_multiple": 0.9700023837010001,
      "trades": 1,
      "trades_per_day": 0.047619047619047616
    },
    "no-acceptance": {
      "all_segments_positive": false,
      "calendar_days": 21.0,
      "daily_geometric_return": -0.008285689513461092,
      "implementation_ok": true,
      "maximum_segment_drawdown": 0.11469492027649986,
      "maximum_single_trade_profit_share": 1.0,
      "nav_multiple": 0.839688457921023,
      "trades": 19,
      "trades_per_day": 0.9047619047619048
    }
  },
  "baseline_weeks": [
    {
      "accounting_error": 0.0,
      "calendar_days": 7.0,
      "continuation_trades": 0,
      "daily_geometric_return": -0.008662671609028116,
      "end_ns": 1644796800000000000,
      "ending_nav": 94091.462206725,
      "expectancy_r": -0.9997842611273051,
      "implementation_status": "OK",
      "largest_profit_share": null,
      "losses": 2,
      "max_drawdown": 0.05908537793274993,
      "maximum_consecutive_losses": 2,
      "missing_feature_bars": 0,
      "native_account_final": 95332.47296561,
      "native_expected_final": 95332.47296561,
      "open_position_at_stop": false,
      "profit_factor": 0.0,
      "rejected_orders": 0,
      "reversal_trades": 2,
      "run_id": "baseline:week-a",
      "segment": "week-a",
      "start_ns": 1644192000000000000,
      "starting_nav": 100000.0,
      "time_exits": 0,
      "total_return": -0.05908537793274993,
      "trades": 2,
      "variant": "baseline",
      "win_rate": 0.0,
      "wins": 0
    },
    {
      "accounting_error": 0.0,
      "calendar_days": 7.0,
      "continuation_trades": 0,
      "daily_geometric_return": -0.00018639056745961557,
      "end_ns": 1687132800000000000,
      "ending_nav": 99869.59953715,
      "expectancy_r": -0.04346794610668902,
      "implementation_status": "OK",
      "largest_profit_share": null,
      "losses": 1,
      "max_drawdown": 0.0013040046284999995,
      "maximum_consecutive_losses": 1,
      "missing_feature_bars": 0,
      "native_account_final": 100409.46482491,
      "native_expected_final": 100409.46482491,
      "open_position_at_stop": false,
      "profit_factor": 0.0,
      "rejected_orders": 0,
      "reversal_trades": 1,
      "run_id": "baseline:week-b",
      "segment": "week-b",
      "start_ns": 1686528000000000000,
      "starting_nav": 100000.0,
      "time_exits": 1,
      "total_return": -0.0013040046284999995,
      "trades": 1,
      "variant": "baseline",
      "win_rate": 0.0,
      "wins": 0
    },
    {
      "accounting_error": 0.0,
      "calendar_days": 7.0,
      "continuation_trades": 0,
      "daily_geometric_return": -0.00982485733831251,
      "end_ns": 1729468800000000000,
      "ending_nav": 93322.02140657499,
      "expectancy_r": -0.439119492001318,
      "implementation_status": "OK",
      "largest_profit_share": 1.0,
      "losses": 4,
      "max_drawdown": 0.08731657344200006,
      "maximum_consecutive_losses": 3,
      "missing_feature_bars": 0,
      "native_account_final": 96601.52739574,
      "native_expected_final": 96601.52739574,
      "open_position_at_stop": false,
      "profit_factor": 0.42518844783402515,
      "rejected_orders": 0,
      "reversal_trades": 5,
      "run_id": "baseline:week-c",
      "segment": "week-c",
      "start_ns": 1728864000000000000,
      "starting_nav": 100000.0,
      "time_exits": 0,
      "total_return": -0.06677978593425016,
      "trades": 5,
      "variant": "baseline",
      "win_rate": 0.2,
      "wins": 1
    }
  ],
  "candidate": "candidate-09-v8",
  "diagnosis": {
    "action": "Discard candidate-09 as a complete candidate; preserve only the listed mechanisms for later hypotheses.",
    "baseline_daily_geometric_return": -0.006233907504452296,
    "best_ablation": "midpoint-target",
    "best_ablation_daily_geometric_return": -0.0014492702237501875,
    "classification": "LOGIC_ERROR_NO_STRUCTURAL_PATH",
    "largest_influence": "insufficient cost-after conditional edge or opportunity rate",
    "valid_parts": [
      "absorption/reclaim branch produced executable events",
      "risk-budgeted loss path remained recoverable in the gate sample"
    ]
  },
  "gate": {
    "checks": {
      "all_weeks_positive": false,
      "implementation_ok": true,
      "minimum_trades_each_week": false,
      "pooled_daily_geometric_return": false,
      "profit_not_single_trade_dominated": false
    },
    "passed": false,
    "pooled": {
      "all_segments_positive": false,
      "calendar_days": 21.0,
      "daily_geometric_return": -0.006233907504452296,
      "implementation_ok": true,
      "maximum_segment_drawdown": 0.08731657344200006,
      "maximum_single_trade_profit_share": 1.0,
      "nav_multiple": 0.8769355239282872,
      "trades": 8,
      "trades_per_day": 0.38095238095238093
    }
  },
  "status": "GATE_FAIL"
}
