/__w/SMC_ICT_4_LIVE/SMC_ICT_4_LIVE/research/candidate-09/run.py:260: Pandas4Warning: Timestamp.utcnow is deprecated and will be removed in a future version. Use Timestamp.now('UTC') instead.
  engine.run()
/__w/SMC_ICT_4_LIVE/SMC_ICT_4_LIVE/research/candidate-09/run.py:260: Pandas4Warning: Timestamp.utcnow is deprecated and will be removed in a future version. Use Timestamp.now('UTC') instead.
  engine.run()
/__w/SMC_ICT_4_LIVE/SMC_ICT_4_LIVE/research/candidate-09/run.py:260: Pandas4Warning: Timestamp.utcnow is deprecated and will be removed in a future version. Use Timestamp.now('UTC') instead.
  engine.run()
/__w/SMC_ICT_4_LIVE/SMC_ICT_4_LIVE/research/candidate-09/run.py:260: Pandas4Warning: Timestamp.utcnow is deprecated and will be removed in a future version. Use Timestamp.now('UTC') instead.
  engine.run()
/__w/SMC_ICT_4_LIVE/SMC_ICT_4_LIVE/research/candidate-09/run.py:260: Pandas4Warning: Timestamp.utcnow is deprecated and will be removed in a future version. Use Timestamp.now('UTC') instead.
  engine.run()
/__w/SMC_ICT_4_LIVE/SMC_ICT_4_LIVE/research/candidate-09/run.py:260: Pandas4Warning: Timestamp.utcnow is deprecated and will be removed in a future version. Use Timestamp.now('UTC') instead.
  engine.run()
/__w/SMC_ICT_4_LIVE/SMC_ICT_4_LIVE/research/candidate-09/run.py:260: Pandas4Warning: Timestamp.utcnow is deprecated and will be removed in a future version. Use Timestamp.now('UTC') instead.
  engine.run()
/__w/SMC_ICT_4_LIVE/SMC_ICT_4_LIVE/research/candidate-09/run.py:260: Pandas4Warning: Timestamp.utcnow is deprecated and will be removed in a future version. Use Timestamp.now('UTC') instead.
  engine.run()
/__w/SMC_ICT_4_LIVE/SMC_ICT_4_LIVE/research/candidate-09/run.py:260: Pandas4Warning: Timestamp.utcnow is deprecated and will be removed in a future version. Use Timestamp.now('UTC') instead.
  engine.run()
/__w/SMC_ICT_4_LIVE/SMC_ICT_4_LIVE/research/candidate-09/run.py:260: Pandas4Warning: Timestamp.utcnow is deprecated and will be removed in a future version. Use Timestamp.now('UTC') instead.
  engine.run()
/__w/SMC_ICT_4_LIVE/SMC_ICT_4_LIVE/research/candidate-09/run.py:260: Pandas4Warning: Timestamp.utcnow is deprecated and will be removed in a future version. Use Timestamp.now('UTC') instead.
  engine.run()
/__w/SMC_ICT_4_LIVE/SMC_ICT_4_LIVE/research/candidate-09/run.py:260: Pandas4Warning: Timestamp.utcnow is deprecated and will be removed in a future version. Use Timestamp.now('UTC') instead.
  engine.run()
/__w/SMC_ICT_4_LIVE/SMC_ICT_4_LIVE/research/candidate-09/run.py:260: Pandas4Warning: Timestamp.utcnow is deprecated and will be removed in a future version. Use Timestamp.now('UTC') instead.
  engine.run()
/__w/SMC_ICT_4_LIVE/SMC_ICT_4_LIVE/research/candidate-09/run.py:260: Pandas4Warning: Timestamp.utcnow is deprecated and will be removed in a future version. Use Timestamp.now('UTC') instead.
  engine.run()
/__w/SMC_ICT_4_LIVE/SMC_ICT_4_LIVE/research/candidate-09/run.py:260: Pandas4Warning: Timestamp.utcnow is deprecated and will be removed in a future version. Use Timestamp.now('UTC') instead.
  engine.run()
/__w/SMC_ICT_4_LIVE/SMC_ICT_4_LIVE/research/candidate-09/run.py:260: Pandas4Warning: Timestamp.utcnow is deprecated and will be removed in a future version. Use Timestamp.now('UTC') instead.
  engine.run()
/__w/SMC_ICT_4_LIVE/SMC_ICT_4_LIVE/research/candidate-09/run.py:260: Pandas4Warning: Timestamp.utcnow is deprecated and will be removed in a future version. Use Timestamp.now('UTC') instead.
  engine.run()
/__w/SMC_ICT_4_LIVE/SMC_ICT_4_LIVE/research/candidate-09/run.py:260: Pandas4Warning: Timestamp.utcnow is deprecated and will be removed in a future version. Use Timestamp.now('UTC') instead.
  engine.run()
/__w/SMC_ICT_4_LIVE/SMC_ICT_4_LIVE/research/candidate-09/run.py:260: Pandas4Warning: Timestamp.utcnow is deprecated and will be removed in a future version. Use Timestamp.now('UTC') instead.
  engine.run()
/__w/SMC_ICT_4_LIVE/SMC_ICT_4_LIVE/research/candidate-09/run.py:260: Pandas4Warning: Timestamp.utcnow is deprecated and will be removed in a future version. Use Timestamp.now('UTC') instead.
  engine.run()
/__w/SMC_ICT_4_LIVE/SMC_ICT_4_LIVE/research/candidate-09/run.py:260: Pandas4Warning: Timestamp.utcnow is deprecated and will be removed in a future version. Use Timestamp.now('UTC') instead.
  engine.run()
/__w/SMC_ICT_4_LIVE/SMC_ICT_4_LIVE/research/candidate-09/run.py:260: Pandas4Warning: Timestamp.utcnow is deprecated and will be removed in a future version. Use Timestamp.now('UTC') instead.
  engine.run()
/__w/SMC_ICT_4_LIVE/SMC_ICT_4_LIVE/research/candidate-09/run.py:260: Pandas4Warning: Timestamp.utcnow is deprecated and will be removed in a future version. Use Timestamp.now('UTC') instead.
  engine.run()
/__w/SMC_ICT_4_LIVE/SMC_ICT_4_LIVE/research/candidate-09/run.py:260: Pandas4Warning: Timestamp.utcnow is deprecated and will be removed in a future version. Use Timestamp.now('UTC') instead.
  engine.run()
/__w/SMC_ICT_4_LIVE/SMC_ICT_4_LIVE/research/candidate-09/run.py:260: Pandas4Warning: Timestamp.utcnow is deprecated and will be removed in a future version. Use Timestamp.now('UTC') instead.
  engine.run()
{
  "ablations": {
    "direct-only": {
      "active_segments": 3,
      "all_segments_positive": false,
      "calendar_days": 21.0,
      "daily_geometric_return": 0.004050368595301501,
      "implementation_ok": true,
      "maximum_segment_drawdown": 0.10114191071473888,
      "maximum_single_trade_profit_share": 0.3338772953898284,
      "nav_multiple": 1.0885929019291343,
      "trades": 14,
      "trades_per_day": 0.6666666666666666
    },
    "single-close": {
      "active_segments": 3,
      "all_segments_positive": false,
      "calendar_days": 21.0,
      "daily_geometric_return": 0.013616921556058204,
      "implementation_ok": true,
      "maximum_segment_drawdown": 0.059111339466250024,
      "maximum_single_trade_profit_share": 0.2352973466802478,
      "nav_multiple": 1.3284673805462854,
      "trades": 16,
      "trades_per_day": 0.7619047619047619
    },
    "two-close-all": {
      "active_segments": 2,
      "all_segments_positive": false,
      "calendar_days": 21.0,
      "daily_geometric_return": 0.005765321939321444,
      "implementation_ok": true,
      "maximum_segment_drawdown": 0.06342884434861984,
      "maximum_single_trade_profit_share": 0.35371688703345094,
      "nav_multiple": 1.128313553652928,
      "trades": 12,
      "trades_per_day": 0.5714285714285714
    }
  },
  "baseline_weeks": [
    {
      "accounting_error": 1.4551915228366852e-11,
      "calendar_days": 7.0,
      "continuation_trades": 0,
      "daily_geometric_return": 0.026644391949673718,
      "end_ns": 1644796800000000000,
      "ending_nav": 120209.91058489999,
      "expectancy_r": 0.8059284617597728,
      "implementation_status": "OK",
      "largest_profit_share": 0.23919725402272352,
      "losses": 3,
      "max_drawdown": 0.029995242826062585,
      "maximum_consecutive_losses": 1,
      "missing_feature_bars": 0,
      "native_account_final": 129157.60944064001,
      "native_expected_final": 129157.60944064,
      "open_position_at_stop": false,
      "profit_factor": 2.849836489823017,
      "rejected_orders": 0,
      "reversal_trades": 8,
      "run_id": "baseline:week-a",
      "segment": "week-a",
      "start_ns": 1644192000000000000,
      "starting_nav": 100000.0,
      "time_exits": 1,
      "total_return": 0.20209910584899982,
      "trades": 8,
      "variant": "baseline",
      "win_rate": 0.625,
      "wins": 5
    },
    {
      "accounting_error": 0.0,
      "calendar_days": 7.0,
      "continuation_trades": 0,
      "daily_geometric_return": -0.0043448417534861505,
      "end_ns": 1687132800000000000,
      "ending_nav": 96997.9680099,
      "expectancy_r": -1.000682611795835,
      "implementation_status": "OK",
      "largest_profit_share": null,
      "losses": 1,
      "max_drawdown": 0.03002031990100007,
      "maximum_consecutive_losses": 1,
      "missing_feature_bars": 0,
      "native_account_final": 98449.32753837,
      "native_expected_final": 98449.32753837,
      "open_position_at_stop": false,
      "profit_factor": 0.0,
      "rejected_orders": 0,
      "reversal_trades": 1,
      "run_id": "baseline:week-b",
      "segment": "week-b",
      "start_ns": 1686528000000000000,
      "starting_nav": 100000.0,
      "time_exits": 0,
      "total_return": -0.03002031990100007,
      "trades": 1,
      "variant": "baseline",
      "win_rate": 0.0,
      "wins": 0
    },
    {
      "accounting_error": 0.0,
      "calendar_days": 7.0,
      "continuation_trades": 0,
      "daily_geometric_return": 0.019592935922670307,
      "end_ns": 1729468800000000000,
      "ending_nav": 114548.0565129,
      "expectancy_r": 0.8225492945670844,
      "implementation_status": "OK",
      "largest_profit_share": 0.5529519808980157,
      "losses": 3,
      "max_drawdown": 0.059106043176945455,
      "maximum_consecutive_losses": 2,
      "missing_feature_bars": 0,
      "native_account_final": 123560.25357723,
      "native_expected_final": 123560.25357723,
      "open_position_at_stop": false,
      "profit_factor": 2.4268413692943067,
      "rejected_orders": 0,
      "reversal_trades": 6,
      "run_id": "baseline:week-c",
      "segment": "week-c",
      "start_ns": 1728864000000000000,
      "starting_nav": 100000.0,
      "time_exits": 0,
      "total_return": 0.1454805651290001,
      "trades": 6,
      "variant": "baseline",
      "win_rate": 0.5,
      "wins": 3
    }
  ],
  "candidate": "candidate-09-v18",
  "gate": {
    "account_exhaustion_signals": 0,
    "checks": {
      "account_remained_recoverable": true,
      "implementation_ok": true,
      "minimum_active_weeks": true,
      "minimum_total_trades": true,
      "pooled_daily_geometric_return": true,
      "profit_not_single_trade_dominated": true
    },
    "passed": true,
    "pooled": {
      "active_segments": 3,
      "all_segments_positive": false,
      "calendar_days": 21.0,
      "daily_geometric_return": 0.013876993587368158,
      "implementation_ok": true,
      "maximum_segment_drawdown": 0.059106043176945455,
      "maximum_single_trade_profit_share": 0.24485441858515464,
      "nav_multiple": 1.3356437480947954,
      "trades": 15,
      "trades_per_day": 0.7142857142857143
    },
    "sizing_infeasible_signals": 0
  },
  "long_evaluation": {
    "account_exhaustion_signals": 0,
    "active_months": 36,
    "checks": {
      "account_remained_recoverable": true,
      "daily_geometric_return": false,
      "implementation_ok": true,
      "minimum_active_months": true,
      "minimum_total_trades": true,
      "profit_not_single_trade_dominated": true,
      "recoverable_drawdown": false
    },
    "minimum_total_trades_required": 548,
    "outcome": {
      "accounting_error": -1.4551915228366852e-11,
      "calendar_days": 1096.0,
      "continuation_trades": 0,
      "daily_geometric_return": -0.00847773527471729,
      "end_ns": 1735689600000000000,
      "ending_nav": 8.861514824981652,
      "expectancy_r": -0.46631122717216805,
      "implementation_status": "OK",
      "largest_profit_share": 0.04916511982727136,
      "losses": 536,
      "max_drawdown": 0.9999113848517501,
      "maximum_consecutive_losses": 26,
      "missing_feature_bars": 0,
      "native_account_final": 99812.77755269,
      "native_expected_final": 99812.77755269001,
      "open_position_at_stop": false,
      "profit_factor": 0.5319615394596885,
      "rejected_orders": 0,
      "reversal_trades": 663,
      "run_id": "baseline:long-btc",
      "segment": "long-btc",
      "start_ns": 1640995200000000000,
      "starting_nav": 100000.0,
      "time_exits": 34,
      "total_return": -0.9999113848517501,
      "trades": 663,
      "variant": "baseline",
      "win_rate": 0.19155354449472098,
      "wins": 127
    },
    "sizing_infeasible_signals": 7,
    "status": "FAIL"
  },
  "status": "FAILED_LONG_EVALUATION"
}
