[OK] python: 3.13.5 (need 3.13.x)
[OK] nautilus_trader: 1.230.0 (need 1.230.0)
[OK] glibc: 2.36 (need >= 2.35)
test_completed_feature_index_stays_exact_and_unique (__main__.CompletedFeatureContracts.test_completed_feature_index_stays_exact_and_unique) ... ok
test_duplicate_completed_trade_timestamp_remains_invalid (__main__.CompletedFeatureContracts.test_duplicate_completed_trade_timestamp_remains_invalid) ... ok
test_source_contains_no_outcome_or_execution_logic (__main__.CompletedFeatureContracts.test_source_contains_no_outcome_or_execution_logic) ... ok
test_chunk_split_inside_equal_timestamp_matches_single_pass (__main__.DuplicateTimestampRawQuoteContracts.test_chunk_split_inside_equal_timestamp_matches_single_pass) ... ok
test_completed_bucket_preserves_duplicate_event_count_and_state_order (__main__.DuplicateTimestampRawQuoteContracts.test_completed_bucket_preserves_duplicate_event_count_and_state_order) ... ok
test_duplicate_exchange_milliseconds_are_distinct_ordered_events (__main__.DuplicateTimestampRawQuoteContracts.test_duplicate_exchange_milliseconds_are_distinct_ordered_events) ... ok
test_raw_time_regression_is_rejected_without_deduplication (__main__.DuplicateTimestampRawQuoteContracts.test_raw_time_regression_is_rejected_without_deduplication) ... ok

----------------------------------------------------------------------
Ran 7 tests in 0.111s

OK
test_cross_chunk_time_regression_is_rejected (__main__.RawChunkIntegrityContracts.test_cross_chunk_time_regression_is_rejected) ... ok
test_equal_time_update_id_regression_is_rejected (__main__.RawChunkIntegrityContracts.test_equal_time_update_id_regression_is_rejected) ... ok
test_equal_transaction_millisecond_preserves_update_order (__main__.RawChunkIntegrityContracts.test_equal_transaction_millisecond_preserves_update_order) ... ok
test_malformed_crossed_and_nonpositive_rows_fail_closed (__main__.RawChunkIntegrityContracts.test_malformed_crossed_and_nonpositive_rows_fail_closed) ... ok
test_arbitrary_chunk_boundaries_match_single_pass_exactly (__main__.RawOpenBucketCarryContracts.test_arbitrary_chunk_boundaries_match_single_pass_exactly) ... ok
test_duplicate_timestamp_events_contribute_individually (__main__.RawOpenBucketCarryContracts.test_duplicate_timestamp_events_contribute_individually) ... ok
test_later_buckets_cannot_change_already_closed_history (__main__.RawOpenBucketCarryContracts.test_later_buckets_cannot_change_already_closed_history) ... ok
test_streaming_revision_contains_no_daily_materialization_or_trading_logic (__main__.RawOpenBucketCarryContracts.test_streaming_revision_contains_no_daily_materialization_or_trading_logic) ... ok

----------------------------------------------------------------------
Ran 8 tests in 0.345s

OK
test_direction_must_be_signed (__main__.ExecutableQuoteReferenceContracts.test_direction_must_be_signed) ... ok
test_invalid_or_crossed_completed_quote_fails_closed (__main__.ExecutableQuoteReferenceContracts.test_invalid_or_crossed_completed_quote_fails_closed) ... ok
test_long_uses_completed_best_ask_not_trade_close (__main__.ExecutableQuoteReferenceContracts.test_long_uses_completed_best_ask_not_trade_close) ... ok
test_short_uses_completed_best_bid_not_trade_close (__main__.ExecutableQuoteReferenceContracts.test_short_uses_completed_best_bid_not_trade_close) ... ok
test_invalid_direction_or_nonpositive_inputs_fail_closed (__main__.ExpectedOneTickFillContracts.test_invalid_direction_or_nonpositive_inputs_fail_closed) ... ok
test_long_and_short_fill_one_tick_adverse_from_l1 (__main__.ExpectedOneTickFillContracts.test_long_and_short_fill_one_tick_adverse_from_l1) ... ok
test_fill_adjusted_exit_requires_strictly_later_event_time (__main__.FillAdjustedExitTimingContracts.test_fill_adjusted_exit_requires_strictly_later_event_time) ... ok
test_fill_adjusted_exit_without_position_open_time_fails_closed (__main__.FillAdjustedExitTimingContracts.test_fill_adjusted_exit_without_position_open_time_fails_closed) ... ok
test_non_risk_exit_is_not_changed_by_guard (__main__.FillAdjustedExitTimingContracts.test_non_risk_exit_is_not_changed_by_guard) ... ok

----------------------------------------------------------------------
Ran 9 tests in 0.015s

OK
test_completed_snapshot_reproduces_venue_state_at_bar_end_plus_one_ns (__main__.NativeQuoteSnapshotContracts.test_completed_snapshot_reproduces_venue_state_at_bar_end_plus_one_ns) ... ok
test_invalid_or_crossed_state_fails_closed (__main__.NativeQuoteSnapshotContracts.test_invalid_or_crossed_state_fails_closed) ... ok
test_non_quote_frame_is_backward_compatible (__main__.NativeQuoteSnapshotContracts.test_non_quote_frame_is_backward_compatible) ... ok
test_source_event_must_be_inside_the_completed_bucket (__main__.NativeQuoteSnapshotContracts.test_source_event_must_be_inside_the_completed_bucket) ... ok
test_unobservable_bucket_emits_no_native_quote (__main__.NativeQuoteSnapshotContracts.test_unobservable_bucket_emits_no_native_quote) ... ok

----------------------------------------------------------------------
Ran 5 tests in 0.009s

OK
test_adapter_contains_no_new_backtest_or_sizing_engine (__main__.NativeAdapterContracts.test_adapter_contains_no_new_backtest_or_sizing_engine) ... ok
test_config_and_implementation_revisions_are_bound (__main__.NativeAdapterContracts.test_config_and_implementation_revisions_are_bound) ... ok
test_family_resolution_prefers_immutable_signal_field (__main__.NativeAdapterContracts.test_family_resolution_prefers_immutable_signal_field) ... ok
test_inherited_native_engine_config_contract_is_complete (__main__.NativeAdapterContracts.test_inherited_native_engine_config_contract_is_complete) ... ok
test_only_predeclared_ablation_is_exposed (__main__.NativeAdapterContracts.test_only_predeclared_ablation_is_exposed) ... ok
test_order_and_intent_labels_name_real_quote_scenarios (__main__.NativeAdapterContracts.test_order_and_intent_labels_name_real_quote_scenarios) ... ok
test_verified_runner_boundaries_are_reused (__main__.NativeAdapterContracts.test_verified_runner_boundaries_are_reused) ... ok

----------------------------------------------------------------------
Ran 7 tests in 0.001s

OK
[1m2026-08-07T17:16:56.400810302Z[0m [36m[INFO] TRADER-001.BacktestEngine: =================================================================[0m
[1m2026-08-07T17:16:56.400828599Z[0m [36m[INFO] TRADER-001.BacktestEngine:  NAUTILUS TRADER - Automated Algorithmic Trading Platform[0m
[1m2026-08-07T17:16:56.400829050Z[0m [36m[INFO] TRADER-001.BacktestEngine:  by Nautech Systems Pty Ltd.[0m
[1m2026-08-07T17:16:56.400829230Z[0m [36m[INFO] TRADER-001.BacktestEngine:  Copyright (C) 2015-2026. All rights reserved.[0m
[1m2026-08-07T17:16:56.400829421Z[0m [36m[INFO] TRADER-001.BacktestEngine: =================================================================[0m
[1m2026-08-07T17:16:56.400829611Z[0m [INFO] TRADER-001.BacktestEngine: [0m
[1m2026-08-07T17:16:56.400829881Z[0m [INFO] TRADER-001.BacktestEngine: ⠀⠀⠀⠀⠀⠀⠀⠀⠀⠀⠀⠀⠀⣠⣴⣶⡟⠀⠀⠀⠀⠀⠀⠀⠀⠀⠀⠀⠀⠀⠀[0m
[1m2026-08-07T17:16:56.400830052Z[0m [INFO] TRADER-001.BacktestEngine: ⠀⠀⠀⠀⠀⠀⠀⠀⠀⠀⠀⣰⣾⣿⣿⣿⠀⢸⣿⣿⣿⣿⣶⣶⣤⣀⠀⠀⠀⠀⠀[0m
[1m2026-08-07T17:16:56.400830302Z[0m [INFO] TRADER-001.BacktestEngine: ⠀⠀⠀⠀⠀⠀⢀⣴⡇⢀⣾⣿⣿⣿⣿⣿⠀⣾⣿⣿⣿⣿⣿⣿⣿⠿⠓⠀⠀⠀⠀[0m
[1m2026-08-07T17:16:56.400830462Z[0m [INFO] TRADER-001.BacktestEngine: ⠀⠀⠀⠀⠀⣰⣿⣿⡀⢸⣿⣿⣿⣿⣿⣿⠀⣿⣿⣿⣿⣿⣿⠟⠁⣠⣄⠀⠀⠀⠀[0m
[1m2026-08-07T17:16:56.400830823Z[0m [INFO] TRADER-001.BacktestEngine: ⠀⠀⠀⠀⢠⣿⣿⣿⣇⠀⢿⣿⣿⣿⣿⣿⠀⢻⣿⣿⣿⡿⢃⣠⣾⣿⣿⣧⡀⠀⠀[0m
[1m2026-08-07T17:16:56.400831253Z[0m [INFO] TRADER-001.BacktestEngine: ⠀⠀⠀⠠⣾⣿⣿⣿⣿⣿⣧⠈⠋⢀⣴⣧⠀⣿⡏⢠⡀⢸⣿⣿⣿⣿⣿⣿⣿⡇⠀[0m
[1m2026-08-07T17:16:56.400831684Z[0m [INFO] TRADER-001.BacktestEngine: ⠀⠀⠀⣀⠙⢿⣿⣿⣿⣿⣿⠇⢠⣿⣿⣿⡄⠹⠃⠼⠃⠈⠉⠛⠛⠛⠛⠛⠻⠇⠀[0m
[1m2026-08-07T17:16:56.400832045Z[0m [INFO] TRADER-001.BacktestEngine: ⠀⠀⢸⡟⢠⣤⠉⠛⠿⢿⣿⠀⢸⣿⡿⠋⣠⣤⣄⠀⣾⣿⣿⣶⣶⣶⣦⡄⠀⠀⠀[0m
[1m2026-08-07T17:16:56.400834228Z[0m [INFO] TRADER-001.BacktestEngine: ⠀⠀⠸⠀⣾⠏⣸⣷⠂⣠⣤⠀⠘⢁⣴⣾⣿⣿⣿⡆⠘⣿⣿⣿⣿⣿⣿⠀⠀⠀⠀[0m
[1m2026-08-07T17:16:56.400834368Z[0m [INFO] TRADER-001.BacktestEngine: ⠀⠀⠀⠀⠛⠀⣿⡟⠀⢻⣿⡄⠸⣿⣿⣿⣿⣿⣿⣿⡀⠘⣿⣿⣿⣿⠟⠀⠀⠀⠀[0m
[1m2026-08-07T17:16:56.400834518Z[0m [INFO] TRADER-001.BacktestEngine: ⠀⠀⠀⠀⠀⠀⣿⠇⠀⠀⢻⡿⠀⠈⠻⣿⣿⣿⣿⣿⡇⠀⢹⣿⠿⠋⠀⠀⠀⠀⠀[0m
[1m2026-08-07T17:16:56.400834668Z[0m [INFO] TRADER-001.BacktestEngine: ⠀⠀⠀⠀⠀⠀⠋⠀⠀⠀⡘⠁⠀⠀⠀⠀⠀⠀⠀⠀⠀⠀⠈⠁⠀⠀⠀⠀⠀⠀⠀[0m
[1m2026-08-07T17:16:56.400834819Z[0m [INFO] TRADER-001.BacktestEngine: [0m
[1m2026-08-07T17:16:56.400834939Z[0m [36m[INFO] TRADER-001.BacktestEngine: =================================================================[0m
[1m2026-08-07T17:16:56.400835269Z[0m [36m[INFO] TRADER-001.BacktestEngine:  SYSTEM SPECIFICATION[0m
[1m2026-08-07T17:16:56.400835409Z[0m [36m[INFO] TRADER-001.BacktestEngine: =================================================================[0m
[1m2026-08-07T17:16:56.400840126Z[0m [INFO] TRADER-001.BacktestEngine: CPU architecture: AMD EPYC 9V74 80-Core Processor[0m
[1m2026-08-07T17:16:56.400841038Z[0m [INFO] TRADER-001.BacktestEngine: CPU(s): 4 @ 2596 MHz[0m
[1m2026-08-07T17:16:56.400842149Z[0m [INFO] TRADER-001.BacktestEngine: OS: kernel-6.17.0-1020-azure Linux (Debian GNU/Linux 12)[0m
[1m2026-08-07T17:16:56.400913215Z[0m [36m[INFO] TRADER-001.BacktestEngine: =================================================================[0m
[1m2026-08-07T17:16:56.400918683Z[0m [36m[INFO] TRADER-001.BacktestEngine:  MEMORY USAGE[0m
[1m2026-08-07T17:16:56.400919224Z[0m [36m[INFO] TRADER-001.BacktestEngine: =================================================================[0m
[1m2026-08-07T17:16:56.400923189Z[0m [INFO] TRADER-001.BacktestEngine: RAM-Total: 15.61 GiB[0m
[1m2026-08-07T17:16:56.400923991Z[0m [INFO] TRADER-001.BacktestEngine: RAM-Used: 2.18 GiB (13.95%)[0m
[1m2026-08-07T17:16:56.400924571Z[0m [INFO] TRADER-001.BacktestEngine: RAM-Avail: 13.44 GiB (86.05%)[0m
[1m2026-08-07T17:16:56.400926454Z[0m [INFO] TRADER-001.BacktestEngine: Swap-Total: 3.00 GiB[0m
[1m2026-08-07T17:16:56.400927045Z[0m [INFO] TRADER-001.BacktestEngine: Swap-Used: 0.00 GiB (0.00%)[0m
[1m2026-08-07T17:16:56.400927977Z[0m [INFO] TRADER-001.BacktestEngine: Swap-Avail: 3.00 GiB (100.00%)[0m
[1m2026-08-07T17:16:56.400928628Z[0m [36m[INFO] TRADER-001.BacktestEngine: =================================================================[0m
[1m2026-08-07T17:16:56.400928898Z[0m [36m[INFO] TRADER-001.BacktestEngine:  IDENTIFIERS[0m
[1m2026-08-07T17:16:56.400929088Z[0m [36m[INFO] TRADER-001.BacktestEngine: =================================================================[0m
[1m2026-08-07T17:16:56.400929529Z[0m [INFO] TRADER-001.BacktestEngine: trader_id: TRADER-001[0m
[1m2026-08-07T17:16:56.400931532Z[0m [INFO] TRADER-001.BacktestEngine: machine_id: d3603914c32b[0m
[1m2026-08-07T17:16:56.400933274Z[0m [INFO] TRADER-001.BacktestEngine: instance_id: 31426153-7592-4deb-8f42-c03bc2970c93[0m
[1m2026-08-07T17:16:56.400933735Z[0m [INFO] TRADER-001.BacktestEngine: PID: 209[0m
[1m2026-08-07T17:16:56.400933945Z[0m [36m[INFO] TRADER-001.BacktestEngine: =================================================================[0m
[1m2026-08-07T17:16:56.400934136Z[0m [36m[INFO] TRADER-001.BacktestEngine:  VERSIONING[0m
[1m2026-08-07T17:16:56.400934316Z[0m [36m[INFO] TRADER-001.BacktestEngine: =================================================================[0m
[1m2026-08-07T17:16:56.400950850Z[0m [INFO] TRADER-001.BacktestEngine: nautilus_trader: 1.230.0[0m
[1m2026-08-07T17:16:56.400957681Z[0m [INFO] TRADER-001.BacktestEngine: python: 3.13.5[0m
[1m2026-08-07T17:16:56.400962337Z[0m [INFO] TRADER-001.BacktestEngine: numpy: 2.5.1[0m
[1m2026-08-07T17:16:56.400966443Z[0m [INFO] TRADER-001.BacktestEngine: pandas: 3.0.5[0m
[1m2026-08-07T17:16:56.400970319Z[0m [INFO] TRADER-001.BacktestEngine: msgspec: 0.21.1[0m
[1m2026-08-07T17:16:56.400974495Z[0m [INFO] TRADER-001.BacktestEngine: pyarrow: 25.0.0[0m
[1m2026-08-07T17:16:56.400982507Z[0m [INFO] TRADER-001.BacktestEngine: pytz: 2026.3.post1[0m
[1m2026-08-07T17:16:56.400986633Z[0m [INFO] TRADER-001.BacktestEngine: uvloop: 0.22.1[0m
[1m2026-08-07T17:16:56.400987014Z[0m [36m[INFO] TRADER-001.BacktestEngine: =================================================================[0m
[1m2026-08-07T17:16:56.400988266Z[0m [INFO] TRADER-001.nautilus_system::kernel: Building system kernel[0m
[1m2026-08-07T17:16:56.401570868Z[0m [INFO] TRADER-001.nautilus_backtest::engine: Adding exchange BINANCE to engine[0m
[1m2026-08-07T17:16:56.401632620Z[0m [INFO] TRADER-001.nautilus_backtest::exchange: Added instrument BTCUSDT-PERP.BINANCE and created matching engine[0m
[1m2026-08-07T17:16:56.401674362Z[0m [INFO] TRADER-001.nautilus_backtest::engine: Added instrument BTCUSDT-PERP.BINANCE to exchange BINANCE[0m
[1m2026-08-07T17:16:56.415258854Z[0m [INFO] TRADER-001.nautilus_backtest::engine: Added 61056 data elements to BacktestEngine (61056 total)[0m
[1m2026-08-07T17:16:56.426726812Z[0m [INFO] TRADER-001.nautilus_backtest::engine: Added 61056 data elements to BacktestEngine (122112 total)[0m
[1m2026-08-07T17:16:56.429118513Z[0m [INFO] TRADER-001.nautilus_backtest::engine: Added 10176 data elements to BacktestEngine (132288 total)[0m
[1m2026-08-07T17:16:56.429156469Z[0m [INFO] TRADER-001.nautilus_backtest::engine: Added 22 data elements to BacktestEngine (132310 total)[0m
[1m2026-08-07T17:16:56.429165493Z[0m [INFO] TRADER-001.nautilus_backtest::engine: Data sort requested (iterator merges streams by replay timestamp)[0m
[1m2026-08-07T17:16:56.429230519Z[0m [INFO] TRADER-001.DataActor-140723419612712: Ready[0m
[1m2026-08-07T17:16:56.429351378Z[0m [INFO] TRADER-001.nautilus_backtest::python::engine: Registered Python strategy DataActor-140723419612712[0m
[1m2026-08-07T17:16:56.429408963Z[0m [INFO] TRADER-001.nautilus_portfolio::portfolio: Updated AccountState(account_id=BINANCE-001, account_type=MARGIN, base_currency=USDT, is_reported=true, balances=[AccountBalance(total=100000.00000000 USDT, locked=0.00000000 USDT, free=100000.00000000 USDT)], margins=[], event_id=63b34f41-02e0-4735-be16-3d46c7952cb2)[0m
[1m2023-10-14T23:25:10.000000000Z[0m [INFO] TRADER-001.nautilus_system::kernel: Starting[0m
[1m2023-10-14T23:25:10.000000000Z[0m [INFO] TRADER-001.nautilus_backtest::execution_client: Backtest execution client started[0m
[1m2023-10-14T23:25:10.000000000Z[0m [INFO] TRADER-001.nautilus_execution::engine: Started[0m
[1m2023-10-14T23:25:10.000000000Z[0m [INFO] TRADER-001.nautilus_risk::engine: Started[0m
[1m2023-10-14T23:25:10.000000000Z[0m [INFO] TRADER-001.nautilus_system::kernel: Initializing trader[0m
[1m2023-10-14T23:25:10.000000000Z[0m [INFO] TRADER-001.nautilus_system::kernel: Started[0m
[1m2023-10-14T23:25:10.000000000Z[0m [INFO] TRADER-001.nautilus_system::kernel: Starting trader...[0m
[1m2023-10-14T23:25:10.000000000Z[0m [INFO] TRADER-001.nautilus_execution::order_emulator::emulator: Started[0m
[1m2023-10-14T23:25:10.000000000Z[0m [INFO] TRADER-001.nautilus_system::trader: Starting[0m
[1m2023-10-14T23:25:10.000000000Z[0m [INFO] TRADER-001.DataActor-140723419612712: Starting[0m
[1m2023-10-14T23:25:10.000000000Z[0m [INFO] TRADER-001.nautilus_trading::strategy: Starting DataActor-140723419612712[0m
[1m2023-10-14T23:25:10.000000000Z[0m [INFO] TRADER-001.nautilus_common::actor::data_actor: [CMD]--> Subscribe(Bars(SubscribeBars { bar_type: Standard { instrument_id: "BTCUSDT-PERP.BINANCE", spec: BarSpecification { step: 10, aggregation: Second, price_type: Last }, aggregation_source: External }, client_id: None, venue: Some("BINANCE"), command_id: UUID4(668f17eb-8018-474d-9c78-649a7c373be9), ts_init: UnixNanos(1697325910000000000), correlation_id: None, params: None }))[0m
[1m2023-10-14T23:25:10.000000000Z[0m [INFO] TRADER-001.nautilus_common::actor::data_actor: [CMD]--> Subscribe(Quotes(SubscribeQuotes { instrument_id: "BTCUSDT-PERP.BINANCE", client_id: None, venue: Some("BINANCE"), command_id: UUID4(73011450-579a-4fe3-bb55-d3a904300127), ts_init: UnixNanos(1697325910000000000), correlation_id: None, params: None }))[0m
[1m2023-10-14T23:25:10.000000000Z[0m [INFO] TRADER-001.DataActor-140723419612712: Running[0m
[1m2023-10-14T23:25:10.000000000Z[0m [INFO] TRADER-001.nautilus_system::trader: Running[0m
[1m2023-10-14T23:25:10.000000000Z[0m [INFO] TRADER-001.nautilus_system::kernel: Trader started[0m
[1m2023-10-14T23:25:10.000000000Z[0m [36m[INFO] TRADER-001.nautilus_backtest::engine: =================================================================[0m
[1m2023-10-14T23:25:10.000000000Z[0m [36m[INFO] TRADER-001.nautilus_backtest::engine:  BACKTEST PRE-RUN[0m
[1m2023-10-14T23:25:10.000000000Z[0m [36m[INFO] TRADER-001.nautilus_backtest::engine: =================================================================[0m
[1m2023-10-14T23:25:10.000000000Z[0m [36m[INFO] TRADER-001.nautilus_backtest::engine: =================================================================[0m
[1m2023-10-14T23:25:10.000000000Z[0m [INFO] TRADER-001.nautilus_backtest::engine:  SimulatedVenue BINANCE (MARGIN)[0m
[1m2023-10-14T23:25:10.000000000Z[0m [36m[INFO] TRADER-001.nautilus_backtest::engine: -----------------------------------------------------------------[0m
[1m2023-10-14T23:25:10.000000000Z[0m [INFO] TRADER-001.nautilus_backtest::engine: Balances starting:[0m
[1m2023-10-14T23:25:10.000000000Z[0m [INFO] TRADER-001.nautilus_backtest::engine:   100000.00000000 USDT[0m
[1m2023-10-14T23:25:10.000000000Z[0m [36m[INFO] TRADER-001.nautilus_backtest::engine: -----------------------------------------------------------------[0m
[1m2023-10-14T23:25:10.000000000Z[0m [36m[INFO] TRADER-001.nautilus_backtest::engine: =================================================================[0m
[1m2023-10-14T23:25:10.000000000Z[0m [36m[INFO] TRADER-001.nautilus_backtest::engine:  BACKTEST RUN[0m
[1m2023-10-14T23:25:10.000000000Z[0m [36m[INFO] TRADER-001.nautilus_backtest::engine: =================================================================[0m
[1m2023-10-14T23:25:10.000000000Z[0m [INFO] TRADER-001.nautilus_backtest::engine: Run config ID:  None[0m
[1m2023-10-14T23:25:10.000000000Z[0m [INFO] TRADER-001.nautilus_backtest::engine: Run ID:         58e6a5fd-65c9-4654-8558-ed111f4e3e94[0m
[1m2023-10-14T23:25:10.000000000Z[0m [INFO] TRADER-001.nautilus_backtest::engine: Backtest start: 2023-10-14T23:25:10.000000000Z[0m
[1m2023-10-14T23:25:10.000000000Z[0m [INFO] TRADER-001.nautilus_backtest::engine: Data elements:  132310[0m
[1m2023-10-14T23:25:10.000000000Z[0m [36m[INFO] TRADER-001.nautilus_backtest::engine: -----------------------------------------------------------------[0m
[1m2023-10-14T23:25:10.000000000Z[0m [94m[INFO] TRADER-001.nautilus_data::client: Subscribed BTCUSDT-PERP.BINANCE-10-SECOND-LAST-EXTERNAL bars[0m
[1m2023-10-14T23:25:10.000000000Z[0m [94m[INFO] TRADER-001.nautilus_data::client: Subscribed BTCUSDT-PERP.BINANCE quotes[0m
[1m2023-10-22T01:01:00.000000001Z[0m [INFO] TRADER-001.nautilus_system::kernel: Stopping trader...[0m
[1m2023-10-22T01:01:00.000000001Z[0m [INFO] TRADER-001.nautilus_system::trader: Stopping[0m
[1m2023-10-22T01:01:00.000000001Z[0m [INFO] TRADER-001.DataActor-140723419612712: Stopping[0m
[1m2023-10-22T01:01:00.000000001Z[0m [INFO] TRADER-001.nautilus_trading::strategy: No BTCUSDT-PERP.BINANCE open, emulated, or inflight orders to cancel[0m
[1m2023-10-22T01:01:00.000000001Z[0m [INFO] TRADER-001.DataActor-140723419612712: Stopped[0m
[1m2023-10-22T01:01:00.000000001Z[0m [INFO] TRADER-001.nautilus_system::trader: Stopped[0m
[1m2023-10-22T01:01:00.000000001Z[0m [INFO] TRADER-001.nautilus_risk::engine: Stopped[0m
[1m2023-10-22T01:01:00.000000001Z[0m [INFO] TRADER-001.nautilus_backtest::execution_client: Backtest execution client stopped[0m
[1m2023-10-22T01:01:00.000000001Z[0m [INFO] TRADER-001.nautilus_execution::engine: Stopped[0m
[1m2026-08-07T17:16:56.984617093Z[0m [36m[INFO] TRADER-001.nautilus_backtest::engine: =================================================================[0m
[1m2026-08-07T17:16:56.984617874Z[0m [36m[INFO] TRADER-001.nautilus_backtest::engine:  BACKTEST POST-RUN[0m
[1m2026-08-07T17:16:56.984618024Z[0m [36m[INFO] TRADER-001.nautilus_backtest::engine: =================================================================[0m
[1m2026-08-07T17:16:56.984618465Z[0m [INFO] TRADER-001.nautilus_backtest::engine: Run config ID:  None[0m
[1m2026-08-07T17:16:56.984619236Z[0m [INFO] TRADER-001.nautilus_backtest::engine: Run ID:         58e6a5fd-65c9-4654-8558-ed111f4e3e94[0m
[1m2026-08-07T17:16:56.984620127Z[0m [INFO] TRADER-001.nautilus_backtest::engine: Run started:    2026-08-07T17:16:56.429373441Z[0m
[1m2026-08-07T17:16:56.984620969Z[0m [INFO] TRADER-001.nautilus_backtest::engine: Run finished:   2026-08-07T17:16:56.984604785Z[0m
[1m2026-08-07T17:16:56.984621660Z[0m [INFO] TRADER-001.nautilus_backtest::engine: Elapsed time:   0 days 00:00:00.555231[0m
[1m2026-08-07T17:16:56.984622100Z[0m [INFO] TRADER-001.nautilus_backtest::engine: Backtest start: 2023-10-14T23:25:10.000000000Z[0m
[1m2026-08-07T17:16:56.984622661Z[0m [INFO] TRADER-001.nautilus_backtest::engine: Backtest end:   2023-10-22T01:01:00.000000001Z[0m
[1m2026-08-07T17:16:56.984623432Z[0m [INFO] TRADER-001.nautilus_backtest::engine: Backtest range: 7 days 01:35:50.000000[0m
[1m2026-08-07T17:16:56.984624023Z[0m [INFO] TRADER-001.nautilus_backtest::engine: Iterations: 132_310[0m
[1m2026-08-07T17:16:56.984624534Z[0m [INFO] TRADER-001.nautilus_backtest::engine: Total events: 0[0m
[1m2026-08-07T17:16:56.984625766Z[0m [INFO] TRADER-001.nautilus_backtest::engine: Total orders: 0[0m
[1m2026-08-07T17:16:56.984627038Z[0m [INFO] TRADER-001.nautilus_backtest::engine: Total positions: 0[0m
[1m2026-08-07T17:16:56.984660587Z[0m [36m[INFO] TRADER-001.nautilus_backtest::engine: =================================================================[0m
[1m2026-08-07T17:16:56.984661188Z[0m [36m[INFO] TRADER-001.nautilus_backtest::engine:  PORTFOLIO PERFORMANCE[0m
[1m2026-08-07T17:16:56.984661539Z[0m [36m[INFO] TRADER-001.nautilus_backtest::engine: =================================================================[0m
[1m2026-08-07T17:16:56.984662110Z[0m [INFO] TRADER-001.nautilus_backtest::engine:  PnL Statistics (USDT)[0m
[1m2026-08-07T17:16:56.984662761Z[0m [36m[INFO] TRADER-001.nautilus_backtest::engine: -----------------------------------------------------------------[0m
[1m2026-08-07T17:16:56.984671453Z[0m [INFO] TRADER-001.nautilus_backtest::engine: PnL (total):                    0.00[0m
[1m2026-08-07T17:16:56.984681919Z[0m [INFO] TRADER-001.nautilus_backtest::engine: PnL% (total):                   0.00[0m
[1m2026-08-07T17:16:56.984682530Z[0m [36m[INFO] TRADER-001.nautilus_backtest::engine: -----------------------------------------------------------------[0m
[1m2026-08-07T17:16:56.984683171Z[0m [INFO] TRADER-001.nautilus_backtest::engine:  Returns Statistics[0m
[1m2026-08-07T17:16:56.984683381Z[0m [36m[INFO] TRADER-001.nautilus_backtest::engine: -----------------------------------------------------------------[0m
[1m2026-08-07T17:16:56.984695269Z[0m [INFO] TRADER-001.nautilus_backtest::engine: Average (Return):               NaN[0m
[1m2026-08-07T17:16:56.984695599Z[0m [INFO] TRADER-001.nautilus_backtest::engine: Average Loss (Return):          NaN[0m
[1m2026-08-07T17:16:56.984696170Z[0m [INFO] TRADER-001.nautilus_backtest::engine: Average Win (Return):           NaN[0m
[1m2026-08-07T17:16:56.984696450Z[0m [INFO] TRADER-001.nautilus_backtest::engine: Profit Factor:                  NaN[0m
[1m2026-08-07T17:16:56.984696641Z[0m [INFO] TRADER-001.nautilus_backtest::engine: Returns Volatility (252 days):  NaN[0m
[1m2026-08-07T17:16:56.984696871Z[0m [INFO] TRADER-001.nautilus_backtest::engine: Risk Return Ratio:              NaN[0m
[1m2026-08-07T17:16:56.984697061Z[0m [INFO] TRADER-001.nautilus_backtest::engine: Sharpe Ratio (252 days):        NaN[0m
[1m2026-08-07T17:16:56.984697252Z[0m [INFO] TRADER-001.nautilus_backtest::engine: Sortino Ratio (252 days):       NaN[0m
[1m2026-08-07T17:16:56.984697662Z[0m [36m[INFO] TRADER-001.nautilus_backtest::engine: -----------------------------------------------------------------[0m
[1m2026-08-07T17:16:56.984698053Z[0m [INFO] TRADER-001.nautilus_backtest::engine:  General Statistics[0m
[1m2026-08-07T17:16:56.984698303Z[0m [36m[INFO] TRADER-001.nautilus_backtest::engine: -----------------------------------------------------------------[0m
[1m2026-08-07T17:16:56.984699395Z[0m [36m[INFO] TRADER-001.nautilus_backtest::engine: -----------------------------------------------------------------[0m
[1m2026-08-07T17:16:57.056216127Z[0m [INFO] TRADER-001.nautilus_system::kernel: Disposing[0m
[1m2026-08-07T17:16:57.056237549Z[0m [INFO] TRADER-001.nautilus_system::trader: Disposing[0m
[1m2026-08-07T17:16:57.056242657Z[0m [INFO] TRADER-001.DataActor-140723419612712: Disposing[0m
[1m2026-08-07T17:16:57.056254504Z[0m [INFO] TRADER-001.DataActor-140723419612712: Disposed[0m
[1m2026-08-07T17:16:57.056268895Z[0m [INFO] TRADER-001.nautilus_system::trader: Disposed[0m
[1m2026-08-07T17:16:57.056277057Z[0m [INFO] TRADER-001.nautilus_backtest::execution_client: Backtest execution client stopped[0m
[1m2026-08-07T17:16:57.056280032Z[0m [INFO] TRADER-001.nautilus_execution::engine: Stopped[0m
[1m2026-08-07T17:16:57.056281444Z[0m [INFO] TRADER-001.nautilus_risk::engine: Stopped[0m
[1m2026-08-07T17:16:57.056283317Z[0m [INFO] TRADER-001.nautilus_execution::order_emulator::emulator: Stopped[0m
[1m2026-08-07T17:16:57.056310807Z[0m [INFO] TRADER-001.nautilus_execution::engine: Disposed[0m
[1m2026-08-07T17:16:57.056311398Z[0m [INFO] TRADER-001.nautilus_risk::engine: Disposed[0m
[1m2026-08-07T17:16:57.056314763Z[0m [INFO] TRADER-001.nautilus_execution::order_emulator::emulator: Disposed[0m
[1m2026-08-07T17:16:57.056325539Z[0m [INFO] TRADER-001.nautilus_common::cache: Reset cache[0m
[1m2026-08-07T17:16:57.056366860Z[0m [INFO] TRADER-001.nautilus_system::kernel: Disposed[0m
{"closed_trades": 0, "daily_geometric_growth": 0.0, "final_nav_usdt": 100000.0, "first_window_gate_passed": false, "signals": 0, "window": "frozen-week-01", "wins": 0}
{
  "ablation": "none",
  "ablation_modes": [
    "none"
  ],
  "auction_family_mode": "both",
  "candidate": "candidate-08-qh-session-measured-micro-v2",
  "close_reasons": {},
  "closed_trades": 0,
  "combined_calendar_days": 7.0,
  "combined_daily_geometric_growth": 0.0,
  "data_revision": "BINANCE_USDM_BOOKTICKER_COMPLETED_10S_V3_NATIVE_L1_SOURCE_TIME",
  "diagnostic_family_ablation": false,
  "diagnostic_only_ablation": false,
  "execution_adapter_revision": "QUOTE_RESILIENCY_NATIVE_EXECUTION_LABELS_V3_QUOTE_CALLBACK_EXACT_FILL",
  "feature_revision": "CAUSAL_QUOTE_RESILIENCY_FEATURES_V4_NATIVE_L1_SOURCE_TIME",
  "goal_daily_geometric_growth": 0.01,
  "goal_met": false,
  "implementation_revision": "CAUSAL_QH_SESSION_MEASURED_MICRO_RESUMPTION_V2",
  "native_quote_revision": "CHECKSUM_BOOKTICKER_COMPLETION_QUOTE_TICK_V2_EXACT_SOURCE_TIME",
  "positive_trade_share": 0.0,
  "promotable": true,
  "realized_pnl_by_symbol": {},
  "risk_accounting_revision": "FILL_ADJUSTED_CAUSAL_STOP_RESERVE_V4_NEXT_COMPLETED_BAR_EXIT",
  "runner_revision": "QH_SESSION_MEASURED_MICRO_NATIVE_NAUTILUS_ADAPTER_V2",
  "scenario_attribution_checks": {
    "all_closed_trades_attributed": true,
    "all_signals_attributed": true,
    "closed_trades_attributed": 0,
    "no_unclassified_closed_trades": true,
    "no_unclassified_signals": true,
    "reported_closed_trades": 0,
    "reported_signals": 0,
    "signals_attributed": 0
  },
  "scenario_attribution_passed": true,
  "scenario_contract": "COMPLETED_UTC_QUARTER_HOUR_INTENSE_FLOW_ALIGNED_WITH_RECENT_BOUNDARY_FLOW_AND_PREVIOUS_COMPLETED_4H_AUCTION_THEN_CONTRACTED_ORIGIN_HOLDING_RETRACE_THEN_COMPLETED_TEN_SECOND_STRUCTURE_TRADE_AND_QUOTE_RESUMPTION_TOWARD_BURST_BODY_MEASURED_SECOND_AUCTION_LEG",
  "scenario_family": "QH_SESSION_MEASURED_SECOND_LEG_MICRO_RESUMPTION",
  "scenario_family_results": {
    "QH_SESSION_MEASURED_SECOND_LEG_MICRO_RESUMPTION": {
      "close_reasons": {},
      "closed_trades": 0,
      "closed_trades_by_symbol": {},
      "losses": 0,
      "realized_pnl_usdt": 0.0,
      "signals": 0,
      "win_rate": 0.0,
      "wins": 0
    },
    "UNUSED_QH_MEASURED_MICRO_FAMILY": {
      "close_reasons": {},
      "closed_trades": 0,
      "closed_trades_by_symbol": {},
      "losses": 0,
      "realized_pnl_usdt": 0.0,
      "signals": 0,
      "win_rate": 0.0,
      "wins": 0
    }
  },
  "single_asset_positive_pnl_share": 0.0,
  "single_trade_positive_pnl_share": 0.0,
  "suite": "first",
  "suite_gate_checks": {
    "all_signal_times_processed": true,
    "all_submitted_entries_observed": true,
    "base_contract_includes_both_auction_families": true,
    "base_contract_not_ablated": true,
    "closed_trades_matched_to_intents": true,
    "complete_auction_scenario_attribution": true,
    "complete_post_run_trade_path_diagnostics": true,
    "cost_after_total_return_positive": false,
    "entry_causality": true,
    "fill_adjusted_risk_budget_respected": true,
    "funding_cost_state_is_causal_and_complete": true,
    "minimum_closed_trades": false,
    "no_execution_failures": true,
    "no_residual_exposure": true,
    "no_unexpected_or_liquidation_closes": true,
    "planned_risk_budget_respected": true,
    "position_exit_causality": true,
    "realized_loss_budget_respected": true,
    "single_qh_measured_micro_family_enabled": true
  },
  "suite_gate_passed": false,
  "symbols_with_closed_trades": [],
  "ten_second_cadence_contract": "EXACT_CONSECUTIVE_COMPLETED_10_SECONDS",
  "trade_path_diagnostic_revision": "POST_RUN_STRUCTURAL_PATH_COMPLETE_HORIZON_V2",
  "trade_path_diagnostic_summary": {
    "actual_holding_first_touch_counts": {},
    "allowed_structural_first_touch_values": [
      "TARGET",
      "STOP",
      "AMBIGUOUS_SAME_BUCKET",
      "NONE_WITHIN_HORIZON"
    ],
    "complete_records": 0,
    "diagnostic_revision_counts": {
      "POST_RUN_STRUCTURAL_PATH_COMPLETE_HORIZON_V2": 0
    },
    "expected_diagnostic_revision": "POST_RUN_STRUCTURAL_PATH_COMPLETE_HORIZON_V2",
    "mean_actual_holding_adverse_stop_fraction": 0.0,
    "mean_actual_holding_favorable_target_fraction": 0.0,
    "records": 0,
    "status_counts": {},
    "structural_first_touch_counts": {},
    "target_after_actual_close_count": 0,
    "target_after_invalidation_count": 0
  },
  "window_results": [
    {
      "closed_trades": 0,
      "daily_geometric_growth": 0.0,
      "final_nav_usdt": 100000.0,
      "first_window_gate_passed": false,
      "maximum_realized_equity_drawdown": 0.0,
      "name": "frozen-week-01",
      "total_return": 0.0,
      "win_rate": 0.0,
      "wins": 0
    }
  ],
  "windows": [
    {
      "end": "2023-10-22T00:00:00Z",
      "name": "frozen-week-01",
      "start": "2023-10-15T00:00:00Z"
    }
  ],
  "wins": 0
}
{
  "candidate": "candidate-08-qh-session-measured-micro-v2",
  "closed_trades": 0,
  "daily_geometric_growth": 0.0,
  "decision": "REJECT_FINAL_QH_REVISION_INSUFFICIENT_NATURAL_DAYTRADING_OPPORTUNITY",
  "execution_failures": 0,
  "first_window_gate_passed": false,
  "logic_funnel": {
    "bursts": 37,
    "contracted_retraces": 13,
    "frozen_micro_breaks": 13,
    "insufficient_cost_after_target": 0,
    "invalid_target_geometry": 1,
    "micro_resumptions": 4,
    "micro_structure_breaks": 19,
    "signals": 0,
    "target_reached_before_entry": 3
  },
  "maximum_realized_equity_drawdown": 0.0,
  "open_orders_after_run": 0,
  "open_positions_after_run": 0,
  "positive_trade_share": 0.0,
  "signals": 0,
  "suite_gate_passed": false,
  "total_return": 0.0,
  "unexpected_or_liquidation_closes": 0,
  "window": "frozen-week-01",
  "wins": 0
}
