{
  "all_archives_available": false,
  "book_ticker_archive_probes": [
    {
      "error": "HTTP Error 404: Not Found",
      "status": 404,
      "url": "https://data.binance.vision/data/futures/um/daily/bookTicker/BTCUSDT/BTCUSDT-bookTicker-2025-06-23.zip"
    },
    {
      "error": "HTTP Error 404: Not Found",
      "status": 404,
      "url": "https://data.binance.vision/data/futures/um/daily/bookTicker/BTCUSDT/BTCUSDT-bookTicker-2025-06-24.zip"
    },
    {
      "error": "HTTP Error 404: Not Found",
      "status": 404,
      "url": "https://data.binance.vision/data/futures/um/daily/bookTicker/BTCUSDT/BTCUSDT-bookTicker-2025-06-25.zip"
    },
    {
      "error": "HTTP Error 404: Not Found",
      "status": 404,
      "url": "https://data.binance.vision/data/futures/um/daily/bookTicker/BTCUSDT/BTCUSDT-bookTicker-2025-06-26.zip"
    },
    {
      "error": "HTTP Error 404: Not Found",
      "status": 404,
      "url": "https://data.binance.vision/data/futures/um/daily/bookTicker/BTCUSDT/BTCUSDT-bookTicker-2025-06-27.zip"
    }
  ],
  "candidate": "candidate-03-nt-lvcfr-v18-order-book-resilience-router",
  "engine_status": "data_acquisition_plan_only_no_backtest",
  "expansion_pre_candidate_count": 10,
  "performance_metrics_calculated": false,
  "required_book_ticker_dates": [
    "2025-06-23",
    "2025-06-24",
    "2025-06-25",
    "2025-06-26",
    "2025-06-27"
  ],
  "total_declared_bytes": 0,
  "week_start": "2025-06-23"
}
